[0.009s] Invoking command in '/home/pranav/turtle_test/build/turtlebot3_simulations': AMENT_PREFIX_PATH=/home/pranav/turtle_test/install/turtlebot3_fake_node:/home/pranav/turtle_test/install/turtlebot3_msgs:/home/pranav/turtle_test/install/turtlebot3_manipulation_gazebo:/home/pranav/turtle_test/install/turtlebot3_gazebo:${AMENT_PREFIX_PATH} CMAKE_PREFIX_PATH=/home/pranav/turtle_test/install/turtlebot3_fake_node:/home/pranav/turtle_test/install/turtlebot3_msgs:/home/pranav/turtle_test/install/turtlebot3_manipulation_gazebo:/home/pranav/turtle_test/install/turtlebot3_gazebo:/opt/ros/humble LD_LIBRARY_PATH=/home/pranav/turtle_test/install/turtlebot3_msgs/lib:/usr/lib/x86_64-linux-gnu/gazebo-11/plugins:/opt/ros/humble/opt/rviz_ogre_vendor/lib:/opt/ros/humble/lib/x86_64-linux-gnu:/opt/ros/humble/lib:/usr/lib/x86_64-linux-gnu/gazebo-11/plugins:/home/pranav/hsl-install/lib PYTHONPATH=/home/pranav/turtle_test/install/turtlebot3_msgs/local/lib/python3.10/dist-packages:${PYTHONPATH} /usr/bin/cmake /home/pranav/turtle_test/src/turtlebot3_simulations/turtlebot3_simulations -DAMENT_CMAKE_SYMLINK_INSTALL=1 -DCMAKE_INSTALL_PREFIX=/home/pranav/turtle_test/install/turtlebot3_simulations
[0.053s] -- The C compiler identification is GNU 11.4.0
[0.096s] -- The CXX compiler identification is GNU 11.4.0
[0.101s] -- Detecting C compiler ABI info
[0.157s] -- Detecting C compiler ABI info - done
[0.164s] -- Check for working C compiler: /usr/bin/cc - skipped
[0.164s] -- Detecting C compile features
[0.164s] -- Detecting C compile features - done
[0.167s] -- Detecting CXX compiler ABI info
[0.234s] -- Detecting CXX compiler ABI info - done
[0.240s] -- Check for working CXX compiler: /usr/bin/c++ - skipped
[0.240s] -- Detecting CXX compile features
[0.240s] -- Detecting CXX compile features - done
[0.242s] -- Found ament_cmake: 1.3.12 (/opt/ros/humble/share/ament_cmake/cmake)
[0.359s] -- Found Python3: /usr/bin/python3 (found version "3.10.12") found components: Interpreter 
[0.410s] -- Override CMake install command with custom implementation using symlinks instead of copying resources
[0.500s] -- Configuring done
[0.501s] -- Generating done
[0.502s] -- Build files have been written to: /home/pranav/turtle_test/build/turtlebot3_simulations
[0.505s] Invoked command in '/home/pranav/turtle_test/build/turtlebot3_simulations' returned '0': AMENT_PREFIX_PATH=/home/pranav/turtle_test/install/turtlebot3_fake_node:/home/pranav/turtle_test/install/turtlebot3_msgs:/home/pranav/turtle_test/install/turtlebot3_manipulation_gazebo:/home/pranav/turtle_test/install/turtlebot3_gazebo:${AMENT_PREFIX_PATH} CMAKE_PREFIX_PATH=/home/pranav/turtle_test/install/turtlebot3_fake_node:/home/pranav/turtle_test/install/turtlebot3_msgs:/home/pranav/turtle_test/install/turtlebot3_manipulation_gazebo:/home/pranav/turtle_test/install/turtlebot3_gazebo:/opt/ros/humble LD_LIBRARY_PATH=/home/pranav/turtle_test/install/turtlebot3_msgs/lib:/usr/lib/x86_64-linux-gnu/gazebo-11/plugins:/opt/ros/humble/opt/rviz_ogre_vendor/lib:/opt/ros/humble/lib/x86_64-linux-gnu:/opt/ros/humble/lib:/usr/lib/x86_64-linux-gnu/gazebo-11/plugins:/home/pranav/hsl-install/lib PYTHONPATH=/home/pranav/turtle_test/install/turtlebot3_msgs/local/lib/python3.10/dist-packages:${PYTHONPATH} /usr/bin/cmake /home/pranav/turtle_test/src/turtlebot3_simulations/turtlebot3_simulations -DAMENT_CMAKE_SYMLINK_INSTALL=1 -DCMAKE_INSTALL_PREFIX=/home/pranav/turtle_test/install/turtlebot3_simulations
[0.506s] Invoking command in '/home/pranav/turtle_test/build/turtlebot3_simulations': AMENT_PREFIX_PATH=/home/pranav/turtle_test/install/turtlebot3_fake_node:/home/pranav/turtle_test/install/turtlebot3_msgs:/home/pranav/turtle_test/install/turtlebot3_manipulation_gazebo:/home/pranav/turtle_test/install/turtlebot3_gazebo:${AMENT_PREFIX_PATH} CMAKE_PREFIX_PATH=/home/pranav/turtle_test/install/turtlebot3_fake_node:/home/pranav/turtle_test/install/turtlebot3_msgs:/home/pranav/turtle_test/install/turtlebot3_manipulation_gazebo:/home/pranav/turtle_test/install/turtlebot3_gazebo:/opt/ros/humble LD_LIBRARY_PATH=/home/pranav/turtle_test/install/turtlebot3_msgs/lib:/usr/lib/x86_64-linux-gnu/gazebo-11/plugins:/opt/ros/humble/opt/rviz_ogre_vendor/lib:/opt/ros/humble/lib/x86_64-linux-gnu:/opt/ros/humble/lib:/usr/lib/x86_64-linux-gnu/gazebo-11/plugins:/home/pranav/hsl-install/lib PYTHONPATH=/home/pranav/turtle_test/install/turtlebot3_msgs/local/lib/python3.10/dist-packages:${PYTHONPATH} /usr/bin/cmake --build /home/pranav/turtle_test/build/turtlebot3_simulations -- -j20 -l20
[0.538s] Invoked command in '/home/pranav/turtle_test/build/turtlebot3_simulations' returned '0': AMENT_PREFIX_PATH=/home/pranav/turtle_test/install/turtlebot3_fake_node:/home/pranav/turtle_test/install/turtlebot3_msgs:/home/pranav/turtle_test/install/turtlebot3_manipulation_gazebo:/home/pranav/turtle_test/install/turtlebot3_gazebo:${AMENT_PREFIX_PATH} CMAKE_PREFIX_PATH=/home/pranav/turtle_test/install/turtlebot3_fake_node:/home/pranav/turtle_test/install/turtlebot3_msgs:/home/pranav/turtle_test/install/turtlebot3_manipulation_gazebo:/home/pranav/turtle_test/install/turtlebot3_gazebo:/opt/ros/humble LD_LIBRARY_PATH=/home/pranav/turtle_test/install/turtlebot3_msgs/lib:/usr/lib/x86_64-linux-gnu/gazebo-11/plugins:/opt/ros/humble/opt/rviz_ogre_vendor/lib:/opt/ros/humble/lib/x86_64-linux-gnu:/opt/ros/humble/lib:/usr/lib/x86_64-linux-gnu/gazebo-11/plugins:/home/pranav/hsl-install/lib PYTHONPATH=/home/pranav/turtle_test/install/turtlebot3_msgs/local/lib/python3.10/dist-packages:${PYTHONPATH} /usr/bin/cmake --build /home/pranav/turtle_test/build/turtlebot3_simulations -- -j20 -l20
[0.539s] Invoking command in '/home/pranav/turtle_test/build/turtlebot3_simulations': AMENT_PREFIX_PATH=/home/pranav/turtle_test/install/turtlebot3_fake_node:/home/pranav/turtle_test/install/turtlebot3_msgs:/home/pranav/turtle_test/install/turtlebot3_manipulation_gazebo:/home/pranav/turtle_test/install/turtlebot3_gazebo:${AMENT_PREFIX_PATH} CMAKE_PREFIX_PATH=/home/pranav/turtle_test/install/turtlebot3_fake_node:/home/pranav/turtle_test/install/turtlebot3_msgs:/home/pranav/turtle_test/install/turtlebot3_manipulation_gazebo:/home/pranav/turtle_test/install/turtlebot3_gazebo:/opt/ros/humble LD_LIBRARY_PATH=/home/pranav/turtle_test/install/turtlebot3_msgs/lib:/usr/lib/x86_64-linux-gnu/gazebo-11/plugins:/opt/ros/humble/opt/rviz_ogre_vendor/lib:/opt/ros/humble/lib/x86_64-linux-gnu:/opt/ros/humble/lib:/usr/lib/x86_64-linux-gnu/gazebo-11/plugins:/home/pranav/hsl-install/lib PYTHONPATH=/home/pranav/turtle_test/install/turtlebot3_msgs/local/lib/python3.10/dist-packages:${PYTHONPATH} /usr/bin/cmake --install /home/pranav/turtle_test/build/turtlebot3_simulations
[0.547s] -- Install configuration: ""
[0.547s] -- Execute custom install script
[0.548s] -- Symlinking: /home/pranav/turtle_test/install/turtlebot3_simulations/share/ament_index/resource_index/package_run_dependencies/turtlebot3_simulations
[0.555s] -- Symlinking: /home/pranav/turtle_test/install/turtlebot3_simulations/share/ament_index/resource_index/parent_prefix_path/turtlebot3_simulations
[0.563s] -- Symlinking: /home/pranav/turtle_test/install/turtlebot3_simulations/share/turtlebot3_simulations/environment/ament_prefix_path.sh
[0.569s] -- Symlinking: /home/pranav/turtle_test/install/turtlebot3_simulations/share/turtlebot3_simulations/environment/ament_prefix_path.dsv
[0.577s] -- Symlinking: /home/pranav/turtle_test/install/turtlebot3_simulations/share/turtlebot3_simulations/environment/path.sh
[0.583s] -- Symlinking: /home/pranav/turtle_test/install/turtlebot3_simulations/share/turtlebot3_simulations/environment/path.dsv
[0.590s] -- Symlinking: /home/pranav/turtle_test/install/turtlebot3_simulations/share/turtlebot3_simulations/local_setup.bash
[0.596s] -- Symlinking: /home/pranav/turtle_test/install/turtlebot3_simulations/share/turtlebot3_simulations/local_setup.sh
[0.605s] -- Symlinking: /home/pranav/turtle_test/install/turtlebot3_simulations/share/turtlebot3_simulations/local_setup.zsh
[0.613s] -- Symlinking: /home/pranav/turtle_test/install/turtlebot3_simulations/share/turtlebot3_simulations/local_setup.dsv
[0.622s] -- Symlinking: /home/pranav/turtle_test/install/turtlebot3_simulations/share/turtlebot3_simulations/package.dsv
[0.630s] -- Symlinking: /home/pranav/turtle_test/install/turtlebot3_simulations/share/ament_index/resource_index/packages/turtlebot3_simulations
[0.637s] -- Symlinking: /home/pranav/turtle_test/install/turtlebot3_simulations/share/turtlebot3_simulations/cmake/turtlebot3_simulationsConfig.cmake
[0.645s] -- Symlinking: /home/pranav/turtle_test/install/turtlebot3_simulations/share/turtlebot3_simulations/cmake/turtlebot3_simulationsConfig-version.cmake
[0.654s] -- Symlinking: /home/pranav/turtle_test/install/turtlebot3_simulations/share/turtlebot3_simulations/package.xml
[0.663s] Invoked command in '/home/pranav/turtle_test/build/turtlebot3_simulations' returned '0': AMENT_PREFIX_PATH=/home/pranav/turtle_test/install/turtlebot3_fake_node:/home/pranav/turtle_test/install/turtlebot3_msgs:/home/pranav/turtle_test/install/turtlebot3_manipulation_gazebo:/home/pranav/turtle_test/install/turtlebot3_gazebo:${AMENT_PREFIX_PATH} CMAKE_PREFIX_PATH=/home/pranav/turtle_test/install/turtlebot3_fake_node:/home/pranav/turtle_test/install/turtlebot3_msgs:/home/pranav/turtle_test/install/turtlebot3_manipulation_gazebo:/home/pranav/turtle_test/install/turtlebot3_gazebo:/opt/ros/humble LD_LIBRARY_PATH=/home/pranav/turtle_test/install/turtlebot3_msgs/lib:/usr/lib/x86_64-linux-gnu/gazebo-11/plugins:/opt/ros/humble/opt/rviz_ogre_vendor/lib:/opt/ros/humble/lib/x86_64-linux-gnu:/opt/ros/humble/lib:/usr/lib/x86_64-linux-gnu/gazebo-11/plugins:/home/pranav/hsl-install/lib PYTHONPATH=/home/pranav/turtle_test/install/turtlebot3_msgs/local/lib/python3.10/dist-packages:${PYTHONPATH} /usr/bin/cmake --install /home/pranav/turtle_test/build/turtlebot3_simulations
