[0.024s] Invoking command in '/home/pranav/turtle_test/build/turtlebot3_gazebo': CMAKE_PREFIX_PATH=/opt/ros/humble /usr/bin/cmake /home/pranav/turtle_test/src/turtlebot3_simulations/turtlebot3_gazebo -DAMENT_CMAKE_SYMLINK_INSTALL=1 -DCMAKE_INSTALL_PREFIX=/home/pranav/turtle_test/install/turtlebot3_gazebo
[0.641s] -- The C compiler identification is GNU 11.4.0
[0.641s] -- The CXX compiler identification is GNU 11.4.0
[0.641s] -- Detecting C compiler ABI info
[0.641s] -- Detecting C compiler ABI info - done
[0.641s] -- Check for working C compiler: /usr/bin/cc - skipped
[0.641s] -- Detecting C compile features
[0.641s] -- Detecting C compile features - done
[0.641s] -- Detecting CXX compiler ABI info
[0.641s] -- Detecting CXX compiler ABI info - done
[0.641s] -- Check for working CXX compiler: /usr/bin/c++ - skipped
[0.641s] -- Detecting CXX compile features
[0.641s] -- Detecting CXX compile features - done
[0.641s] -- Found ament_cmake: 1.3.12 (/opt/ros/humble/share/ament_cmake/cmake)
[0.642s] -- Found Python3: /usr/bin/python3 (found version "3.10.12") found components: Interpreter 
[0.642s] -- Override CMake install command with custom implementation using symlinks instead of copying resources
[0.642s] -- Found PkgConfig: /usr/bin/pkg-config (found version "1.8.0") 
[0.642s] -- Checking for module 'bullet>=2.82'
[0.642s] --   Found bullet, version 3.05
[0.642s] -- Found fcl: /usr/include (found suitable version "0.7.0", minimum required is "0.5.0") 
[0.642s] -- Found assimp: /usr/include (found version "5.2.0") 
[0.643s] -- Found DART: /usr/include (Required is at least version "6.6") found components: dart 
[0.643s] [33mCMake Warning (dev) at /usr/share/cmake-3.22/Modules/FindPackageHandleStandardArgs.cmake:438 (message):
[0.643s]   The package name passed to `find_package_handle_standard_args` (PkgConfig)
[0.643s]   does not match the name of the calling package (gazebo).  This can lead to
[0.643s]   problems in calling code that expects `find_package` result variables
[0.643s]   (e.g., `_FOUND`) to follow a certain pattern.
[0.643s] Call Stack (most recent call first):
[0.643s]   /usr/share/cmake-3.22/Modules/FindPkgConfig.cmake:99 (find_package_handle_standard_args)
[0.643s]   /usr/lib/x86_64-linux-gnu/cmake/gazebo/gazebo-config.cmake:72 (include)
[0.643s]   CMakeLists.txt:23 (find_package)
[0.643s] This warning is for project developers.  Use -Wno-dev to suppress it.
[0.643s] [0m
[0.742s] -- Found Boost: /usr/lib/x86_64-linux-gnu/cmake/Boost-1.74.0/BoostConfig.cmake (found suitable version "1.74.0", minimum required is "1.40.0") found components: thread system filesystem program_options regex iostreams date_time 
[0.775s] -- Found Protobuf: /usr/lib/x86_64-linux-gnu/libprotobuf.so (found version "3.12.4") 
[0.786s] -- Looking for ignition-math6 -- found version 6.15.1
[0.794s] -- Searching for dependencies of ignition-math6
[0.796s] -- Looking for OGRE...
[0.796s] -- OGRE_PREFIX_WATCH changed.
[0.821s] -- Checking for module 'OGRE'
[0.846s] --   Found OGRE, version 1.9.0
[0.895s] -- Found Ogre Ghadamon (1.9.0)
[0.910s] -- Found OGRE: optimized;/usr/lib/x86_64-linux-gnu/libOgreMain.so;debug;/usr/lib/x86_64-linux-gnu/libOgreMain.so
[0.927s] -- Looking for OGRE_Paging...
[0.936s] -- Found OGRE_Paging: optimized;/usr/lib/x86_64-linux-gnu/libOgrePaging.so;debug;/usr/lib/x86_64-linux-gnu/libOgrePaging.so
[0.936s] -- Looking for OGRE_Terrain...
[0.942s] -- Found OGRE_Terrain: optimized;/usr/lib/x86_64-linux-gnu/libOgreTerrain.so;debug;/usr/lib/x86_64-linux-gnu/libOgreTerrain.so
[0.942s] -- Looking for OGRE_Property...
[0.954s] -- Found OGRE_Property: optimized;/usr/lib/x86_64-linux-gnu/libOgreProperty.so;debug;/usr/lib/x86_64-linux-gnu/libOgreProperty.so
[0.955s] -- Looking for OGRE_RTShaderSystem...
[0.959s] -- Found OGRE_RTShaderSystem: optimized;/usr/lib/x86_64-linux-gnu/libOgreRTShaderSystem.so;debug;/usr/lib/x86_64-linux-gnu/libOgreRTShaderSystem.so
[0.959s] -- Looking for OGRE_Volume...
[0.968s] -- Found OGRE_Volume: optimized;/usr/lib/x86_64-linux-gnu/libOgreVolume.so;debug;/usr/lib/x86_64-linux-gnu/libOgreVolume.so
[0.968s] -- Looking for OGRE_Overlay...
[0.974s] -- Found OGRE_Overlay: optimized;/usr/lib/x86_64-linux-gnu/libOgreOverlay.so;debug;/usr/lib/x86_64-linux-gnu/libOgreOverlay.so
[1.121s] -- Looking for ignition-math6 -- found version 6.15.1
[1.123s] -- Looking for ignition-transport8 -- found version 8.2.1
[1.124s] -- Searching for dependencies of ignition-transport8
[1.141s] -- Found Protobuf: /usr/lib/x86_64-linux-gnu/libprotobuf.so (found suitable version "3.12.4", minimum required is "3") 
[1.153s] -- Config-file not installed for ZeroMQ -- checking for pkg-config
[1.157s] -- Checking for module 'libzmq >= 4'
[1.167s] --   Found libzmq , version 4.3.4
[1.197s] -- Found ZeroMQ: TRUE (Required is at least version "4") 
[1.203s] -- Checking for module 'uuid'
[1.214s] --   Found uuid, version 2.37.2
[1.240s] -- Found UUID: TRUE  
[1.242s] -- Looking for ignition-msgs5 -- found version 5.8.1
[1.242s] -- Searching for dependencies of ignition-msgs5
[1.256s] -- Looking for ignition-math6 -- found version 6.15.1
[1.260s] -- Checking for module 'tinyxml2'
[1.271s] --   Found tinyxml2, version 9.0.0
[1.300s] -- Looking for ignition-msgs5 -- found version 5.8.1
[1.302s] -- Looking for ignition-common3 -- found version 3.14.0
[1.302s] -- Searching for dependencies of ignition-common3
[1.303s] -- Looking for dlfcn.h - found
[1.304s] -- Looking for libdl - found
[1.305s] -- Found DL: TRUE  
[1.316s] -- Found tinyobjloader: /usr/lib/x86_64-linux-gnu/cmake/tinyobjloader/tinyobjloader-config.cmake (found version "2.0.0") 
[1.317s] -- Searching for <ignition-common3> component [graphics]
[1.319s] -- Looking for ignition-common3-graphics -- found version 3.14.0
[1.320s] -- Searching for dependencies of ignition-common3-graphics
[1.320s] -- Looking for ignition-math6 -- found version 6.15.1
[1.322s] -- Looking for ignition-fuel_tools4 -- found version 4.4.0
[1.323s] -- Searching for dependencies of ignition-fuel_tools4
[1.389s] -- Found CURL: /usr/lib/x86_64-linux-gnu/libcurl.so (found version "7.81.0")  
[1.398s] -- Checking for module 'jsoncpp'
[1.408s] --   Found jsoncpp, version 1.9.5
[1.438s] -- Found JSONCPP: TRUE  
[1.444s] -- Checking for module 'libzip'
[1.456s] --   Found libzip, version 1.7.3
[1.481s] -- Found ZIP: TRUE  
[1.482s] -- Looking for ignition-common3 -- found version 3.14.0
[1.482s] -- Looking for ignition-math6 -- found version 6.15.1
[1.483s] -- Looking for ignition-msgs5 -- found version 5.8.1
[1.488s] -- Found gazebo_ros_pkgs: 3.9.0 (/opt/ros/humble/share/gazebo_ros_pkgs/cmake)
[1.490s] -- Found geometry_msgs: 4.9.0 (/opt/ros/humble/share/geometry_msgs/cmake)
[1.526s] -- Found rosidl_generator_c: 3.1.7 (/opt/ros/humble/share/rosidl_generator_c/cmake)
[1.532s] -- Found rosidl_adapter: 3.1.7 (/opt/ros/humble/share/rosidl_adapter/cmake)
[1.543s] -- Found rosidl_generator_cpp: 3.1.7 (/opt/ros/humble/share/rosidl_generator_cpp/cmake)
[1.559s] -- Using all available rosidl_typesupport_c: rosidl_typesupport_fastrtps_c;rosidl_typesupport_introspection_c
[1.578s] -- Using all available rosidl_typesupport_cpp: rosidl_typesupport_fastrtps_cpp;rosidl_typesupport_introspection_cpp
[1.628s] -- Found nav_msgs: 4.9.0 (/opt/ros/humble/share/nav_msgs/cmake)
[1.649s] -- Found rclcpp: 16.0.15 (/opt/ros/humble/share/rclcpp/cmake)
[1.684s] -- Found rmw_implementation_cmake: 6.1.2 (/opt/ros/humble/share/rmw_implementation_cmake/cmake)
[1.686s] -- Found rmw_fastrtps_cpp: 6.2.9 (/opt/ros/humble/share/rmw_fastrtps_cpp/cmake)
[1.758s] -- Found OpenSSL: /usr/lib/x86_64-linux-gnu/libcrypto.so (found version "3.0.2")  
[1.784s] -- Found FastRTPS: /opt/ros/humble/include  
[1.825s] -- Using RMW implementation 'rmw_fastrtps_cpp' as default
[1.835s] -- Found Threads: TRUE  
[1.883s] -- Found sensor_msgs: 4.9.0 (/opt/ros/humble/share/sensor_msgs/cmake)
[1.907s] -- Found tf2: 0.25.16 (/opt/ros/humble/share/tf2/cmake)
[2.036s] -- Configuring done
[2.085s] -- Generating done
[2.096s] -- Build files have been written to: /home/pranav/turtle_test/build/turtlebot3_gazebo
[2.112s] Invoked command in '/home/pranav/turtle_test/build/turtlebot3_gazebo' returned '0': CMAKE_PREFIX_PATH=/opt/ros/humble /usr/bin/cmake /home/pranav/turtle_test/src/turtlebot3_simulations/turtlebot3_gazebo -DAMENT_CMAKE_SYMLINK_INSTALL=1 -DCMAKE_INSTALL_PREFIX=/home/pranav/turtle_test/install/turtlebot3_gazebo
[2.114s] Invoking command in '/home/pranav/turtle_test/build/turtlebot3_gazebo': CMAKE_PREFIX_PATH=/opt/ros/humble /usr/bin/cmake --build /home/pranav/turtle_test/build/turtlebot3_gazebo -- -j20 -l20
[2.183s] [  8%] [32mBuilding CXX object CMakeFiles/turtlebot3_drive.dir/src/turtlebot3_drive.cpp.o[0m
[2.203s] [ 16%] [32mBuilding CXX object CMakeFiles/traffic_light_plugin.dir/src/traffic_light_plugin.cpp.o[0m
[2.210s] [ 25%] [32mBuilding CXX object CMakeFiles/traffic_bar_plugin.dir/src/traffic_bar_plugin.cpp.o[0m
[2.215s] [ 33%] [32mBuilding CXX object CMakeFiles/obstacle2.dir/src/obstacle2.cpp.o[0m
[2.217s] [ 41%] [32mBuilding CXX object CMakeFiles/obstacles.dir/src/obstacles.cpp.o[0m
[2.219s] [ 50%] [32mBuilding CXX object CMakeFiles/obstacle1.dir/src/obstacle1.cpp.o[0m
[14.081s] [ 58%] [32m[1mLinking CXX executable turtlebot3_drive[0m
[14.780s] [ 66%] [32m[1mLinking CXX shared library libobstacle1.so[0m
[14.821s] [ 75%] [32m[1mLinking CXX shared library libtraffic_light_plugin.so[0m
[15.106s] [ 75%] Built target obstacle1
[15.155s] [ 75%] Built target turtlebot3_drive
[15.366s] [ 75%] Built target traffic_light_plugin
[16.924s] [ 83%] [32m[1mLinking CXX shared library libobstacles.so[0m
[17.127s] [ 83%] Built target obstacles
[17.294s] [ 91%] [32m[1mLinking CXX shared library libtraffic_bar_plugin.so[0m
[17.526s] [ 91%] Built target traffic_bar_plugin
[18.177s] [100%] [32m[1mLinking CXX shared library libobstacle2.so[0m
[18.357s] [100%] Built target obstacle2
[18.369s] Invoked command in '/home/pranav/turtle_test/build/turtlebot3_gazebo' returned '0': CMAKE_PREFIX_PATH=/opt/ros/humble /usr/bin/cmake --build /home/pranav/turtle_test/build/turtlebot3_gazebo -- -j20 -l20
[18.371s] Invoking command in '/home/pranav/turtle_test/build/turtlebot3_gazebo': CMAKE_PREFIX_PATH=/opt/ros/humble /usr/bin/cmake --install /home/pranav/turtle_test/build/turtlebot3_gazebo
[18.380s] -- Install configuration: ""
[18.380s] -- Execute custom install script
[18.381s] -- Symlinking: /home/pranav/turtle_test/install/turtlebot3_gazebo/lib/turtlebot3_gazebo/turtlebot3_drive
[18.390s] -- Symlinking: /home/pranav/turtle_test/install/turtlebot3_gazebo/share/turtlebot3_gazebo//launch/empty_world.launch.py
[18.400s] -- Symlinking: /home/pranav/turtle_test/install/turtlebot3_gazebo/share/turtlebot3_gazebo//launch/multi_robot.launch.py
[18.411s] -- Symlinking: /home/pranav/turtle_test/install/turtlebot3_gazebo/share/turtlebot3_gazebo//launch/multi_spawn_turtlebot3.launch.py
[18.421s] -- Symlinking: /home/pranav/turtle_test/install/turtlebot3_gazebo/share/turtlebot3_gazebo//launch/robot_state_publisher.launch.py
[18.431s] -- Symlinking: /home/pranav/turtle_test/install/turtlebot3_gazebo/share/turtlebot3_gazebo//launch/spawn_turtlebot3.launch.py
[18.439s] -- Symlinking: /home/pranav/turtle_test/install/turtlebot3_gazebo/share/turtlebot3_gazebo//launch/turtlebot3_autorace_2020.launch.py
[18.446s] -- Symlinking: /home/pranav/turtle_test/install/turtlebot3_gazebo/share/turtlebot3_gazebo//launch/turtlebot3_dqn_stage1.launch.py
[18.454s] -- Symlinking: /home/pranav/turtle_test/install/turtlebot3_gazebo/share/turtlebot3_gazebo//launch/turtlebot3_dqn_stage2.launch.py
[18.463s] -- Symlinking: /home/pranav/turtle_test/install/turtlebot3_gazebo/share/turtlebot3_gazebo//launch/turtlebot3_dqn_stage3.launch.py
[18.473s] -- Symlinking: /home/pranav/turtle_test/install/turtlebot3_gazebo/share/turtlebot3_gazebo//launch/turtlebot3_dqn_stage4.launch.py
[18.482s] -- Symlinking: /home/pranav/turtle_test/install/turtlebot3_gazebo/share/turtlebot3_gazebo//launch/turtlebot3_house.launch.py
[18.492s] -- Symlinking: /home/pranav/turtle_test/install/turtlebot3_gazebo/share/turtlebot3_gazebo//launch/turtlebot3_world.launch.py
[18.500s] -- Symlinking: /home/pranav/turtle_test/install/turtlebot3_gazebo/share/turtlebot3_gazebo//models/turtlebot3_autorace_2020/checker/materials/checker.png
[18.507s] -- Symlinking: /home/pranav/turtle_test/install/turtlebot3_gazebo/share/turtlebot3_gazebo//models/turtlebot3_autorace_2020/checker/materials/scripts/checker.material
[18.516s] -- Symlinking: /home/pranav/turtle_test/install/turtlebot3_gazebo/share/turtlebot3_gazebo//models/turtlebot3_autorace_2020/checker/materials/textures/checker.png
[18.525s] -- Symlinking: /home/pranav/turtle_test/install/turtlebot3_gazebo/share/turtlebot3_gazebo//models/turtlebot3_autorace_2020/checker/model.config
[18.534s] -- Symlinking: /home/pranav/turtle_test/install/turtlebot3_gazebo/share/turtlebot3_gazebo//models/turtlebot3_autorace_2020/checker/model.sdf
[18.541s] -- Symlinking: /home/pranav/turtle_test/install/turtlebot3_gazebo/share/turtlebot3_gazebo//models/turtlebot3_autorace_2020/course/materials/scripts/course.material
[18.550s] -- Symlinking: /home/pranav/turtle_test/install/turtlebot3_gazebo/share/turtlebot3_gazebo//models/turtlebot3_autorace_2020/course/materials/textures/course.png
[18.558s] -- Symlinking: /home/pranav/turtle_test/install/turtlebot3_gazebo/share/turtlebot3_gazebo//models/turtlebot3_autorace_2020/course/model.config
[18.568s] -- Symlinking: /home/pranav/turtle_test/install/turtlebot3_gazebo/share/turtlebot3_gazebo//models/turtlebot3_autorace_2020/course/model.sdf
[18.576s] -- Symlinking: /home/pranav/turtle_test/install/turtlebot3_gazebo/share/turtlebot3_gazebo//models/turtlebot3_autorace_2020/traffic_bar/materials/scripts/traffic_bar.material
[18.585s] -- Symlinking: /home/pranav/turtle_test/install/turtlebot3_gazebo/share/turtlebot3_gazebo//models/turtlebot3_autorace_2020/traffic_bar/materials/textures/traffic_bar.png
[18.594s] -- Symlinking: /home/pranav/turtle_test/install/turtlebot3_gazebo/share/turtlebot3_gazebo//models/turtlebot3_autorace_2020/traffic_bar/model.config
[18.603s] -- Symlinking: /home/pranav/turtle_test/install/turtlebot3_gazebo/share/turtlebot3_gazebo//models/turtlebot3_autorace_2020/traffic_bar/model.sdf
[18.612s] -- Symlinking: /home/pranav/turtle_test/install/turtlebot3_gazebo/share/turtlebot3_gazebo//models/turtlebot3_autorace_2020/traffic_construction/materials/scripts/traffic_construction.material
[18.620s] -- Symlinking: /home/pranav/turtle_test/install/turtlebot3_gazebo/share/turtlebot3_gazebo//models/turtlebot3_autorace_2020/traffic_construction/materials/textures/traffic_construction.png
[18.629s] -- Symlinking: /home/pranav/turtle_test/install/turtlebot3_gazebo/share/turtlebot3_gazebo//models/turtlebot3_autorace_2020/traffic_construction/model.config
[18.638s] -- Symlinking: /home/pranav/turtle_test/install/turtlebot3_gazebo/share/turtlebot3_gazebo//models/turtlebot3_autorace_2020/traffic_construction/model.sdf
[18.647s] -- Symlinking: /home/pranav/turtle_test/install/turtlebot3_gazebo/share/turtlebot3_gazebo//models/turtlebot3_autorace_2020/traffic_intersection/materials/scripts/traffic_intersection.material
[18.656s] -- Symlinking: /home/pranav/turtle_test/install/turtlebot3_gazebo/share/turtlebot3_gazebo//models/turtlebot3_autorace_2020/traffic_intersection/materials/textures/traffic_intersection.png
[18.665s] -- Symlinking: /home/pranav/turtle_test/install/turtlebot3_gazebo/share/turtlebot3_gazebo//models/turtlebot3_autorace_2020/traffic_intersection/model.config
[18.674s] -- Symlinking: /home/pranav/turtle_test/install/turtlebot3_gazebo/share/turtlebot3_gazebo//models/turtlebot3_autorace_2020/traffic_intersection/model.sdf
[18.683s] -- Symlinking: /home/pranav/turtle_test/install/turtlebot3_gazebo/share/turtlebot3_gazebo//models/turtlebot3_autorace_2020/traffic_left/materials/scripts/traffic_is_left.material
[18.693s] -- Symlinking: /home/pranav/turtle_test/install/turtlebot3_gazebo/share/turtlebot3_gazebo//models/turtlebot3_autorace_2020/traffic_left/materials/textures/traffic_left.png
[18.700s] -- Symlinking: /home/pranav/turtle_test/install/turtlebot3_gazebo/share/turtlebot3_gazebo//models/turtlebot3_autorace_2020/traffic_left/model.config
[18.709s] -- Symlinking: /home/pranav/turtle_test/install/turtlebot3_gazebo/share/turtlebot3_gazebo//models/turtlebot3_autorace_2020/traffic_left/model.sdf
[18.719s] -- Symlinking: /home/pranav/turtle_test/install/turtlebot3_gazebo/share/turtlebot3_gazebo//models/turtlebot3_autorace_2020/traffic_light/materials/scripts/traffic_light.material
[18.728s] -- Symlinking: /home/pranav/turtle_test/install/turtlebot3_gazebo/share/turtlebot3_gazebo//models/turtlebot3_autorace_2020/traffic_light/materials/textures/traffic_light.png
[18.736s] -- Symlinking: /home/pranav/turtle_test/install/turtlebot3_gazebo/share/turtlebot3_gazebo//models/turtlebot3_autorace_2020/traffic_light/materials/textures/traffic_light_green.png
[18.743s] -- Symlinking: /home/pranav/turtle_test/install/turtlebot3_gazebo/share/turtlebot3_gazebo//models/turtlebot3_autorace_2020/traffic_light/materials/textures/traffic_light_red.png
[18.753s] -- Symlinking: /home/pranav/turtle_test/install/turtlebot3_gazebo/share/turtlebot3_gazebo//models/turtlebot3_autorace_2020/traffic_light/materials/textures/traffic_light_yellow.png
[18.762s] -- Symlinking: /home/pranav/turtle_test/install/turtlebot3_gazebo/share/turtlebot3_gazebo//models/turtlebot3_autorace_2020/traffic_light/model.config
[18.772s] -- Symlinking: /home/pranav/turtle_test/install/turtlebot3_gazebo/share/turtlebot3_gazebo//models/turtlebot3_autorace_2020/traffic_light/model.sdf
[18.780s] -- Symlinking: /home/pranav/turtle_test/install/turtlebot3_gazebo/share/turtlebot3_gazebo//models/turtlebot3_autorace_2020/traffic_noentry/materials/scripts/traffic_noentry.material
[18.790s] -- Symlinking: /home/pranav/turtle_test/install/turtlebot3_gazebo/share/turtlebot3_gazebo//models/turtlebot3_autorace_2020/traffic_noentry/materials/textures/traffic_noentry.png
[18.799s] -- Symlinking: /home/pranav/turtle_test/install/turtlebot3_gazebo/share/turtlebot3_gazebo//models/turtlebot3_autorace_2020/traffic_noentry/model.config
[18.809s] -- Symlinking: /home/pranav/turtle_test/install/turtlebot3_gazebo/share/turtlebot3_gazebo//models/turtlebot3_autorace_2020/traffic_noentry/model.sdf
[18.818s] -- Symlinking: /home/pranav/turtle_test/install/turtlebot3_gazebo/share/turtlebot3_gazebo//models/turtlebot3_autorace_2020/traffic_parking/materials/scripts/traffic_parking.material
[18.828s] -- Symlinking: /home/pranav/turtle_test/install/turtlebot3_gazebo/share/turtlebot3_gazebo//models/turtlebot3_autorace_2020/traffic_parking/materials/textures/traffic_parking.png
[18.837s] -- Symlinking: /home/pranav/turtle_test/install/turtlebot3_gazebo/share/turtlebot3_gazebo//models/turtlebot3_autorace_2020/traffic_parking/model.config
[18.854s] -- Symlinking: /home/pranav/turtle_test/install/turtlebot3_gazebo/share/turtlebot3_gazebo//models/turtlebot3_autorace_2020/traffic_parking/model.sdf
[18.863s] -- Symlinking: /home/pranav/turtle_test/install/turtlebot3_gazebo/share/turtlebot3_gazebo//models/turtlebot3_autorace_2020/traffic_pl_left/materials/scripts/traffic_pl_left.material
[18.873s] -- Symlinking: /home/pranav/turtle_test/install/turtlebot3_gazebo/share/turtlebot3_gazebo//models/turtlebot3_autorace_2020/traffic_pl_left/materials/textures/traffic_pl_left.png
[18.884s] -- Symlinking: /home/pranav/turtle_test/install/turtlebot3_gazebo/share/turtlebot3_gazebo//models/turtlebot3_autorace_2020/traffic_pl_left/model.config
[18.895s] -- Symlinking: /home/pranav/turtle_test/install/turtlebot3_gazebo/share/turtlebot3_gazebo//models/turtlebot3_autorace_2020/traffic_pl_left/model.sdf
[18.905s] -- Symlinking: /home/pranav/turtle_test/install/turtlebot3_gazebo/share/turtlebot3_gazebo//models/turtlebot3_autorace_2020/traffic_right/materials/scripts/traffic_right.material
[18.916s] -- Symlinking: /home/pranav/turtle_test/install/turtlebot3_gazebo/share/turtlebot3_gazebo//models/turtlebot3_autorace_2020/traffic_right/materials/textures/traffic_right.png
[18.925s] -- Symlinking: /home/pranav/turtle_test/install/turtlebot3_gazebo/share/turtlebot3_gazebo//models/turtlebot3_autorace_2020/traffic_right/model.config
[18.935s] -- Symlinking: /home/pranav/turtle_test/install/turtlebot3_gazebo/share/turtlebot3_gazebo//models/turtlebot3_autorace_2020/traffic_right/model.sdf
[18.944s] -- Symlinking: /home/pranav/turtle_test/install/turtlebot3_gazebo/share/turtlebot3_gazebo//models/turtlebot3_autorace_2020/traffic_stop/materials/scripts/traffic_stop.material
[18.954s] -- Symlinking: /home/pranav/turtle_test/install/turtlebot3_gazebo/share/turtlebot3_gazebo//models/turtlebot3_autorace_2020/traffic_stop/materials/textures/traffic_stop.png
[18.963s] -- Symlinking: /home/pranav/turtle_test/install/turtlebot3_gazebo/share/turtlebot3_gazebo//models/turtlebot3_autorace_2020/traffic_stop/model.config
[18.971s] -- Symlinking: /home/pranav/turtle_test/install/turtlebot3_gazebo/share/turtlebot3_gazebo//models/turtlebot3_autorace_2020/traffic_stop/model.sdf
[18.982s] -- Symlinking: /home/pranav/turtle_test/install/turtlebot3_gazebo/share/turtlebot3_gazebo//models/turtlebot3_autorace_2020/traffic_tunnel/materials/scripts/tunnel.material
[18.990s] -- Symlinking: /home/pranav/turtle_test/install/turtlebot3_gazebo/share/turtlebot3_gazebo//models/turtlebot3_autorace_2020/traffic_tunnel/materials/textures/tunnel.png
[18.997s] -- Symlinking: /home/pranav/turtle_test/install/turtlebot3_gazebo/share/turtlebot3_gazebo//models/turtlebot3_autorace_2020/traffic_tunnel/model.config
[19.007s] -- Symlinking: /home/pranav/turtle_test/install/turtlebot3_gazebo/share/turtlebot3_gazebo//models/turtlebot3_autorace_2020/traffic_tunnel/model.sdf
[19.016s] -- Symlinking: /home/pranav/turtle_test/install/turtlebot3_gazebo/share/turtlebot3_gazebo//models/turtlebot3_burger/model-1_4.sdf
[19.026s] -- Symlinking: /home/pranav/turtle_test/install/turtlebot3_gazebo/share/turtlebot3_gazebo//models/turtlebot3_burger/model.config
[19.035s] -- Symlinking: /home/pranav/turtle_test/install/turtlebot3_gazebo/share/turtlebot3_gazebo//models/turtlebot3_burger/model.sdf
[19.044s] -- Symlinking: /home/pranav/turtle_test/install/turtlebot3_gazebo/share/turtlebot3_gazebo//models/turtlebot3_burger_cam/model-1_4.sdf
[19.051s] -- Symlinking: /home/pranav/turtle_test/install/turtlebot3_gazebo/share/turtlebot3_gazebo//models/turtlebot3_burger_cam/model.config
[19.060s] -- Symlinking: /home/pranav/turtle_test/install/turtlebot3_gazebo/share/turtlebot3_gazebo//models/turtlebot3_burger_cam/model.sdf
[19.068s] -- Symlinking: /home/pranav/turtle_test/install/turtlebot3_gazebo/share/turtlebot3_gazebo//models/turtlebot3_common/meshes/bases/burger_base.stl
[19.077s] -- Symlinking: /home/pranav/turtle_test/install/turtlebot3_gazebo/share/turtlebot3_gazebo//models/turtlebot3_common/meshes/bases/waffle_base.stl
[19.086s] -- Symlinking: /home/pranav/turtle_test/install/turtlebot3_gazebo/share/turtlebot3_gazebo//models/turtlebot3_common/meshes/bases/waffle_pi_base.stl
[19.096s] -- Symlinking: /home/pranav/turtle_test/install/turtlebot3_gazebo/share/turtlebot3_gazebo//models/turtlebot3_common/meshes/burger_base.dae
[19.105s] -- Symlinking: /home/pranav/turtle_test/install/turtlebot3_gazebo/share/turtlebot3_gazebo//models/turtlebot3_common/meshes/lds.dae
[19.115s] -- Symlinking: /home/pranav/turtle_test/install/turtlebot3_gazebo/share/turtlebot3_gazebo//models/turtlebot3_common/meshes/r200.dae
[19.125s] -- Symlinking: /home/pranav/turtle_test/install/turtlebot3_gazebo/share/turtlebot3_gazebo//models/turtlebot3_common/meshes/sensors/astra.dae
[19.134s] -- Symlinking: /home/pranav/turtle_test/install/turtlebot3_gazebo/share/turtlebot3_gazebo//models/turtlebot3_common/meshes/sensors/astra.jpg
[19.143s] -- Symlinking: /home/pranav/turtle_test/install/turtlebot3_gazebo/share/turtlebot3_gazebo//models/turtlebot3_common/meshes/sensors/lds.stl
[19.151s] -- Symlinking: /home/pranav/turtle_test/install/turtlebot3_gazebo/share/turtlebot3_gazebo//models/turtlebot3_common/meshes/sensors/r200.dae
[19.160s] -- Symlinking: /home/pranav/turtle_test/install/turtlebot3_gazebo/share/turtlebot3_gazebo//models/turtlebot3_common/meshes/sensors/r200.jpg
[19.169s] -- Symlinking: /home/pranav/turtle_test/install/turtlebot3_gazebo/share/turtlebot3_gazebo//models/turtlebot3_common/meshes/tire.dae
[19.178s] -- Symlinking: /home/pranav/turtle_test/install/turtlebot3_gazebo/share/turtlebot3_gazebo//models/turtlebot3_common/meshes/waffle_base.dae
[19.187s] -- Symlinking: /home/pranav/turtle_test/install/turtlebot3_gazebo/share/turtlebot3_gazebo//models/turtlebot3_common/meshes/waffle_pi_base.dae
[19.196s] -- Symlinking: /home/pranav/turtle_test/install/turtlebot3_gazebo/share/turtlebot3_gazebo//models/turtlebot3_common/meshes/wheels/left_tire.stl
[19.206s] -- Symlinking: /home/pranav/turtle_test/install/turtlebot3_gazebo/share/turtlebot3_gazebo//models/turtlebot3_common/meshes/wheels/right_tire.stl
[19.215s] -- Symlinking: /home/pranav/turtle_test/install/turtlebot3_gazebo/share/turtlebot3_gazebo//models/turtlebot3_common/model.config
[19.225s] -- Symlinking: /home/pranav/turtle_test/install/turtlebot3_gazebo/share/turtlebot3_gazebo//models/turtlebot3_dqn_world/goal_box/model.config
[19.231s] -- Symlinking: /home/pranav/turtle_test/install/turtlebot3_gazebo/share/turtlebot3_gazebo//models/turtlebot3_dqn_world/goal_box/model.sdf
[19.241s] -- Symlinking: /home/pranav/turtle_test/install/turtlebot3_gazebo/share/turtlebot3_gazebo//models/turtlebot3_dqn_world/inner_walls/model.config
[19.247s] -- Symlinking: /home/pranav/turtle_test/install/turtlebot3_gazebo/share/turtlebot3_gazebo//models/turtlebot3_dqn_world/inner_walls/model.sdf
[19.254s] -- Symlinking: /home/pranav/turtle_test/install/turtlebot3_gazebo/share/turtlebot3_gazebo//models/turtlebot3_dqn_world/model.config
[19.263s] -- Symlinking: /home/pranav/turtle_test/install/turtlebot3_gazebo/share/turtlebot3_gazebo//models/turtlebot3_dqn_world/model.sdf
[19.272s] -- Symlinking: /home/pranav/turtle_test/install/turtlebot3_gazebo/share/turtlebot3_gazebo//models/turtlebot3_dqn_world/obstacle1/model.config
[19.281s] -- Symlinking: /home/pranav/turtle_test/install/turtlebot3_gazebo/share/turtlebot3_gazebo//models/turtlebot3_dqn_world/obstacle1/model.sdf
[19.290s] -- Symlinking: /home/pranav/turtle_test/install/turtlebot3_gazebo/share/turtlebot3_gazebo//models/turtlebot3_dqn_world/obstacle2/model.config
[19.299s] -- Symlinking: /home/pranav/turtle_test/install/turtlebot3_gazebo/share/turtlebot3_gazebo//models/turtlebot3_dqn_world/obstacle2/model.sdf
[19.308s] -- Symlinking: /home/pranav/turtle_test/install/turtlebot3_gazebo/share/turtlebot3_gazebo//models/turtlebot3_dqn_world/obstacles/model.config
[19.318s] -- Symlinking: /home/pranav/turtle_test/install/turtlebot3_gazebo/share/turtlebot3_gazebo//models/turtlebot3_dqn_world/obstacles/model.sdf
[19.327s] -- Symlinking: /home/pranav/turtle_test/install/turtlebot3_gazebo/share/turtlebot3_gazebo//models/turtlebot3_house/model.config
[19.334s] -- Symlinking: /home/pranav/turtle_test/install/turtlebot3_gazebo/share/turtlebot3_gazebo//models/turtlebot3_house/model.sdf
[19.344s] -- Symlinking: /home/pranav/turtle_test/install/turtlebot3_gazebo/share/turtlebot3_gazebo//models/turtlebot3_waffle/model-1_4.sdf
[19.353s] -- Symlinking: /home/pranav/turtle_test/install/turtlebot3_gazebo/share/turtlebot3_gazebo//models/turtlebot3_waffle/model.config
[19.362s] -- Symlinking: /home/pranav/turtle_test/install/turtlebot3_gazebo/share/turtlebot3_gazebo//models/turtlebot3_waffle/model.sdf
[19.371s] -- Symlinking: /home/pranav/turtle_test/install/turtlebot3_gazebo/share/turtlebot3_gazebo//models/turtlebot3_waffle_pi/model-1_4_.sdf
[19.380s] -- Symlinking: /home/pranav/turtle_test/install/turtlebot3_gazebo/share/turtlebot3_gazebo//models/turtlebot3_waffle_pi/model.config
[19.387s] -- Symlinking: /home/pranav/turtle_test/install/turtlebot3_gazebo/share/turtlebot3_gazebo//models/turtlebot3_waffle_pi/model.sdf
[19.394s] -- Symlinking: /home/pranav/turtle_test/install/turtlebot3_gazebo/share/turtlebot3_gazebo//models/turtlebot3_world/meshes/hexagon.dae
[19.403s] -- Symlinking: /home/pranav/turtle_test/install/turtlebot3_gazebo/share/turtlebot3_gazebo//models/turtlebot3_world/meshes/wall.dae
[19.412s] -- Symlinking: /home/pranav/turtle_test/install/turtlebot3_gazebo/share/turtlebot3_gazebo//models/turtlebot3_world/model-1_4.sdf
[19.422s] -- Symlinking: /home/pranav/turtle_test/install/turtlebot3_gazebo/share/turtlebot3_gazebo//models/turtlebot3_world/model.config
[19.431s] -- Symlinking: /home/pranav/turtle_test/install/turtlebot3_gazebo/share/turtlebot3_gazebo//models/turtlebot3_world/model.sdf
[19.440s] -- Symlinking: /home/pranav/turtle_test/install/turtlebot3_gazebo/share/turtlebot3_gazebo//rviz/tb3_gazebo.rviz
[19.450s] -- Symlinking: /home/pranav/turtle_test/install/turtlebot3_gazebo/share/turtlebot3_gazebo//urdf/common_properties.urdf
[19.459s] -- Symlinking: /home/pranav/turtle_test/install/turtlebot3_gazebo/share/turtlebot3_gazebo//urdf/turtlebot3_burger.urdf
[19.469s] -- Symlinking: /home/pranav/turtle_test/install/turtlebot3_gazebo/share/turtlebot3_gazebo//urdf/turtlebot3_burger_cam.urdf
[19.476s] -- Symlinking: /home/pranav/turtle_test/install/turtlebot3_gazebo/share/turtlebot3_gazebo//urdf/turtlebot3_waffle.urdf
[19.483s] -- Symlinking: /home/pranav/turtle_test/install/turtlebot3_gazebo/share/turtlebot3_gazebo//urdf/turtlebot3_waffle_pi.urdf
[19.492s] -- Symlinking: /home/pranav/turtle_test/install/turtlebot3_gazebo/share/turtlebot3_gazebo//worlds/empty_world.world
[19.502s] -- Symlinking: /home/pranav/turtle_test/install/turtlebot3_gazebo/share/turtlebot3_gazebo//worlds/turtlebot3_autorace_2020.world
[19.512s] -- Symlinking: /home/pranav/turtle_test/install/turtlebot3_gazebo/share/turtlebot3_gazebo//worlds/turtlebot3_dqn_stage1.world
[19.521s] -- Symlinking: /home/pranav/turtle_test/install/turtlebot3_gazebo/share/turtlebot3_gazebo//worlds/turtlebot3_dqn_stage2.world
[19.529s] -- Symlinking: /home/pranav/turtle_test/install/turtlebot3_gazebo/share/turtlebot3_gazebo//worlds/turtlebot3_dqn_stage3.world
[19.537s] -- Symlinking: /home/pranav/turtle_test/install/turtlebot3_gazebo/share/turtlebot3_gazebo//worlds/turtlebot3_dqn_stage4.world
[19.545s] -- Symlinking: /home/pranav/turtle_test/install/turtlebot3_gazebo/share/turtlebot3_gazebo//worlds/turtlebot3_house.world
[19.554s] -- Symlinking: /home/pranav/turtle_test/install/turtlebot3_gazebo/share/turtlebot3_gazebo//worlds/turtlebot3_world.world
[19.562s] -- Symlinking: /home/pranav/turtle_test/install/turtlebot3_gazebo/include//turtlebot3_gazebo/obstacle1.hpp
[19.570s] -- Symlinking: /home/pranav/turtle_test/install/turtlebot3_gazebo/include//turtlebot3_gazebo/obstacle2.hpp
[19.577s] -- Symlinking: /home/pranav/turtle_test/install/turtlebot3_gazebo/include//turtlebot3_gazebo/obstacles.hpp
[19.586s] -- Symlinking: /home/pranav/turtle_test/install/turtlebot3_gazebo/include//turtlebot3_gazebo/traffic_bar_plugin.hpp
[19.593s] -- Symlinking: /home/pranav/turtle_test/install/turtlebot3_gazebo/include//turtlebot3_gazebo/traffic_light_plugin.hpp
[19.603s] -- Symlinking: /home/pranav/turtle_test/install/turtlebot3_gazebo/include//turtlebot3_gazebo/turtlebot3_drive.hpp
[19.611s] -- Symlinking: /home/pranav/turtle_test/install/turtlebot3_gazebo/share/ament_index/resource_index/package_run_dependencies/turtlebot3_gazebo
[19.620s] -- Symlinking: /home/pranav/turtle_test/install/turtlebot3_gazebo/share/ament_index/resource_index/parent_prefix_path/turtlebot3_gazebo
[19.629s] -- Symlinking: /home/pranav/turtle_test/install/turtlebot3_gazebo/share/turtlebot3_gazebo/environment/ament_prefix_path.sh
[19.639s] -- Symlinking: /home/pranav/turtle_test/install/turtlebot3_gazebo/share/turtlebot3_gazebo/environment/ament_prefix_path.dsv
[19.648s] -- Symlinking: /home/pranav/turtle_test/install/turtlebot3_gazebo/share/turtlebot3_gazebo/environment/path.sh
[19.654s] -- Symlinking: /home/pranav/turtle_test/install/turtlebot3_gazebo/share/turtlebot3_gazebo/environment/path.dsv
[19.660s] -- Symlinking: /home/pranav/turtle_test/install/turtlebot3_gazebo/share/turtlebot3_gazebo/local_setup.bash
[19.670s] -- Symlinking: /home/pranav/turtle_test/install/turtlebot3_gazebo/share/turtlebot3_gazebo/local_setup.sh
[19.679s] -- Symlinking: /home/pranav/turtle_test/install/turtlebot3_gazebo/share/turtlebot3_gazebo/local_setup.zsh
[19.688s] -- Symlinking: /home/pranav/turtle_test/install/turtlebot3_gazebo/share/turtlebot3_gazebo/local_setup.dsv
[19.695s] -- Symlinking: /home/pranav/turtle_test/install/turtlebot3_gazebo/share/turtlebot3_gazebo/package.dsv
[19.705s] -- Symlinking: /home/pranav/turtle_test/install/turtlebot3_gazebo/share/ament_index/resource_index/packages/turtlebot3_gazebo
[19.713s] -- Symlinking: /home/pranav/turtle_test/install/turtlebot3_gazebo/share/turtlebot3_gazebo/cmake/ament_cmake_export_include_directories-extras.cmake
[19.722s] -- Symlinking: /home/pranav/turtle_test/install/turtlebot3_gazebo/share/turtlebot3_gazebo/cmake/ament_cmake_export_dependencies-extras.cmake
[19.731s] -- Symlinking: /home/pranav/turtle_test/install/turtlebot3_gazebo/share/turtlebot3_gazebo/cmake/turtlebot3_gazeboConfig.cmake
[19.738s] -- Symlinking: /home/pranav/turtle_test/install/turtlebot3_gazebo/share/turtlebot3_gazebo/cmake/turtlebot3_gazeboConfig-version.cmake
[19.744s] -- Symlinking: /home/pranav/turtle_test/install/turtlebot3_gazebo/share/turtlebot3_gazebo/package.xml
[19.756s] Invoked command in '/home/pranav/turtle_test/build/turtlebot3_gazebo' returned '0': CMAKE_PREFIX_PATH=/opt/ros/humble /usr/bin/cmake --install /home/pranav/turtle_test/build/turtlebot3_gazebo
