[0.024s] Invoking command in '/home/pranav/turtle_test/build/turtlebot3_cartographer': CMAKE_PREFIX_PATH=/opt/ros/humble /usr/bin/cmake /home/pranav/turtle_test/src/turtlebot3/turtlebot3_cartographer -DAMENT_CMAKE_SYMLINK_INSTALL=1 -DCMAKE_INSTALL_PREFIX=/home/pranav/turtle_test/install/turtlebot3_cartographer
[0.639s] -- The C compiler identification is GNU 11.4.0
[0.639s] -- The CXX compiler identification is GNU 11.4.0
[0.639s] -- Detecting C compiler ABI info
[0.640s] -- Detecting C compiler ABI info - done
[0.640s] -- Check for working C compiler: /usr/bin/cc - skipped
[0.640s] -- Detecting C compile features
[0.641s] -- Detecting C compile features - done
[0.641s] -- Detecting CXX compiler ABI info
[0.641s] -- Detecting CXX compiler ABI info - done
[0.641s] -- Check for working CXX compiler: /usr/bin/c++ - skipped
[0.641s] -- Detecting CXX compile features
[0.641s] -- Detecting CXX compile features - done
[0.641s] -- Found ament_cmake: 1.3.12 (/opt/ros/humble/share/ament_cmake/cmake)
[0.641s] -- Found Python3: /usr/bin/python3 (found version "3.10.12") found components: Interpreter 
[0.641s] -- Override CMake install command with custom implementation using symlinks instead of copying resources
[0.641s] -- Configuring done
[0.642s] -- Generating done
[0.642s] -- Build files have been written to: /home/pranav/turtle_test/build/turtlebot3_cartographer
[0.651s] Invoked command in '/home/pranav/turtle_test/build/turtlebot3_cartographer' returned '0': CMAKE_PREFIX_PATH=/opt/ros/humble /usr/bin/cmake /home/pranav/turtle_test/src/turtlebot3/turtlebot3_cartographer -DAMENT_CMAKE_SYMLINK_INSTALL=1 -DCMAKE_INSTALL_PREFIX=/home/pranav/turtle_test/install/turtlebot3_cartographer
[0.652s] Invoking command in '/home/pranav/turtle_test/build/turtlebot3_cartographer': CMAKE_PREFIX_PATH=/opt/ros/humble /usr/bin/cmake --build /home/pranav/turtle_test/build/turtlebot3_cartographer -- -j20 -l20
[0.674s] Invoked command in '/home/pranav/turtle_test/build/turtlebot3_cartographer' returned '0': CMAKE_PREFIX_PATH=/opt/ros/humble /usr/bin/cmake --build /home/pranav/turtle_test/build/turtlebot3_cartographer -- -j20 -l20
[0.682s] Invoking command in '/home/pranav/turtle_test/build/turtlebot3_cartographer': CMAKE_PREFIX_PATH=/opt/ros/humble /usr/bin/cmake --install /home/pranav/turtle_test/build/turtlebot3_cartographer
[0.696s] -- Install configuration: ""
[0.707s] -- Execute custom install script
[0.707s] -- Symlinking: /home/pranav/turtle_test/install/turtlebot3_cartographer/share/turtlebot3_cartographer/config/turtlebot3_lds_2d.lua
[0.708s] -- Symlinking: /home/pranav/turtle_test/install/turtlebot3_cartographer/share/turtlebot3_cartographer/launch/cartographer.launch.py
[0.716s] -- Symlinking: /home/pranav/turtle_test/install/turtlebot3_cartographer/share/turtlebot3_cartographer/launch/occupancy_grid.launch.py
[0.729s] -- Symlinking: /home/pranav/turtle_test/install/turtlebot3_cartographer/share/turtlebot3_cartographer/rviz/tb3_cartographer.rviz
[0.750s] -- Symlinking: /home/pranav/turtle_test/install/turtlebot3_cartographer/share/ament_index/resource_index/package_run_dependencies/turtlebot3_cartographer
[0.763s] -- Symlinking: /home/pranav/turtle_test/install/turtlebot3_cartographer/share/ament_index/resource_index/parent_prefix_path/turtlebot3_cartographer
[0.776s] -- Symlinking: /home/pranav/turtle_test/install/turtlebot3_cartographer/share/turtlebot3_cartographer/environment/ament_prefix_path.sh
[0.796s] -- Symlinking: /home/pranav/turtle_test/install/turtlebot3_cartographer/share/turtlebot3_cartographer/environment/ament_prefix_path.dsv
[0.806s] -- Symlinking: /home/pranav/turtle_test/install/turtlebot3_cartographer/share/turtlebot3_cartographer/environment/path.sh
[0.816s] -- Symlinking: /home/pranav/turtle_test/install/turtlebot3_cartographer/share/turtlebot3_cartographer/environment/path.dsv
[0.829s] -- Symlinking: /home/pranav/turtle_test/install/turtlebot3_cartographer/share/turtlebot3_cartographer/local_setup.bash
[0.846s] -- Symlinking: /home/pranav/turtle_test/install/turtlebot3_cartographer/share/turtlebot3_cartographer/local_setup.sh
[0.858s] -- Symlinking: /home/pranav/turtle_test/install/turtlebot3_cartographer/share/turtlebot3_cartographer/local_setup.zsh
[0.869s] -- Symlinking: /home/pranav/turtle_test/install/turtlebot3_cartographer/share/turtlebot3_cartographer/local_setup.dsv
[0.882s] -- Symlinking: /home/pranav/turtle_test/install/turtlebot3_cartographer/share/turtlebot3_cartographer/package.dsv
[0.896s] -- Symlinking: /home/pranav/turtle_test/install/turtlebot3_cartographer/share/ament_index/resource_index/packages/turtlebot3_cartographer
[0.909s] -- Symlinking: /home/pranav/turtle_test/install/turtlebot3_cartographer/share/turtlebot3_cartographer/cmake/turtlebot3_cartographerConfig.cmake
[0.918s] -- Symlinking: /home/pranav/turtle_test/install/turtlebot3_cartographer/share/turtlebot3_cartographer/cmake/turtlebot3_cartographerConfig-version.cmake
[0.931s] -- Symlinking: /home/pranav/turtle_test/install/turtlebot3_cartographer/share/turtlebot3_cartographer/package.xml
[0.945s] Invoked command in '/home/pranav/turtle_test/build/turtlebot3_cartographer' returned '0': CMAKE_PREFIX_PATH=/opt/ros/humble /usr/bin/cmake --install /home/pranav/turtle_test/build/turtlebot3_cartographer
