[0.029s] Invoking command in '/home/pranav/turtle_test/build/turtlebot3_cartographer': CMAKE_PREFIX_PATH=/opt/ros/humble /usr/bin/cmake /home/pranav/turtle_test/src/turtlebot3/turtlebot3_cartographer -DCMAKE_INSTALL_PREFIX=/home/pranav/turtle_test/install/turtlebot3_cartographer
[0.460s] -- Found ament_cmake: 1.3.12 (/opt/ros/humble/share/ament_cmake/cmake)
[0.460s] -- Override CMake install command with custom implementation using symlinks instead of copying resources
[0.460s] -- Configuring done
[0.460s] -- Generating done
[0.461s] -- Build files have been written to: /home/pranav/turtle_test/build/turtlebot3_cartographer
[0.480s] Invoked command in '/home/pranav/turtle_test/build/turtlebot3_cartographer' returned '0': CMAKE_PREFIX_PATH=/opt/ros/humble /usr/bin/cmake /home/pranav/turtle_test/src/turtlebot3/turtlebot3_cartographer -DCMAKE_INSTALL_PREFIX=/home/pranav/turtle_test/install/turtlebot3_cartographer
[0.481s] Invoking command in '/home/pranav/turtle_test/build/turtlebot3_cartographer': CMAKE_PREFIX_PATH=/opt/ros/humble /usr/bin/cmake --build /home/pranav/turtle_test/build/turtlebot3_cartographer -- -j20 -l20
[0.507s] Invoked command in '/home/pranav/turtle_test/build/turtlebot3_cartographer' returned '0': CMAKE_PREFIX_PATH=/opt/ros/humble /usr/bin/cmake --build /home/pranav/turtle_test/build/turtlebot3_cartographer -- -j20 -l20
[0.508s] Invoking command in '/home/pranav/turtle_test/build/turtlebot3_cartographer': CMAKE_PREFIX_PATH=/opt/ros/humble /usr/bin/cmake --install /home/pranav/turtle_test/build/turtlebot3_cartographer
[0.515s] -- Install configuration: ""
[0.515s] -- Execute custom install script
[0.515s] -- Up-to-date symlink: /home/pranav/turtle_test/install/turtlebot3_cartographer/share/turtlebot3_cartographer/config/turtlebot3_lds_2d.lua
[0.515s] -- Up-to-date symlink: /home/pranav/turtle_test/install/turtlebot3_cartographer/share/turtlebot3_cartographer/launch/cartographer.launch.py
[0.515s] -- Up-to-date symlink: /home/pranav/turtle_test/install/turtlebot3_cartographer/share/turtlebot3_cartographer/launch/occupancy_grid.launch.py
[0.515s] -- Up-to-date symlink: /home/pranav/turtle_test/install/turtlebot3_cartographer/share/turtlebot3_cartographer/rviz/tb3_cartographer.rviz
[0.515s] -- Up-to-date symlink: /home/pranav/turtle_test/install/turtlebot3_cartographer/share/ament_index/resource_index/package_run_dependencies/turtlebot3_cartographer
[0.516s] -- Up-to-date symlink: /home/pranav/turtle_test/install/turtlebot3_cartographer/share/ament_index/resource_index/parent_prefix_path/turtlebot3_cartographer
[0.516s] -- Up-to-date symlink: /home/pranav/turtle_test/install/turtlebot3_cartographer/share/turtlebot3_cartographer/environment/ament_prefix_path.sh
[0.516s] -- Up-to-date symlink: /home/pranav/turtle_test/install/turtlebot3_cartographer/share/turtlebot3_cartographer/environment/ament_prefix_path.dsv
[0.516s] -- Up-to-date symlink: /home/pranav/turtle_test/install/turtlebot3_cartographer/share/turtlebot3_cartographer/environment/path.sh
[0.521s] -- Up-to-date symlink: /home/pranav/turtle_test/install/turtlebot3_cartographer/share/turtlebot3_cartographer/environment/path.dsv
[0.521s] -- Up-to-date symlink: /home/pranav/turtle_test/install/turtlebot3_cartographer/share/turtlebot3_cartographer/local_setup.bash
[0.521s] -- Up-to-date symlink: /home/pranav/turtle_test/install/turtlebot3_cartographer/share/turtlebot3_cartographer/local_setup.sh
[0.521s] -- Up-to-date symlink: /home/pranav/turtle_test/install/turtlebot3_cartographer/share/turtlebot3_cartographer/local_setup.zsh
[0.521s] -- Up-to-date symlink: /home/pranav/turtle_test/install/turtlebot3_cartographer/share/turtlebot3_cartographer/local_setup.dsv
[0.521s] -- Symlinking: /home/pranav/turtle_test/install/turtlebot3_cartographer/share/turtlebot3_cartographer/package.dsv
[0.527s] -- Up-to-date symlink: /home/pranav/turtle_test/install/turtlebot3_cartographer/share/ament_index/resource_index/packages/turtlebot3_cartographer
[0.527s] -- Up-to-date symlink: /home/pranav/turtle_test/install/turtlebot3_cartographer/share/turtlebot3_cartographer/cmake/turtlebot3_cartographerConfig.cmake
[0.527s] -- Up-to-date symlink: /home/pranav/turtle_test/install/turtlebot3_cartographer/share/turtlebot3_cartographer/cmake/turtlebot3_cartographerConfig-version.cmake
[0.527s] -- Up-to-date symlink: /home/pranav/turtle_test/install/turtlebot3_cartographer/share/turtlebot3_cartographer/package.xml
[0.530s] Invoked command in '/home/pranav/turtle_test/build/turtlebot3_cartographer' returned '0': CMAKE_PREFIX_PATH=/opt/ros/humble /usr/bin/cmake --install /home/pranav/turtle_test/build/turtlebot3_cartographer
