[1.143s] Invoking command in '/home/pranav/turtle_test/build/turtlebot3_teleop': PYTHONPATH=/home/pranav/turtle_test/build/turtlebot3_teleop/prefix_override:/usr/lib/python3/dist-packages/colcon_core/task/python/colcon_distutils_commands:/home/pranav/turtle_test/install/turtlebot3_teleop/lib/python3.10/site-packages:${PYTHONPATH} /usr/bin/python3 -W ignore:setup.py install is deprecated -W ignore:easy_install command is deprecated setup.py develop --editable --build-directory /home/pranav/turtle_test/build/turtlebot3_teleop/build --no-deps symlink_data
[1.334s] running develop
[1.461s] running egg_info
[1.461s] creating turtlebot3_teleop.egg-info
[1.461s] writing turtlebot3_teleop.egg-info/PKG-INFO
[1.462s] writing dependency_links to turtlebot3_teleop.egg-info/dependency_links.txt
[1.462s] writing entry points to turtlebot3_teleop.egg-info/entry_points.txt
[1.462s] writing requirements to turtlebot3_teleop.egg-info/requires.txt
[1.462s] writing top-level names to turtlebot3_teleop.egg-info/top_level.txt
[1.462s] writing manifest file 'turtlebot3_teleop.egg-info/SOURCES.txt'
[1.463s] reading manifest file 'turtlebot3_teleop.egg-info/SOURCES.txt'
[1.463s] writing manifest file 'turtlebot3_teleop.egg-info/SOURCES.txt'
[1.464s] running build_ext
[1.464s] Creating /home/pranav/turtle_test/install/turtlebot3_teleop/lib/python3.10/site-packages/turtlebot3-teleop.egg-link (link to .)
[1.465s] Installing teleop_keyboard script to /home/pranav/turtle_test/install/turtlebot3_teleop/lib/turtlebot3_teleop
[1.465s] 
[1.465s] Installed /home/pranav/turtle_test/build/turtlebot3_teleop
[1.465s] running symlink_data
[1.465s] creating /home/pranav/turtle_test/install/turtlebot3_teleop/share/ament_index
[1.465s] creating /home/pranav/turtle_test/install/turtlebot3_teleop/share/ament_index/resource_index
[1.465s] creating /home/pranav/turtle_test/install/turtlebot3_teleop/share/ament_index/resource_index/packages
[1.466s] symbolically linking /home/pranav/turtle_test/build/turtlebot3_teleop/resource/turtlebot3_teleop -> /home/pranav/turtle_test/install/turtlebot3_teleop/share/ament_index/resource_index/packages
[1.466s] symbolically linking /home/pranav/turtle_test/build/turtlebot3_teleop/package.xml -> /home/pranav/turtle_test/install/turtlebot3_teleop/share/turtlebot3_teleop
[1.490s] Invoked command in '/home/pranav/turtle_test/build/turtlebot3_teleop' returned '0': PYTHONPATH=/home/pranav/turtle_test/build/turtlebot3_teleop/prefix_override:/usr/lib/python3/dist-packages/colcon_core/task/python/colcon_distutils_commands:/home/pranav/turtle_test/install/turtlebot3_teleop/lib/python3.10/site-packages:${PYTHONPATH} /usr/bin/python3 -W ignore:setup.py install is deprecated -W ignore:easy_install command is deprecated setup.py develop --editable --build-directory /home/pranav/turtle_test/build/turtlebot3_teleop/build --no-deps symlink_data
