/home/pranav/turtle_test/install/grazen_project/lib/python3.10/site-packages/grazen_project/moving_obstacle.py
/home/pranav/turtle_test/install/grazen_project/lib/python3.10/site-packages/grazen_project/waypoint_navigator.py
/home/pranav/turtle_test/install/grazen_project/lib/python3.10/site-packages/grazen_project/__init__.py
/home/pranav/turtle_test/install/grazen_project/lib/python3.10/site-packages/grazen_project/file_navigator.py
/home/pranav/turtle_test/install/grazen_project/lib/python3.10/site-packages/grazen_project/universal_navigator.py
/home/pranav/turtle_test/install/grazen_project/lib/python3.10/site-packages/grazen_project/relative_navigator.py
/home/pranav/turtle_test/install/grazen_project/lib/python3.10/site-packages/grazen_project/__pycache__/moving_obstacle.cpython-310.pyc
/home/pranav/turtle_test/install/grazen_project/lib/python3.10/site-packages/grazen_project/__pycache__/waypoint_navigator.cpython-310.pyc
/home/pranav/turtle_test/install/grazen_project/lib/python3.10/site-packages/grazen_project/__pycache__/__init__.cpython-310.pyc
/home/pranav/turtle_test/install/grazen_project/lib/python3.10/site-packages/grazen_project/__pycache__/file_navigator.cpython-310.pyc
/home/pranav/turtle_test/install/grazen_project/lib/python3.10/site-packages/grazen_project/__pycache__/universal_navigator.cpython-310.pyc
/home/pranav/turtle_test/install/grazen_project/lib/python3.10/site-packages/grazen_project/__pycache__/relative_navigator.cpython-310.pyc
/home/pranav/turtle_test/install/grazen_project/share/ament_index/resource_index/packages/grazen_project
/home/pranav/turtle_test/install/grazen_project/share/grazen_project/package.xml
/home/pranav/turtle_test/install/grazen_project/share/grazen_project/launch/start_warehouse.launch.py
/home/pranav/turtle_test/install/grazen_project/share/grazen_project/config/nav2_params.yaml
/home/pranav/turtle_test/install/grazen_project/lib/python3.10/site-packages/grazen_project-0.0.0-py3.10.egg-info/SOURCES.txt
/home/pranav/turtle_test/install/grazen_project/lib/python3.10/site-packages/grazen_project-0.0.0-py3.10.egg-info/PKG-INFO
/home/pranav/turtle_test/install/grazen_project/lib/python3.10/site-packages/grazen_project-0.0.0-py3.10.egg-info/top_level.txt
/home/pranav/turtle_test/install/grazen_project/lib/python3.10/site-packages/grazen_project-0.0.0-py3.10.egg-info/requires.txt
/home/pranav/turtle_test/install/grazen_project/lib/python3.10/site-packages/grazen_project-0.0.0-py3.10.egg-info/entry_points.txt
/home/pranav/turtle_test/install/grazen_project/lib/python3.10/site-packages/grazen_project-0.0.0-py3.10.egg-info/zip-safe
/home/pranav/turtle_test/install/grazen_project/lib/python3.10/site-packages/grazen_project-0.0.0-py3.10.egg-info/dependency_links.txt
/home/pranav/turtle_test/install/grazen_project/lib/grazen_project/file_navigator
/home/pranav/turtle_test/install/grazen_project/lib/grazen_project/moving_obstacle
/home/pranav/turtle_test/install/grazen_project/lib/grazen_project/relative_navigator
/home/pranav/turtle_test/install/grazen_project/lib/grazen_project/universal_navigator
/home/pranav/turtle_test/install/grazen_project/lib/grazen_project/waypoint_navigator
