[0.029s] Invoking command in '/home/pranav/turtle_test/build/dynamixel_sdk': CMAKE_PREFIX_PATH=/opt/ros/humble /usr/bin/cmake /home/pranav/turtle_test/src/DynamixelSDK/ros/dynamixel_sdk -DCMAKE_INSTALL_PREFIX=/home/pranav/turtle_test/install/dynamixel_sdk
[0.461s] -- Found ament_cmake: 1.3.12 (/opt/ros/humble/share/ament_cmake/cmake)
[0.462s] -- Override CMake install command with custom implementation using symlinks instead of copying resources
[0.462s] -- Configuring done
[0.462s] -- Generating done
[0.462s] -- Build files have been written to: /home/pranav/turtle_test/build/dynamixel_sdk
[0.486s] Invoked command in '/home/pranav/turtle_test/build/dynamixel_sdk' returned '0': CMAKE_PREFIX_PATH=/opt/ros/humble /usr/bin/cmake /home/pranav/turtle_test/src/DynamixelSDK/ros/dynamixel_sdk -DCMAKE_INSTALL_PREFIX=/home/pranav/turtle_test/install/dynamixel_sdk
[0.487s] Invoking command in '/home/pranav/turtle_test/build/dynamixel_sdk': CMAKE_PREFIX_PATH=/opt/ros/humble /usr/bin/cmake --build /home/pranav/turtle_test/build/dynamixel_sdk -- -j20 -l20
[0.506s] [35m[1mConsolidate compiler generated dependencies of target dynamixel_sdk[0m
[0.523s] [  0%] Built target ament_cmake_python_symlink_dynamixel_sdk
[0.523s] [100%] Built target dynamixel_sdk
[0.706s] running egg_info
[0.707s] writing dynamixel_sdk.egg-info/PKG-INFO
[0.707s] writing dependency_links to dynamixel_sdk.egg-info/dependency_links.txt
[0.707s] writing top-level names to dynamixel_sdk.egg-info/top_level.txt
[0.708s] reading manifest file 'dynamixel_sdk.egg-info/SOURCES.txt'
[0.709s] writing manifest file 'dynamixel_sdk.egg-info/SOURCES.txt'
[0.729s] [100%] Built target ament_cmake_python_build_dynamixel_sdk_egg
[0.738s] Invoked command in '/home/pranav/turtle_test/build/dynamixel_sdk' returned '0': CMAKE_PREFIX_PATH=/opt/ros/humble /usr/bin/cmake --build /home/pranav/turtle_test/build/dynamixel_sdk -- -j20 -l20
[0.739s] Invoking command in '/home/pranav/turtle_test/build/dynamixel_sdk': CMAKE_PREFIX_PATH=/opt/ros/humble /usr/bin/cmake --install /home/pranav/turtle_test/build/dynamixel_sdk
[0.744s] -- Install configuration: ""
[0.745s] -- Execute custom install script
[0.745s] -- Up-to-date symlink: /home/pranav/turtle_test/install/dynamixel_sdk/include//dynamixel_sdk/dynamixel_sdk.h
[0.745s] -- Up-to-date symlink: /home/pranav/turtle_test/install/dynamixel_sdk/include//dynamixel_sdk/group_bulk_read.h
[0.745s] -- Up-to-date symlink: /home/pranav/turtle_test/install/dynamixel_sdk/include//dynamixel_sdk/group_bulk_write.h
[0.745s] -- Up-to-date symlink: /home/pranav/turtle_test/install/dynamixel_sdk/include//dynamixel_sdk/group_fast_bulk_read.h
[0.746s] -- Up-to-date symlink: /home/pranav/turtle_test/install/dynamixel_sdk/include//dynamixel_sdk/group_fast_sync_read.h
[0.746s] -- Up-to-date symlink: /home/pranav/turtle_test/install/dynamixel_sdk/include//dynamixel_sdk/group_handler.h
[0.746s] -- Up-to-date symlink: /home/pranav/turtle_test/install/dynamixel_sdk/include//dynamixel_sdk/group_sync_read.h
[0.746s] -- Up-to-date symlink: /home/pranav/turtle_test/install/dynamixel_sdk/include//dynamixel_sdk/group_sync_write.h
[0.746s] -- Up-to-date symlink: /home/pranav/turtle_test/install/dynamixel_sdk/include//dynamixel_sdk/packet_handler.h
[0.746s] -- Up-to-date symlink: /home/pranav/turtle_test/install/dynamixel_sdk/include//dynamixel_sdk/port_handler.h
[0.746s] -- Up-to-date symlink: /home/pranav/turtle_test/install/dynamixel_sdk/include//dynamixel_sdk/port_handler_arduino.h
[0.746s] -- Up-to-date symlink: /home/pranav/turtle_test/install/dynamixel_sdk/include//dynamixel_sdk/port_handler_linux.h
[0.747s] -- Up-to-date symlink: /home/pranav/turtle_test/install/dynamixel_sdk/include//dynamixel_sdk/port_handler_mac.h
[0.747s] -- Up-to-date symlink: /home/pranav/turtle_test/install/dynamixel_sdk/include//dynamixel_sdk/port_handler_windows.h
[0.747s] -- Up-to-date symlink: /home/pranav/turtle_test/install/dynamixel_sdk/include//dynamixel_sdk/protocol1_packet_handler.h
[0.747s] -- Up-to-date symlink: /home/pranav/turtle_test/install/dynamixel_sdk/include//dynamixel_sdk/protocol2_packet_handler.h
[0.747s] -- Up-to-date symlink: /home/pranav/turtle_test/install/dynamixel_sdk/share/dynamixel_sdk/environment/pythonpath.sh
[0.747s] -- Up-to-date symlink: /home/pranav/turtle_test/install/dynamixel_sdk/share/dynamixel_sdk/environment/pythonpath.dsv
[0.747s] -- Up-to-date symlink: /home/pranav/turtle_test/install/dynamixel_sdk/local/lib/python3.10/dist-packages/dynamixel_sdk-3.8.4-py3.10.egg-info/PKG-INFO
[0.747s] -- Up-to-date symlink: /home/pranav/turtle_test/install/dynamixel_sdk/local/lib/python3.10/dist-packages/dynamixel_sdk-3.8.4-py3.10.egg-info/SOURCES.txt
[0.747s] -- Up-to-date symlink: /home/pranav/turtle_test/install/dynamixel_sdk/local/lib/python3.10/dist-packages/dynamixel_sdk-3.8.4-py3.10.egg-info/dependency_links.txt
[0.748s] -- Up-to-date symlink: /home/pranav/turtle_test/install/dynamixel_sdk/local/lib/python3.10/dist-packages/dynamixel_sdk-3.8.4-py3.10.egg-info/top_level.txt
[0.748s] -- Up-to-date symlink: /home/pranav/turtle_test/install/dynamixel_sdk/local/lib/python3.10/dist-packages/dynamixel_sdk/__init__.py
[0.748s] -- Up-to-date symlink: /home/pranav/turtle_test/install/dynamixel_sdk/local/lib/python3.10/dist-packages/dynamixel_sdk/group_bulk_read.cpp
[0.748s] -- Up-to-date symlink: /home/pranav/turtle_test/install/dynamixel_sdk/local/lib/python3.10/dist-packages/dynamixel_sdk/group_bulk_read.py
[0.748s] -- Up-to-date symlink: /home/pranav/turtle_test/install/dynamixel_sdk/local/lib/python3.10/dist-packages/dynamixel_sdk/group_bulk_write.cpp
[0.748s] -- Up-to-date symlink: /home/pranav/turtle_test/install/dynamixel_sdk/local/lib/python3.10/dist-packages/dynamixel_sdk/group_bulk_write.py
[0.748s] -- Up-to-date symlink: /home/pranav/turtle_test/install/dynamixel_sdk/local/lib/python3.10/dist-packages/dynamixel_sdk/group_fast_bulk_read.cpp
[0.748s] -- Up-to-date symlink: /home/pranav/turtle_test/install/dynamixel_sdk/local/lib/python3.10/dist-packages/dynamixel_sdk/group_fast_sync_read.cpp
[0.748s] -- Up-to-date symlink: /home/pranav/turtle_test/install/dynamixel_sdk/local/lib/python3.10/dist-packages/dynamixel_sdk/group_handler.cpp
[0.748s] -- Up-to-date symlink: /home/pranav/turtle_test/install/dynamixel_sdk/local/lib/python3.10/dist-packages/dynamixel_sdk/group_sync_read.cpp
[0.749s] -- Up-to-date symlink: /home/pranav/turtle_test/install/dynamixel_sdk/local/lib/python3.10/dist-packages/dynamixel_sdk/group_sync_read.py
[0.749s] -- Up-to-date symlink: /home/pranav/turtle_test/install/dynamixel_sdk/local/lib/python3.10/dist-packages/dynamixel_sdk/group_sync_write.cpp
[0.749s] -- Up-to-date symlink: /home/pranav/turtle_test/install/dynamixel_sdk/local/lib/python3.10/dist-packages/dynamixel_sdk/group_sync_write.py
[0.749s] -- Up-to-date symlink: /home/pranav/turtle_test/install/dynamixel_sdk/local/lib/python3.10/dist-packages/dynamixel_sdk/packet_handler.cpp
[0.749s] -- Up-to-date symlink: /home/pranav/turtle_test/install/dynamixel_sdk/local/lib/python3.10/dist-packages/dynamixel_sdk/packet_handler.py
[0.749s] -- Up-to-date symlink: /home/pranav/turtle_test/install/dynamixel_sdk/local/lib/python3.10/dist-packages/dynamixel_sdk/port_handler.cpp
[0.749s] -- Up-to-date symlink: /home/pranav/turtle_test/install/dynamixel_sdk/local/lib/python3.10/dist-packages/dynamixel_sdk/port_handler.py
[0.749s] -- Up-to-date symlink: /home/pranav/turtle_test/install/dynamixel_sdk/local/lib/python3.10/dist-packages/dynamixel_sdk/port_handler_arduino.cpp
[0.749s] -- Up-to-date symlink: /home/pranav/turtle_test/install/dynamixel_sdk/local/lib/python3.10/dist-packages/dynamixel_sdk/port_handler_linux.cpp
[0.749s] -- Up-to-date symlink: /home/pranav/turtle_test/install/dynamixel_sdk/local/lib/python3.10/dist-packages/dynamixel_sdk/port_handler_mac.cpp
[0.749s] -- Up-to-date symlink: /home/pranav/turtle_test/install/dynamixel_sdk/local/lib/python3.10/dist-packages/dynamixel_sdk/port_handler_windows.cpp
[0.749s] -- Up-to-date symlink: /home/pranav/turtle_test/install/dynamixel_sdk/local/lib/python3.10/dist-packages/dynamixel_sdk/protocol1_packet_handler.cpp
[0.749s] -- Up-to-date symlink: /home/pranav/turtle_test/install/dynamixel_sdk/local/lib/python3.10/dist-packages/dynamixel_sdk/protocol1_packet_handler.py
[0.749s] -- Up-to-date symlink: /home/pranav/turtle_test/install/dynamixel_sdk/local/lib/python3.10/dist-packages/dynamixel_sdk/protocol2_packet_handler.cpp
[0.749s] -- Up-to-date symlink: /home/pranav/turtle_test/install/dynamixel_sdk/local/lib/python3.10/dist-packages/dynamixel_sdk/protocol2_packet_handler.py
[0.749s] -- Up-to-date symlink: /home/pranav/turtle_test/install/dynamixel_sdk/local/lib/python3.10/dist-packages/dynamixel_sdk/robotis_def.py
[0.749s] -- Up-to-date symlink: /home/pranav/turtle_test/install/dynamixel_sdk/share/dynamixel_sdk/environment/library_path.sh
[0.749s] -- Up-to-date symlink: /home/pranav/turtle_test/install/dynamixel_sdk/share/dynamixel_sdk/environment/library_path.dsv
[0.749s] -- Up-to-date symlink: /home/pranav/turtle_test/install/dynamixel_sdk/share/ament_index/resource_index/package_run_dependencies/dynamixel_sdk
[0.749s] -- Up-to-date symlink: /home/pranav/turtle_test/install/dynamixel_sdk/share/ament_index/resource_index/parent_prefix_path/dynamixel_sdk
[0.749s] -- Up-to-date symlink: /home/pranav/turtle_test/install/dynamixel_sdk/share/dynamixel_sdk/environment/ament_prefix_path.sh
[0.750s] -- Up-to-date symlink: /home/pranav/turtle_test/install/dynamixel_sdk/share/dynamixel_sdk/environment/ament_prefix_path.dsv
[0.750s] -- Up-to-date symlink: /home/pranav/turtle_test/install/dynamixel_sdk/share/dynamixel_sdk/environment/path.sh
[0.750s] -- Up-to-date symlink: /home/pranav/turtle_test/install/dynamixel_sdk/share/dynamixel_sdk/environment/path.dsv
[0.750s] -- Up-to-date symlink: /home/pranav/turtle_test/install/dynamixel_sdk/share/dynamixel_sdk/local_setup.bash
[0.750s] -- Up-to-date symlink: /home/pranav/turtle_test/install/dynamixel_sdk/share/dynamixel_sdk/local_setup.sh
[0.750s] -- Up-to-date symlink: /home/pranav/turtle_test/install/dynamixel_sdk/share/dynamixel_sdk/local_setup.zsh
[0.750s] -- Up-to-date symlink: /home/pranav/turtle_test/install/dynamixel_sdk/share/dynamixel_sdk/local_setup.dsv
[0.750s] -- Symlinking: /home/pranav/turtle_test/install/dynamixel_sdk/share/dynamixel_sdk/package.dsv
[0.755s] -- Up-to-date symlink: /home/pranav/turtle_test/install/dynamixel_sdk/share/ament_index/resource_index/packages/dynamixel_sdk
[0.755s] -- Up-to-date symlink: /home/pranav/turtle_test/install/dynamixel_sdk/share/dynamixel_sdk/cmake/ament_cmake_export_targets-extras.cmake
[0.755s] -- Up-to-date symlink: /home/pranav/turtle_test/install/dynamixel_sdk/share/dynamixel_sdk/cmake/ament_cmake_export_include_directories-extras.cmake
[0.756s] -- Up-to-date symlink: /home/pranav/turtle_test/install/dynamixel_sdk/share/dynamixel_sdk/cmake/ament_cmake_export_libraries-extras.cmake
[0.756s] -- Up-to-date symlink: /home/pranav/turtle_test/install/dynamixel_sdk/share/dynamixel_sdk/cmake/dynamixel_sdkConfig.cmake
[0.756s] -- Up-to-date symlink: /home/pranav/turtle_test/install/dynamixel_sdk/share/dynamixel_sdk/cmake/dynamixel_sdkConfig-version.cmake
[0.756s] -- Up-to-date symlink: /home/pranav/turtle_test/install/dynamixel_sdk/share/dynamixel_sdk/package.xml
[0.756s] -- Up-to-date: /home/pranav/turtle_test/install/dynamixel_sdk/lib/libdynamixel_sdk.so
[0.784s] Listing '/home/pranav/turtle_test/install/dynamixel_sdk/local/lib/python3.10/dist-packages/dynamixel_sdk'...
[0.789s] -- Up-to-date: /home/pranav/turtle_test/install/dynamixel_sdk/share/dynamixel_sdk/cmake/dynamixel_sdkExport.cmake
[0.789s] -- Up-to-date: /home/pranav/turtle_test/install/dynamixel_sdk/share/dynamixel_sdk/cmake/dynamixel_sdkExport-noconfig.cmake
[0.791s] Invoked command in '/home/pranav/turtle_test/build/dynamixel_sdk' returned '0': CMAKE_PREFIX_PATH=/opt/ros/humble /usr/bin/cmake --install /home/pranav/turtle_test/build/dynamixel_sdk
