[0.635s] Invoking command in '/home/pranav/turtle_test/build/turtlebot3_example': CMAKE_PREFIX_PATH=/home/pranav/turtle_test/install/turtlebot3_msgs:/home/pranav/turtle_test/install/turtlebot3:/home/pranav/turtle_test/install/turtlebot3_simulations:/home/pranav/turtle_test/install/turtlebot3_bringup:/home/pranav/turtle_test/install/turtlebot3_node:/home/pranav/turtle_test/install/turtlebot3_navigation2:/home/pranav/turtle_test/install/turtlebot3_fake_node:/home/pranav/turtle_test/install/turtlebot3_manipulation_gazebo:/home/pranav/turtle_test/install/turtlebot3_gazebo:/home/pranav/turtle_test/install/turtlebot3_description:/home/pranav/turtle_test/install/turtlebot3_cartographer:/home/pranav/turtle_test/install/multirobot_map_merge:/home/pranav/turtle_test/install/explore_lite:/home/pranav/turtle_test/install/dynamixel_sdk_examples:/home/pranav/turtle_test/install/dynamixel_sdk_custom_interfaces:/home/pranav/turtle_test/install/dynamixel_sdk:/home/pranav/turtle_test/install/aws_robomaker_small_warehouse_world LD_LIBRARY_PATH=/home/pranav/turtle_test/install/turtlebot3_msgs/lib:/home/pranav/turtle_test/install/multirobot_map_merge/lib:/home/pranav/turtle_test/install/dynamixel_sdk_custom_interfaces/lib:/home/pranav/turtle_test/install/dynamixel_sdk/lib:/usr/lib/x86_64-linux-gnu/gazebo-11/plugins:/opt/ros/humble/opt/rviz_ogre_vendor/lib:/opt/ros/humble/lib/x86_64-linux-gnu:/opt/ros/humble/lib:/usr/lib/x86_64-linux-gnu/gazebo-11/plugins:/home/pranav/hsl-install/lib PYTHONPATH=/home/pranav/turtle_test/build/turtlebot3_example/prefix_override:/usr/lib/python3/dist-packages/colcon_core/task/python/colcon_distutils_commands:/home/pranav/turtle_test/install/turtlebot3_example/lib/python3.10/site-packages:${PYTHONPATH} /usr/bin/python3 -W ignore:setup.py install is deprecated -W ignore:easy_install command is deprecated setup.py develop --editable --build-directory /home/pranav/turtle_test/build/turtlebot3_example/build --no-deps symlink_data
[0.811s] running develop
[0.913s] running egg_info
[0.913s] writing turtlebot3_example.egg-info/PKG-INFO
[0.913s] writing dependency_links to turtlebot3_example.egg-info/dependency_links.txt
[0.913s] writing entry points to turtlebot3_example.egg-info/entry_points.txt
[0.913s] writing requirements to turtlebot3_example.egg-info/requires.txt
[0.913s] writing top-level names to turtlebot3_example.egg-info/top_level.txt
[0.914s] reading manifest file 'turtlebot3_example.egg-info/SOURCES.txt'
[0.915s] writing manifest file 'turtlebot3_example.egg-info/SOURCES.txt'
[0.916s] running build_ext
[0.916s] Creating /home/pranav/turtle_test/install/turtlebot3_example/lib/python3.10/site-packages/turtlebot3-example.egg-link (link to .)
[0.916s] Installing turtlebot3_absolute_move script to /home/pranav/turtle_test/install/turtlebot3_example/lib/turtlebot3_example
[0.916s] Installing turtlebot3_interactive_marker script to /home/pranav/turtle_test/install/turtlebot3_example/lib/turtlebot3_example
[0.916s] Installing turtlebot3_obstacle_detection script to /home/pranav/turtle_test/install/turtlebot3_example/lib/turtlebot3_example
[0.917s] Installing turtlebot3_patrol_client script to /home/pranav/turtle_test/install/turtlebot3_example/lib/turtlebot3_example
[0.917s] Installing turtlebot3_patrol_server script to /home/pranav/turtle_test/install/turtlebot3_example/lib/turtlebot3_example
[0.917s] Installing turtlebot3_relative_move script to /home/pranav/turtle_test/install/turtlebot3_example/lib/turtlebot3_example
[0.917s] 
[0.917s] Installed /home/pranav/turtle_test/build/turtlebot3_example
[0.917s] running symlink_data
[0.935s] Invoked command in '/home/pranav/turtle_test/build/turtlebot3_example' returned '0': CMAKE_PREFIX_PATH=/home/pranav/turtle_test/install/turtlebot3_msgs:/home/pranav/turtle_test/install/turtlebot3:/home/pranav/turtle_test/install/turtlebot3_simulations:/home/pranav/turtle_test/install/turtlebot3_bringup:/home/pranav/turtle_test/install/turtlebot3_node:/home/pranav/turtle_test/install/turtlebot3_navigation2:/home/pranav/turtle_test/install/turtlebot3_fake_node:/home/pranav/turtle_test/install/turtlebot3_manipulation_gazebo:/home/pranav/turtle_test/install/turtlebot3_gazebo:/home/pranav/turtle_test/install/turtlebot3_description:/home/pranav/turtle_test/install/turtlebot3_cartographer:/home/pranav/turtle_test/install/multirobot_map_merge:/home/pranav/turtle_test/install/explore_lite:/home/pranav/turtle_test/install/dynamixel_sdk_examples:/home/pranav/turtle_test/install/dynamixel_sdk_custom_interfaces:/home/pranav/turtle_test/install/dynamixel_sdk:/home/pranav/turtle_test/install/aws_robomaker_small_warehouse_world LD_LIBRARY_PATH=/home/pranav/turtle_test/install/turtlebot3_msgs/lib:/home/pranav/turtle_test/install/multirobot_map_merge/lib:/home/pranav/turtle_test/install/dynamixel_sdk_custom_interfaces/lib:/home/pranav/turtle_test/install/dynamixel_sdk/lib:/usr/lib/x86_64-linux-gnu/gazebo-11/plugins:/opt/ros/humble/opt/rviz_ogre_vendor/lib:/opt/ros/humble/lib/x86_64-linux-gnu:/opt/ros/humble/lib:/usr/lib/x86_64-linux-gnu/gazebo-11/plugins:/home/pranav/hsl-install/lib PYTHONPATH=/home/pranav/turtle_test/build/turtlebot3_example/prefix_override:/usr/lib/python3/dist-packages/colcon_core/task/python/colcon_distutils_commands:/home/pranav/turtle_test/install/turtlebot3_example/lib/python3.10/site-packages:${PYTHONPATH} /usr/bin/python3 -W ignore:setup.py install is deprecated -W ignore:easy_install command is deprecated setup.py develop --editable --build-directory /home/pranav/turtle_test/build/turtlebot3_example/build --no-deps symlink_data
