[0.010s] Invoking command in '/home/pranav/turtle_test/build/turtlebot3_bringup': AMENT_PREFIX_PATH=/home/pranav/turtle_test/install/turtlebot3_node:/home/pranav/turtle_test/install/turtlebot3_msgs:/home/pranav/turtle_test/install/turtlebot3_description:/home/pranav/turtle_test/install/dynamixel_sdk:${AMENT_PREFIX_PATH} CMAKE_PREFIX_PATH=/home/pranav/turtle_test/install/turtlebot3_node:/home/pranav/turtle_test/install/turtlebot3_msgs:/home/pranav/turtle_test/install/turtlebot3_description:/home/pranav/turtle_test/install/dynamixel_sdk:/opt/ros/humble LD_LIBRARY_PATH=/home/pranav/turtle_test/install/turtlebot3_msgs/lib:/home/pranav/turtle_test/install/dynamixel_sdk/lib:/usr/lib/x86_64-linux-gnu/gazebo-11/plugins:/opt/ros/humble/opt/rviz_ogre_vendor/lib:/opt/ros/humble/lib/x86_64-linux-gnu:/opt/ros/humble/lib:/usr/lib/x86_64-linux-gnu/gazebo-11/plugins:/home/pranav/hsl-install/lib PYTHONPATH=/home/pranav/turtle_test/install/turtlebot3_msgs/local/lib/python3.10/dist-packages:/home/pranav/turtle_test/install/dynamixel_sdk/local/lib/python3.10/dist-packages:${PYTHONPATH} /usr/bin/cmake /home/pranav/turtle_test/src/turtlebot3/turtlebot3_bringup -DAMENT_CMAKE_SYMLINK_INSTALL=1 -DCMAKE_INSTALL_PREFIX=/home/pranav/turtle_test/install/turtlebot3_bringup
[0.055s] -- The C compiler identification is GNU 11.4.0
[0.092s] -- The CXX compiler identification is GNU 11.4.0
[0.097s] -- Detecting C compiler ABI info
[0.146s] -- Detecting C compiler ABI info - done
[0.150s] -- Check for working C compiler: /usr/bin/cc - skipped
[0.150s] -- Detecting C compile features
[0.151s] -- Detecting C compile features - done
[0.152s] -- Detecting CXX compiler ABI info
[0.212s] -- Detecting CXX compiler ABI info - done
[0.216s] -- Check for working CXX compiler: /usr/bin/c++ - skipped
[0.216s] -- Detecting CXX compile features
[0.217s] -- Detecting CXX compile features - done
[0.218s] -- Found ament_cmake: 1.3.12 (/opt/ros/humble/share/ament_cmake/cmake)
[0.324s] -- Found Python3: /usr/bin/python3 (found version "3.10.12") found components: Interpreter 
[0.363s] -- Override CMake install command with custom implementation using symlinks instead of copying resources
[0.431s] -- Configuring done
[0.432s] -- Generating done
[0.433s] -- Build files have been written to: /home/pranav/turtle_test/build/turtlebot3_bringup
[0.435s] Invoked command in '/home/pranav/turtle_test/build/turtlebot3_bringup' returned '0': AMENT_PREFIX_PATH=/home/pranav/turtle_test/install/turtlebot3_node:/home/pranav/turtle_test/install/turtlebot3_msgs:/home/pranav/turtle_test/install/turtlebot3_description:/home/pranav/turtle_test/install/dynamixel_sdk:${AMENT_PREFIX_PATH} CMAKE_PREFIX_PATH=/home/pranav/turtle_test/install/turtlebot3_node:/home/pranav/turtle_test/install/turtlebot3_msgs:/home/pranav/turtle_test/install/turtlebot3_description:/home/pranav/turtle_test/install/dynamixel_sdk:/opt/ros/humble LD_LIBRARY_PATH=/home/pranav/turtle_test/install/turtlebot3_msgs/lib:/home/pranav/turtle_test/install/dynamixel_sdk/lib:/usr/lib/x86_64-linux-gnu/gazebo-11/plugins:/opt/ros/humble/opt/rviz_ogre_vendor/lib:/opt/ros/humble/lib/x86_64-linux-gnu:/opt/ros/humble/lib:/usr/lib/x86_64-linux-gnu/gazebo-11/plugins:/home/pranav/hsl-install/lib PYTHONPATH=/home/pranav/turtle_test/install/turtlebot3_msgs/local/lib/python3.10/dist-packages:/home/pranav/turtle_test/install/dynamixel_sdk/local/lib/python3.10/dist-packages:${PYTHONPATH} /usr/bin/cmake /home/pranav/turtle_test/src/turtlebot3/turtlebot3_bringup -DAMENT_CMAKE_SYMLINK_INSTALL=1 -DCMAKE_INSTALL_PREFIX=/home/pranav/turtle_test/install/turtlebot3_bringup
[0.437s] Invoking command in '/home/pranav/turtle_test/build/turtlebot3_bringup': AMENT_PREFIX_PATH=/home/pranav/turtle_test/install/turtlebot3_node:/home/pranav/turtle_test/install/turtlebot3_msgs:/home/pranav/turtle_test/install/turtlebot3_description:/home/pranav/turtle_test/install/dynamixel_sdk:${AMENT_PREFIX_PATH} CMAKE_PREFIX_PATH=/home/pranav/turtle_test/install/turtlebot3_node:/home/pranav/turtle_test/install/turtlebot3_msgs:/home/pranav/turtle_test/install/turtlebot3_description:/home/pranav/turtle_test/install/dynamixel_sdk:/opt/ros/humble LD_LIBRARY_PATH=/home/pranav/turtle_test/install/turtlebot3_msgs/lib:/home/pranav/turtle_test/install/dynamixel_sdk/lib:/usr/lib/x86_64-linux-gnu/gazebo-11/plugins:/opt/ros/humble/opt/rviz_ogre_vendor/lib:/opt/ros/humble/lib/x86_64-linux-gnu:/opt/ros/humble/lib:/usr/lib/x86_64-linux-gnu/gazebo-11/plugins:/home/pranav/hsl-install/lib PYTHONPATH=/home/pranav/turtle_test/install/turtlebot3_msgs/local/lib/python3.10/dist-packages:/home/pranav/turtle_test/install/dynamixel_sdk/local/lib/python3.10/dist-packages:${PYTHONPATH} /usr/bin/cmake --build /home/pranav/turtle_test/build/turtlebot3_bringup -- -j20 -l20
[0.463s] Invoked command in '/home/pranav/turtle_test/build/turtlebot3_bringup' returned '0': AMENT_PREFIX_PATH=/home/pranav/turtle_test/install/turtlebot3_node:/home/pranav/turtle_test/install/turtlebot3_msgs:/home/pranav/turtle_test/install/turtlebot3_description:/home/pranav/turtle_test/install/dynamixel_sdk:${AMENT_PREFIX_PATH} CMAKE_PREFIX_PATH=/home/pranav/turtle_test/install/turtlebot3_node:/home/pranav/turtle_test/install/turtlebot3_msgs:/home/pranav/turtle_test/install/turtlebot3_description:/home/pranav/turtle_test/install/dynamixel_sdk:/opt/ros/humble LD_LIBRARY_PATH=/home/pranav/turtle_test/install/turtlebot3_msgs/lib:/home/pranav/turtle_test/install/dynamixel_sdk/lib:/usr/lib/x86_64-linux-gnu/gazebo-11/plugins:/opt/ros/humble/opt/rviz_ogre_vendor/lib:/opt/ros/humble/lib/x86_64-linux-gnu:/opt/ros/humble/lib:/usr/lib/x86_64-linux-gnu/gazebo-11/plugins:/home/pranav/hsl-install/lib PYTHONPATH=/home/pranav/turtle_test/install/turtlebot3_msgs/local/lib/python3.10/dist-packages:/home/pranav/turtle_test/install/dynamixel_sdk/local/lib/python3.10/dist-packages:${PYTHONPATH} /usr/bin/cmake --build /home/pranav/turtle_test/build/turtlebot3_bringup -- -j20 -l20
[0.464s] Invoking command in '/home/pranav/turtle_test/build/turtlebot3_bringup': AMENT_PREFIX_PATH=/home/pranav/turtle_test/install/turtlebot3_node:/home/pranav/turtle_test/install/turtlebot3_msgs:/home/pranav/turtle_test/install/turtlebot3_description:/home/pranav/turtle_test/install/dynamixel_sdk:${AMENT_PREFIX_PATH} CMAKE_PREFIX_PATH=/home/pranav/turtle_test/install/turtlebot3_node:/home/pranav/turtle_test/install/turtlebot3_msgs:/home/pranav/turtle_test/install/turtlebot3_description:/home/pranav/turtle_test/install/dynamixel_sdk:/opt/ros/humble LD_LIBRARY_PATH=/home/pranav/turtle_test/install/turtlebot3_msgs/lib:/home/pranav/turtle_test/install/dynamixel_sdk/lib:/usr/lib/x86_64-linux-gnu/gazebo-11/plugins:/opt/ros/humble/opt/rviz_ogre_vendor/lib:/opt/ros/humble/lib/x86_64-linux-gnu:/opt/ros/humble/lib:/usr/lib/x86_64-linux-gnu/gazebo-11/plugins:/home/pranav/hsl-install/lib PYTHONPATH=/home/pranav/turtle_test/install/turtlebot3_msgs/local/lib/python3.10/dist-packages:/home/pranav/turtle_test/install/dynamixel_sdk/local/lib/python3.10/dist-packages:${PYTHONPATH} /usr/bin/cmake --install /home/pranav/turtle_test/build/turtlebot3_bringup
[0.470s] -- Install configuration: ""
[0.471s] -- Execute custom install script
[0.471s] -- Symlinking: /home/pranav/turtle_test/install/turtlebot3_bringup/share/turtlebot3_bringup/launch/camera.launch.py
[0.478s] -- Symlinking: /home/pranav/turtle_test/install/turtlebot3_bringup/share/turtlebot3_bringup/launch/robot.launch.py
[0.485s] -- Symlinking: /home/pranav/turtle_test/install/turtlebot3_bringup/share/turtlebot3_bringup/launch/rviz2.launch.py
[0.492s] -- Symlinking: /home/pranav/turtle_test/install/turtlebot3_bringup/share/turtlebot3_bringup/launch/turtlebot3_state_publisher.launch.py
[0.498s] -- Symlinking: /home/pranav/turtle_test/install/turtlebot3_bringup/share/turtlebot3_bringup/param/burger.yaml
[0.504s] -- Symlinking: /home/pranav/turtle_test/install/turtlebot3_bringup/share/turtlebot3_bringup/param/humble/burger.yaml
[0.511s] -- Symlinking: /home/pranav/turtle_test/install/turtlebot3_bringup/share/turtlebot3_bringup/param/humble/waffle.yaml
[0.519s] -- Symlinking: /home/pranav/turtle_test/install/turtlebot3_bringup/share/turtlebot3_bringup/param/humble/waffle_pi.yaml
[0.524s] -- Symlinking: /home/pranav/turtle_test/install/turtlebot3_bringup/share/turtlebot3_bringup/param/waffle.yaml
[0.529s] -- Symlinking: /home/pranav/turtle_test/install/turtlebot3_bringup/share/turtlebot3_bringup/param/waffle_pi.yaml
[0.534s] -- Symlinking: /home/pranav/turtle_test/install/turtlebot3_bringup/share/turtlebot3_bringup/script/99-turtlebot3-cdc.rules
[0.540s] -- Symlinking: /home/pranav/turtle_test/install/turtlebot3_bringup/share/turtlebot3_bringup/script/create_udev_rules
[0.546s] -- Symlinking: /home/pranav/turtle_test/install/turtlebot3_bringup/share/ament_index/resource_index/package_run_dependencies/turtlebot3_bringup
[0.553s] -- Symlinking: /home/pranav/turtle_test/install/turtlebot3_bringup/share/ament_index/resource_index/parent_prefix_path/turtlebot3_bringup
[0.560s] -- Symlinking: /home/pranav/turtle_test/install/turtlebot3_bringup/share/turtlebot3_bringup/environment/ament_prefix_path.sh
[0.565s] -- Symlinking: /home/pranav/turtle_test/install/turtlebot3_bringup/share/turtlebot3_bringup/environment/ament_prefix_path.dsv
[0.571s] -- Symlinking: /home/pranav/turtle_test/install/turtlebot3_bringup/share/turtlebot3_bringup/environment/path.sh
[0.577s] -- Symlinking: /home/pranav/turtle_test/install/turtlebot3_bringup/share/turtlebot3_bringup/environment/path.dsv
[0.584s] -- Symlinking: /home/pranav/turtle_test/install/turtlebot3_bringup/share/turtlebot3_bringup/local_setup.bash
[0.592s] -- Symlinking: /home/pranav/turtle_test/install/turtlebot3_bringup/share/turtlebot3_bringup/local_setup.sh
[0.600s] -- Symlinking: /home/pranav/turtle_test/install/turtlebot3_bringup/share/turtlebot3_bringup/local_setup.zsh
[0.607s] -- Symlinking: /home/pranav/turtle_test/install/turtlebot3_bringup/share/turtlebot3_bringup/local_setup.dsv
[0.614s] -- Symlinking: /home/pranav/turtle_test/install/turtlebot3_bringup/share/turtlebot3_bringup/package.dsv
[0.621s] -- Symlinking: /home/pranav/turtle_test/install/turtlebot3_bringup/share/ament_index/resource_index/packages/turtlebot3_bringup
[0.628s] -- Symlinking: /home/pranav/turtle_test/install/turtlebot3_bringup/share/turtlebot3_bringup/cmake/turtlebot3_bringupConfig.cmake
[0.636s] -- Symlinking: /home/pranav/turtle_test/install/turtlebot3_bringup/share/turtlebot3_bringup/cmake/turtlebot3_bringupConfig-version.cmake
[0.641s] -- Symlinking: /home/pranav/turtle_test/install/turtlebot3_bringup/share/turtlebot3_bringup/package.xml
[0.647s] Invoked command in '/home/pranav/turtle_test/build/turtlebot3_bringup' returned '0': AMENT_PREFIX_PATH=/home/pranav/turtle_test/install/turtlebot3_node:/home/pranav/turtle_test/install/turtlebot3_msgs:/home/pranav/turtle_test/install/turtlebot3_description:/home/pranav/turtle_test/install/dynamixel_sdk:${AMENT_PREFIX_PATH} CMAKE_PREFIX_PATH=/home/pranav/turtle_test/install/turtlebot3_node:/home/pranav/turtle_test/install/turtlebot3_msgs:/home/pranav/turtle_test/install/turtlebot3_description:/home/pranav/turtle_test/install/dynamixel_sdk:/opt/ros/humble LD_LIBRARY_PATH=/home/pranav/turtle_test/install/turtlebot3_msgs/lib:/home/pranav/turtle_test/install/dynamixel_sdk/lib:/usr/lib/x86_64-linux-gnu/gazebo-11/plugins:/opt/ros/humble/opt/rviz_ogre_vendor/lib:/opt/ros/humble/lib/x86_64-linux-gnu:/opt/ros/humble/lib:/usr/lib/x86_64-linux-gnu/gazebo-11/plugins:/home/pranav/hsl-install/lib PYTHONPATH=/home/pranav/turtle_test/install/turtlebot3_msgs/local/lib/python3.10/dist-packages:/home/pranav/turtle_test/install/dynamixel_sdk/local/lib/python3.10/dist-packages:${PYTHONPATH} /usr/bin/cmake --install /home/pranav/turtle_test/build/turtlebot3_bringup
