[0.392s] Invoking command in '/home/pranav/turtle_test/src/grazen_system': CMAKE_PREFIX_PATH=/home/pranav/turtle_test/install/turtlebot3_navigation2:/home/pranav/turtle_test/install/turtlebot3_gazebo:/home/pranav/turtle_test/install/turtlebot3_cartographer:/home/pranav/turtle_test/install/explore_lite:/home/pranav/turtle_test/install/aws_robomaker_small_warehouse_world:/home/pranav/turtle_test/install/turtlebot3:/home/pranav/turtle_test/install/turtlebot3_simulations:/home/pranav/turtle_test/install/turtlebot3_bringup:/home/pranav/turtle_test/install/turtlebot3_node:/home/pranav/turtle_test/install/turtlebot3_fake_node:/home/pranav/turtle_test/install/turtlebot3_msgs:/home/pranav/turtle_test/install/turtlebot3_manipulation_gazebo:/home/pranav/turtle_test/install/turtlebot3_description:/home/pranav/turtle_test/install/multirobot_map_merge:/home/pranav/turtle_test/install/dynamixel_sdk_examples:/home/pranav/turtle_test/install/dynamixel_sdk_custom_interfaces:/home/pranav/turtle_test/install/dynamixel_sdk PYTHONPATH=/home/pranav/turtle_test/build/grazen_system/prefix_override:/usr/lib/python3/dist-packages/colcon_core/task/python/colcon_distutils_commands:/home/pranav/turtle_test/install/grazen_system/lib/python3.10/site-packages:${PYTHONPATH} /usr/bin/python3 -W ignore:setup.py install is deprecated -W ignore:easy_install command is deprecated setup.py egg_info --egg-base ../../build/grazen_system build --build-base /home/pranav/turtle_test/build/grazen_system/build install --record /home/pranav/turtle_test/build/grazen_system/install.log --single-version-externally-managed install_data
[0.545s] running egg_info
[0.545s] writing ../../build/grazen_system/grazen_system.egg-info/PKG-INFO
[0.546s] writing dependency_links to ../../build/grazen_system/grazen_system.egg-info/dependency_links.txt
[0.546s] writing entry points to ../../build/grazen_system/grazen_system.egg-info/entry_points.txt
[0.546s] writing requirements to ../../build/grazen_system/grazen_system.egg-info/requires.txt
[0.546s] writing top-level names to ../../build/grazen_system/grazen_system.egg-info/top_level.txt
[0.547s] reading manifest file '../../build/grazen_system/grazen_system.egg-info/SOURCES.txt'
[0.548s] writing manifest file '../../build/grazen_system/grazen_system.egg-info/SOURCES.txt'
[0.548s] running build
[0.548s] running build_py
[0.548s] copying grazen_system/mission_manager.py -> /home/pranav/turtle_test/build/grazen_system/build/lib/grazen_system
[0.548s] running install
[0.548s] running install_lib
[0.548s] copying /home/pranav/turtle_test/build/grazen_system/build/lib/grazen_system/mission_manager.py -> /home/pranav/turtle_test/install/grazen_system/lib/python3.10/site-packages/grazen_system
[0.548s] byte-compiling /home/pranav/turtle_test/install/grazen_system/lib/python3.10/site-packages/grazen_system/mission_manager.py to mission_manager.cpython-310.pyc
[0.549s] running install_data
[0.549s] copying launch/system.launch.py -> /home/pranav/turtle_test/install/grazen_system/share/grazen_system/launch
[0.549s] running install_egg_info
[0.550s] removing '/home/pranav/turtle_test/install/grazen_system/lib/python3.10/site-packages/grazen_system-0.0.0-py3.10.egg-info' (and everything under it)
[0.550s] Copying ../../build/grazen_system/grazen_system.egg-info to /home/pranav/turtle_test/install/grazen_system/lib/python3.10/site-packages/grazen_system-0.0.0-py3.10.egg-info
[0.551s] running install_scripts
[0.562s] Installing manual_mapper script to /home/pranav/turtle_test/install/grazen_system/lib/grazen_system
[0.562s] Installing mission_manager script to /home/pranav/turtle_test/install/grazen_system/lib/grazen_system
[0.563s] writing list of installed files to '/home/pranav/turtle_test/build/grazen_system/install.log'
[0.575s] Invoked command in '/home/pranav/turtle_test/src/grazen_system' returned '0': CMAKE_PREFIX_PATH=/home/pranav/turtle_test/install/turtlebot3_navigation2:/home/pranav/turtle_test/install/turtlebot3_gazebo:/home/pranav/turtle_test/install/turtlebot3_cartographer:/home/pranav/turtle_test/install/explore_lite:/home/pranav/turtle_test/install/aws_robomaker_small_warehouse_world:/home/pranav/turtle_test/install/turtlebot3:/home/pranav/turtle_test/install/turtlebot3_simulations:/home/pranav/turtle_test/install/turtlebot3_bringup:/home/pranav/turtle_test/install/turtlebot3_node:/home/pranav/turtle_test/install/turtlebot3_fake_node:/home/pranav/turtle_test/install/turtlebot3_msgs:/home/pranav/turtle_test/install/turtlebot3_manipulation_gazebo:/home/pranav/turtle_test/install/turtlebot3_description:/home/pranav/turtle_test/install/multirobot_map_merge:/home/pranav/turtle_test/install/dynamixel_sdk_examples:/home/pranav/turtle_test/install/dynamixel_sdk_custom_interfaces:/home/pranav/turtle_test/install/dynamixel_sdk PYTHONPATH=/home/pranav/turtle_test/build/grazen_system/prefix_override:/usr/lib/python3/dist-packages/colcon_core/task/python/colcon_distutils_commands:/home/pranav/turtle_test/install/grazen_system/lib/python3.10/site-packages:${PYTHONPATH} /usr/bin/python3 -W ignore:setup.py install is deprecated -W ignore:easy_install command is deprecated setup.py egg_info --egg-base ../../build/grazen_system build --build-base /home/pranav/turtle_test/build/grazen_system/build install --record /home/pranav/turtle_test/build/grazen_system/install.log --single-version-externally-managed install_data
