[0.611s] Invoking command in '/home/pranav/turtle_test/build/turtlebot3_example': AMENT_PREFIX_PATH=/home/pranav/turtle_test/install/turtlebot3_msgs:${AMENT_PREFIX_PATH} CMAKE_PREFIX_PATH=/home/pranav/turtle_test/install/turtlebot3_msgs LD_LIBRARY_PATH=/home/pranav/turtle_test/install/turtlebot3_msgs/lib:/usr/lib/x86_64-linux-gnu/gazebo-11/plugins:/opt/ros/humble/opt/rviz_ogre_vendor/lib:/opt/ros/humble/lib/x86_64-linux-gnu:/opt/ros/humble/lib:/usr/lib/x86_64-linux-gnu/gazebo-11/plugins:/home/pranav/hsl-install/lib PYTHONPATH=/home/pranav/turtle_test/build/turtlebot3_example/prefix_override:/usr/lib/python3/dist-packages/colcon_core/task/python/colcon_distutils_commands:/home/pranav/turtle_test/install/turtlebot3_example/lib/python3.10/site-packages:/home/pranav/turtle_test/install/turtlebot3_msgs/local/lib/python3.10/dist-packages:${PYTHONPATH} /usr/bin/python3 -W ignore:setup.py install is deprecated -W ignore:easy_install command is deprecated setup.py develop --editable --build-directory /home/pranav/turtle_test/build/turtlebot3_example/build --no-deps symlink_data
[0.798s] running develop
[0.903s] running egg_info
[0.903s] writing turtlebot3_example.egg-info/PKG-INFO
[0.903s] writing dependency_links to turtlebot3_example.egg-info/dependency_links.txt
[0.903s] writing entry points to turtlebot3_example.egg-info/entry_points.txt
[0.903s] writing requirements to turtlebot3_example.egg-info/requires.txt
[0.903s] writing top-level names to turtlebot3_example.egg-info/top_level.txt
[0.905s] reading manifest file 'turtlebot3_example.egg-info/SOURCES.txt'
[0.905s] writing manifest file 'turtlebot3_example.egg-info/SOURCES.txt'
[0.906s] running build_ext
[0.906s] Creating /home/pranav/turtle_test/install/turtlebot3_example/lib/python3.10/site-packages/turtlebot3-example.egg-link (link to .)
[0.907s] Installing turtlebot3_absolute_move script to /home/pranav/turtle_test/install/turtlebot3_example/lib/turtlebot3_example
[0.907s] Installing turtlebot3_interactive_marker script to /home/pranav/turtle_test/install/turtlebot3_example/lib/turtlebot3_example
[0.907s] Installing turtlebot3_obstacle_detection script to /home/pranav/turtle_test/install/turtlebot3_example/lib/turtlebot3_example
[0.907s] Installing turtlebot3_patrol_client script to /home/pranav/turtle_test/install/turtlebot3_example/lib/turtlebot3_example
[0.907s] Installing turtlebot3_patrol_server script to /home/pranav/turtle_test/install/turtlebot3_example/lib/turtlebot3_example
[0.907s] Installing turtlebot3_relative_move script to /home/pranav/turtle_test/install/turtlebot3_example/lib/turtlebot3_example
[0.907s] 
[0.907s] Installed /home/pranav/turtle_test/build/turtlebot3_example
[0.907s] running symlink_data
[0.925s] Invoked command in '/home/pranav/turtle_test/build/turtlebot3_example' returned '0': AMENT_PREFIX_PATH=/home/pranav/turtle_test/install/turtlebot3_msgs:${AMENT_PREFIX_PATH} CMAKE_PREFIX_PATH=/home/pranav/turtle_test/install/turtlebot3_msgs LD_LIBRARY_PATH=/home/pranav/turtle_test/install/turtlebot3_msgs/lib:/usr/lib/x86_64-linux-gnu/gazebo-11/plugins:/opt/ros/humble/opt/rviz_ogre_vendor/lib:/opt/ros/humble/lib/x86_64-linux-gnu:/opt/ros/humble/lib:/usr/lib/x86_64-linux-gnu/gazebo-11/plugins:/home/pranav/hsl-install/lib PYTHONPATH=/home/pranav/turtle_test/build/turtlebot3_example/prefix_override:/usr/lib/python3/dist-packages/colcon_core/task/python/colcon_distutils_commands:/home/pranav/turtle_test/install/turtlebot3_example/lib/python3.10/site-packages:/home/pranav/turtle_test/install/turtlebot3_msgs/local/lib/python3.10/dist-packages:${PYTHONPATH} /usr/bin/python3 -W ignore:setup.py install is deprecated -W ignore:easy_install command is deprecated setup.py develop --editable --build-directory /home/pranav/turtle_test/build/turtlebot3_example/build --no-deps symlink_data
