[0.025s] Invoking command in '/home/pranav/turtle_test/build/turtlebot3_description': CMAKE_PREFIX_PATH=/opt/ros/humble /usr/bin/cmake /home/pranav/turtle_test/src/turtlebot3/turtlebot3_description -DAMENT_CMAKE_SYMLINK_INSTALL=1 -DCMAKE_INSTALL_PREFIX=/home/pranav/turtle_test/install/turtlebot3_description
[0.640s] -- The C compiler identification is GNU 11.4.0
[0.640s] -- The CXX compiler identification is GNU 11.4.0
[0.640s] -- Detecting C compiler ABI info
[0.640s] -- Detecting C compiler ABI info - done
[0.640s] -- Check for working C compiler: /usr/bin/cc - skipped
[0.640s] -- Detecting C compile features
[0.641s] -- Detecting C compile features - done
[0.641s] -- Detecting CXX compiler ABI info
[0.641s] -- Detecting CXX compiler ABI info - done
[0.641s] -- Check for working CXX compiler: /usr/bin/c++ - skipped
[0.641s] -- Detecting CXX compile features
[0.641s] -- Detecting CXX compile features - done
[0.641s] -- Found ament_cmake: 1.3.12 (/opt/ros/humble/share/ament_cmake/cmake)
[0.641s] -- Found Python3: /usr/bin/python3 (found version "3.10.12") found components: Interpreter 
[0.641s] -- Override CMake install command with custom implementation using symlinks instead of copying resources
[0.641s] -- Found urdf: 2.6.1 (/opt/ros/humble/share/urdf/cmake)
[0.641s] -- Configuring done
[0.641s] -- Generating done
[0.641s] -- Build files have been written to: /home/pranav/turtle_test/build/turtlebot3_description
[0.653s] Invoked command in '/home/pranav/turtle_test/build/turtlebot3_description' returned '0': CMAKE_PREFIX_PATH=/opt/ros/humble /usr/bin/cmake /home/pranav/turtle_test/src/turtlebot3/turtlebot3_description -DAMENT_CMAKE_SYMLINK_INSTALL=1 -DCMAKE_INSTALL_PREFIX=/home/pranav/turtle_test/install/turtlebot3_description
[0.655s] Invoking command in '/home/pranav/turtle_test/build/turtlebot3_description': CMAKE_PREFIX_PATH=/opt/ros/humble /usr/bin/cmake --build /home/pranav/turtle_test/build/turtlebot3_description -- -j20 -l20
[0.706s] Invoked command in '/home/pranav/turtle_test/build/turtlebot3_description' returned '0': CMAKE_PREFIX_PATH=/opt/ros/humble /usr/bin/cmake --build /home/pranav/turtle_test/build/turtlebot3_description -- -j20 -l20
[0.707s] Invoking command in '/home/pranav/turtle_test/build/turtlebot3_description': CMAKE_PREFIX_PATH=/opt/ros/humble /usr/bin/cmake --install /home/pranav/turtle_test/build/turtlebot3_description
[0.712s] -- Install configuration: ""
[0.712s] -- Execute custom install script
[0.712s] -- Symlinking: /home/pranav/turtle_test/install/turtlebot3_description/share/turtlebot3_description/meshes/bases/burger_base.stl
[0.730s] -- Symlinking: /home/pranav/turtle_test/install/turtlebot3_description/share/turtlebot3_description/meshes/bases/waffle_base.stl
[0.750s] -- Symlinking: /home/pranav/turtle_test/install/turtlebot3_description/share/turtlebot3_description/meshes/bases/waffle_pi_base.stl
[0.772s] -- Symlinking: /home/pranav/turtle_test/install/turtlebot3_description/share/turtlebot3_description/meshes/sensors/astra.dae
[0.795s] -- Symlinking: /home/pranav/turtle_test/install/turtlebot3_description/share/turtlebot3_description/meshes/sensors/astra.jpg
[0.813s] -- Symlinking: /home/pranav/turtle_test/install/turtlebot3_description/share/turtlebot3_description/meshes/sensors/lds.stl
[0.828s] -- Symlinking: /home/pranav/turtle_test/install/turtlebot3_description/share/turtlebot3_description/meshes/sensors/r200.dae
[0.845s] -- Symlinking: /home/pranav/turtle_test/install/turtlebot3_description/share/turtlebot3_description/meshes/sensors/r200.jpg
[0.862s] -- Symlinking: /home/pranav/turtle_test/install/turtlebot3_description/share/turtlebot3_description/meshes/wheels/left_tire.stl
[0.875s] -- Symlinking: /home/pranav/turtle_test/install/turtlebot3_description/share/turtlebot3_description/meshes/wheels/right_tire.stl
[0.886s] -- Symlinking: /home/pranav/turtle_test/install/turtlebot3_description/share/turtlebot3_description/rviz/model.rviz
[0.898s] -- Symlinking: /home/pranav/turtle_test/install/turtlebot3_description/share/turtlebot3_description/urdf/common_properties.urdf
[0.920s] -- Symlinking: /home/pranav/turtle_test/install/turtlebot3_description/share/turtlebot3_description/urdf/turtlebot3_burger.urdf
[0.933s] -- Symlinking: /home/pranav/turtle_test/install/turtlebot3_description/share/turtlebot3_description/urdf/turtlebot3_waffle.urdf
[0.944s] -- Symlinking: /home/pranav/turtle_test/install/turtlebot3_description/share/turtlebot3_description/urdf/turtlebot3_waffle_pi.urdf
[0.955s] -- Symlinking: /home/pranav/turtle_test/install/turtlebot3_description/share/ament_index/resource_index/package_run_dependencies/turtlebot3_description
[0.975s] -- Symlinking: /home/pranav/turtle_test/install/turtlebot3_description/share/ament_index/resource_index/parent_prefix_path/turtlebot3_description
[0.976s] -- Symlinking: /home/pranav/turtle_test/install/turtlebot3_description/share/turtlebot3_description/environment/ament_prefix_path.sh
[0.981s] -- Symlinking: /home/pranav/turtle_test/install/turtlebot3_description/share/turtlebot3_description/environment/ament_prefix_path.dsv
[0.992s] -- Symlinking: /home/pranav/turtle_test/install/turtlebot3_description/share/turtlebot3_description/environment/path.sh
[1.004s] -- Symlinking: /home/pranav/turtle_test/install/turtlebot3_description/share/turtlebot3_description/environment/path.dsv
[1.015s] -- Symlinking: /home/pranav/turtle_test/install/turtlebot3_description/share/turtlebot3_description/local_setup.bash
[1.023s] -- Symlinking: /home/pranav/turtle_test/install/turtlebot3_description/share/turtlebot3_description/local_setup.sh
[1.033s] -- Symlinking: /home/pranav/turtle_test/install/turtlebot3_description/share/turtlebot3_description/local_setup.zsh
[1.043s] -- Symlinking: /home/pranav/turtle_test/install/turtlebot3_description/share/turtlebot3_description/local_setup.dsv
[1.057s] -- Symlinking: /home/pranav/turtle_test/install/turtlebot3_description/share/turtlebot3_description/package.dsv
[1.066s] -- Symlinking: /home/pranav/turtle_test/install/turtlebot3_description/share/ament_index/resource_index/packages/turtlebot3_description
[1.077s] -- Symlinking: /home/pranav/turtle_test/install/turtlebot3_description/share/turtlebot3_description/cmake/turtlebot3_descriptionConfig.cmake
[1.084s] -- Symlinking: /home/pranav/turtle_test/install/turtlebot3_description/share/turtlebot3_description/cmake/turtlebot3_descriptionConfig-version.cmake
[1.092s] -- Symlinking: /home/pranav/turtle_test/install/turtlebot3_description/share/turtlebot3_description/package.xml
[1.101s] Invoked command in '/home/pranav/turtle_test/build/turtlebot3_description' returned '0': CMAKE_PREFIX_PATH=/opt/ros/humble /usr/bin/cmake --install /home/pranav/turtle_test/build/turtlebot3_description
