[0.389s] Invoking command in '/home/pranav/turtle_test/build/grazen_system': CMAKE_PREFIX_PATH=/home/pranav/turtle_test/install/turtlebot3_navigation2:/home/pranav/turtle_test/install/turtlebot3_gazebo:/home/pranav/turtle_test/install/turtlebot3_cartographer:/home/pranav/turtle_test/install/explore_lite:/home/pranav/turtle_test/install/aws_robomaker_small_warehouse_world:/home/pranav/turtle_test/install/turtlebot3:/home/pranav/turtle_test/install/turtlebot3_simulations:/home/pranav/turtle_test/install/turtlebot3_bringup:/home/pranav/turtle_test/install/turtlebot3_node:/home/pranav/turtle_test/install/turtlebot3_fake_node:/home/pranav/turtle_test/install/turtlebot3_msgs:/home/pranav/turtle_test/install/turtlebot3_manipulation_gazebo:/home/pranav/turtle_test/install/turtlebot3_description:/home/pranav/turtle_test/install/multirobot_map_merge:/home/pranav/turtle_test/install/dynamixel_sdk_examples:/home/pranav/turtle_test/install/dynamixel_sdk_custom_interfaces:/home/pranav/turtle_test/install/dynamixel_sdk PYTHONPATH=/home/pranav/turtle_test/build/grazen_system/prefix_override:/usr/lib/python3/dist-packages/colcon_core/task/python/colcon_distutils_commands:/home/pranav/turtle_test/install/grazen_system/lib/python3.10/site-packages:${PYTHONPATH} /usr/bin/python3 -W ignore:setup.py install is deprecated -W ignore:easy_install command is deprecated setup.py develop --uninstall --editable --build-directory /home/pranav/turtle_test/build/grazen_system/build
[0.548s] running develop
[0.643s] Removing /home/pranav/turtle_test/install/grazen_system/lib/python3.10/site-packages/grazen-system.egg-link (link to .)
[0.659s] Invoked command in '/home/pranav/turtle_test/build/grazen_system' returned '0': CMAKE_PREFIX_PATH=/home/pranav/turtle_test/install/turtlebot3_navigation2:/home/pranav/turtle_test/install/turtlebot3_gazebo:/home/pranav/turtle_test/install/turtlebot3_cartographer:/home/pranav/turtle_test/install/explore_lite:/home/pranav/turtle_test/install/aws_robomaker_small_warehouse_world:/home/pranav/turtle_test/install/turtlebot3:/home/pranav/turtle_test/install/turtlebot3_simulations:/home/pranav/turtle_test/install/turtlebot3_bringup:/home/pranav/turtle_test/install/turtlebot3_node:/home/pranav/turtle_test/install/turtlebot3_fake_node:/home/pranav/turtle_test/install/turtlebot3_msgs:/home/pranav/turtle_test/install/turtlebot3_manipulation_gazebo:/home/pranav/turtle_test/install/turtlebot3_description:/home/pranav/turtle_test/install/multirobot_map_merge:/home/pranav/turtle_test/install/dynamixel_sdk_examples:/home/pranav/turtle_test/install/dynamixel_sdk_custom_interfaces:/home/pranav/turtle_test/install/dynamixel_sdk PYTHONPATH=/home/pranav/turtle_test/build/grazen_system/prefix_override:/usr/lib/python3/dist-packages/colcon_core/task/python/colcon_distutils_commands:/home/pranav/turtle_test/install/grazen_system/lib/python3.10/site-packages:${PYTHONPATH} /usr/bin/python3 -W ignore:setup.py install is deprecated -W ignore:easy_install command is deprecated setup.py develop --uninstall --editable --build-directory /home/pranav/turtle_test/build/grazen_system/build
[0.660s] Invoking command in '/home/pranav/turtle_test/src/grazen_system': CMAKE_PREFIX_PATH=/home/pranav/turtle_test/install/turtlebot3_navigation2:/home/pranav/turtle_test/install/turtlebot3_gazebo:/home/pranav/turtle_test/install/turtlebot3_cartographer:/home/pranav/turtle_test/install/explore_lite:/home/pranav/turtle_test/install/aws_robomaker_small_warehouse_world:/home/pranav/turtle_test/install/turtlebot3:/home/pranav/turtle_test/install/turtlebot3_simulations:/home/pranav/turtle_test/install/turtlebot3_bringup:/home/pranav/turtle_test/install/turtlebot3_node:/home/pranav/turtle_test/install/turtlebot3_fake_node:/home/pranav/turtle_test/install/turtlebot3_msgs:/home/pranav/turtle_test/install/turtlebot3_manipulation_gazebo:/home/pranav/turtle_test/install/turtlebot3_description:/home/pranav/turtle_test/install/multirobot_map_merge:/home/pranav/turtle_test/install/dynamixel_sdk_examples:/home/pranav/turtle_test/install/dynamixel_sdk_custom_interfaces:/home/pranav/turtle_test/install/dynamixel_sdk PYTHONPATH=/home/pranav/turtle_test/build/grazen_system/prefix_override:/usr/lib/python3/dist-packages/colcon_core/task/python/colcon_distutils_commands:/home/pranav/turtle_test/install/grazen_system/lib/python3.10/site-packages:${PYTHONPATH} /usr/bin/python3 -W ignore:setup.py install is deprecated -W ignore:easy_install command is deprecated setup.py egg_info --egg-base ../../build/grazen_system build --build-base /home/pranav/turtle_test/build/grazen_system/build install --record /home/pranav/turtle_test/build/grazen_system/install.log --single-version-externally-managed install_data --force
[0.807s] running egg_info
[0.807s] writing ../../build/grazen_system/grazen_system.egg-info/PKG-INFO
[0.807s] writing dependency_links to ../../build/grazen_system/grazen_system.egg-info/dependency_links.txt
[0.807s] writing entry points to ../../build/grazen_system/grazen_system.egg-info/entry_points.txt
[0.807s] writing requirements to ../../build/grazen_system/grazen_system.egg-info/requires.txt
[0.807s] writing top-level names to ../../build/grazen_system/grazen_system.egg-info/top_level.txt
[0.809s] reading manifest file '../../build/grazen_system/grazen_system.egg-info/SOURCES.txt'
[0.809s] writing manifest file '../../build/grazen_system/grazen_system.egg-info/SOURCES.txt'
[0.809s] running build
[0.810s] running build_py
[0.810s] creating /home/pranav/turtle_test/build/grazen_system/build
[0.810s] creating /home/pranav/turtle_test/build/grazen_system/build/lib
[0.810s] creating /home/pranav/turtle_test/build/grazen_system/build/lib/grazen_system
[0.810s] copying grazen_system/__init__.py -> /home/pranav/turtle_test/build/grazen_system/build/lib/grazen_system
[0.810s] copying grazen_system/manual_mapper.py -> /home/pranav/turtle_test/build/grazen_system/build/lib/grazen_system
[0.810s] copying grazen_system/mission_manager.py -> /home/pranav/turtle_test/build/grazen_system/build/lib/grazen_system
[0.810s] running install
[0.810s] running install_lib
[0.810s] creating /home/pranav/turtle_test/install/grazen_system/lib/python3.10/site-packages/grazen_system
[0.810s] copying /home/pranav/turtle_test/build/grazen_system/build/lib/grazen_system/__init__.py -> /home/pranav/turtle_test/install/grazen_system/lib/python3.10/site-packages/grazen_system
[0.810s] copying /home/pranav/turtle_test/build/grazen_system/build/lib/grazen_system/manual_mapper.py -> /home/pranav/turtle_test/install/grazen_system/lib/python3.10/site-packages/grazen_system
[0.810s] copying /home/pranav/turtle_test/build/grazen_system/build/lib/grazen_system/mission_manager.py -> /home/pranav/turtle_test/install/grazen_system/lib/python3.10/site-packages/grazen_system
[0.811s] byte-compiling /home/pranav/turtle_test/install/grazen_system/lib/python3.10/site-packages/grazen_system/__init__.py to __init__.cpython-310.pyc
[0.811s] byte-compiling /home/pranav/turtle_test/install/grazen_system/lib/python3.10/site-packages/grazen_system/manual_mapper.py to manual_mapper.cpython-310.pyc
[0.812s] byte-compiling /home/pranav/turtle_test/install/grazen_system/lib/python3.10/site-packages/grazen_system/mission_manager.py to mission_manager.cpython-310.pyc
[0.812s] running install_data
[0.812s] copying resource/grazen_system -> /home/pranav/turtle_test/install/grazen_system/share/ament_index/resource_index/packages
[0.812s] copying package.xml -> /home/pranav/turtle_test/install/grazen_system/share/grazen_system
[0.812s] copying config/explore_params.yaml -> /home/pranav/turtle_test/install/grazen_system/share/grazen_system/config
[0.812s] copying config/waypoints.txt -> /home/pranav/turtle_test/install/grazen_system/share/grazen_system/config
[0.812s] copying config/grazen_params.yaml -> /home/pranav/turtle_test/install/grazen_system/share/grazen_system/config
[0.812s] copying config/slam_params.yaml -> /home/pranav/turtle_test/install/grazen_system/share/grazen_system/config
[0.813s] copying config/system_config.yaml -> /home/pranav/turtle_test/install/grazen_system/share/grazen_system/config
[0.813s] copying launch/system.launch.py -> /home/pranav/turtle_test/install/grazen_system/share/grazen_system/launch
[0.813s] running install_egg_info
[0.813s] Copying ../../build/grazen_system/grazen_system.egg-info to /home/pranav/turtle_test/install/grazen_system/lib/python3.10/site-packages/grazen_system-0.0.0-py3.10.egg-info
[0.814s] running install_scripts
[0.826s] Installing manual_mapper script to /home/pranav/turtle_test/install/grazen_system/lib/grazen_system
[0.826s] Installing mission_manager script to /home/pranav/turtle_test/install/grazen_system/lib/grazen_system
[0.826s] writing list of installed files to '/home/pranav/turtle_test/build/grazen_system/install.log'
[0.843s] Invoked command in '/home/pranav/turtle_test/src/grazen_system' returned '0': CMAKE_PREFIX_PATH=/home/pranav/turtle_test/install/turtlebot3_navigation2:/home/pranav/turtle_test/install/turtlebot3_gazebo:/home/pranav/turtle_test/install/turtlebot3_cartographer:/home/pranav/turtle_test/install/explore_lite:/home/pranav/turtle_test/install/aws_robomaker_small_warehouse_world:/home/pranav/turtle_test/install/turtlebot3:/home/pranav/turtle_test/install/turtlebot3_simulations:/home/pranav/turtle_test/install/turtlebot3_bringup:/home/pranav/turtle_test/install/turtlebot3_node:/home/pranav/turtle_test/install/turtlebot3_fake_node:/home/pranav/turtle_test/install/turtlebot3_msgs:/home/pranav/turtle_test/install/turtlebot3_manipulation_gazebo:/home/pranav/turtle_test/install/turtlebot3_description:/home/pranav/turtle_test/install/multirobot_map_merge:/home/pranav/turtle_test/install/dynamixel_sdk_examples:/home/pranav/turtle_test/install/dynamixel_sdk_custom_interfaces:/home/pranav/turtle_test/install/dynamixel_sdk PYTHONPATH=/home/pranav/turtle_test/build/grazen_system/prefix_override:/usr/lib/python3/dist-packages/colcon_core/task/python/colcon_distutils_commands:/home/pranav/turtle_test/install/grazen_system/lib/python3.10/site-packages:${PYTHONPATH} /usr/bin/python3 -W ignore:setup.py install is deprecated -W ignore:easy_install command is deprecated setup.py egg_info --egg-base ../../build/grazen_system build --build-base /home/pranav/turtle_test/build/grazen_system/build install --record /home/pranav/turtle_test/build/grazen_system/install.log --single-version-externally-managed install_data --force
