running develop
running egg_info
creating grazen_project.egg-info
writing grazen_project.egg-info/PKG-INFO
writing dependency_links to grazen_project.egg-info/dependency_links.txt
writing entry points to grazen_project.egg-info/entry_points.txt
writing requirements to grazen_project.egg-info/requires.txt
writing top-level names to grazen_project.egg-info/top_level.txt
writing manifest file 'grazen_project.egg-info/SOURCES.txt'
reading manifest file 'grazen_project.egg-info/SOURCES.txt'
writing manifest file 'grazen_project.egg-info/SOURCES.txt'
running build_ext
Creating /home/pranav/turtle_test/install/grazen_project/lib/python3.10/site-packages/grazen-project.egg-link (link to .)
Installing file_navigator script to /home/pranav/turtle_test/install/grazen_project/lib/grazen_project
Installing moving_obstacle script to /home/pranav/turtle_test/install/grazen_project/lib/grazen_project
Installing relative_navigator script to /home/pranav/turtle_test/install/grazen_project/lib/grazen_project
Installing universal_navigator script to /home/pranav/turtle_test/install/grazen_project/lib/grazen_project
Installing waypoint_navigator script to /home/pranav/turtle_test/install/grazen_project/lib/grazen_project

Installed /home/pranav/turtle_test/build/grazen_project
running symlink_data
creating /home/pranav/turtle_test/install/grazen_project/share/ament_index
creating /home/pranav/turtle_test/install/grazen_project/share/ament_index/resource_index
creating /home/pranav/turtle_test/install/grazen_project/share/ament_index/resource_index/packages
symbolically linking /home/pranav/turtle_test/build/grazen_project/resource/grazen_project -> /home/pranav/turtle_test/install/grazen_project/share/ament_index/resource_index/packages
symbolically linking /home/pranav/turtle_test/build/grazen_project/package.xml -> /home/pranav/turtle_test/install/grazen_project/share/grazen_project
creating /home/pranav/turtle_test/install/grazen_project/share/grazen_project/launch
symbolically linking /home/pranav/turtle_test/build/grazen_project/launch/start_warehouse.launch.py -> /home/pranav/turtle_test/install/grazen_project/share/grazen_project/launch
creating /home/pranav/turtle_test/install/grazen_project/share/grazen_project/config
symbolically linking /home/pranav/turtle_test/build/grazen_project/config/nav2_params.yaml -> /home/pranav/turtle_test/install/grazen_project/share/grazen_project/config
