[1.104s] Invoking command in '/home/pranav/turtle_test/build/grazen_project': PYTHONPATH=/home/pranav/turtle_test/build/grazen_project/prefix_override:/usr/lib/python3/dist-packages/colcon_core/task/python/colcon_distutils_commands:/home/pranav/turtle_test/install/grazen_project/lib/python3.10/site-packages:${PYTHONPATH} /usr/bin/python3 -W ignore:setup.py install is deprecated -W ignore:easy_install command is deprecated setup.py develop --editable --build-directory /home/pranav/turtle_test/build/grazen_project/build --no-deps symlink_data
[1.294s] running develop
[1.409s] running egg_info
[1.409s] creating grazen_project.egg-info
[1.409s] writing grazen_project.egg-info/PKG-INFO
[1.410s] writing dependency_links to grazen_project.egg-info/dependency_links.txt
[1.410s] writing entry points to grazen_project.egg-info/entry_points.txt
[1.410s] writing requirements to grazen_project.egg-info/requires.txt
[1.410s] writing top-level names to grazen_project.egg-info/top_level.txt
[1.410s] writing manifest file 'grazen_project.egg-info/SOURCES.txt'
[1.412s] reading manifest file 'grazen_project.egg-info/SOURCES.txt'
[1.412s] writing manifest file 'grazen_project.egg-info/SOURCES.txt'
[1.413s] running build_ext
[1.413s] Creating /home/pranav/turtle_test/install/grazen_project/lib/python3.10/site-packages/grazen-project.egg-link (link to .)
[1.414s] Installing file_navigator script to /home/pranav/turtle_test/install/grazen_project/lib/grazen_project
[1.414s] Installing moving_obstacle script to /home/pranav/turtle_test/install/grazen_project/lib/grazen_project
[1.414s] Installing relative_navigator script to /home/pranav/turtle_test/install/grazen_project/lib/grazen_project
[1.414s] Installing universal_navigator script to /home/pranav/turtle_test/install/grazen_project/lib/grazen_project
[1.414s] Installing waypoint_navigator script to /home/pranav/turtle_test/install/grazen_project/lib/grazen_project
[1.414s] 
[1.414s] Installed /home/pranav/turtle_test/build/grazen_project
[1.414s] running symlink_data
[1.414s] creating /home/pranav/turtle_test/install/grazen_project/share/ament_index
[1.415s] creating /home/pranav/turtle_test/install/grazen_project/share/ament_index/resource_index
[1.415s] creating /home/pranav/turtle_test/install/grazen_project/share/ament_index/resource_index/packages
[1.415s] symbolically linking /home/pranav/turtle_test/build/grazen_project/resource/grazen_project -> /home/pranav/turtle_test/install/grazen_project/share/ament_index/resource_index/packages
[1.415s] symbolically linking /home/pranav/turtle_test/build/grazen_project/package.xml -> /home/pranav/turtle_test/install/grazen_project/share/grazen_project
[1.415s] creating /home/pranav/turtle_test/install/grazen_project/share/grazen_project/launch
[1.415s] symbolically linking /home/pranav/turtle_test/build/grazen_project/launch/start_warehouse.launch.py -> /home/pranav/turtle_test/install/grazen_project/share/grazen_project/launch
[1.415s] creating /home/pranav/turtle_test/install/grazen_project/share/grazen_project/config
[1.415s] symbolically linking /home/pranav/turtle_test/build/grazen_project/config/nav2_params.yaml -> /home/pranav/turtle_test/install/grazen_project/share/grazen_project/config
[1.447s] Invoked command in '/home/pranav/turtle_test/build/grazen_project' returned '0': PYTHONPATH=/home/pranav/turtle_test/build/grazen_project/prefix_override:/usr/lib/python3/dist-packages/colcon_core/task/python/colcon_distutils_commands:/home/pranav/turtle_test/install/grazen_project/lib/python3.10/site-packages:${PYTHONPATH} /usr/bin/python3 -W ignore:setup.py install is deprecated -W ignore:easy_install command is deprecated setup.py develop --editable --build-directory /home/pranav/turtle_test/build/grazen_project/build --no-deps symlink_data
