[0.793s] Invoking command in '/home/pranav/turtle_test/build/grazen_project': PYTHONPATH=/home/pranav/turtle_test/build/grazen_project/prefix_override:/usr/lib/python3/dist-packages/colcon_core/task/python/colcon_distutils_commands:/home/pranav/turtle_test/install/grazen_project/lib/python3.10/site-packages:${PYTHONPATH} /usr/bin/python3 -W ignore:setup.py install is deprecated -W ignore:easy_install command is deprecated setup.py develop --uninstall --editable --build-directory /home/pranav/turtle_test/build/grazen_project/build
[1.054s] running develop
[1.190s] Removing /home/pranav/turtle_test/install/grazen_project/lib/python3.10/site-packages/grazen-project.egg-link (link to .)
[1.285s] Invoked command in '/home/pranav/turtle_test/build/grazen_project' returned '0': PYTHONPATH=/home/pranav/turtle_test/build/grazen_project/prefix_override:/usr/lib/python3/dist-packages/colcon_core/task/python/colcon_distutils_commands:/home/pranav/turtle_test/install/grazen_project/lib/python3.10/site-packages:${PYTHONPATH} /usr/bin/python3 -W ignore:setup.py install is deprecated -W ignore:easy_install command is deprecated setup.py develop --uninstall --editable --build-directory /home/pranav/turtle_test/build/grazen_project/build
[1.286s] Invoking command in '/home/pranav/turtle_test/src/grazen_project': PYTHONPATH=/home/pranav/turtle_test/build/grazen_project/prefix_override:/usr/lib/python3/dist-packages/colcon_core/task/python/colcon_distutils_commands:/home/pranav/turtle_test/install/grazen_project/lib/python3.10/site-packages:${PYTHONPATH} /usr/bin/python3 -W ignore:setup.py install is deprecated -W ignore:easy_install command is deprecated setup.py egg_info --egg-base ../../build/grazen_project build --build-base /home/pranav/turtle_test/build/grazen_project/build install --record /home/pranav/turtle_test/build/grazen_project/install.log --single-version-externally-managed install_data --force
[1.481s] running egg_info
[1.481s] writing ../../build/grazen_project/grazen_project.egg-info/PKG-INFO
[1.481s] writing dependency_links to ../../build/grazen_project/grazen_project.egg-info/dependency_links.txt
[1.481s] writing entry points to ../../build/grazen_project/grazen_project.egg-info/entry_points.txt
[1.481s] writing requirements to ../../build/grazen_project/grazen_project.egg-info/requires.txt
[1.481s] writing top-level names to ../../build/grazen_project/grazen_project.egg-info/top_level.txt
[1.483s] reading manifest file '../../build/grazen_project/grazen_project.egg-info/SOURCES.txt'
[1.483s] writing manifest file '../../build/grazen_project/grazen_project.egg-info/SOURCES.txt'
[1.483s] running build
[1.483s] running build_py
[1.484s] creating /home/pranav/turtle_test/build/grazen_project/build
[1.484s] creating /home/pranav/turtle_test/build/grazen_project/build/lib
[1.484s] creating /home/pranav/turtle_test/build/grazen_project/build/lib/grazen_project
[1.484s] copying grazen_project/moving_obstacle.py -> /home/pranav/turtle_test/build/grazen_project/build/lib/grazen_project
[1.484s] copying grazen_project/waypoint_navigator.py -> /home/pranav/turtle_test/build/grazen_project/build/lib/grazen_project
[1.484s] copying grazen_project/__init__.py -> /home/pranav/turtle_test/build/grazen_project/build/lib/grazen_project
[1.484s] copying grazen_project/file_navigator.py -> /home/pranav/turtle_test/build/grazen_project/build/lib/grazen_project
[1.484s] copying grazen_project/universal_navigator.py -> /home/pranav/turtle_test/build/grazen_project/build/lib/grazen_project
[1.484s] copying grazen_project/relative_navigator.py -> /home/pranav/turtle_test/build/grazen_project/build/lib/grazen_project
[1.484s] running install
[1.484s] running install_lib
[1.484s] creating /home/pranav/turtle_test/install/grazen_project/lib/python3.10/site-packages/grazen_project
[1.485s] copying /home/pranav/turtle_test/build/grazen_project/build/lib/grazen_project/moving_obstacle.py -> /home/pranav/turtle_test/install/grazen_project/lib/python3.10/site-packages/grazen_project
[1.485s] copying /home/pranav/turtle_test/build/grazen_project/build/lib/grazen_project/waypoint_navigator.py -> /home/pranav/turtle_test/install/grazen_project/lib/python3.10/site-packages/grazen_project
[1.485s] copying /home/pranav/turtle_test/build/grazen_project/build/lib/grazen_project/__init__.py -> /home/pranav/turtle_test/install/grazen_project/lib/python3.10/site-packages/grazen_project
[1.485s] copying /home/pranav/turtle_test/build/grazen_project/build/lib/grazen_project/file_navigator.py -> /home/pranav/turtle_test/install/grazen_project/lib/python3.10/site-packages/grazen_project
[1.485s] copying /home/pranav/turtle_test/build/grazen_project/build/lib/grazen_project/universal_navigator.py -> /home/pranav/turtle_test/install/grazen_project/lib/python3.10/site-packages/grazen_project
[1.485s] copying /home/pranav/turtle_test/build/grazen_project/build/lib/grazen_project/relative_navigator.py -> /home/pranav/turtle_test/install/grazen_project/lib/python3.10/site-packages/grazen_project
[1.485s] byte-compiling /home/pranav/turtle_test/install/grazen_project/lib/python3.10/site-packages/grazen_project/moving_obstacle.py to moving_obstacle.cpython-310.pyc
[1.485s] byte-compiling /home/pranav/turtle_test/install/grazen_project/lib/python3.10/site-packages/grazen_project/waypoint_navigator.py to waypoint_navigator.cpython-310.pyc
[1.486s] byte-compiling /home/pranav/turtle_test/install/grazen_project/lib/python3.10/site-packages/grazen_project/__init__.py to __init__.cpython-310.pyc
[1.486s] byte-compiling /home/pranav/turtle_test/install/grazen_project/lib/python3.10/site-packages/grazen_project/file_navigator.py to file_navigator.cpython-310.pyc
[1.487s] byte-compiling /home/pranav/turtle_test/install/grazen_project/lib/python3.10/site-packages/grazen_project/universal_navigator.py to universal_navigator.cpython-310.pyc
[1.488s] byte-compiling /home/pranav/turtle_test/install/grazen_project/lib/python3.10/site-packages/grazen_project/relative_navigator.py to relative_navigator.cpython-310.pyc
[1.488s] running install_data
[1.488s] copying resource/grazen_project -> /home/pranav/turtle_test/install/grazen_project/share/ament_index/resource_index/packages
[1.489s] copying package.xml -> /home/pranav/turtle_test/install/grazen_project/share/grazen_project
[1.489s] copying launch/start_warehouse.launch.py -> /home/pranav/turtle_test/install/grazen_project/share/grazen_project/launch
[1.489s] copying config/nav2_params.yaml -> /home/pranav/turtle_test/install/grazen_project/share/grazen_project/config
[1.489s] running install_egg_info
[1.490s] Copying ../../build/grazen_project/grazen_project.egg-info to /home/pranav/turtle_test/install/grazen_project/lib/python3.10/site-packages/grazen_project-0.0.0-py3.10.egg-info
[1.490s] running install_scripts
[1.505s] Installing file_navigator script to /home/pranav/turtle_test/install/grazen_project/lib/grazen_project
[1.505s] Installing moving_obstacle script to /home/pranav/turtle_test/install/grazen_project/lib/grazen_project
[1.505s] Installing relative_navigator script to /home/pranav/turtle_test/install/grazen_project/lib/grazen_project
[1.505s] Installing universal_navigator script to /home/pranav/turtle_test/install/grazen_project/lib/grazen_project
[1.505s] Installing waypoint_navigator script to /home/pranav/turtle_test/install/grazen_project/lib/grazen_project
[1.505s] writing list of installed files to '/home/pranav/turtle_test/build/grazen_project/install.log'
[1.524s] Invoked command in '/home/pranav/turtle_test/src/grazen_project' returned '0': PYTHONPATH=/home/pranav/turtle_test/build/grazen_project/prefix_override:/usr/lib/python3/dist-packages/colcon_core/task/python/colcon_distutils_commands:/home/pranav/turtle_test/install/grazen_project/lib/python3.10/site-packages:${PYTHONPATH} /usr/bin/python3 -W ignore:setup.py install is deprecated -W ignore:easy_install command is deprecated setup.py egg_info --egg-base ../../build/grazen_project build --build-base /home/pranav/turtle_test/build/grazen_project/build install --record /home/pranav/turtle_test/build/grazen_project/install.log --single-version-externally-managed install_data --force
