[0.352s] Invoking command in '/home/pranav/turtle_test/build/dynamixel_sdk_examples': AMENT_PREFIX_PATH=/home/pranav/turtle_test/install/dynamixel_sdk_custom_interfaces:/home/pranav/turtle_test/install/dynamixel_sdk:${AMENT_PREFIX_PATH} CMAKE_PREFIX_PATH=/home/pranav/turtle_test/install/dynamixel_sdk_custom_interfaces:/home/pranav/turtle_test/install/dynamixel_sdk:/opt/ros/humble LD_LIBRARY_PATH=/home/pranav/turtle_test/install/dynamixel_sdk_custom_interfaces/lib:/home/pranav/turtle_test/install/dynamixel_sdk/lib:/usr/lib/x86_64-linux-gnu/gazebo-11/plugins:/opt/ros/humble/opt/rviz_ogre_vendor/lib:/opt/ros/humble/lib/x86_64-linux-gnu:/opt/ros/humble/lib:/usr/lib/x86_64-linux-gnu/gazebo-11/plugins:/home/pranav/hsl-install/lib PYTHONPATH=/home/pranav/turtle_test/install/dynamixel_sdk_custom_interfaces/local/lib/python3.10/dist-packages:/home/pranav/turtle_test/install/dynamixel_sdk/local/lib/python3.10/dist-packages:${PYTHONPATH} /usr/bin/cmake --build /home/pranav/turtle_test/build/dynamixel_sdk_examples -- -j20 -l20
[0.386s] [35m[1mConsolidate compiler generated dependencies of target read_write_node[0m
[0.402s] [100%] Built target read_write_node
[0.411s] Invoked command in '/home/pranav/turtle_test/build/dynamixel_sdk_examples' returned '0': AMENT_PREFIX_PATH=/home/pranav/turtle_test/install/dynamixel_sdk_custom_interfaces:/home/pranav/turtle_test/install/dynamixel_sdk:${AMENT_PREFIX_PATH} CMAKE_PREFIX_PATH=/home/pranav/turtle_test/install/dynamixel_sdk_custom_interfaces:/home/pranav/turtle_test/install/dynamixel_sdk:/opt/ros/humble LD_LIBRARY_PATH=/home/pranav/turtle_test/install/dynamixel_sdk_custom_interfaces/lib:/home/pranav/turtle_test/install/dynamixel_sdk/lib:/usr/lib/x86_64-linux-gnu/gazebo-11/plugins:/opt/ros/humble/opt/rviz_ogre_vendor/lib:/opt/ros/humble/lib/x86_64-linux-gnu:/opt/ros/humble/lib:/usr/lib/x86_64-linux-gnu/gazebo-11/plugins:/home/pranav/hsl-install/lib PYTHONPATH=/home/pranav/turtle_test/install/dynamixel_sdk_custom_interfaces/local/lib/python3.10/dist-packages:/home/pranav/turtle_test/install/dynamixel_sdk/local/lib/python3.10/dist-packages:${PYTHONPATH} /usr/bin/cmake --build /home/pranav/turtle_test/build/dynamixel_sdk_examples -- -j20 -l20
[0.413s] Invoking command in '/home/pranav/turtle_test/build/dynamixel_sdk_examples': AMENT_PREFIX_PATH=/home/pranav/turtle_test/install/dynamixel_sdk_custom_interfaces:/home/pranav/turtle_test/install/dynamixel_sdk:${AMENT_PREFIX_PATH} CMAKE_PREFIX_PATH=/home/pranav/turtle_test/install/dynamixel_sdk_custom_interfaces:/home/pranav/turtle_test/install/dynamixel_sdk:/opt/ros/humble LD_LIBRARY_PATH=/home/pranav/turtle_test/install/dynamixel_sdk_custom_interfaces/lib:/home/pranav/turtle_test/install/dynamixel_sdk/lib:/usr/lib/x86_64-linux-gnu/gazebo-11/plugins:/opt/ros/humble/opt/rviz_ogre_vendor/lib:/opt/ros/humble/lib/x86_64-linux-gnu:/opt/ros/humble/lib:/usr/lib/x86_64-linux-gnu/gazebo-11/plugins:/home/pranav/hsl-install/lib PYTHONPATH=/home/pranav/turtle_test/install/dynamixel_sdk_custom_interfaces/local/lib/python3.10/dist-packages:/home/pranav/turtle_test/install/dynamixel_sdk/local/lib/python3.10/dist-packages:${PYTHONPATH} /usr/bin/cmake --install /home/pranav/turtle_test/build/dynamixel_sdk_examples
[0.419s] -- Install configuration: ""
[0.420s] -- Execute custom install script
[0.420s] -- Up-to-date symlink: /home/pranav/turtle_test/install/dynamixel_sdk_examples/lib/dynamixel_sdk_examples/read_write_node
[0.420s] -- Up-to-date symlink: /home/pranav/turtle_test/install/dynamixel_sdk_examples/lib/dynamixel_sdk_examples/read_write_node.py
[0.420s] -- Up-to-date symlink: /home/pranav/turtle_test/install/dynamixel_sdk_examples/share/ament_index/resource_index/package_run_dependencies/dynamixel_sdk_examples
[0.420s] -- Up-to-date symlink: /home/pranav/turtle_test/install/dynamixel_sdk_examples/share/ament_index/resource_index/parent_prefix_path/dynamixel_sdk_examples
[0.420s] -- Up-to-date symlink: /home/pranav/turtle_test/install/dynamixel_sdk_examples/share/dynamixel_sdk_examples/environment/ament_prefix_path.sh
[0.420s] -- Up-to-date symlink: /home/pranav/turtle_test/install/dynamixel_sdk_examples/share/dynamixel_sdk_examples/environment/ament_prefix_path.dsv
[0.420s] -- Up-to-date symlink: /home/pranav/turtle_test/install/dynamixel_sdk_examples/share/dynamixel_sdk_examples/environment/path.sh
[0.420s] -- Up-to-date symlink: /home/pranav/turtle_test/install/dynamixel_sdk_examples/share/dynamixel_sdk_examples/environment/path.dsv
[0.420s] -- Up-to-date symlink: /home/pranav/turtle_test/install/dynamixel_sdk_examples/share/dynamixel_sdk_examples/local_setup.bash
[0.420s] -- Up-to-date symlink: /home/pranav/turtle_test/install/dynamixel_sdk_examples/share/dynamixel_sdk_examples/local_setup.sh
[0.420s] -- Up-to-date symlink: /home/pranav/turtle_test/install/dynamixel_sdk_examples/share/dynamixel_sdk_examples/local_setup.zsh
[0.420s] -- Up-to-date symlink: /home/pranav/turtle_test/install/dynamixel_sdk_examples/share/dynamixel_sdk_examples/local_setup.dsv
[0.420s] -- Symlinking: /home/pranav/turtle_test/install/dynamixel_sdk_examples/share/dynamixel_sdk_examples/package.dsv
[0.433s] -- Up-to-date symlink: /home/pranav/turtle_test/install/dynamixel_sdk_examples/share/ament_index/resource_index/packages/dynamixel_sdk_examples
[0.433s] -- Up-to-date symlink: /home/pranav/turtle_test/install/dynamixel_sdk_examples/share/dynamixel_sdk_examples/cmake/dynamixel_sdk_examplesConfig.cmake
[0.433s] -- Up-to-date symlink: /home/pranav/turtle_test/install/dynamixel_sdk_examples/share/dynamixel_sdk_examples/cmake/dynamixel_sdk_examplesConfig-version.cmake
[0.433s] -- Up-to-date symlink: /home/pranav/turtle_test/install/dynamixel_sdk_examples/share/dynamixel_sdk_examples/package.xml
[0.455s] Invoked command in '/home/pranav/turtle_test/build/dynamixel_sdk_examples' returned '0': AMENT_PREFIX_PATH=/home/pranav/turtle_test/install/dynamixel_sdk_custom_interfaces:/home/pranav/turtle_test/install/dynamixel_sdk:${AMENT_PREFIX_PATH} CMAKE_PREFIX_PATH=/home/pranav/turtle_test/install/dynamixel_sdk_custom_interfaces:/home/pranav/turtle_test/install/dynamixel_sdk:/opt/ros/humble LD_LIBRARY_PATH=/home/pranav/turtle_test/install/dynamixel_sdk_custom_interfaces/lib:/home/pranav/turtle_test/install/dynamixel_sdk/lib:/usr/lib/x86_64-linux-gnu/gazebo-11/plugins:/opt/ros/humble/opt/rviz_ogre_vendor/lib:/opt/ros/humble/lib/x86_64-linux-gnu:/opt/ros/humble/lib:/usr/lib/x86_64-linux-gnu/gazebo-11/plugins:/home/pranav/hsl-install/lib PYTHONPATH=/home/pranav/turtle_test/install/dynamixel_sdk_custom_interfaces/local/lib/python3.10/dist-packages:/home/pranav/turtle_test/install/dynamixel_sdk/local/lib/python3.10/dist-packages:${PYTHONPATH} /usr/bin/cmake --install /home/pranav/turtle_test/build/dynamixel_sdk_examples
