[0.010s] Invoking command in '/home/pranav/turtle_test/build/turtlebot3_node': AMENT_PREFIX_PATH=/home/pranav/turtle_test/install/turtlebot3_msgs:/home/pranav/turtle_test/install/dynamixel_sdk:${AMENT_PREFIX_PATH} CMAKE_PREFIX_PATH=/home/pranav/turtle_test/install/turtlebot3_msgs:/home/pranav/turtle_test/install/dynamixel_sdk:/opt/ros/humble LD_LIBRARY_PATH=/home/pranav/turtle_test/install/turtlebot3_msgs/lib:/home/pranav/turtle_test/install/dynamixel_sdk/lib:/usr/lib/x86_64-linux-gnu/gazebo-11/plugins:/opt/ros/humble/opt/rviz_ogre_vendor/lib:/opt/ros/humble/lib/x86_64-linux-gnu:/opt/ros/humble/lib:/usr/lib/x86_64-linux-gnu/gazebo-11/plugins:/home/pranav/hsl-install/lib PYTHONPATH=/home/pranav/turtle_test/install/turtlebot3_msgs/local/lib/python3.10/dist-packages:/home/pranav/turtle_test/install/dynamixel_sdk/local/lib/python3.10/dist-packages:${PYTHONPATH} /usr/bin/cmake /home/pranav/turtle_test/src/turtlebot3/turtlebot3_node -DCMAKE_INSTALL_PREFIX=/home/pranav/turtle_test/install/turtlebot3_node
[0.206s] -- Found ament_cmake: 1.3.12 (/opt/ros/humble/share/ament_cmake/cmake)
[0.207s] -- Override CMake install command with custom implementation using symlinks instead of copying resources
[0.207s] -- Found dynamixel_sdk: 3.8.4 (/home/pranav/turtle_test/install/dynamixel_sdk/share/dynamixel_sdk/cmake)
[0.207s] -- Found geometry_msgs: 4.9.0 (/opt/ros/humble/share/geometry_msgs/cmake)
[0.207s] -- Found rosidl_generator_c: 3.1.7 (/opt/ros/humble/share/rosidl_generator_c/cmake)
[0.207s] -- Found rosidl_adapter: 3.1.7 (/opt/ros/humble/share/rosidl_adapter/cmake)
[0.207s] -- Found rosidl_generator_cpp: 3.1.7 (/opt/ros/humble/share/rosidl_generator_cpp/cmake)
[0.207s] -- Using all available rosidl_typesupport_c: rosidl_typesupport_fastrtps_c;rosidl_typesupport_introspection_c
[0.208s] -- Using all available rosidl_typesupport_cpp: rosidl_typesupport_fastrtps_cpp;rosidl_typesupport_introspection_cpp
[0.208s] -- Found message_filters: 4.3.11 (/opt/ros/humble/share/message_filters/cmake)
[0.211s] -- Found rmw_implementation_cmake: 6.1.2 (/opt/ros/humble/share/rmw_implementation_cmake/cmake)
[0.211s] -- Found rmw_fastrtps_cpp: 6.2.9 (/opt/ros/humble/share/rmw_fastrtps_cpp/cmake)
[0.289s] -- Using RMW implementation 'rmw_fastrtps_cpp' as default
[0.317s] -- Found nav_msgs: 4.9.0 (/opt/ros/humble/share/nav_msgs/cmake)
[0.328s] -- Found sensor_msgs: 4.9.0 (/opt/ros/humble/share/sensor_msgs/cmake)
[0.340s] -- Found std_srvs: 4.9.0 (/opt/ros/humble/share/std_srvs/cmake)
[0.346s] -- Found tf2: 0.25.16 (/opt/ros/humble/share/tf2/cmake)
[0.349s] -- Found tf2_ros: 0.25.16 (/opt/ros/humble/share/tf2_ros/cmake)
[0.403s] -- Found turtlebot3_msgs: 2.4.0 (/home/pranav/turtle_test/install/turtlebot3_msgs/share/turtlebot3_msgs/cmake)
[0.481s] -- Configuring done
[0.493s] -- Generating done
[0.497s] -- Build files have been written to: /home/pranav/turtle_test/build/turtlebot3_node
[0.504s] Invoked command in '/home/pranav/turtle_test/build/turtlebot3_node' returned '0': AMENT_PREFIX_PATH=/home/pranav/turtle_test/install/turtlebot3_msgs:/home/pranav/turtle_test/install/dynamixel_sdk:${AMENT_PREFIX_PATH} CMAKE_PREFIX_PATH=/home/pranav/turtle_test/install/turtlebot3_msgs:/home/pranav/turtle_test/install/dynamixel_sdk:/opt/ros/humble LD_LIBRARY_PATH=/home/pranav/turtle_test/install/turtlebot3_msgs/lib:/home/pranav/turtle_test/install/dynamixel_sdk/lib:/usr/lib/x86_64-linux-gnu/gazebo-11/plugins:/opt/ros/humble/opt/rviz_ogre_vendor/lib:/opt/ros/humble/lib/x86_64-linux-gnu:/opt/ros/humble/lib:/usr/lib/x86_64-linux-gnu/gazebo-11/plugins:/home/pranav/hsl-install/lib PYTHONPATH=/home/pranav/turtle_test/install/turtlebot3_msgs/local/lib/python3.10/dist-packages:/home/pranav/turtle_test/install/dynamixel_sdk/local/lib/python3.10/dist-packages:${PYTHONPATH} /usr/bin/cmake /home/pranav/turtle_test/src/turtlebot3/turtlebot3_node -DCMAKE_INSTALL_PREFIX=/home/pranav/turtle_test/install/turtlebot3_node
[0.505s] Invoking command in '/home/pranav/turtle_test/build/turtlebot3_node': AMENT_PREFIX_PATH=/home/pranav/turtle_test/install/turtlebot3_msgs:/home/pranav/turtle_test/install/dynamixel_sdk:${AMENT_PREFIX_PATH} CMAKE_PREFIX_PATH=/home/pranav/turtle_test/install/turtlebot3_msgs:/home/pranav/turtle_test/install/dynamixel_sdk:/opt/ros/humble LD_LIBRARY_PATH=/home/pranav/turtle_test/install/turtlebot3_msgs/lib:/home/pranav/turtle_test/install/dynamixel_sdk/lib:/usr/lib/x86_64-linux-gnu/gazebo-11/plugins:/opt/ros/humble/opt/rviz_ogre_vendor/lib:/opt/ros/humble/lib/x86_64-linux-gnu:/opt/ros/humble/lib:/usr/lib/x86_64-linux-gnu/gazebo-11/plugins:/home/pranav/hsl-install/lib PYTHONPATH=/home/pranav/turtle_test/install/turtlebot3_msgs/local/lib/python3.10/dist-packages:/home/pranav/turtle_test/install/dynamixel_sdk/local/lib/python3.10/dist-packages:${PYTHONPATH} /usr/bin/cmake --build /home/pranav/turtle_test/build/turtlebot3_node -- -j20 -l20
[0.546s] [35m[1mConsolidate compiler generated dependencies of target turtlebot3_node_lib[0m
[0.578s] [ 85%] Built target turtlebot3_node_lib
[0.587s] [35m[1mConsolidate compiler generated dependencies of target turtlebot3_ros[0m
[0.602s] [100%] Built target turtlebot3_ros
[0.612s] Invoked command in '/home/pranav/turtle_test/build/turtlebot3_node' returned '0': AMENT_PREFIX_PATH=/home/pranav/turtle_test/install/turtlebot3_msgs:/home/pranav/turtle_test/install/dynamixel_sdk:${AMENT_PREFIX_PATH} CMAKE_PREFIX_PATH=/home/pranav/turtle_test/install/turtlebot3_msgs:/home/pranav/turtle_test/install/dynamixel_sdk:/opt/ros/humble LD_LIBRARY_PATH=/home/pranav/turtle_test/install/turtlebot3_msgs/lib:/home/pranav/turtle_test/install/dynamixel_sdk/lib:/usr/lib/x86_64-linux-gnu/gazebo-11/plugins:/opt/ros/humble/opt/rviz_ogre_vendor/lib:/opt/ros/humble/lib/x86_64-linux-gnu:/opt/ros/humble/lib:/usr/lib/x86_64-linux-gnu/gazebo-11/plugins:/home/pranav/hsl-install/lib PYTHONPATH=/home/pranav/turtle_test/install/turtlebot3_msgs/local/lib/python3.10/dist-packages:/home/pranav/turtle_test/install/dynamixel_sdk/local/lib/python3.10/dist-packages:${PYTHONPATH} /usr/bin/cmake --build /home/pranav/turtle_test/build/turtlebot3_node -- -j20 -l20
[0.613s] Invoking command in '/home/pranav/turtle_test/build/turtlebot3_node': AMENT_PREFIX_PATH=/home/pranav/turtle_test/install/turtlebot3_msgs:/home/pranav/turtle_test/install/dynamixel_sdk:${AMENT_PREFIX_PATH} CMAKE_PREFIX_PATH=/home/pranav/turtle_test/install/turtlebot3_msgs:/home/pranav/turtle_test/install/dynamixel_sdk:/opt/ros/humble LD_LIBRARY_PATH=/home/pranav/turtle_test/install/turtlebot3_msgs/lib:/home/pranav/turtle_test/install/dynamixel_sdk/lib:/usr/lib/x86_64-linux-gnu/gazebo-11/plugins:/opt/ros/humble/opt/rviz_ogre_vendor/lib:/opt/ros/humble/lib/x86_64-linux-gnu:/opt/ros/humble/lib:/usr/lib/x86_64-linux-gnu/gazebo-11/plugins:/home/pranav/hsl-install/lib PYTHONPATH=/home/pranav/turtle_test/install/turtlebot3_msgs/local/lib/python3.10/dist-packages:/home/pranav/turtle_test/install/dynamixel_sdk/local/lib/python3.10/dist-packages:${PYTHONPATH} /usr/bin/cmake --install /home/pranav/turtle_test/build/turtlebot3_node
[0.620s] -- Install configuration: ""
[0.620s] -- Execute custom install script
[0.620s] -- Up-to-date symlink: /home/pranav/turtle_test/install/turtlebot3_node/share/turtlebot3_node/param/burger.yaml
[0.620s] -- Up-to-date symlink: /home/pranav/turtle_test/install/turtlebot3_node/share/turtlebot3_node/param/waffle.yaml
[0.621s] -- Up-to-date symlink: /home/pranav/turtle_test/install/turtlebot3_node/share/turtlebot3_node/param/waffle_pi.yaml
[0.621s] -- Up-to-date symlink: /home/pranav/turtle_test/install/turtlebot3_node/lib/turtlebot3_node/turtlebot3_ros
[0.621s] -- Up-to-date symlink: /home/pranav/turtle_test/install/turtlebot3_node/share/ament_index/resource_index/package_run_dependencies/turtlebot3_node
[0.621s] -- Up-to-date symlink: /home/pranav/turtle_test/install/turtlebot3_node/share/ament_index/resource_index/parent_prefix_path/turtlebot3_node
[0.621s] -- Up-to-date symlink: /home/pranav/turtle_test/install/turtlebot3_node/share/turtlebot3_node/environment/ament_prefix_path.sh
[0.621s] -- Up-to-date symlink: /home/pranav/turtle_test/install/turtlebot3_node/share/turtlebot3_node/environment/ament_prefix_path.dsv
[0.622s] -- Up-to-date symlink: /home/pranav/turtle_test/install/turtlebot3_node/share/turtlebot3_node/environment/path.sh
[0.622s] -- Up-to-date symlink: /home/pranav/turtle_test/install/turtlebot3_node/share/turtlebot3_node/environment/path.dsv
[0.622s] -- Up-to-date symlink: /home/pranav/turtle_test/install/turtlebot3_node/share/turtlebot3_node/local_setup.bash
[0.622s] -- Up-to-date symlink: /home/pranav/turtle_test/install/turtlebot3_node/share/turtlebot3_node/local_setup.sh
[0.622s] -- Up-to-date symlink: /home/pranav/turtle_test/install/turtlebot3_node/share/turtlebot3_node/local_setup.zsh
[0.622s] -- Up-to-date symlink: /home/pranav/turtle_test/install/turtlebot3_node/share/turtlebot3_node/local_setup.dsv
[0.622s] -- Symlinking: /home/pranav/turtle_test/install/turtlebot3_node/share/turtlebot3_node/package.dsv
[0.628s] -- Up-to-date symlink: /home/pranav/turtle_test/install/turtlebot3_node/share/ament_index/resource_index/packages/turtlebot3_node
[0.628s] -- Up-to-date symlink: /home/pranav/turtle_test/install/turtlebot3_node/share/turtlebot3_node/cmake/ament_cmake_export_dependencies-extras.cmake
[0.628s] -- Up-to-date symlink: /home/pranav/turtle_test/install/turtlebot3_node/share/turtlebot3_node/cmake/ament_cmake_export_include_directories-extras.cmake
[0.628s] -- Up-to-date symlink: /home/pranav/turtle_test/install/turtlebot3_node/share/turtlebot3_node/cmake/turtlebot3_nodeConfig.cmake
[0.628s] -- Up-to-date symlink: /home/pranav/turtle_test/install/turtlebot3_node/share/turtlebot3_node/cmake/turtlebot3_nodeConfig-version.cmake
[0.628s] -- Up-to-date symlink: /home/pranav/turtle_test/install/turtlebot3_node/share/turtlebot3_node/package.xml
[0.630s] Invoked command in '/home/pranav/turtle_test/build/turtlebot3_node' returned '0': AMENT_PREFIX_PATH=/home/pranav/turtle_test/install/turtlebot3_msgs:/home/pranav/turtle_test/install/dynamixel_sdk:${AMENT_PREFIX_PATH} CMAKE_PREFIX_PATH=/home/pranav/turtle_test/install/turtlebot3_msgs:/home/pranav/turtle_test/install/dynamixel_sdk:/opt/ros/humble LD_LIBRARY_PATH=/home/pranav/turtle_test/install/turtlebot3_msgs/lib:/home/pranav/turtle_test/install/dynamixel_sdk/lib:/usr/lib/x86_64-linux-gnu/gazebo-11/plugins:/opt/ros/humble/opt/rviz_ogre_vendor/lib:/opt/ros/humble/lib/x86_64-linux-gnu:/opt/ros/humble/lib:/usr/lib/x86_64-linux-gnu/gazebo-11/plugins:/home/pranav/hsl-install/lib PYTHONPATH=/home/pranav/turtle_test/install/turtlebot3_msgs/local/lib/python3.10/dist-packages:/home/pranav/turtle_test/install/dynamixel_sdk/local/lib/python3.10/dist-packages:${PYTHONPATH} /usr/bin/cmake --install /home/pranav/turtle_test/build/turtlebot3_node
