/home/pranav/turtle_test/install/grazen_system/lib/python3.10/site-packages/grazen_system/auto_mapper.py
/home/pranav/turtle_test/install/grazen_system/lib/python3.10/site-packages/grazen_system/__init__.py
/home/pranav/turtle_test/install/grazen_system/lib/python3.10/site-packages/grazen_system/manual_mapper.py
/home/pranav/turtle_test/install/grazen_system/lib/python3.10/site-packages/grazen_system/scan_resampler.py
/home/pranav/turtle_test/install/grazen_system/lib/python3.10/site-packages/grazen_system/mission_manager.py
/home/pranav/turtle_test/install/grazen_system/lib/python3.10/site-packages/grazen_system/__pycache__/auto_mapper.cpython-310.pyc
/home/pranav/turtle_test/install/grazen_system/lib/python3.10/site-packages/grazen_system/__pycache__/__init__.cpython-310.pyc
/home/pranav/turtle_test/install/grazen_system/lib/python3.10/site-packages/grazen_system/__pycache__/manual_mapper.cpython-310.pyc
/home/pranav/turtle_test/install/grazen_system/lib/python3.10/site-packages/grazen_system/__pycache__/scan_resampler.cpython-310.pyc
/home/pranav/turtle_test/install/grazen_system/lib/python3.10/site-packages/grazen_system/__pycache__/mission_manager.cpython-310.pyc
/home/pranav/turtle_test/install/grazen_system/share/ament_index/resource_index/packages/grazen_system
/home/pranav/turtle_test/install/grazen_system/share/grazen_system/package.xml
/home/pranav/turtle_test/install/grazen_system/share/grazen_system/config/explore_params.yaml
/home/pranav/turtle_test/install/grazen_system/share/grazen_system/config/waypoints.txt
/home/pranav/turtle_test/install/grazen_system/share/grazen_system/config/grazen_params.yaml
/home/pranav/turtle_test/install/grazen_system/share/grazen_system/config/slam_params.yaml
/home/pranav/turtle_test/install/grazen_system/share/grazen_system/config/system_config.yaml
/home/pranav/turtle_test/install/grazen_system/share/grazen_system/config/rtabmap_params.yaml
/home/pranav/turtle_test/install/grazen_system/share/grazen_system/launch/system.launch.py
/home/pranav/turtle_test/install/grazen_system/share/grazen_system/launch/rtabmap_3d_sim.launch.py
/home/pranav/turtle_test/install/grazen_system/share/grazen_system/maps
/home/pranav/turtle_test/install/grazen_system/lib/python3.10/site-packages/grazen_system-0.0.0-py3.10.egg-info/SOURCES.txt
/home/pranav/turtle_test/install/grazen_system/lib/python3.10/site-packages/grazen_system-0.0.0-py3.10.egg-info/PKG-INFO
/home/pranav/turtle_test/install/grazen_system/lib/python3.10/site-packages/grazen_system-0.0.0-py3.10.egg-info/top_level.txt
/home/pranav/turtle_test/install/grazen_system/lib/python3.10/site-packages/grazen_system-0.0.0-py3.10.egg-info/requires.txt
/home/pranav/turtle_test/install/grazen_system/lib/python3.10/site-packages/grazen_system-0.0.0-py3.10.egg-info/entry_points.txt
/home/pranav/turtle_test/install/grazen_system/lib/python3.10/site-packages/grazen_system-0.0.0-py3.10.egg-info/zip-safe
/home/pranav/turtle_test/install/grazen_system/lib/python3.10/site-packages/grazen_system-0.0.0-py3.10.egg-info/dependency_links.txt
/home/pranav/turtle_test/install/grazen_system/lib/grazen_system/auto_mapper
/home/pranav/turtle_test/install/grazen_system/lib/grazen_system/manual_mapper
/home/pranav/turtle_test/install/grazen_system/lib/grazen_system/mission_manager
/home/pranav/turtle_test/install/grazen_system/lib/grazen_system/scan_resampler
