[0.664s] Invoking command in '/home/pranav/turtle_test/src/turtlebot3/turtlebot3_example': CMAKE_PREFIX_PATH=/home/pranav/turtle_test/install/turtlebot3_msgs:/home/pranav/turtle_test/install/turtlebot3:/home/pranav/turtle_test/install/turtlebot3_simulations:/home/pranav/turtle_test/install/turtlebot3_bringup:/home/pranav/turtle_test/install/turtlebot3_node:/home/pranav/turtle_test/install/turtlebot3_navigation2:/home/pranav/turtle_test/install/turtlebot3_fake_node:/home/pranav/turtle_test/install/turtlebot3_manipulation_gazebo:/home/pranav/turtle_test/install/turtlebot3_gazebo:/home/pranav/turtle_test/install/turtlebot3_description:/home/pranav/turtle_test/install/turtlebot3_cartographer:/home/pranav/turtle_test/install/multirobot_map_merge:/home/pranav/turtle_test/install/explore_lite:/home/pranav/turtle_test/install/dynamixel_sdk_examples:/home/pranav/turtle_test/install/dynamixel_sdk_custom_interfaces:/home/pranav/turtle_test/install/dynamixel_sdk:/home/pranav/turtle_test/install/aws_robomaker_small_warehouse_world LD_LIBRARY_PATH=/home/pranav/turtle_test/install/turtlebot3_msgs/lib:/home/pranav/turtle_test/install/multirobot_map_merge/lib:/home/pranav/turtle_test/install/dynamixel_sdk_custom_interfaces/lib:/home/pranav/turtle_test/install/dynamixel_sdk/lib:/usr/lib/x86_64-linux-gnu/gazebo-11/plugins:/opt/ros/humble/opt/rviz_ogre_vendor/lib:/opt/ros/humble/lib/x86_64-linux-gnu:/opt/ros/humble/lib:/usr/lib/x86_64-linux-gnu/gazebo-11/plugins:/home/pranav/hsl-install/lib PYTHONPATH=/home/pranav/turtle_test/build/turtlebot3_example/prefix_override:/usr/lib/python3/dist-packages/colcon_core/task/python/colcon_distutils_commands:/home/pranav/turtle_test/install/turtlebot3_example/lib/python3.10/site-packages:${PYTHONPATH} /usr/bin/python3 -W ignore:setup.py install is deprecated -W ignore:easy_install command is deprecated setup.py egg_info --egg-base ../../../build/turtlebot3_example build --build-base /home/pranav/turtle_test/build/turtlebot3_example/build install --record /home/pranav/turtle_test/build/turtlebot3_example/install.log --single-version-externally-managed install_data
[0.844s] running egg_info
[0.845s] writing ../../../build/turtlebot3_example/turtlebot3_example.egg-info/PKG-INFO
[0.845s] writing dependency_links to ../../../build/turtlebot3_example/turtlebot3_example.egg-info/dependency_links.txt
[0.845s] writing entry points to ../../../build/turtlebot3_example/turtlebot3_example.egg-info/entry_points.txt
[0.845s] writing requirements to ../../../build/turtlebot3_example/turtlebot3_example.egg-info/requires.txt
[0.845s] writing top-level names to ../../../build/turtlebot3_example/turtlebot3_example.egg-info/top_level.txt
[0.846s] reading manifest file '../../../build/turtlebot3_example/turtlebot3_example.egg-info/SOURCES.txt'
[0.847s] writing manifest file '../../../build/turtlebot3_example/turtlebot3_example.egg-info/SOURCES.txt'
[0.847s] running build
[0.847s] running build_py
[0.848s] running install
[0.848s] running install_lib
[0.849s] running install_data
[0.849s] running install_egg_info
[0.850s] removing '/home/pranav/turtle_test/install/turtlebot3_example/lib/python3.10/site-packages/turtlebot3_example-2.3.4-py3.10.egg-info' (and everything under it)
[0.851s] Copying ../../../build/turtlebot3_example/turtlebot3_example.egg-info to /home/pranav/turtle_test/install/turtlebot3_example/lib/python3.10/site-packages/turtlebot3_example-2.3.4-py3.10.egg-info
[0.851s] running install_scripts
[0.864s] Installing turtlebot3_absolute_move script to /home/pranav/turtle_test/install/turtlebot3_example/lib/turtlebot3_example
[0.864s] Installing turtlebot3_interactive_marker script to /home/pranav/turtle_test/install/turtlebot3_example/lib/turtlebot3_example
[0.864s] Installing turtlebot3_obstacle_detection script to /home/pranav/turtle_test/install/turtlebot3_example/lib/turtlebot3_example
[0.865s] Installing turtlebot3_patrol_client script to /home/pranav/turtle_test/install/turtlebot3_example/lib/turtlebot3_example
[0.865s] Installing turtlebot3_patrol_server script to /home/pranav/turtle_test/install/turtlebot3_example/lib/turtlebot3_example
[0.865s] Installing turtlebot3_relative_move script to /home/pranav/turtle_test/install/turtlebot3_example/lib/turtlebot3_example
[0.865s] writing list of installed files to '/home/pranav/turtle_test/build/turtlebot3_example/install.log'
[0.881s] Invoked command in '/home/pranav/turtle_test/src/turtlebot3/turtlebot3_example' returned '0': CMAKE_PREFIX_PATH=/home/pranav/turtle_test/install/turtlebot3_msgs:/home/pranav/turtle_test/install/turtlebot3:/home/pranav/turtle_test/install/turtlebot3_simulations:/home/pranav/turtle_test/install/turtlebot3_bringup:/home/pranav/turtle_test/install/turtlebot3_node:/home/pranav/turtle_test/install/turtlebot3_navigation2:/home/pranav/turtle_test/install/turtlebot3_fake_node:/home/pranav/turtle_test/install/turtlebot3_manipulation_gazebo:/home/pranav/turtle_test/install/turtlebot3_gazebo:/home/pranav/turtle_test/install/turtlebot3_description:/home/pranav/turtle_test/install/turtlebot3_cartographer:/home/pranav/turtle_test/install/multirobot_map_merge:/home/pranav/turtle_test/install/explore_lite:/home/pranav/turtle_test/install/dynamixel_sdk_examples:/home/pranav/turtle_test/install/dynamixel_sdk_custom_interfaces:/home/pranav/turtle_test/install/dynamixel_sdk:/home/pranav/turtle_test/install/aws_robomaker_small_warehouse_world LD_LIBRARY_PATH=/home/pranav/turtle_test/install/turtlebot3_msgs/lib:/home/pranav/turtle_test/install/multirobot_map_merge/lib:/home/pranav/turtle_test/install/dynamixel_sdk_custom_interfaces/lib:/home/pranav/turtle_test/install/dynamixel_sdk/lib:/usr/lib/x86_64-linux-gnu/gazebo-11/plugins:/opt/ros/humble/opt/rviz_ogre_vendor/lib:/opt/ros/humble/lib/x86_64-linux-gnu:/opt/ros/humble/lib:/usr/lib/x86_64-linux-gnu/gazebo-11/plugins:/home/pranav/hsl-install/lib PYTHONPATH=/home/pranav/turtle_test/build/turtlebot3_example/prefix_override:/usr/lib/python3/dist-packages/colcon_core/task/python/colcon_distutils_commands:/home/pranav/turtle_test/install/turtlebot3_example/lib/python3.10/site-packages:${PYTHONPATH} /usr/bin/python3 -W ignore:setup.py install is deprecated -W ignore:easy_install command is deprecated setup.py egg_info --egg-base ../../../build/turtlebot3_example build --build-base /home/pranav/turtle_test/build/turtlebot3_example/build install --record /home/pranav/turtle_test/build/turtlebot3_example/install.log --single-version-externally-managed install_data
