[0.027s] Invoking command in '/home/pranav/turtle_test/build/aws_robomaker_small_warehouse_world': CMAKE_PREFIX_PATH=/opt/ros/humble /usr/bin/cmake /home/pranav/turtle_test/src/aws-robomaker-small-warehouse-world -DCMAKE_INSTALL_PREFIX=/home/pranav/turtle_test/install/aws_robomaker_small_warehouse_world
[0.463s] -- Found ament_cmake: 1.3.12 (/opt/ros/humble/share/ament_cmake/cmake)
[0.463s] -- Override CMake install command with custom implementation using symlinks instead of copying resources
[0.464s] -- Found gazebo_ros: 3.9.0 (/opt/ros/humble/share/gazebo_ros/cmake)
[0.464s] -- Found rosidl_generator_c: 3.1.7 (/opt/ros/humble/share/rosidl_generator_c/cmake)
[0.465s] -- Found rosidl_adapter: 3.1.7 (/opt/ros/humble/share/rosidl_adapter/cmake)
[0.465s] -- Found rosidl_generator_cpp: 3.1.7 (/opt/ros/humble/share/rosidl_generator_cpp/cmake)
[0.465s] -- Using all available rosidl_typesupport_c: rosidl_typesupport_fastrtps_c;rosidl_typesupport_introspection_c
[0.465s] -- Using all available rosidl_typesupport_cpp: rosidl_typesupport_fastrtps_cpp;rosidl_typesupport_introspection_cpp
[0.465s] -- Found rmw_implementation_cmake: 6.1.2 (/opt/ros/humble/share/rmw_implementation_cmake/cmake)
[0.465s] -- Found rmw_fastrtps_cpp: 6.2.9 (/opt/ros/humble/share/rmw_fastrtps_cpp/cmake)
[0.465s] -- Using RMW implementation 'rmw_fastrtps_cpp' as default
[0.465s] -- Found DART: /usr/include (Required is at least version "6.6") found components: dart 
[0.465s] -- Found Protobuf: /usr/lib/x86_64-linux-gnu/libprotobuf.so (found version "3.12.4") 
[0.466s] -- Looking for ignition-math6 -- found version 6.15.1
[0.466s] -- Searching for dependencies of ignition-math6
[0.466s] -- Looking for OGRE...
[0.466s] -- Found Ogre Ghadamon (1.9.0)
[0.466s] -- Found OGRE: optimized;/usr/lib/x86_64-linux-gnu/libOgreMain.so;debug;/usr/lib/x86_64-linux-gnu/libOgreMain.so
[0.466s] -- Looking for OGRE_Paging...
[0.466s] -- Found OGRE_Paging: optimized;/usr/lib/x86_64-linux-gnu/libOgrePaging.so;debug;/usr/lib/x86_64-linux-gnu/libOgrePaging.so
[0.466s] -- Looking for OGRE_Terrain...
[0.468s] -- Found OGRE_Terrain: optimized;/usr/lib/x86_64-linux-gnu/libOgreTerrain.so;debug;/usr/lib/x86_64-linux-gnu/libOgreTerrain.so
[0.469s] -- Looking for OGRE_Property...
[0.469s] -- Found OGRE_Property: optimized;/usr/lib/x86_64-linux-gnu/libOgreProperty.so;debug;/usr/lib/x86_64-linux-gnu/libOgreProperty.so
[0.470s] -- Looking for OGRE_RTShaderSystem...
[0.470s] -- Found OGRE_RTShaderSystem: optimized;/usr/lib/x86_64-linux-gnu/libOgreRTShaderSystem.so;debug;/usr/lib/x86_64-linux-gnu/libOgreRTShaderSystem.so
[0.470s] -- Looking for OGRE_Volume...
[0.470s] -- Found OGRE_Volume: optimized;/usr/lib/x86_64-linux-gnu/libOgreVolume.so;debug;/usr/lib/x86_64-linux-gnu/libOgreVolume.so
[0.470s] -- Looking for OGRE_Overlay...
[0.470s] -- Found OGRE_Overlay: optimized;/usr/lib/x86_64-linux-gnu/libOgreOverlay.so;debug;/usr/lib/x86_64-linux-gnu/libOgreOverlay.so
[0.530s] -- Looking for ignition-math6 -- found version 6.15.1
[0.531s] -- Looking for ignition-transport8 -- found version 8.2.1
[0.532s] -- Searching for dependencies of ignition-transport8
[0.544s] -- Found Protobuf: /usr/lib/x86_64-linux-gnu/libprotobuf.so (found suitable version "3.12.4", minimum required is "3") 
[0.551s] -- Config-file not installed for ZeroMQ -- checking for pkg-config
[0.555s] -- Checking for module 'libzmq >= 4'
[0.565s] --   Found libzmq , version 4.3.4
[0.600s] -- Checking for module 'uuid'
[0.609s] --   Found uuid, version 2.37.2
[0.633s] -- Looking for ignition-msgs5 -- found version 5.8.1
[0.634s] -- Searching for dependencies of ignition-msgs5
[0.654s] -- Looking for ignition-math6 -- found version 6.15.1
[0.659s] -- Checking for module 'tinyxml2'
[0.668s] --   Found tinyxml2, version 9.0.0
[0.693s] -- Looking for ignition-msgs5 -- found version 5.8.1
[0.693s] -- Looking for ignition-common3 -- found version 3.14.0
[0.694s] -- Searching for dependencies of ignition-common3
[0.694s] -- Looking for dlfcn.h - found
[0.694s] -- Looking for libdl - found
[0.703s] -- Searching for <ignition-common3> component [graphics]
[0.704s] -- Looking for ignition-common3-graphics -- found version 3.14.0
[0.704s] -- Searching for dependencies of ignition-common3-graphics
[0.704s] -- Looking for ignition-math6 -- found version 6.15.1
[0.705s] -- Looking for ignition-fuel_tools4 -- found version 4.4.0
[0.705s] -- Searching for dependencies of ignition-fuel_tools4
[0.742s] -- Checking for module 'jsoncpp'
[0.753s] --   Found jsoncpp, version 1.9.5
[0.779s] -- Checking for module 'libzip'
[0.791s] --   Found libzip, version 1.7.3
[0.820s] -- Looking for ignition-common3 -- found version 3.14.0
[0.820s] -- Looking for ignition-math6 -- found version 6.15.1
[0.821s] -- Looking for ignition-msgs5 -- found version 5.8.1
[0.822s] -- Gazebo version: 11.10
[0.894s] -- Configuring done
[0.897s] -- Generating done
[0.898s] -- Build files have been written to: /home/pranav/turtle_test/build/aws_robomaker_small_warehouse_world
[0.906s] Invoked command in '/home/pranav/turtle_test/build/aws_robomaker_small_warehouse_world' returned '0': CMAKE_PREFIX_PATH=/opt/ros/humble /usr/bin/cmake /home/pranav/turtle_test/src/aws-robomaker-small-warehouse-world -DCMAKE_INSTALL_PREFIX=/home/pranav/turtle_test/install/aws_robomaker_small_warehouse_world
[0.908s] Invoking command in '/home/pranav/turtle_test/build/aws_robomaker_small_warehouse_world': CMAKE_PREFIX_PATH=/opt/ros/humble /usr/bin/cmake --build /home/pranav/turtle_test/build/aws_robomaker_small_warehouse_world -- -j20 -l20
[0.942s] Invoked command in '/home/pranav/turtle_test/build/aws_robomaker_small_warehouse_world' returned '0': CMAKE_PREFIX_PATH=/opt/ros/humble /usr/bin/cmake --build /home/pranav/turtle_test/build/aws_robomaker_small_warehouse_world -- -j20 -l20
[0.943s] Invoking command in '/home/pranav/turtle_test/build/aws_robomaker_small_warehouse_world': CMAKE_PREFIX_PATH=/opt/ros/humble /usr/bin/cmake --install /home/pranav/turtle_test/build/aws_robomaker_small_warehouse_world
[0.951s] -- Install configuration: ""
[0.951s] -- Execute custom install script
[0.951s] -- Up-to-date symlink: /home/pranav/turtle_test/install/aws_robomaker_small_warehouse_world/share/aws_robomaker_small_warehouse_world/launch/no_roof_small_warehouse.launch.py
[0.951s] -- Up-to-date symlink: /home/pranav/turtle_test/install/aws_robomaker_small_warehouse_world/share/aws_robomaker_small_warehouse_world/launch/small_warehouse.launch.py
[0.952s] -- Up-to-date symlink: /home/pranav/turtle_test/install/aws_robomaker_small_warehouse_world/share/aws_robomaker_small_warehouse_world/models/.DS_Store
[0.952s] -- Up-to-date symlink: /home/pranav/turtle_test/install/aws_robomaker_small_warehouse_world/share/aws_robomaker_small_warehouse_world/models/aws_robomaker_warehouse_Bucket_01/.DS_Store
[0.952s] -- Up-to-date symlink: /home/pranav/turtle_test/install/aws_robomaker_small_warehouse_world/share/aws_robomaker_small_warehouse_world/models/aws_robomaker_warehouse_Bucket_01/materials/.DS_Store
[0.952s] -- Up-to-date symlink: /home/pranav/turtle_test/install/aws_robomaker_small_warehouse_world/share/aws_robomaker_small_warehouse_world/models/aws_robomaker_warehouse_Bucket_01/materials/textures/aws_robomaker_warehouse_Bucket_01.png
[0.952s] -- Up-to-date symlink: /home/pranav/turtle_test/install/aws_robomaker_small_warehouse_world/share/aws_robomaker_small_warehouse_world/models/aws_robomaker_warehouse_Bucket_01/meshes/aws_robomaker_warehouse_Bucket_01_collision.DAE
[0.952s] -- Up-to-date symlink: /home/pranav/turtle_test/install/aws_robomaker_small_warehouse_world/share/aws_robomaker_small_warehouse_world/models/aws_robomaker_warehouse_Bucket_01/meshes/aws_robomaker_warehouse_Bucket_01_visual.DAE
[0.952s] -- Up-to-date symlink: /home/pranav/turtle_test/install/aws_robomaker_small_warehouse_world/share/aws_robomaker_small_warehouse_world/models/aws_robomaker_warehouse_Bucket_01/model.config
[0.952s] -- Up-to-date symlink: /home/pranav/turtle_test/install/aws_robomaker_small_warehouse_world/share/aws_robomaker_small_warehouse_world/models/aws_robomaker_warehouse_Bucket_01/model.sdf
[0.952s] -- Up-to-date symlink: /home/pranav/turtle_test/install/aws_robomaker_small_warehouse_world/share/aws_robomaker_small_warehouse_world/models/aws_robomaker_warehouse_ClutteringA_01/.DS_Store
[0.952s] -- Up-to-date symlink: /home/pranav/turtle_test/install/aws_robomaker_small_warehouse_world/share/aws_robomaker_small_warehouse_world/models/aws_robomaker_warehouse_ClutteringA_01/materials/.DS_Store
[0.952s] -- Up-to-date symlink: /home/pranav/turtle_test/install/aws_robomaker_small_warehouse_world/share/aws_robomaker_small_warehouse_world/models/aws_robomaker_warehouse_ClutteringA_01/materials/textures/.DS_Store
[0.953s] -- Up-to-date symlink: /home/pranav/turtle_test/install/aws_robomaker_small_warehouse_world/share/aws_robomaker_small_warehouse_world/models/aws_robomaker_warehouse_ClutteringA_01/materials/textures/aws_robomaker_warehouse_ClutteringA_01.png
[0.953s] -- Up-to-date symlink: /home/pranav/turtle_test/install/aws_robomaker_small_warehouse_world/share/aws_robomaker_small_warehouse_world/models/aws_robomaker_warehouse_ClutteringA_01/materials/textures/aws_robomaker_warehouse_ClutteringA_02.png
[0.953s] -- Up-to-date symlink: /home/pranav/turtle_test/install/aws_robomaker_small_warehouse_world/share/aws_robomaker_small_warehouse_world/models/aws_robomaker_warehouse_ClutteringA_01/materials/textures/aws_robomaker_warehouse_ClutteringA_03.png
[0.953s] -- Up-to-date symlink: /home/pranav/turtle_test/install/aws_robomaker_small_warehouse_world/share/aws_robomaker_small_warehouse_world/models/aws_robomaker_warehouse_ClutteringA_01/meshes/aws_robomaker_warehouse_ClutteringA_01_collision.DAE
[0.953s] -- Up-to-date symlink: /home/pranav/turtle_test/install/aws_robomaker_small_warehouse_world/share/aws_robomaker_small_warehouse_world/models/aws_robomaker_warehouse_ClutteringA_01/meshes/aws_robomaker_warehouse_ClutteringA_01_visual.DAE
[0.953s] -- Up-to-date symlink: /home/pranav/turtle_test/install/aws_robomaker_small_warehouse_world/share/aws_robomaker_small_warehouse_world/models/aws_robomaker_warehouse_ClutteringA_01/model.config
[0.953s] -- Up-to-date symlink: /home/pranav/turtle_test/install/aws_robomaker_small_warehouse_world/share/aws_robomaker_small_warehouse_world/models/aws_robomaker_warehouse_ClutteringA_01/model.sdf
[0.953s] -- Up-to-date symlink: /home/pranav/turtle_test/install/aws_robomaker_small_warehouse_world/share/aws_robomaker_small_warehouse_world/models/aws_robomaker_warehouse_ClutteringC_01/materials/textures/aws_robomaker_warehouse_ClutteringC_01.png
[0.953s] -- Up-to-date symlink: /home/pranav/turtle_test/install/aws_robomaker_small_warehouse_world/share/aws_robomaker_small_warehouse_world/models/aws_robomaker_warehouse_ClutteringC_01/materials/textures/aws_robomaker_warehouse_ClutteringC_02.png
[0.953s] -- Up-to-date symlink: /home/pranav/turtle_test/install/aws_robomaker_small_warehouse_world/share/aws_robomaker_small_warehouse_world/models/aws_robomaker_warehouse_ClutteringC_01/meshes/aws_robomaker_warehouse_ClutteringC_01_collision.DAE
[0.953s] -- Up-to-date symlink: /home/pranav/turtle_test/install/aws_robomaker_small_warehouse_world/share/aws_robomaker_small_warehouse_world/models/aws_robomaker_warehouse_ClutteringC_01/meshes/aws_robomaker_warehouse_ClutteringC_01_visual.DAE
[0.954s] -- Up-to-date symlink: /home/pranav/turtle_test/install/aws_robomaker_small_warehouse_world/share/aws_robomaker_small_warehouse_world/models/aws_robomaker_warehouse_ClutteringC_01/model.config
[0.954s] -- Up-to-date symlink: /home/pranav/turtle_test/install/aws_robomaker_small_warehouse_world/share/aws_robomaker_small_warehouse_world/models/aws_robomaker_warehouse_ClutteringC_01/model.sdf
[0.954s] -- Up-to-date symlink: /home/pranav/turtle_test/install/aws_robomaker_small_warehouse_world/share/aws_robomaker_small_warehouse_world/models/aws_robomaker_warehouse_ClutteringD_01/materials/textures/aws_robomaker_warehouse_ClutteringD_01.png
[0.954s] -- Up-to-date symlink: /home/pranav/turtle_test/install/aws_robomaker_small_warehouse_world/share/aws_robomaker_small_warehouse_world/models/aws_robomaker_warehouse_ClutteringD_01/materials/textures/aws_robomaker_warehouse_ClutteringD_02.png
[0.954s] -- Up-to-date symlink: /home/pranav/turtle_test/install/aws_robomaker_small_warehouse_world/share/aws_robomaker_small_warehouse_world/models/aws_robomaker_warehouse_ClutteringD_01/meshes/aws_robomaker_warehouse_ClutteringD_01_collision.DAE
[0.954s] -- Up-to-date symlink: /home/pranav/turtle_test/install/aws_robomaker_small_warehouse_world/share/aws_robomaker_small_warehouse_world/models/aws_robomaker_warehouse_ClutteringD_01/meshes/aws_robomaker_warehouse_ClutteringD_01_visual.DAE
[0.954s] -- Up-to-date symlink: /home/pranav/turtle_test/install/aws_robomaker_small_warehouse_world/share/aws_robomaker_small_warehouse_world/models/aws_robomaker_warehouse_ClutteringD_01/model.config
[0.954s] -- Up-to-date symlink: /home/pranav/turtle_test/install/aws_robomaker_small_warehouse_world/share/aws_robomaker_small_warehouse_world/models/aws_robomaker_warehouse_ClutteringD_01/model.sdf
[0.954s] -- Up-to-date symlink: /home/pranav/turtle_test/install/aws_robomaker_small_warehouse_world/share/aws_robomaker_small_warehouse_world/models/aws_robomaker_warehouse_DeskC_01/materials/.DS_Store
[0.954s] -- Up-to-date symlink: /home/pranav/turtle_test/install/aws_robomaker_small_warehouse_world/share/aws_robomaker_small_warehouse_world/models/aws_robomaker_warehouse_DeskC_01/materials/textures/aws_robomaker_warehouse_DeskC_01.png
[0.955s] -- Up-to-date symlink: /home/pranav/turtle_test/install/aws_robomaker_small_warehouse_world/share/aws_robomaker_small_warehouse_world/models/aws_robomaker_warehouse_DeskC_01/materials/textures/aws_robomaker_warehouse_DeskC_02.png
[0.955s] -- Up-to-date symlink: /home/pranav/turtle_test/install/aws_robomaker_small_warehouse_world/share/aws_robomaker_small_warehouse_world/models/aws_robomaker_warehouse_DeskC_01/materials/textures/aws_robomaker_warehouse_DeskC_03.png
[0.955s] -- Up-to-date symlink: /home/pranav/turtle_test/install/aws_robomaker_small_warehouse_world/share/aws_robomaker_small_warehouse_world/models/aws_robomaker_warehouse_DeskC_01/materials/textures/aws_robomaker_warehouse_DeskC_03.psd
[0.955s] -- Up-to-date symlink: /home/pranav/turtle_test/install/aws_robomaker_small_warehouse_world/share/aws_robomaker_small_warehouse_world/models/aws_robomaker_warehouse_DeskC_01/materials/textures/aws_robomaker_warehouse_DeskC_04.png
[0.955s] -- Up-to-date symlink: /home/pranav/turtle_test/install/aws_robomaker_small_warehouse_world/share/aws_robomaker_small_warehouse_world/models/aws_robomaker_warehouse_DeskC_01/meshes/aws_robomaker_warehouse_DeskC_01_collision.DAE
[0.955s] -- Up-to-date symlink: /home/pranav/turtle_test/install/aws_robomaker_small_warehouse_world/share/aws_robomaker_small_warehouse_world/models/aws_robomaker_warehouse_DeskC_01/meshes/aws_robomaker_warehouse_DeskC_01_visual.DAE
[0.955s] -- Up-to-date symlink: /home/pranav/turtle_test/install/aws_robomaker_small_warehouse_world/share/aws_robomaker_small_warehouse_world/models/aws_robomaker_warehouse_DeskC_01/model.config
[0.955s] -- Up-to-date symlink: /home/pranav/turtle_test/install/aws_robomaker_small_warehouse_world/share/aws_robomaker_small_warehouse_world/models/aws_robomaker_warehouse_DeskC_01/model.sdf
[0.955s] -- Up-to-date symlink: /home/pranav/turtle_test/install/aws_robomaker_small_warehouse_world/share/aws_robomaker_small_warehouse_world/models/aws_robomaker_warehouse_GroundB_01/materials/textures/aws_robomaker_warehouse_GroundB_01.png
[0.955s] -- Up-to-date symlink: /home/pranav/turtle_test/install/aws_robomaker_small_warehouse_world/share/aws_robomaker_small_warehouse_world/models/aws_robomaker_warehouse_GroundB_01/materials/textures/aws_robomaker_warehouse_GroundB_02.png
[0.955s] -- Up-to-date symlink: /home/pranav/turtle_test/install/aws_robomaker_small_warehouse_world/share/aws_robomaker_small_warehouse_world/models/aws_robomaker_warehouse_GroundB_01/meshes/aws_robomaker_warehouse_GroundB_01_collision.DAE
[0.956s] -- Up-to-date symlink: /home/pranav/turtle_test/install/aws_robomaker_small_warehouse_world/share/aws_robomaker_small_warehouse_world/models/aws_robomaker_warehouse_GroundB_01/meshes/aws_robomaker_warehouse_GroundB_01_visual.DAE
[0.956s] -- Up-to-date symlink: /home/pranav/turtle_test/install/aws_robomaker_small_warehouse_world/share/aws_robomaker_small_warehouse_world/models/aws_robomaker_warehouse_GroundB_01/model.config
[0.956s] -- Up-to-date symlink: /home/pranav/turtle_test/install/aws_robomaker_small_warehouse_world/share/aws_robomaker_small_warehouse_world/models/aws_robomaker_warehouse_GroundB_01/model.sdf
[0.956s] -- Up-to-date symlink: /home/pranav/turtle_test/install/aws_robomaker_small_warehouse_world/share/aws_robomaker_small_warehouse_world/models/aws_robomaker_warehouse_Lamp_01/materials/textures/aws_robomaker_warehouse_Lamp_01.png
[0.956s] -- Up-to-date symlink: /home/pranav/turtle_test/install/aws_robomaker_small_warehouse_world/share/aws_robomaker_small_warehouse_world/models/aws_robomaker_warehouse_Lamp_01/meshes/aws_robomaker_warehouse_Lamp_01_collision.DAE
[0.956s] -- Up-to-date symlink: /home/pranav/turtle_test/install/aws_robomaker_small_warehouse_world/share/aws_robomaker_small_warehouse_world/models/aws_robomaker_warehouse_Lamp_01/meshes/aws_robomaker_warehouse_Lamp_01_visual.DAE
[0.956s] -- Up-to-date symlink: /home/pranav/turtle_test/install/aws_robomaker_small_warehouse_world/share/aws_robomaker_small_warehouse_world/models/aws_robomaker_warehouse_Lamp_01/model.config
[0.956s] -- Up-to-date symlink: /home/pranav/turtle_test/install/aws_robomaker_small_warehouse_world/share/aws_robomaker_small_warehouse_world/models/aws_robomaker_warehouse_Lamp_01/model.sdf
[0.956s] -- Up-to-date symlink: /home/pranav/turtle_test/install/aws_robomaker_small_warehouse_world/share/aws_robomaker_small_warehouse_world/models/aws_robomaker_warehouse_PalletJackB_01/.DS_Store
[0.956s] -- Up-to-date symlink: /home/pranav/turtle_test/install/aws_robomaker_small_warehouse_world/share/aws_robomaker_small_warehouse_world/models/aws_robomaker_warehouse_PalletJackB_01/materials/.DS_Store
[0.956s] -- Up-to-date symlink: /home/pranav/turtle_test/install/aws_robomaker_small_warehouse_world/share/aws_robomaker_small_warehouse_world/models/aws_robomaker_warehouse_PalletJackB_01/materials/textures/aws_robomaker_warehouse_PalletJackB_01.png
[0.956s] -- Up-to-date symlink: /home/pranav/turtle_test/install/aws_robomaker_small_warehouse_world/share/aws_robomaker_small_warehouse_world/models/aws_robomaker_warehouse_PalletJackB_01/materials/textures/aws_robomaker_warehouse_PalletJackB_02.png
[0.957s] -- Up-to-date symlink: /home/pranav/turtle_test/install/aws_robomaker_small_warehouse_world/share/aws_robomaker_small_warehouse_world/models/aws_robomaker_warehouse_PalletJackB_01/meshes/aws_robomaker_warehouse_PalletJackB_01_collision.DAE
[0.957s] -- Up-to-date symlink: /home/pranav/turtle_test/install/aws_robomaker_small_warehouse_world/share/aws_robomaker_small_warehouse_world/models/aws_robomaker_warehouse_PalletJackB_01/meshes/aws_robomaker_warehouse_PalletJackB_01_visual.DAE
[0.957s] -- Up-to-date symlink: /home/pranav/turtle_test/install/aws_robomaker_small_warehouse_world/share/aws_robomaker_small_warehouse_world/models/aws_robomaker_warehouse_PalletJackB_01/model.config
[0.957s] -- Up-to-date symlink: /home/pranav/turtle_test/install/aws_robomaker_small_warehouse_world/share/aws_robomaker_small_warehouse_world/models/aws_robomaker_warehouse_PalletJackB_01/model.sdf
[0.957s] -- Up-to-date symlink: /home/pranav/turtle_test/install/aws_robomaker_small_warehouse_world/share/aws_robomaker_small_warehouse_world/models/aws_robomaker_warehouse_RoofB_01/materials/textures/aws_robomaker_warehouse_RoofB_01.png
[0.957s] -- Up-to-date symlink: /home/pranav/turtle_test/install/aws_robomaker_small_warehouse_world/share/aws_robomaker_small_warehouse_world/models/aws_robomaker_warehouse_RoofB_01/meshes/aws_robomaker_warehouse_RoofB_01_collision.DAE
[0.957s] -- Up-to-date symlink: /home/pranav/turtle_test/install/aws_robomaker_small_warehouse_world/share/aws_robomaker_small_warehouse_world/models/aws_robomaker_warehouse_RoofB_01/meshes/aws_robomaker_warehouse_RoofB_01_visual.DAE
[0.957s] -- Up-to-date symlink: /home/pranav/turtle_test/install/aws_robomaker_small_warehouse_world/share/aws_robomaker_small_warehouse_world/models/aws_robomaker_warehouse_RoofB_01/model.config
[0.957s] -- Up-to-date symlink: /home/pranav/turtle_test/install/aws_robomaker_small_warehouse_world/share/aws_robomaker_small_warehouse_world/models/aws_robomaker_warehouse_RoofB_01/model.sdf
[0.958s] -- Up-to-date symlink: /home/pranav/turtle_test/install/aws_robomaker_small_warehouse_world/share/aws_robomaker_small_warehouse_world/models/aws_robomaker_warehouse_ShelfD_01/materials/textures/aws_robomaker_warehouse_ShelfD_01.png
[0.958s] -- Up-to-date symlink: /home/pranav/turtle_test/install/aws_robomaker_small_warehouse_world/share/aws_robomaker_small_warehouse_world/models/aws_robomaker_warehouse_ShelfD_01/materials/textures/aws_robomaker_warehouse_ShelfD_02.png
[0.958s] -- Up-to-date symlink: /home/pranav/turtle_test/install/aws_robomaker_small_warehouse_world/share/aws_robomaker_small_warehouse_world/models/aws_robomaker_warehouse_ShelfD_01/materials/textures/aws_robomaker_warehouse_ShelfD_03.png
[0.958s] -- Up-to-date symlink: /home/pranav/turtle_test/install/aws_robomaker_small_warehouse_world/share/aws_robomaker_small_warehouse_world/models/aws_robomaker_warehouse_ShelfD_01/materials/textures/aws_robomaker_warehouse_ShelfD_04.png
[0.958s] -- Up-to-date symlink: /home/pranav/turtle_test/install/aws_robomaker_small_warehouse_world/share/aws_robomaker_small_warehouse_world/models/aws_robomaker_warehouse_ShelfD_01/meshes/aws_robomaker_warehouse_ShelfD_01_collision.DAE
[0.958s] -- Up-to-date symlink: /home/pranav/turtle_test/install/aws_robomaker_small_warehouse_world/share/aws_robomaker_small_warehouse_world/models/aws_robomaker_warehouse_ShelfD_01/meshes/aws_robomaker_warehouse_ShelfD_01_visual.DAE
[0.958s] -- Up-to-date symlink: /home/pranav/turtle_test/install/aws_robomaker_small_warehouse_world/share/aws_robomaker_small_warehouse_world/models/aws_robomaker_warehouse_ShelfD_01/model.config
[0.958s] -- Up-to-date symlink: /home/pranav/turtle_test/install/aws_robomaker_small_warehouse_world/share/aws_robomaker_small_warehouse_world/models/aws_robomaker_warehouse_ShelfD_01/model.sdf
[0.958s] -- Up-to-date symlink: /home/pranav/turtle_test/install/aws_robomaker_small_warehouse_world/share/aws_robomaker_small_warehouse_world/models/aws_robomaker_warehouse_ShelfE_01/.DS_Store
[0.958s] -- Up-to-date symlink: /home/pranav/turtle_test/install/aws_robomaker_small_warehouse_world/share/aws_robomaker_small_warehouse_world/models/aws_robomaker_warehouse_ShelfE_01/materials/.DS_Store
[0.958s] -- Up-to-date symlink: /home/pranav/turtle_test/install/aws_robomaker_small_warehouse_world/share/aws_robomaker_small_warehouse_world/models/aws_robomaker_warehouse_ShelfE_01/materials/textures/aws_robomaker_warehouse_ShelfE_01.png
[0.959s] -- Up-to-date symlink: /home/pranav/turtle_test/install/aws_robomaker_small_warehouse_world/share/aws_robomaker_small_warehouse_world/models/aws_robomaker_warehouse_ShelfE_01/materials/textures/aws_robomaker_warehouse_ShelfE_02.png
[0.959s] -- Up-to-date symlink: /home/pranav/turtle_test/install/aws_robomaker_small_warehouse_world/share/aws_robomaker_small_warehouse_world/models/aws_robomaker_warehouse_ShelfE_01/materials/textures/aws_robomaker_warehouse_ShelfE_03.png
[0.959s] -- Up-to-date symlink: /home/pranav/turtle_test/install/aws_robomaker_small_warehouse_world/share/aws_robomaker_small_warehouse_world/models/aws_robomaker_warehouse_ShelfE_01/materials/textures/aws_robomaker_warehouse_ShelfE_04.png
[0.959s] -- Up-to-date symlink: /home/pranav/turtle_test/install/aws_robomaker_small_warehouse_world/share/aws_robomaker_small_warehouse_world/models/aws_robomaker_warehouse_ShelfE_01/meshes/aws_robomaker_warehouse_ShelfE_01_collision.DAE
[0.959s] -- Up-to-date symlink: /home/pranav/turtle_test/install/aws_robomaker_small_warehouse_world/share/aws_robomaker_small_warehouse_world/models/aws_robomaker_warehouse_ShelfE_01/meshes/aws_robomaker_warehouse_ShelfE_01_visual.DAE
[0.959s] -- Up-to-date symlink: /home/pranav/turtle_test/install/aws_robomaker_small_warehouse_world/share/aws_robomaker_small_warehouse_world/models/aws_robomaker_warehouse_ShelfE_01/model.config
[0.959s] -- Up-to-date symlink: /home/pranav/turtle_test/install/aws_robomaker_small_warehouse_world/share/aws_robomaker_small_warehouse_world/models/aws_robomaker_warehouse_ShelfE_01/model.sdf
[0.959s] -- Up-to-date symlink: /home/pranav/turtle_test/install/aws_robomaker_small_warehouse_world/share/aws_robomaker_small_warehouse_world/models/aws_robomaker_warehouse_ShelfF_01/materials/textures/aws_robomaker_warehouse_ShelfF_01.png
[0.959s] -- Up-to-date symlink: /home/pranav/turtle_test/install/aws_robomaker_small_warehouse_world/share/aws_robomaker_small_warehouse_world/models/aws_robomaker_warehouse_ShelfF_01/materials/textures/aws_robomaker_warehouse_ShelfF_02.png
[0.959s] -- Up-to-date symlink: /home/pranav/turtle_test/install/aws_robomaker_small_warehouse_world/share/aws_robomaker_small_warehouse_world/models/aws_robomaker_warehouse_ShelfF_01/materials/textures/aws_robomaker_warehouse_ShelfF_03.png
[0.959s] -- Up-to-date symlink: /home/pranav/turtle_test/install/aws_robomaker_small_warehouse_world/share/aws_robomaker_small_warehouse_world/models/aws_robomaker_warehouse_ShelfF_01/meshes/aws_robomaker_warehouse_ShelfF_01_collision.DAE
[0.960s] -- Up-to-date symlink: /home/pranav/turtle_test/install/aws_robomaker_small_warehouse_world/share/aws_robomaker_small_warehouse_world/models/aws_robomaker_warehouse_ShelfF_01/meshes/aws_robomaker_warehouse_ShelfF_01_visual.DAE
[0.960s] -- Up-to-date symlink: /home/pranav/turtle_test/install/aws_robomaker_small_warehouse_world/share/aws_robomaker_small_warehouse_world/models/aws_robomaker_warehouse_ShelfF_01/model.config
[0.960s] -- Up-to-date symlink: /home/pranav/turtle_test/install/aws_robomaker_small_warehouse_world/share/aws_robomaker_small_warehouse_world/models/aws_robomaker_warehouse_ShelfF_01/model.sdf
[0.960s] -- Up-to-date symlink: /home/pranav/turtle_test/install/aws_robomaker_small_warehouse_world/share/aws_robomaker_small_warehouse_world/models/aws_robomaker_warehouse_TrashCanC_01/materials/textures/aws_robomaker_warehouse_TrashCanC_01.png
[0.960s] -- Up-to-date symlink: /home/pranav/turtle_test/install/aws_robomaker_small_warehouse_world/share/aws_robomaker_small_warehouse_world/models/aws_robomaker_warehouse_TrashCanC_01/meshes/aws_robomaker_warehouse_TrashCanC_01_collision.DAE
[0.960s] -- Up-to-date symlink: /home/pranav/turtle_test/install/aws_robomaker_small_warehouse_world/share/aws_robomaker_small_warehouse_world/models/aws_robomaker_warehouse_TrashCanC_01/meshes/aws_robomaker_warehouse_TrashCanC_01_visual.DAE
[0.960s] -- Up-to-date symlink: /home/pranav/turtle_test/install/aws_robomaker_small_warehouse_world/share/aws_robomaker_small_warehouse_world/models/aws_robomaker_warehouse_TrashCanC_01/model.config
[0.960s] -- Up-to-date symlink: /home/pranav/turtle_test/install/aws_robomaker_small_warehouse_world/share/aws_robomaker_small_warehouse_world/models/aws_robomaker_warehouse_TrashCanC_01/model.sdf
[0.960s] -- Up-to-date symlink: /home/pranav/turtle_test/install/aws_robomaker_small_warehouse_world/share/aws_robomaker_small_warehouse_world/models/aws_robomaker_warehouse_WallB_01/materials/textures/aws_robomaker_warehouse_WallB_01.png
[0.960s] -- Up-to-date symlink: /home/pranav/turtle_test/install/aws_robomaker_small_warehouse_world/share/aws_robomaker_small_warehouse_world/models/aws_robomaker_warehouse_WallB_01/meshes/aws_robomaker_warehouse_WallB_01_collision.DAE
[0.960s] -- Up-to-date symlink: /home/pranav/turtle_test/install/aws_robomaker_small_warehouse_world/share/aws_robomaker_small_warehouse_world/models/aws_robomaker_warehouse_WallB_01/meshes/aws_robomaker_warehouse_WallB_01_visual.DAE
[0.961s] -- Up-to-date symlink: /home/pranav/turtle_test/install/aws_robomaker_small_warehouse_world/share/aws_robomaker_small_warehouse_world/models/aws_robomaker_warehouse_WallB_01/model.config
[0.961s] -- Up-to-date symlink: /home/pranav/turtle_test/install/aws_robomaker_small_warehouse_world/share/aws_robomaker_small_warehouse_world/models/aws_robomaker_warehouse_WallB_01/model.sdf
[0.961s] -- Up-to-date symlink: /home/pranav/turtle_test/install/aws_robomaker_small_warehouse_world/share/aws_robomaker_small_warehouse_world/worlds/no_roof_small_warehouse/no_roof_small_warehouse.world
[0.961s] -- Up-to-date symlink: /home/pranav/turtle_test/install/aws_robomaker_small_warehouse_world/share/aws_robomaker_small_warehouse_world/worlds/small_warehouse/small_warehouse.world
[0.961s] -- Up-to-date symlink: /home/pranav/turtle_test/install/aws_robomaker_small_warehouse_world/share/aws_robomaker_small_warehouse_world/maps/.DS_Store
[0.961s] -- Up-to-date symlink: /home/pranav/turtle_test/install/aws_robomaker_small_warehouse_world/share/aws_robomaker_small_warehouse_world/maps/002/map.pgm
[0.961s] -- Up-to-date symlink: /home/pranav/turtle_test/install/aws_robomaker_small_warehouse_world/share/aws_robomaker_small_warehouse_world/maps/002/map.yaml
[0.961s] -- Up-to-date symlink: /home/pranav/turtle_test/install/aws_robomaker_small_warehouse_world/share/aws_robomaker_small_warehouse_world/maps/005/map.pgm
[0.961s] -- Up-to-date symlink: /home/pranav/turtle_test/install/aws_robomaker_small_warehouse_world/share/aws_robomaker_small_warehouse_world/maps/005/map.yaml
[0.961s] -- Up-to-date symlink: /home/pranav/turtle_test/install/aws_robomaker_small_warehouse_world/share/aws_robomaker_small_warehouse_world/maps/005/map_rotated.pgm
[0.961s] -- Up-to-date symlink: /home/pranav/turtle_test/install/aws_robomaker_small_warehouse_world/share/aws_robomaker_small_warehouse_world/maps/005/map_rotated.png
[0.962s] -- Up-to-date symlink: /home/pranav/turtle_test/install/aws_robomaker_small_warehouse_world/share/aws_robomaker_small_warehouse_world/rviz/basic_data.rviz
[0.962s] -- Up-to-date symlink: /home/pranav/turtle_test/install/aws_robomaker_small_warehouse_world/share/aws_robomaker_small_warehouse_world/environment/aws_robomaker_small_warehouse_world.dsv
[0.962s] -- Up-to-date symlink: /home/pranav/turtle_test/install/aws_robomaker_small_warehouse_world/share/ament_index/resource_index/package_run_dependencies/aws_robomaker_small_warehouse_world
[0.962s] -- Up-to-date symlink: /home/pranav/turtle_test/install/aws_robomaker_small_warehouse_world/share/ament_index/resource_index/parent_prefix_path/aws_robomaker_small_warehouse_world
[0.962s] -- Up-to-date symlink: /home/pranav/turtle_test/install/aws_robomaker_small_warehouse_world/share/aws_robomaker_small_warehouse_world/environment/ament_prefix_path.sh
[0.962s] -- Up-to-date symlink: /home/pranav/turtle_test/install/aws_robomaker_small_warehouse_world/share/aws_robomaker_small_warehouse_world/environment/ament_prefix_path.dsv
[0.962s] -- Up-to-date symlink: /home/pranav/turtle_test/install/aws_robomaker_small_warehouse_world/share/aws_robomaker_small_warehouse_world/environment/path.sh
[0.962s] -- Up-to-date symlink: /home/pranav/turtle_test/install/aws_robomaker_small_warehouse_world/share/aws_robomaker_small_warehouse_world/environment/path.dsv
[0.962s] -- Up-to-date symlink: /home/pranav/turtle_test/install/aws_robomaker_small_warehouse_world/share/aws_robomaker_small_warehouse_world/local_setup.bash
[0.963s] -- Up-to-date symlink: /home/pranav/turtle_test/install/aws_robomaker_small_warehouse_world/share/aws_robomaker_small_warehouse_world/local_setup.sh
[0.963s] -- Up-to-date symlink: /home/pranav/turtle_test/install/aws_robomaker_small_warehouse_world/share/aws_robomaker_small_warehouse_world/local_setup.zsh
[0.963s] -- Up-to-date symlink: /home/pranav/turtle_test/install/aws_robomaker_small_warehouse_world/share/aws_robomaker_small_warehouse_world/local_setup.dsv
[0.963s] -- Symlinking: /home/pranav/turtle_test/install/aws_robomaker_small_warehouse_world/share/aws_robomaker_small_warehouse_world/package.dsv
[0.965s] -- Up-to-date symlink: /home/pranav/turtle_test/install/aws_robomaker_small_warehouse_world/share/ament_index/resource_index/packages/aws_robomaker_small_warehouse_world
[0.965s] -- Up-to-date symlink: /home/pranav/turtle_test/install/aws_robomaker_small_warehouse_world/share/aws_robomaker_small_warehouse_world/cmake/ament_cmake_export_dependencies-extras.cmake
[0.965s] -- Up-to-date symlink: /home/pranav/turtle_test/install/aws_robomaker_small_warehouse_world/share/aws_robomaker_small_warehouse_world/cmake/aws_robomaker_small_warehouse_worldConfig.cmake
[0.966s] -- Up-to-date symlink: /home/pranav/turtle_test/install/aws_robomaker_small_warehouse_world/share/aws_robomaker_small_warehouse_world/cmake/aws_robomaker_small_warehouse_worldConfig-version.cmake
[0.966s] -- Up-to-date symlink: /home/pranav/turtle_test/install/aws_robomaker_small_warehouse_world/share/aws_robomaker_small_warehouse_world/package.xml
[0.968s] Invoked command in '/home/pranav/turtle_test/build/aws_robomaker_small_warehouse_world' returned '0': CMAKE_PREFIX_PATH=/opt/ros/humble /usr/bin/cmake --install /home/pranav/turtle_test/build/aws_robomaker_small_warehouse_world
