[0.481s] Invoking command in '/home/pranav/turtle_test/build/grazen_system': CMAKE_PREFIX_PATH=/home/pranav/turtle_test/install/turtlebot3_navigation2:/home/pranav/turtle_test/install/turtlebot3_gazebo:/home/pranav/turtle_test/install/turtlebot3_cartographer:/home/pranav/turtle_test/install/explore_lite:/home/pranav/turtle_test/install/aws_robomaker_small_warehouse_world:/home/pranav/turtle_test/install/turtlebot3:/home/pranav/turtle_test/install/turtlebot3_simulations:/home/pranav/turtle_test/install/turtlebot3_bringup:/home/pranav/turtle_test/install/turtlebot3_node:/home/pranav/turtle_test/install/turtlebot3_fake_node:/home/pranav/turtle_test/install/turtlebot3_msgs:/home/pranav/turtle_test/install/turtlebot3_manipulation_gazebo:/home/pranav/turtle_test/install/turtlebot3_description:/home/pranav/turtle_test/install/multirobot_map_merge:/home/pranav/turtle_test/install/dynamixel_sdk_examples:/home/pranav/turtle_test/install/dynamixel_sdk_custom_interfaces:/home/pranav/turtle_test/install/dynamixel_sdk PYTHONPATH=/home/pranav/turtle_test/build/grazen_system/prefix_override:/usr/lib/python3/dist-packages/colcon_core/task/python/colcon_distutils_commands:/home/pranav/turtle_test/install/grazen_system/lib/python3.10/site-packages:${PYTHONPATH} /usr/bin/python3 -W ignore:setup.py install is deprecated -W ignore:easy_install command is deprecated setup.py develop --editable --build-directory /home/pranav/turtle_test/build/grazen_system/build --no-deps symlink_data
[0.659s] Traceback (most recent call last):
[0.659s]   File "/home/pranav/turtle_test/build/grazen_system/setup.py", line 6, in <module>
[0.659s]     setup(
[0.659s]   File "/home/pranav/.local/lib/python3.10/site-packages/setuptools/__init__.py", line 153, in setup
[0.659s]     return distutils.core.setup(**attrs)
[0.659s]   File "/usr/lib/python3.10/distutils/core.py", line 134, in setup
[0.659s]     ok = dist.parse_command_line()
[0.659s]   File "/usr/lib/python3.10/distutils/dist.py", line 483, in parse_command_line
[0.668s]     args = self._parse_command_opts(parser, args)
[0.668s]   File "/home/pranav/.local/lib/python3.10/site-packages/setuptools/dist.py", line 1042, in _parse_command_opts
[0.669s]     nargs = _Distribution._parse_command_opts(self, parser, args)
[0.669s]   File "/usr/lib/python3.10/distutils/dist.py", line 539, in _parse_command_opts
[0.669s]     cmd_class = self.get_command_class(command)
[0.669s]   File "/home/pranav/.local/lib/python3.10/site-packages/setuptools/dist.py", line 887, in get_command_class
[0.669s]     self.cmdclass[command] = cmdclass = ep.load()
[0.669s]   File "/home/pranav/.local/lib/python3.10/site-packages/pkg_resources/__init__.py", line 2450, in load
[0.670s]     return self.resolve()
[0.671s]   File "/home/pranav/.local/lib/python3.10/site-packages/pkg_resources/__init__.py", line 2456, in resolve
[0.671s]     module = __import__(self.module_name, fromlist=['__name__'], level=0)
[0.671s]   File "/home/pranav/.local/lib/python3.10/site-packages/setuptools/command/develop.py", line 9, in <module>
[0.671s]     from setuptools.command.easy_install import easy_install
[0.671s]   File "/home/pranav/.local/lib/python3.10/site-packages/setuptools/command/easy_install.py", line 49, in <module>
[0.671s]     from setuptools.sandbox import run_setup
[0.671s]   File "/home/pranav/.local/lib/python3.10/site-packages/setuptools/sandbox.py", line 9, in <module>
[0.672s]     import pickle
[0.672s]   File "/usr/lib/python3.10/pickle.py", line 37, in <module>
[0.672s]     import _compat_pickle
[0.672s]   File "/usr/lib/python3.10/_compat_pickle.py", line 244, in <module>
[0.672s]     REVERSE_NAME_MAPPING[('builtins', excname)] = ('exceptions', 'OSError')
[0.672s] KeyboardInterrupt
[0.686s] Invoked command in '/home/pranav/turtle_test/build/grazen_system' returned '-2': CMAKE_PREFIX_PATH=/home/pranav/turtle_test/install/turtlebot3_navigation2:/home/pranav/turtle_test/install/turtlebot3_gazebo:/home/pranav/turtle_test/install/turtlebot3_cartographer:/home/pranav/turtle_test/install/explore_lite:/home/pranav/turtle_test/install/aws_robomaker_small_warehouse_world:/home/pranav/turtle_test/install/turtlebot3:/home/pranav/turtle_test/install/turtlebot3_simulations:/home/pranav/turtle_test/install/turtlebot3_bringup:/home/pranav/turtle_test/install/turtlebot3_node:/home/pranav/turtle_test/install/turtlebot3_fake_node:/home/pranav/turtle_test/install/turtlebot3_msgs:/home/pranav/turtle_test/install/turtlebot3_manipulation_gazebo:/home/pranav/turtle_test/install/turtlebot3_description:/home/pranav/turtle_test/install/multirobot_map_merge:/home/pranav/turtle_test/install/dynamixel_sdk_examples:/home/pranav/turtle_test/install/dynamixel_sdk_custom_interfaces:/home/pranav/turtle_test/install/dynamixel_sdk PYTHONPATH=/home/pranav/turtle_test/build/grazen_system/prefix_override:/usr/lib/python3/dist-packages/colcon_core/task/python/colcon_distutils_commands:/home/pranav/turtle_test/install/grazen_system/lib/python3.10/site-packages:${PYTHONPATH} /usr/bin/python3 -W ignore:setup.py install is deprecated -W ignore:easy_install command is deprecated setup.py develop --editable --build-directory /home/pranav/turtle_test/build/grazen_system/build --no-deps symlink_data
