running egg_info
creating build/grazen_project/grazen_project.egg-info
writing build/grazen_project/grazen_project.egg-info/PKG-INFO
writing dependency_links to build/grazen_project/grazen_project.egg-info/dependency_links.txt
writing entry points to build/grazen_project/grazen_project.egg-info/entry_points.txt
writing requirements to build/grazen_project/grazen_project.egg-info/requires.txt
writing top-level names to build/grazen_project/grazen_project.egg-info/top_level.txt
writing manifest file 'build/grazen_project/grazen_project.egg-info/SOURCES.txt'
reading manifest file 'build/grazen_project/grazen_project.egg-info/SOURCES.txt'
writing manifest file 'build/grazen_project/grazen_project.egg-info/SOURCES.txt'
running build
running build_py
creating /home/pranav/turtlebot3_ws/src/grazen_project/build/grazen_project/build
creating /home/pranav/turtlebot3_ws/src/grazen_project/build/grazen_project/build/lib
creating /home/pranav/turtlebot3_ws/src/grazen_project/build/grazen_project/build/lib/grazen_project
copying grazen_project/__init__.py -> /home/pranav/turtlebot3_ws/src/grazen_project/build/grazen_project/build/lib/grazen_project
copying grazen_project/nav_sequencer_node.py -> /home/pranav/turtlebot3_ws/src/grazen_project/build/grazen_project/build/lib/grazen_project
running install
running install_lib
creating /home/pranav/turtlebot3_ws/src/grazen_project/install/grazen_project/lib/python3.10/site-packages/grazen_project
copying /home/pranav/turtlebot3_ws/src/grazen_project/build/grazen_project/build/lib/grazen_project/__init__.py -> /home/pranav/turtlebot3_ws/src/grazen_project/install/grazen_project/lib/python3.10/site-packages/grazen_project
copying /home/pranav/turtlebot3_ws/src/grazen_project/build/grazen_project/build/lib/grazen_project/nav_sequencer_node.py -> /home/pranav/turtlebot3_ws/src/grazen_project/install/grazen_project/lib/python3.10/site-packages/grazen_project
byte-compiling /home/pranav/turtlebot3_ws/src/grazen_project/install/grazen_project/lib/python3.10/site-packages/grazen_project/__init__.py to __init__.cpython-310.pyc
byte-compiling /home/pranav/turtlebot3_ws/src/grazen_project/install/grazen_project/lib/python3.10/site-packages/grazen_project/nav_sequencer_node.py to nav_sequencer_node.cpython-310.pyc
running install_data
creating /home/pranav/turtlebot3_ws/src/grazen_project/install/grazen_project/share/ament_index
creating /home/pranav/turtlebot3_ws/src/grazen_project/install/grazen_project/share/ament_index/resource_index
creating /home/pranav/turtlebot3_ws/src/grazen_project/install/grazen_project/share/ament_index/resource_index/packages
copying resource/grazen_project -> /home/pranav/turtlebot3_ws/src/grazen_project/install/grazen_project/share/ament_index/resource_index/packages
copying package.xml -> /home/pranav/turtlebot3_ws/src/grazen_project/install/grazen_project/share/grazen_project
running install_egg_info
Copying build/grazen_project/grazen_project.egg-info to /home/pranav/turtlebot3_ws/src/grazen_project/install/grazen_project/lib/python3.10/site-packages/grazen_project-0.0.0-py3.10.egg-info
running install_scripts
writing list of installed files to '/home/pranav/turtlebot3_ws/src/grazen_project/build/grazen_project/install.log'
