[0.394s] Invoking command in '/home/pranav/turtlebot3_ws/src/grazen_project': PYTHONPATH=/home/pranav/turtlebot3_ws/src/grazen_project/build/grazen_project/prefix_override:/usr/lib/python3/dist-packages/colcon_core/task/python/colcon_distutils_commands:/home/pranav/turtlebot3_ws/src/grazen_project/install/grazen_project/lib/python3.10/site-packages:${PYTHONPATH} /usr/bin/python3 -W ignore:setup.py install is deprecated -W ignore:easy_install command is deprecated setup.py egg_info --egg-base build/grazen_project build --build-base /home/pranav/turtlebot3_ws/src/grazen_project/build/grazen_project/build install --record /home/pranav/turtlebot3_ws/src/grazen_project/build/grazen_project/install.log --single-version-externally-managed install_data
[0.541s] running egg_info
[0.541s] creating build/grazen_project/grazen_project.egg-info
[0.541s] writing build/grazen_project/grazen_project.egg-info/PKG-INFO
[0.541s] writing dependency_links to build/grazen_project/grazen_project.egg-info/dependency_links.txt
[0.541s] writing entry points to build/grazen_project/grazen_project.egg-info/entry_points.txt
[0.541s] writing requirements to build/grazen_project/grazen_project.egg-info/requires.txt
[0.541s] writing top-level names to build/grazen_project/grazen_project.egg-info/top_level.txt
[0.541s] writing manifest file 'build/grazen_project/grazen_project.egg-info/SOURCES.txt'
[0.542s] reading manifest file 'build/grazen_project/grazen_project.egg-info/SOURCES.txt'
[0.543s] writing manifest file 'build/grazen_project/grazen_project.egg-info/SOURCES.txt'
[0.543s] running build
[0.543s] running build_py
[0.543s] creating /home/pranav/turtlebot3_ws/src/grazen_project/build/grazen_project/build
[0.543s] creating /home/pranav/turtlebot3_ws/src/grazen_project/build/grazen_project/build/lib
[0.543s] creating /home/pranav/turtlebot3_ws/src/grazen_project/build/grazen_project/build/lib/grazen_project
[0.543s] copying grazen_project/__init__.py -> /home/pranav/turtlebot3_ws/src/grazen_project/build/grazen_project/build/lib/grazen_project
[0.543s] copying grazen_project/nav_sequencer_node.py -> /home/pranav/turtlebot3_ws/src/grazen_project/build/grazen_project/build/lib/grazen_project
[0.543s] running install
[0.543s] running install_lib
[0.544s] creating /home/pranav/turtlebot3_ws/src/grazen_project/install/grazen_project/lib/python3.10/site-packages/grazen_project
[0.544s] copying /home/pranav/turtlebot3_ws/src/grazen_project/build/grazen_project/build/lib/grazen_project/__init__.py -> /home/pranav/turtlebot3_ws/src/grazen_project/install/grazen_project/lib/python3.10/site-packages/grazen_project
[0.544s] copying /home/pranav/turtlebot3_ws/src/grazen_project/build/grazen_project/build/lib/grazen_project/nav_sequencer_node.py -> /home/pranav/turtlebot3_ws/src/grazen_project/install/grazen_project/lib/python3.10/site-packages/grazen_project
[0.544s] byte-compiling /home/pranav/turtlebot3_ws/src/grazen_project/install/grazen_project/lib/python3.10/site-packages/grazen_project/__init__.py to __init__.cpython-310.pyc
[0.544s] byte-compiling /home/pranav/turtlebot3_ws/src/grazen_project/install/grazen_project/lib/python3.10/site-packages/grazen_project/nav_sequencer_node.py to nav_sequencer_node.cpython-310.pyc
[0.544s] running install_data
[0.544s] creating /home/pranav/turtlebot3_ws/src/grazen_project/install/grazen_project/share/ament_index
[0.544s] creating /home/pranav/turtlebot3_ws/src/grazen_project/install/grazen_project/share/ament_index/resource_index
[0.544s] creating /home/pranav/turtlebot3_ws/src/grazen_project/install/grazen_project/share/ament_index/resource_index/packages
[0.544s] copying resource/grazen_project -> /home/pranav/turtlebot3_ws/src/grazen_project/install/grazen_project/share/ament_index/resource_index/packages
[0.544s] copying package.xml -> /home/pranav/turtlebot3_ws/src/grazen_project/install/grazen_project/share/grazen_project
[0.544s] running install_egg_info
[0.545s] Copying build/grazen_project/grazen_project.egg-info to /home/pranav/turtlebot3_ws/src/grazen_project/install/grazen_project/lib/python3.10/site-packages/grazen_project-0.0.0-py3.10.egg-info
[0.545s] running install_scripts
[0.557s] writing list of installed files to '/home/pranav/turtlebot3_ws/src/grazen_project/build/grazen_project/install.log'
[0.570s] Invoked command in '/home/pranav/turtlebot3_ws/src/grazen_project' returned '0': PYTHONPATH=/home/pranav/turtlebot3_ws/src/grazen_project/build/grazen_project/prefix_override:/usr/lib/python3/dist-packages/colcon_core/task/python/colcon_distutils_commands:/home/pranav/turtlebot3_ws/src/grazen_project/install/grazen_project/lib/python3.10/site-packages:${PYTHONPATH} /usr/bin/python3 -W ignore:setup.py install is deprecated -W ignore:easy_install command is deprecated setup.py egg_info --egg-base build/grazen_project build --build-base /home/pranav/turtlebot3_ws/src/grazen_project/build/grazen_project/build install --record /home/pranav/turtlebot3_ws/src/grazen_project/build/grazen_project/install.log --single-version-externally-managed install_data
