[0.034s] Invoking command in '/home/pranav/turtle_test/build/turtlebot3_description': CMAKE_PREFIX_PATH=${CMAKE_PREFIX_PATH}:/home/pranav/turtle_test/install/turtlebot3_teleop:/home/pranav/turtle_test/install/grazen_system:/home/pranav/turtle_test/install/turtlebot3_example:/home/pranav/turtle_test/install/grazen_project:/opt/ros/humble /usr/bin/cmake --build /home/pranav/turtle_test/build/turtlebot3_description -- -j20 -l20
[0.467s] Invoked command in '/home/pranav/turtle_test/build/turtlebot3_description' returned '0': CMAKE_PREFIX_PATH=${CMAKE_PREFIX_PATH}:/home/pranav/turtle_test/install/turtlebot3_teleop:/home/pranav/turtle_test/install/grazen_system:/home/pranav/turtle_test/install/turtlebot3_example:/home/pranav/turtle_test/install/grazen_project:/opt/ros/humble /usr/bin/cmake --build /home/pranav/turtle_test/build/turtlebot3_description -- -j20 -l20
[0.468s] Invoking command in '/home/pranav/turtle_test/build/turtlebot3_description': CMAKE_PREFIX_PATH=${CMAKE_PREFIX_PATH}:/home/pranav/turtle_test/install/turtlebot3_teleop:/home/pranav/turtle_test/install/grazen_system:/home/pranav/turtle_test/install/turtlebot3_example:/home/pranav/turtle_test/install/grazen_project:/opt/ros/humble /usr/bin/cmake --install /home/pranav/turtle_test/build/turtlebot3_description
[0.498s] -- Install configuration: ""
[0.498s] -- Execute custom install script
[0.500s] -- Up-to-date symlink: /home/pranav/turtle_test/install/turtlebot3_description/share/turtlebot3_description/meshes/bases/burger_base.stl
[0.500s] -- Up-to-date symlink: /home/pranav/turtle_test/install/turtlebot3_description/share/turtlebot3_description/meshes/bases/waffle_base.stl
[0.501s] -- Up-to-date symlink: /home/pranav/turtle_test/install/turtlebot3_description/share/turtlebot3_description/meshes/bases/waffle_pi_base.stl
[0.501s] -- Up-to-date symlink: /home/pranav/turtle_test/install/turtlebot3_description/share/turtlebot3_description/meshes/sensors/astra.dae
[0.504s] -- Up-to-date symlink: /home/pranav/turtle_test/install/turtlebot3_description/share/turtlebot3_description/meshes/sensors/astra.jpg
[0.504s] -- Up-to-date symlink: /home/pranav/turtle_test/install/turtlebot3_description/share/turtlebot3_description/meshes/sensors/lds.stl
[0.504s] -- Up-to-date symlink: /home/pranav/turtle_test/install/turtlebot3_description/share/turtlebot3_description/meshes/sensors/r200.dae
[0.504s] -- Up-to-date symlink: /home/pranav/turtle_test/install/turtlebot3_description/share/turtlebot3_description/meshes/sensors/r200.jpg
[0.504s] -- Up-to-date symlink: /home/pranav/turtle_test/install/turtlebot3_description/share/turtlebot3_description/meshes/wheels/left_tire.stl
[0.504s] -- Up-to-date symlink: /home/pranav/turtle_test/install/turtlebot3_description/share/turtlebot3_description/meshes/wheels/right_tire.stl
[0.504s] -- Up-to-date symlink: /home/pranav/turtle_test/install/turtlebot3_description/share/turtlebot3_description/rviz/model.rviz
[0.504s] -- Up-to-date symlink: /home/pranav/turtle_test/install/turtlebot3_description/share/turtlebot3_description/urdf/common_properties.urdf
[0.504s] -- Up-to-date symlink: /home/pranav/turtle_test/install/turtlebot3_description/share/turtlebot3_description/urdf/turtlebot3_burger.urdf
[0.505s] -- Up-to-date symlink: /home/pranav/turtle_test/install/turtlebot3_description/share/turtlebot3_description/urdf/turtlebot3_waffle.urdf
[0.505s] -- Up-to-date symlink: /home/pranav/turtle_test/install/turtlebot3_description/share/turtlebot3_description/urdf/turtlebot3_waffle_pi.urdf
[0.505s] -- Up-to-date symlink: /home/pranav/turtle_test/install/turtlebot3_description/share/ament_index/resource_index/package_run_dependencies/turtlebot3_description
[0.505s] -- Up-to-date symlink: /home/pranav/turtle_test/install/turtlebot3_description/share/ament_index/resource_index/parent_prefix_path/turtlebot3_description
[0.505s] -- Up-to-date symlink: /home/pranav/turtle_test/install/turtlebot3_description/share/turtlebot3_description/environment/ament_prefix_path.sh
[0.505s] -- Up-to-date symlink: /home/pranav/turtle_test/install/turtlebot3_description/share/turtlebot3_description/environment/ament_prefix_path.dsv
[0.506s] -- Up-to-date symlink: /home/pranav/turtle_test/install/turtlebot3_description/share/turtlebot3_description/environment/path.sh
[0.506s] -- Up-to-date symlink: /home/pranav/turtle_test/install/turtlebot3_description/share/turtlebot3_description/environment/path.dsv
[0.506s] -- Up-to-date symlink: /home/pranav/turtle_test/install/turtlebot3_description/share/turtlebot3_description/local_setup.bash
[0.506s] -- Up-to-date symlink: /home/pranav/turtle_test/install/turtlebot3_description/share/turtlebot3_description/local_setup.sh
[0.506s] -- Up-to-date symlink: /home/pranav/turtle_test/install/turtlebot3_description/share/turtlebot3_description/local_setup.zsh
[0.507s] -- Up-to-date symlink: /home/pranav/turtle_test/install/turtlebot3_description/share/turtlebot3_description/local_setup.dsv
[0.508s] -- Symlinking: /home/pranav/turtle_test/install/turtlebot3_description/share/turtlebot3_description/package.dsv
[0.510s] -- Up-to-date symlink: /home/pranav/turtle_test/install/turtlebot3_description/share/ament_index/resource_index/packages/turtlebot3_description
[0.513s] -- Up-to-date symlink: /home/pranav/turtle_test/install/turtlebot3_description/share/turtlebot3_description/cmake/turtlebot3_descriptionConfig.cmake
[0.514s] -- Up-to-date symlink: /home/pranav/turtle_test/install/turtlebot3_description/share/turtlebot3_description/cmake/turtlebot3_descriptionConfig-version.cmake
[0.514s] -- Up-to-date symlink: /home/pranav/turtle_test/install/turtlebot3_description/share/turtlebot3_description/package.xml
[0.578s] Invoked command in '/home/pranav/turtle_test/build/turtlebot3_description' returned '0': CMAKE_PREFIX_PATH=${CMAKE_PREFIX_PATH}:/home/pranav/turtle_test/install/turtlebot3_teleop:/home/pranav/turtle_test/install/grazen_system:/home/pranav/turtle_test/install/turtlebot3_example:/home/pranav/turtle_test/install/grazen_project:/opt/ros/humble /usr/bin/cmake --install /home/pranav/turtle_test/build/turtlebot3_description
