[1.020s] Invoking command in '/home/pranav/turtle_test/src/grazen_project': PYTHONPATH=/home/pranav/turtle_test/build/grazen_project/prefix_override:/usr/lib/python3/dist-packages/colcon_core/task/python/colcon_distutils_commands:/home/pranav/turtle_test/install/grazen_project/lib/python3.10/site-packages:${PYTHONPATH} /usr/bin/python3 -W ignore:setup.py install is deprecated -W ignore:easy_install command is deprecated setup.py egg_info --egg-base ../../build/grazen_project build --build-base /home/pranav/turtle_test/build/grazen_project/build install --record /home/pranav/turtle_test/build/grazen_project/install.log --single-version-externally-managed install_data
[1.197s] running egg_info
[1.198s] writing ../../build/grazen_project/grazen_project.egg-info/PKG-INFO
[1.198s] writing dependency_links to ../../build/grazen_project/grazen_project.egg-info/dependency_links.txt
[1.198s] writing entry points to ../../build/grazen_project/grazen_project.egg-info/entry_points.txt
[1.198s] writing requirements to ../../build/grazen_project/grazen_project.egg-info/requires.txt
[1.198s] writing top-level names to ../../build/grazen_project/grazen_project.egg-info/top_level.txt
[1.199s] reading manifest file '../../build/grazen_project/grazen_project.egg-info/SOURCES.txt'
[1.200s] writing manifest file '../../build/grazen_project/grazen_project.egg-info/SOURCES.txt'
[1.200s] running build
[1.200s] running build_py
[1.200s] running install
[1.200s] running install_lib
[1.201s] running install_data
[1.201s] running install_egg_info
[1.202s] removing '/home/pranav/turtle_test/install/grazen_project/lib/python3.10/site-packages/grazen_project-0.0.0-py3.10.egg-info' (and everything under it)
[1.203s] Copying ../../build/grazen_project/grazen_project.egg-info to /home/pranav/turtle_test/install/grazen_project/lib/python3.10/site-packages/grazen_project-0.0.0-py3.10.egg-info
[1.203s] running install_scripts
[1.217s] Installing file_navigator script to /home/pranav/turtle_test/install/grazen_project/lib/grazen_project
[1.217s] Installing moving_obstacle script to /home/pranav/turtle_test/install/grazen_project/lib/grazen_project
[1.217s] Installing relative_navigator script to /home/pranav/turtle_test/install/grazen_project/lib/grazen_project
[1.218s] Installing universal_navigator script to /home/pranav/turtle_test/install/grazen_project/lib/grazen_project
[1.218s] Installing waypoint_navigator script to /home/pranav/turtle_test/install/grazen_project/lib/grazen_project
[1.218s] writing list of installed files to '/home/pranav/turtle_test/build/grazen_project/install.log'
[1.236s] Invoked command in '/home/pranav/turtle_test/src/grazen_project' returned '0': PYTHONPATH=/home/pranav/turtle_test/build/grazen_project/prefix_override:/usr/lib/python3/dist-packages/colcon_core/task/python/colcon_distutils_commands:/home/pranav/turtle_test/install/grazen_project/lib/python3.10/site-packages:${PYTHONPATH} /usr/bin/python3 -W ignore:setup.py install is deprecated -W ignore:easy_install command is deprecated setup.py egg_info --egg-base ../../build/grazen_project build --build-base /home/pranav/turtle_test/build/grazen_project/build install --record /home/pranav/turtle_test/build/grazen_project/install.log --single-version-externally-managed install_data
