[0.032s] Invoking command in '/home/pranav/turtle_test/build/explore_lite': CMAKE_PREFIX_PATH=${CMAKE_PREFIX_PATH}:/home/pranav/turtle_test/install/turtlebot3_teleop:/home/pranav/turtle_test/install/grazen_system:/home/pranav/turtle_test/install/turtlebot3_example:/home/pranav/turtle_test/install/grazen_project:/opt/ros/humble /usr/bin/cmake --build /home/pranav/turtle_test/build/explore_lite -- -j20 -l20
[0.453s] [ 20%] Built target gtest_main
[0.453s] [ 40%] Built target gtest
[0.453s] [ 80%] Built target explore
[0.453s] [100%] Built target test_explore
[0.471s] Invoked command in '/home/pranav/turtle_test/build/explore_lite' returned '0': CMAKE_PREFIX_PATH=${CMAKE_PREFIX_PATH}:/home/pranav/turtle_test/install/turtlebot3_teleop:/home/pranav/turtle_test/install/grazen_system:/home/pranav/turtle_test/install/turtlebot3_example:/home/pranav/turtle_test/install/grazen_project:/opt/ros/humble /usr/bin/cmake --build /home/pranav/turtle_test/build/explore_lite -- -j20 -l20
[0.473s] Invoking command in '/home/pranav/turtle_test/build/explore_lite': CMAKE_PREFIX_PATH=${CMAKE_PREFIX_PATH}:/home/pranav/turtle_test/install/turtlebot3_teleop:/home/pranav/turtle_test/install/grazen_system:/home/pranav/turtle_test/install/turtlebot3_example:/home/pranav/turtle_test/install/grazen_project:/opt/ros/humble /usr/bin/cmake --install /home/pranav/turtle_test/build/explore_lite
[0.521s] -- Install configuration: ""
[0.523s] -- Execute custom install script
[0.523s] -- Up-to-date symlink: /home/pranav/turtle_test/install/explore_lite/include/explore//costmap_client.h
[0.524s] -- Up-to-date symlink: /home/pranav/turtle_test/install/explore_lite/include/explore//costmap_tools.h
[0.526s] -- Up-to-date symlink: /home/pranav/turtle_test/install/explore_lite/include/explore//explore.h
[0.526s] -- Up-to-date symlink: /home/pranav/turtle_test/install/explore_lite/include/explore//frontier_search.h
[0.528s] -- Up-to-date symlink: /home/pranav/turtle_test/install/explore_lite/share/explore_lite/config/params.yaml
[0.528s] -- Up-to-date symlink: /home/pranav/turtle_test/install/explore_lite/share/explore_lite/config/params_costmap.yaml
[0.528s] -- Up-to-date symlink: /home/pranav/turtle_test/install/explore_lite/share/explore_lite/launch/explore.launch.py
[0.528s] -- Up-to-date symlink: /home/pranav/turtle_test/install/explore_lite/lib/explore_lite/explore
[0.529s] -- Up-to-date symlink: /home/pranav/turtle_test/install/explore_lite/share/ament_index/resource_index/package_run_dependencies/explore_lite
[0.529s] -- Up-to-date symlink: /home/pranav/turtle_test/install/explore_lite/share/ament_index/resource_index/parent_prefix_path/explore_lite
[0.531s] -- Up-to-date symlink: /home/pranav/turtle_test/install/explore_lite/share/explore_lite/environment/ament_prefix_path.sh
[0.531s] -- Up-to-date symlink: /home/pranav/turtle_test/install/explore_lite/share/explore_lite/environment/ament_prefix_path.dsv
[0.531s] -- Up-to-date symlink: /home/pranav/turtle_test/install/explore_lite/share/explore_lite/environment/path.sh
[0.531s] -- Up-to-date symlink: /home/pranav/turtle_test/install/explore_lite/share/explore_lite/environment/path.dsv
[0.531s] -- Up-to-date symlink: /home/pranav/turtle_test/install/explore_lite/share/explore_lite/local_setup.bash
[0.532s] -- Up-to-date symlink: /home/pranav/turtle_test/install/explore_lite/share/explore_lite/local_setup.sh
[0.532s] -- Up-to-date symlink: /home/pranav/turtle_test/install/explore_lite/share/explore_lite/local_setup.zsh
[0.533s] -- Up-to-date symlink: /home/pranav/turtle_test/install/explore_lite/share/explore_lite/local_setup.dsv
[0.533s] -- Symlinking: /home/pranav/turtle_test/install/explore_lite/share/explore_lite/package.dsv
[0.540s] -- Up-to-date symlink: /home/pranav/turtle_test/install/explore_lite/share/ament_index/resource_index/packages/explore_lite
[0.540s] -- Up-to-date symlink: /home/pranav/turtle_test/install/explore_lite/share/explore_lite/cmake/ament_cmake_export_include_directories-extras.cmake
[0.540s] -- Up-to-date symlink: /home/pranav/turtle_test/install/explore_lite/share/explore_lite/cmake/explore_liteConfig.cmake
[0.540s] -- Up-to-date symlink: /home/pranav/turtle_test/install/explore_lite/share/explore_lite/cmake/explore_liteConfig-version.cmake
[0.540s] -- Up-to-date symlink: /home/pranav/turtle_test/install/explore_lite/share/explore_lite/package.xml
[0.583s] Invoked command in '/home/pranav/turtle_test/build/explore_lite' returned '0': CMAKE_PREFIX_PATH=${CMAKE_PREFIX_PATH}:/home/pranav/turtle_test/install/turtlebot3_teleop:/home/pranav/turtle_test/install/grazen_system:/home/pranav/turtle_test/install/turtlebot3_example:/home/pranav/turtle_test/install/grazen_project:/opt/ros/humble /usr/bin/cmake --install /home/pranav/turtle_test/build/explore_lite
