[1.025s] Invoking command in '/home/pranav/turtle_test/src/turtlebot3/turtlebot3_teleop': PYTHONPATH=/home/pranav/turtle_test/build/turtlebot3_teleop/prefix_override:/usr/lib/python3/dist-packages/colcon_core/task/python/colcon_distutils_commands:/home/pranav/turtle_test/install/turtlebot3_teleop/lib/python3.10/site-packages:${PYTHONPATH} /usr/bin/python3 -W ignore:setup.py install is deprecated -W ignore:easy_install command is deprecated setup.py egg_info --egg-base ../../../build/turtlebot3_teleop build --build-base /home/pranav/turtle_test/build/turtlebot3_teleop/build install --record /home/pranav/turtle_test/build/turtlebot3_teleop/install.log --single-version-externally-managed install_data
[1.203s] running egg_info
[1.204s] writing ../../../build/turtlebot3_teleop/turtlebot3_teleop.egg-info/PKG-INFO
[1.204s] writing dependency_links to ../../../build/turtlebot3_teleop/turtlebot3_teleop.egg-info/dependency_links.txt
[1.204s] writing entry points to ../../../build/turtlebot3_teleop/turtlebot3_teleop.egg-info/entry_points.txt
[1.204s] writing requirements to ../../../build/turtlebot3_teleop/turtlebot3_teleop.egg-info/requires.txt
[1.204s] writing top-level names to ../../../build/turtlebot3_teleop/turtlebot3_teleop.egg-info/top_level.txt
[1.205s] reading manifest file '../../../build/turtlebot3_teleop/turtlebot3_teleop.egg-info/SOURCES.txt'
[1.206s] writing manifest file '../../../build/turtlebot3_teleop/turtlebot3_teleop.egg-info/SOURCES.txt'
[1.206s] running build
[1.206s] running build_py
[1.206s] running install
[1.206s] running install_lib
[1.207s] running install_data
[1.207s] running install_egg_info
[1.208s] removing '/home/pranav/turtle_test/install/turtlebot3_teleop/lib/python3.10/site-packages/turtlebot3_teleop-2.3.4-py3.10.egg-info' (and everything under it)
[1.208s] Copying ../../../build/turtlebot3_teleop/turtlebot3_teleop.egg-info to /home/pranav/turtle_test/install/turtlebot3_teleop/lib/python3.10/site-packages/turtlebot3_teleop-2.3.4-py3.10.egg-info
[1.209s] running install_scripts
[1.222s] Installing teleop_keyboard script to /home/pranav/turtle_test/install/turtlebot3_teleop/lib/turtlebot3_teleop
[1.223s] writing list of installed files to '/home/pranav/turtle_test/build/turtlebot3_teleop/install.log'
[1.244s] Invoked command in '/home/pranav/turtle_test/src/turtlebot3/turtlebot3_teleop' returned '0': PYTHONPATH=/home/pranav/turtle_test/build/turtlebot3_teleop/prefix_override:/usr/lib/python3/dist-packages/colcon_core/task/python/colcon_distutils_commands:/home/pranav/turtle_test/install/turtlebot3_teleop/lib/python3.10/site-packages:${PYTHONPATH} /usr/bin/python3 -W ignore:setup.py install is deprecated -W ignore:easy_install command is deprecated setup.py egg_info --egg-base ../../../build/turtlebot3_teleop build --build-base /home/pranav/turtle_test/build/turtlebot3_teleop/build install --record /home/pranav/turtle_test/build/turtlebot3_teleop/install.log --single-version-externally-managed install_data
