[0.886s] Invoking command in '/home/pranav/turtle_test/build/turtlebot3_teleop': PYTHONPATH=/home/pranav/turtle_test/build/turtlebot3_teleop/prefix_override:/usr/lib/python3/dist-packages/colcon_core/task/python/colcon_distutils_commands:/home/pranav/turtle_test/install/turtlebot3_teleop/lib/python3.10/site-packages:${PYTHONPATH} /usr/bin/python3 -W ignore:setup.py install is deprecated -W ignore:easy_install command is deprecated setup.py develop --uninstall --editable --build-directory /home/pranav/turtle_test/build/turtlebot3_teleop/build
[1.090s] running develop
[1.211s] Removing /home/pranav/turtle_test/install/turtlebot3_teleop/lib/python3.10/site-packages/turtlebot3-teleop.egg-link (link to .)
[1.286s] Invoked command in '/home/pranav/turtle_test/build/turtlebot3_teleop' returned '0': PYTHONPATH=/home/pranav/turtle_test/build/turtlebot3_teleop/prefix_override:/usr/lib/python3/dist-packages/colcon_core/task/python/colcon_distutils_commands:/home/pranav/turtle_test/install/turtlebot3_teleop/lib/python3.10/site-packages:${PYTHONPATH} /usr/bin/python3 -W ignore:setup.py install is deprecated -W ignore:easy_install command is deprecated setup.py develop --uninstall --editable --build-directory /home/pranav/turtle_test/build/turtlebot3_teleop/build
[1.287s] Invoking command in '/home/pranav/turtle_test/src/turtlebot3/turtlebot3_teleop': PYTHONPATH=/home/pranav/turtle_test/build/turtlebot3_teleop/prefix_override:/usr/lib/python3/dist-packages/colcon_core/task/python/colcon_distutils_commands:/home/pranav/turtle_test/install/turtlebot3_teleop/lib/python3.10/site-packages:${PYTHONPATH} /usr/bin/python3 -W ignore:setup.py install is deprecated -W ignore:easy_install command is deprecated setup.py egg_info --egg-base ../../../build/turtlebot3_teleop build --build-base /home/pranav/turtle_test/build/turtlebot3_teleop/build install --record /home/pranav/turtle_test/build/turtlebot3_teleop/install.log --single-version-externally-managed install_data --force
[1.536s] running egg_info
[1.536s] writing ../../../build/turtlebot3_teleop/turtlebot3_teleop.egg-info/PKG-INFO
[1.536s] writing dependency_links to ../../../build/turtlebot3_teleop/turtlebot3_teleop.egg-info/dependency_links.txt
[1.537s] writing entry points to ../../../build/turtlebot3_teleop/turtlebot3_teleop.egg-info/entry_points.txt
[1.537s] writing requirements to ../../../build/turtlebot3_teleop/turtlebot3_teleop.egg-info/requires.txt
[1.537s] writing top-level names to ../../../build/turtlebot3_teleop/turtlebot3_teleop.egg-info/top_level.txt
[1.538s] reading manifest file '../../../build/turtlebot3_teleop/turtlebot3_teleop.egg-info/SOURCES.txt'
[1.539s] writing manifest file '../../../build/turtlebot3_teleop/turtlebot3_teleop.egg-info/SOURCES.txt'
[1.539s] running build
[1.539s] running build_py
[1.539s] creating /home/pranav/turtle_test/build/turtlebot3_teleop/build
[1.539s] creating /home/pranav/turtle_test/build/turtlebot3_teleop/build/lib
[1.539s] creating /home/pranav/turtle_test/build/turtlebot3_teleop/build/lib/turtlebot3_teleop
[1.539s] copying turtlebot3_teleop/__init__.py -> /home/pranav/turtle_test/build/turtlebot3_teleop/build/lib/turtlebot3_teleop
[1.539s] creating /home/pranav/turtle_test/build/turtlebot3_teleop/build/lib/turtlebot3_teleop/script
[1.539s] copying turtlebot3_teleop/script/teleop_keyboard.py -> /home/pranav/turtle_test/build/turtlebot3_teleop/build/lib/turtlebot3_teleop/script
[1.539s] copying turtlebot3_teleop/script/__init__.py -> /home/pranav/turtle_test/build/turtlebot3_teleop/build/lib/turtlebot3_teleop/script
[1.539s] running install
[1.539s] running install_lib
[1.540s] creating /home/pranav/turtle_test/install/turtlebot3_teleop/lib/python3.10/site-packages/turtlebot3_teleop
[1.540s] copying /home/pranav/turtle_test/build/turtlebot3_teleop/build/lib/turtlebot3_teleop/__init__.py -> /home/pranav/turtle_test/install/turtlebot3_teleop/lib/python3.10/site-packages/turtlebot3_teleop
[1.540s] creating /home/pranav/turtle_test/install/turtlebot3_teleop/lib/python3.10/site-packages/turtlebot3_teleop/script
[1.540s] copying /home/pranav/turtle_test/build/turtlebot3_teleop/build/lib/turtlebot3_teleop/script/teleop_keyboard.py -> /home/pranav/turtle_test/install/turtlebot3_teleop/lib/python3.10/site-packages/turtlebot3_teleop/script
[1.540s] copying /home/pranav/turtle_test/build/turtlebot3_teleop/build/lib/turtlebot3_teleop/script/__init__.py -> /home/pranav/turtle_test/install/turtlebot3_teleop/lib/python3.10/site-packages/turtlebot3_teleop/script
[1.540s] byte-compiling /home/pranav/turtle_test/install/turtlebot3_teleop/lib/python3.10/site-packages/turtlebot3_teleop/__init__.py to __init__.cpython-310.pyc
[1.541s] byte-compiling /home/pranav/turtle_test/install/turtlebot3_teleop/lib/python3.10/site-packages/turtlebot3_teleop/script/teleop_keyboard.py to teleop_keyboard.cpython-310.pyc
[1.542s] byte-compiling /home/pranav/turtle_test/install/turtlebot3_teleop/lib/python3.10/site-packages/turtlebot3_teleop/script/__init__.py to __init__.cpython-310.pyc
[1.542s] running install_data
[1.542s] copying resource/turtlebot3_teleop -> /home/pranav/turtle_test/install/turtlebot3_teleop/share/ament_index/resource_index/packages
[1.542s] copying package.xml -> /home/pranav/turtle_test/install/turtlebot3_teleop/share/turtlebot3_teleop
[1.542s] running install_egg_info
[1.543s] Copying ../../../build/turtlebot3_teleop/turtlebot3_teleop.egg-info to /home/pranav/turtle_test/install/turtlebot3_teleop/lib/python3.10/site-packages/turtlebot3_teleop-2.3.4-py3.10.egg-info
[1.544s] running install_scripts
[1.559s] Installing teleop_keyboard script to /home/pranav/turtle_test/install/turtlebot3_teleop/lib/turtlebot3_teleop
[1.559s] writing list of installed files to '/home/pranav/turtle_test/build/turtlebot3_teleop/install.log'
[1.578s] Invoked command in '/home/pranav/turtle_test/src/turtlebot3/turtlebot3_teleop' returned '0': PYTHONPATH=/home/pranav/turtle_test/build/turtlebot3_teleop/prefix_override:/usr/lib/python3/dist-packages/colcon_core/task/python/colcon_distutils_commands:/home/pranav/turtle_test/install/turtlebot3_teleop/lib/python3.10/site-packages:${PYTHONPATH} /usr/bin/python3 -W ignore:setup.py install is deprecated -W ignore:easy_install command is deprecated setup.py egg_info --egg-base ../../../build/turtlebot3_teleop build --build-base /home/pranav/turtle_test/build/turtlebot3_teleop/build install --record /home/pranav/turtle_test/build/turtlebot3_teleop/install.log --single-version-externally-managed install_data --force
