-- The C compiler identification is GNU 11.4.0
-- The CXX compiler identification is GNU 11.4.0
-- Detecting C compiler ABI info
-- Detecting C compiler ABI info - done
-- Check for working C compiler: /usr/bin/cc - skipped
-- Detecting C compile features
-- Detecting C compile features - done
-- Detecting CXX compiler ABI info
-- Detecting CXX compiler ABI info - done
-- Check for working CXX compiler: /usr/bin/c++ - skipped
-- Detecting CXX compile features
-- Detecting CXX compile features - done
-- Found ament_cmake: 1.3.12 (/opt/ros/humble/share/ament_cmake/cmake)
-- Found Python3: /usr/bin/python3 (found version "3.10.12") found components: Interpreter 
-- Override CMake install command with custom implementation using symlinks instead of copying resources
-- Found rclcpp: 16.0.15 (/opt/ros/humble/share/rclcpp/cmake)
-- Found rosidl_generator_c: 3.1.7 (/opt/ros/humble/share/rosidl_generator_c/cmake)
-- Found rosidl_adapter: 3.1.7 (/opt/ros/humble/share/rosidl_adapter/cmake)
-- Found rosidl_generator_cpp: 3.1.7 (/opt/ros/humble/share/rosidl_generator_cpp/cmake)
-- Using all available rosidl_typesupport_c: rosidl_typesupport_fastrtps_c;rosidl_typesupport_introspection_c
-- Using all available rosidl_typesupport_cpp: rosidl_typesupport_fastrtps_cpp;rosidl_typesupport_introspection_cpp
-- Found rmw_implementation_cmake: 6.1.2 (/opt/ros/humble/share/rmw_implementation_cmake/cmake)
-- Found rmw_fastrtps_cpp: 6.2.9 (/opt/ros/humble/share/rmw_fastrtps_cpp/cmake)
-- Found OpenSSL: /usr/lib/x86_64-linux-gnu/libcrypto.so (found version "3.0.2")  
-- Found FastRTPS: /opt/ros/humble/include  
-- Using RMW implementation 'rmw_fastrtps_cpp' as default
-- Looking for pthread.h
-- Looking for pthread.h - found
-- Performing Test CMAKE_HAVE_LIBC_PTHREAD
-- Performing Test CMAKE_HAVE_LIBC_PTHREAD - Success
-- Found Threads: TRUE  
-- Found geometry_msgs: 4.9.0 (/opt/ros/humble/share/geometry_msgs/cmake)
-- Found image_geometry: 3.2.1 (/opt/ros/humble/share/image_geometry/cmake)
-- Found map_msgs: 2.1.0 (/opt/ros/humble/share/map_msgs/cmake)
-- Found tf2_geometry_msgs: 0.25.16 (/opt/ros/humble/share/tf2_geometry_msgs/cmake)
-- Found eigen3_cmake_module: 0.1.1 (/opt/ros/humble/share/eigen3_cmake_module/cmake)
-- Found Eigen3: TRUE (found version "3.4.0") 
-- Ensuring Eigen3 include directory is part of orocos-kdl CMake target
-- Found Boost: /usr/lib/x86_64-linux-gnu/cmake/Boost-1.74.0/BoostConfig.cmake (found version "1.74.0") found components: thread 
-- Found OpenCV: /usr (found version "4.5.4") 
-- Found ament_lint_auto: 0.12.14 (/opt/ros/humble/share/ament_lint_auto/cmake)
-- Found ament_cmake_gtest: 1.3.12 (/opt/ros/humble/share/ament_cmake_gtest/cmake)
--2025-11-25 04:01:38--  https://raw.githubusercontent.com/hrnr/m-explore-extra/master/map_merge/hector_maps/map00.pgm
Resolving raw.githubusercontent.com (raw.githubusercontent.com)... 185.199.111.133, 185.199.108.133, 185.199.109.133, ...
Connecting to raw.githubusercontent.com (raw.githubusercontent.com)|185.199.111.133|:443... connected.
HTTP request sent, awaiting response... 200 OK
Length: 4194362 (4.0M) [application/octet-stream]
Saving to: ‘/home/pranav/turtle_test/build/multirobot_map_merge/map00.pgm’

     0K .......... .......... .......... .......... ..........  1% 6.59M 1s
    50K .......... .......... .......... .......... ..........  2% 4.67M 1s
   100K .......... .......... .......... .......... ..........  3%  162M 0s
   150K .......... .......... .......... .......... ..........  4% 7.88M 0s
   200K .......... .......... .......... .......... ..........  6% 13.1M 0s
   250K .......... .......... .......... .......... ..........  7% 16.3M 0s
   300K .......... .......... .......... .......... ..........  8% 12.7M 0s
   350K .......... .......... .......... .......... ..........  9%  306M 0s
   400K .......... .......... .......... .......... .......... 10% 21.7M 0s
   450K .......... .......... .......... .......... .......... 12% 6.66M 0s
   500K .......... .......... .......... .......... .......... 13% 17.1M 0s
   550K .......... .......... .......... .......... .......... 14%  346M 0s
   600K .......... .......... .......... .......... .......... 15% 24.8M 0s
   650K .......... .......... .......... .......... .......... 17% 11.8M 0s
   700K .......... .......... .......... .......... .......... 18%  354M 0s
   750K .......... .......... .......... .......... .......... 19% 25.7M 0s
   800K .......... .......... .......... .......... .......... 20% 12.0M 0s
   850K .......... .......... .......... .......... .......... 21% 21.7M 0s
   900K .......... .......... .......... .......... .......... 23% 12.9M 0s
   950K .......... .......... .......... .......... .......... 24%  134M 0s
  1000K .......... .......... .......... .......... .......... 25% 25.0M 0s
  1050K .......... .......... .......... .......... .......... 26% 10.1M 0s
  1100K .......... .......... .......... .......... .......... 28% 25.8M 0s
  1150K .......... .......... .......... .......... .......... 29% 25.8M 0s
  1200K .......... .......... .......... .......... .......... 30% 15.9M 0s
  1250K .......... .......... .......... .......... .......... 31% 42.3M 0s
  1300K .......... .......... .......... .......... .......... 32% 12.3M 0s
  1350K .......... .......... .......... .......... .......... 34%  252M 0s
  1400K .......... .......... .......... .......... .......... 35% 26.2M 0s
  1450K .......... .......... .......... .......... .......... 36% 18.2M 0s
  1500K .......... .......... .......... .......... .......... 37% 13.1M 0s
  1550K .......... .......... .......... .......... .......... 39%  176M 0s
  1600K .......... .......... .......... .......... .......... 40% 37.3M 0s
  1650K .......... .......... .......... .......... .......... 41% 10.2M 0s
  1700K .......... .......... .......... .......... .......... 42%  262M 0s
  1750K .......... .......... .......... .......... .......... 43% 25.0M 0s
  1800K .......... .......... .......... .......... .......... 45% 16.1M 0s
  1850K .......... .......... .......... .......... .......... 46% 26.1M 0s
  1900K .......... .......... .......... .......... .......... 47% 15.6M 0s
  1950K .......... .......... .......... .......... .......... 48% 14.5M 0s
  2000K .......... .......... .......... .......... .......... 50%  294M 0s
  2050K .......... .......... .......... .......... .......... 51% 26.0M 0s
  2100K .......... .......... .......... .......... .......... 52% 16.8M 0s
  2150K .......... .......... .......... .......... .......... 53% 7.07M 0s
  2200K .......... .......... .......... .......... .......... 54% 15.4M 0s
  2250K .......... .......... .......... .......... .......... 56% 60.2M 0s
  2300K .......... .......... .......... .......... .......... 57% 10.5M 0s
  2350K .......... .......... .......... .......... .......... 58%  339M 0s
  2400K .......... .......... .......... .......... .......... 59% 25.8M 0s
  2450K .......... .......... .......... .......... .......... 61% 24.8M 0s
  2500K .......... .......... .......... .......... .......... 62% 11.8M 0s
  2550K .......... .......... .......... .......... .......... 63%  287M 0s
  2600K .......... .......... .......... .......... .......... 64% 27.0M 0s
  2650K .......... .......... .......... .......... .......... 65% 12.0M 0s
  2700K .......... .......... .......... .......... .......... 67%  296M 0s
  2750K .......... .......... .......... .......... .......... 68% 5.55M 0s
  2800K .......... .......... .......... .......... .......... 69% 12.5M 0s
  2850K .......... .......... .......... .......... .......... 70% 90.7M 0s
  2900K .......... .......... .......... .......... .......... 72% 34.5M 0s
  2950K .......... .......... .......... .......... .......... 73% 22.8M 0s
  3000K .......... .......... .......... .......... .......... 74% 12.1M 0s
  3050K .......... .......... .......... .......... .......... 75%  314M 0s
  3100K .......... .......... .......... .......... .......... 76% 8.60M 0s
  3150K .......... .......... .......... .......... .......... 78% 23.6M 0s
  3200K .......... .......... .......... .......... .......... 79% 30.4M 0s
  3250K .......... .......... .......... .......... .......... 80% 19.6M 0s
  3300K .......... .......... .......... .......... .......... 81% 15.4M 0s
  3350K .......... .......... .......... .......... .......... 83% 35.2M 0s
  3400K .......... .......... .......... .......... .......... 84% 14.6M 0s
  3450K .......... .......... .......... .......... .......... 85% 74.5M 0s
  3500K .......... .......... .......... .......... .......... 86% 13.9M 0s
  3550K .......... .......... .......... .......... .......... 87% 24.7M 0s
  3600K .......... .......... .......... .......... .......... 89% 62.0M 0s
  3650K .......... .......... .......... .......... .......... 90% 10.2M 0s
  3700K .......... .......... .......... .......... .......... 91%  127M 0s
  3750K .......... .......... .......... .......... .......... 92% 44.5M 0s
  3800K .......... .......... .......... .......... .......... 93% 34.8M 0s
  3850K .......... .......... .......... .......... .......... 95% 24.9M 0s
  3900K .......... .......... .......... .......... .......... 96% 12.4M 0s
  3950K .......... .......... .......... .......... .......... 97% 23.6M 0s
  4000K .......... .......... .......... .......... .......... 98% 14.5M 0s
  4050K .......... .......... .......... .......... ......    100%  186M=0.2s

2025-11-25 04:01:38 (18.6 MB/s) - ‘/home/pranav/turtle_test/build/multirobot_map_merge/map00.pgm’ saved [4194362/4194362]

Checking MD5 sum of /home/pranav/turtle_test/build/multirobot_map_merge/map00.pgm
/home/pranav/turtle_test/build/multirobot_map_merge/map00.pgm: OK
--2025-11-25 04:01:38--  https://raw.githubusercontent.com/hrnr/m-explore-extra/master/map_merge/hector_maps/map05.pgm
Resolving raw.githubusercontent.com (raw.githubusercontent.com)... 185.199.109.133, 185.199.111.133, 185.199.108.133, ...
Connecting to raw.githubusercontent.com (raw.githubusercontent.com)|185.199.109.133|:443... connected.
HTTP request sent, awaiting response... 200 OK
Length: 4194362 (4.0M) [application/octet-stream]
Saving to: ‘/home/pranav/turtle_test/build/multirobot_map_merge/map05.pgm’

     0K .......... .......... .......... .......... ..........  1% 4.72M 1s
    50K .......... .......... .......... .......... ..........  2% 7.35M 1s
   100K .......... .......... .......... .......... ..........  3% 13.6M 1s
   150K .......... .......... .......... .......... ..........  4% 6.99M 1s
   200K .......... .......... .......... .......... ..........  6% 10.2M 0s
   250K .......... .......... .......... .......... ..........  7% 35.4M 0s
   300K .......... .......... .......... .......... ..........  8% 25.9M 0s
   350K .......... .......... .......... .......... ..........  9% 30.6M 0s
   400K .......... .......... .......... .......... .......... 10% 21.0M 0s
   450K .......... .......... .......... .......... .......... 12% 5.86M 0s
   500K .......... .......... .......... .......... .......... 13% 9.54M 0s
   550K .......... .......... .......... .......... .......... 14% 17.4M 0s
   600K .......... .......... .......... .......... .......... 15% 42.7M 0s
   650K .......... .......... .......... .......... .......... 17% 24.3M 0s
   700K .......... .......... .......... .......... .......... 18% 19.7M 0s
   750K .......... .......... .......... .......... .......... 19% 23.9M 0s
   800K .......... .......... .......... .......... .......... 20% 24.7M 0s
   850K .......... .......... .......... .......... .......... 21% 23.9M 0s
   900K .......... .......... .......... .......... .......... 23% 19.1M 0s
   950K .......... .......... .......... .......... .......... 24% 12.2M 0s
  1000K .......... .......... .......... .......... .......... 25% 94.6M 0s
  1050K .......... .......... .......... .......... .......... 26% 23.5M 0s
  1100K .......... .......... .......... .......... .......... 28% 24.1M 0s
  1150K .......... .......... .......... .......... .......... 29% 22.9M 0s
  1200K .......... .......... .......... .......... .......... 30% 24.4M 0s
  1250K .......... .......... .......... .......... .......... 31% 24.8M 0s
  1300K .......... .......... .......... .......... .......... 32% 23.9M 0s
  1350K .......... .......... .......... .......... .......... 34% 9.01M 0s
  1400K .......... .......... .......... .......... .......... 35% 24.9M 0s
  1450K .......... .......... .......... .......... .......... 36% 31.0M 0s
  1500K .......... .......... .......... .......... .......... 37% 10.5M 0s
  1550K .......... .......... .......... .......... .......... 39% 24.4M 0s
  1600K .......... .......... .......... .......... .......... 40% 22.8M 0s
  1650K .......... .......... .......... .......... .......... 41% 24.9M 0s
  1700K .......... .......... .......... .......... .......... 42% 24.3M 0s
  1750K .......... .......... .......... .......... .......... 43% 24.5M 0s
  1800K .......... .......... .......... .......... .......... 45% 12.6M 0s
  1850K .......... .......... .......... .......... .......... 46% 23.6M 0s
  1900K .......... .......... .......... .......... .......... 47% 23.3M 0s
  1950K .......... .......... .......... .......... .......... 48% 24.3M 0s
  2000K .......... .......... .......... .......... .......... 50% 24.6M 0s
  2050K .......... .......... .......... .......... .......... 51% 8.91M 0s
  2100K .......... .......... .......... .......... .......... 52% 24.9M 0s
  2150K .......... .......... .......... .......... .......... 53% 24.0M 0s
  2200K .......... .......... .......... .......... .......... 54% 24.2M 0s
  2250K .......... .......... .......... .......... .......... 56% 23.5M 0s
  2300K .......... .......... .......... .......... .......... 57% 24.9M 0s
  2350K .......... .......... .......... .......... .......... 58% 24.0M 0s
  2400K .......... .......... .......... .......... .......... 59% 23.9M 0s
  2450K .......... .......... .......... .......... .......... 61% 24.1M 0s
  2500K .......... .......... .......... .......... .......... 62% 23.8M 0s
  2550K .......... .......... .......... .......... .......... 63% 24.4M 0s
  2600K .......... .......... .......... .......... .......... 64% 23.1M 0s
  2650K .......... .......... .......... .......... .......... 65% 12.3M 0s
  2700K .......... .......... .......... .......... .......... 67% 23.9M 0s
  2750K .......... .......... .......... .......... .......... 68% 24.3M 0s
  2800K .......... .......... .......... .......... .......... 69% 23.4M 0s
  2850K .......... .......... .......... .......... .......... 70% 23.9M 0s
  2900K .......... .......... .......... .......... .......... 72% 24.6M 0s
  2950K .......... .......... .......... .......... .......... 73% 23.5M 0s
  3000K .......... .......... .......... .......... .......... 74% 25.2M 0s
  3050K .......... .......... .......... .......... .......... 75% 23.3M 0s
  3100K .......... .......... .......... .......... .......... 76% 24.6M 0s
  3150K .......... .......... .......... .......... .......... 78% 24.8M 0s
  3200K .......... .......... .......... .......... .......... 79% 24.2M 0s
  3250K .......... .......... .......... .......... .......... 80% 10.2M 0s
  3300K .......... .......... .......... .......... .......... 81% 22.3M 0s
  3350K .......... .......... .......... .......... .......... 83% 24.3M 0s
  3400K .......... .......... .......... .......... .......... 84% 23.9M 0s
  3450K .......... .......... .......... .......... .......... 85% 22.5M 0s
  3500K .......... .......... .......... .......... .......... 86% 11.0M 0s
  3550K .......... .......... .......... .......... .......... 87% 12.7M 0s
  3600K .......... .......... .......... .......... .......... 89% 8.51M 0s
  3650K .......... .......... .......... .......... .......... 90% 49.0M 0s
  3700K .......... .......... .......... .......... .......... 91% 23.8M 0s
  3750K .......... .......... .......... .......... .......... 92% 23.6M 0s
  3800K .......... .......... .......... .......... .......... 93% 24.0M 0s
  3850K .......... .......... .......... .......... .......... 95% 24.6M 0s
  3900K .......... .......... .......... .......... .......... 96% 24.2M 0s
  3950K .......... .......... .......... .......... .......... 97% 8.85M 0s
  4000K .......... .......... .......... .......... .......... 98% 33.0M 0s
  4050K .......... .......... .......... .......... ......    100%  172M=0.2s

2025-11-25 04:01:38 (18.0 MB/s) - ‘/home/pranav/turtle_test/build/multirobot_map_merge/map05.pgm’ saved [4194362/4194362]

Checking MD5 sum of /home/pranav/turtle_test/build/multirobot_map_merge/map05.pgm
/home/pranav/turtle_test/build/multirobot_map_merge/map05.pgm: OK
--2025-11-25 04:01:38--  https://raw.githubusercontent.com/hrnr/m-explore-extra/master/map_merge/gmapping_maps/2011-08-09-12-22-52.pgm
Resolving raw.githubusercontent.com (raw.githubusercontent.com)... 185.199.111.133, 185.199.110.133, 185.199.109.133, ...
Connecting to raw.githubusercontent.com (raw.githubusercontent.com)|185.199.111.133|:443... connected.
HTTP request sent, awaiting response... 200 OK
Length: 16000058 (15M) [application/octet-stream]
Saving to: ‘/home/pranav/turtle_test/build/multirobot_map_merge/2011-08-09-12-22-52.pgm’

     0K .......... .......... .......... .......... ..........  0% 4.95M 3s
    50K .......... .......... .......... .......... ..........  0% 13.1M 2s
   100K .......... .......... .......... .......... ..........  0% 8.92M 2s
   150K .......... .......... .......... .......... ..........  1% 21.9M 2s
   200K .......... .......... .......... .......... ..........  1% 17.3M 1s
   250K .......... .......... .......... .......... ..........  1% 33.0M 1s
   300K .......... .......... .......... .......... ..........  2% 10.5M 1s
   350K .......... .......... .......... .......... ..........  2% 6.62M 1s
   400K .......... .......... .......... .......... ..........  2% 27.2M 1s
   450K .......... .......... .......... .......... ..........  3% 10.2M 1s
   500K .......... .......... .......... .......... ..........  3%  275M 1s
   550K .......... .......... .......... .......... ..........  3% 32.0M 1s
   600K .......... .......... .......... .......... ..........  4% 23.2M 1s
   650K .......... .......... .......... .......... ..........  4%  273M 1s
   700K .......... .......... .......... .......... ..........  4% 17.6M 1s
   750K .......... .......... .......... .......... ..........  5% 11.3M 1s
   800K .......... .......... .......... .......... ..........  5% 14.9M 1s
   850K .......... .......... .......... .......... ..........  5% 8.68M 1s
   900K .......... .......... .......... .......... ..........  6%  278M 1s
   950K .......... .......... .......... .......... ..........  6% 25.4M 1s
  1000K .......... .......... .......... .......... ..........  6% 22.5M 1s
  1050K .......... .......... .......... .......... ..........  7% 24.2M 1s
  1100K .......... .......... .......... .......... ..........  7% 23.8M 1s
  1150K .......... .......... .......... .......... ..........  7% 23.4M 1s
  1200K .......... .......... .......... .......... ..........  7% 17.9M 1s
  1250K .......... .......... .......... .......... ..........  8% 8.17M 1s
  1300K .......... .......... .......... .......... ..........  8%  299M 1s
  1350K .......... .......... .......... .......... ..........  8% 17.5M 1s
  1400K .......... .......... .......... .......... ..........  9% 28.2M 1s
  1450K .......... .......... .......... .......... ..........  9% 22.7M 1s
  1500K .......... .......... .......... .......... ..........  9% 12.5M 1s
  1550K .......... .......... .......... .......... .......... 10%  280M 1s
  1600K .......... .......... .......... .......... .......... 10% 20.6M 1s
  1650K .......... .......... .......... .......... .......... 10% 17.4M 1s
  1700K .......... .......... .......... .......... .......... 11% 36.5M 1s
  1750K .......... .......... .......... .......... .......... 11% 11.6M 1s
  1800K .......... .......... .......... .......... .......... 11%  181M 1s
  1850K .......... .......... .......... .......... .......... 12% 34.4M 1s
  1900K .......... .......... .......... .......... .......... 12% 10.5M 1s
  1950K .......... .......... .......... .......... .......... 12%  324M 1s
  2000K .......... .......... .......... .......... .......... 13% 10.9M 1s
  2050K .......... .......... .......... .......... .......... 13%  109M 1s
  2100K .......... .......... .......... .......... .......... 13% 24.4M 1s
  2150K .......... .......... .......... .......... .......... 14% 12.6M 1s
  2200K .......... .......... .......... .......... .......... 14% 30.1M 1s
  2250K .......... .......... .......... .......... .......... 14% 15.6M 1s
  2300K .......... .......... .......... .......... .......... 15% 34.8M 1s
  2350K .......... .......... .......... .......... .......... 15% 23.9M 1s
  2400K .......... .......... .......... .......... .......... 15%  256M 1s
  2450K .......... .......... .......... .......... .......... 15% 15.9M 1s
  2500K .......... .......... .......... .......... .......... 16% 18.5M 1s
  2550K .......... .......... .......... .......... .......... 16% 7.23M 1s
  2600K .......... .......... .......... .......... .......... 16% 19.9M 1s
  2650K .......... .......... .......... .......... .......... 17% 39.3M 1s
  2700K .......... .......... .......... .......... .......... 17% 22.6M 1s
  2750K .......... .......... .......... .......... .......... 17% 20.0M 1s
  2800K .......... .......... .......... .......... .......... 18% 22.8M 1s
  2850K .......... .......... .......... .......... .......... 18% 24.4M 1s
  2900K .......... .......... .......... .......... .......... 18% 23.5M 1s
  2950K .......... .......... .......... .......... .......... 19% 21.7M 1s
  3000K .......... .......... .......... .......... .......... 19% 19.8M 1s
  3050K .......... .......... .......... .......... .......... 19% 32.2M 1s
  3100K .......... .......... .......... .......... .......... 20% 24.2M 1s
  3150K .......... .......... .......... .......... .......... 20% 8.67M 1s
  3200K .......... .......... .......... .......... .......... 20% 24.0M 1s
  3250K .......... .......... .......... .......... .......... 21% 23.6M 1s
  3300K .......... .......... .......... .......... .......... 21% 23.5M 1s
  3350K .......... .......... .......... .......... .......... 21% 22.0M 1s
  3400K .......... .......... .......... .......... .......... 22% 25.1M 1s
  3450K .......... .......... .......... .......... .......... 22% 24.1M 1s
  3500K .......... .......... .......... .......... .......... 22% 23.7M 1s
  3550K .......... .......... .......... .......... .......... 23% 16.1M 1s
  3600K .......... .......... .......... .......... .......... 23% 9.51M 1s
  3650K .......... .......... .......... .......... .......... 23% 23.4M 1s
  3700K .......... .......... .......... .......... .......... 23% 24.2M 1s
  3750K .......... .......... .......... .......... .......... 24% 23.8M 1s
  3800K .......... .......... .......... .......... .......... 24% 23.5M 1s
  3850K .......... .......... .......... .......... .......... 24% 12.8M 1s
  3900K .......... .......... .......... .......... .......... 25%  149M 1s
  3950K .......... .......... .......... .......... .......... 25% 17.8M 1s
  4000K .......... .......... .......... .......... .......... 25% 34.5M 1s
  4050K .......... .......... .......... .......... .......... 26% 9.58M 1s
  4100K .......... .......... .......... .......... .......... 26%  372M 1s
  4150K .......... .......... .......... .......... .......... 26% 50.3M 1s
  4200K .......... .......... .......... .......... .......... 27% 13.6M 1s
  4250K .......... .......... .......... .......... .......... 27% 17.8M 1s
  4300K .......... .......... .......... .......... .......... 27% 40.6M 1s
  4350K .......... .......... .......... .......... .......... 28% 24.6M 1s
  4400K .......... .......... .......... .......... .......... 28% 17.8M 1s
  4450K .......... .......... .......... .......... .......... 28% 8.53M 1s
  4500K .......... .......... .......... .......... .......... 29%  208M 1s
  4550K .......... .......... .......... .......... .......... 29%  358M 1s
  4600K .......... .......... .......... .......... .......... 29% 15.9M 1s
  4650K .......... .......... .......... .......... .......... 30% 10.1M 1s
  4700K .......... .......... .......... .......... .......... 30% 30.1M 1s
  4750K .......... .......... .......... .......... .......... 30% 14.3M 1s
  4800K .......... .......... .......... .......... .......... 31% 68.9M 1s
  4850K .......... .......... .......... .......... .......... 31% 19.9M 1s
  4900K .......... .......... .......... .......... .......... 31% 25.6M 1s
  4950K .......... .......... .......... .......... .......... 31% 20.4M 1s
  5000K .......... .......... .......... .......... .......... 32% 27.9M 1s
  5050K .......... .......... .......... .......... .......... 32% 10.4M 1s
  5100K .......... .......... .......... .......... .......... 32% 25.7M 1s
  5150K .......... .......... .......... .......... .......... 33% 21.9M 1s
  5200K .......... .......... .......... .......... .......... 33% 25.4M 1s
  5250K .......... .......... .......... .......... .......... 33% 5.80M 1s
  5300K .......... .......... .......... .......... .......... 34% 33.8M 1s
  5350K .......... .......... .......... .......... .......... 34% 19.2M 1s
  5400K .......... .......... .......... .......... .......... 34% 41.3M 1s
  5450K .......... .......... .......... .......... .......... 35% 16.5M 1s
  5500K .......... .......... .......... .......... .......... 35% 32.0M 1s
  5550K .......... .......... .......... .......... .......... 35% 19.7M 1s
  5600K .......... .......... .......... .......... .......... 36% 32.3M 1s
  5650K .......... .......... .......... .......... .......... 36% 9.13M 1s
  5700K .......... .......... .......... .......... .......... 36% 21.7M 1s
  5750K .......... .......... .......... .......... .......... 37% 22.0M 1s
  5800K .......... .......... .......... .......... .......... 37% 25.0M 1s
  5850K .......... .......... .......... .......... .......... 37% 17.6M 1s
  5900K .......... .......... .......... .......... .......... 38% 7.09M 1s
  5950K .......... .......... .......... .......... .......... 38% 26.1M 1s
  6000K .......... .......... .......... .......... .......... 38% 22.2M 0s
  6050K .......... .......... .......... .......... .......... 39% 24.0M 0s
  6100K .......... .......... .......... .......... .......... 39% 20.5M 0s
  6150K .......... .......... .......... .......... .......... 39% 23.3M 0s
  6200K .......... .......... .......... .......... .......... 39% 24.6M 0s
  6250K .......... .......... .......... .......... .......... 40% 23.7M 0s
  6300K .......... .......... .......... .......... .......... 40% 12.7M 0s
  6350K .......... .......... .......... .......... .......... 40% 25.3M 0s
  6400K .......... .......... .......... .......... .......... 41% 23.6M 0s
  6450K .......... .......... .......... .......... .......... 41% 23.9M 0s
  6500K .......... .......... .......... .......... .......... 41% 18.2M 0s
  6550K .......... .......... .......... .......... .......... 42% 25.6M 0s
  6600K .......... .......... .......... .......... .......... 42% 6.41M 0s
  6650K .......... .......... .......... .......... .......... 42% 27.9M 0s
  6700K .......... .......... .......... .......... .......... 43% 22.9M 0s
  6750K .......... .......... .......... .......... .......... 43% 23.4M 0s
  6800K .......... .......... .......... .......... .......... 43% 18.8M 0s
  6850K .......... .......... .......... .......... .......... 44% 19.7M 0s
  6900K .......... .......... .......... .......... .......... 44% 35.4M 0s
  6950K .......... .......... .......... .......... .......... 44% 19.7M 0s
  7000K .......... .......... .......... .......... .......... 45% 11.1M 0s
  7050K .......... .......... .......... .......... .......... 45%  340M 0s
  7100K .......... .......... .......... .......... .......... 45% 21.7M 0s
  7150K .......... .......... .......... .......... .......... 46% 28.9M 0s
  7200K .......... .......... .......... .......... .......... 46% 17.1M 0s
  7250K .......... .......... .......... .......... .......... 46% 24.1M 0s
  7300K .......... .......... .......... .......... .......... 47% 13.2M 0s
  7350K .......... .......... .......... .......... .......... 47% 51.8M 0s
  7400K .......... .......... .......... .......... .......... 47% 10.1M 0s
  7450K .......... .......... .......... .......... .......... 47% 23.2M 0s
  7500K .......... .......... .......... .......... .......... 48% 24.1M 0s
  7550K .......... .......... .......... .......... .......... 48% 23.8M 0s
  7600K .......... .......... .......... .......... .......... 48% 21.9M 0s
  7650K .......... .......... .......... .......... .......... 49% 24.1M 0s
  7700K .......... .......... .......... .......... .......... 49% 25.3M 0s
  7750K .......... .......... .......... .......... .......... 49% 23.0M 0s
  7800K .......... .......... .......... .......... .......... 50% 23.5M 0s
  7850K .......... .......... .......... .......... .......... 50% 20.5M 0s
  7900K .......... .......... .......... .......... .......... 50% 21.8M 0s
  7950K .......... .......... .......... .......... .......... 51% 27.5M 0s
  8000K .......... .......... .......... .......... .......... 51% 14.0M 0s
  8050K .......... .......... .......... .......... .......... 51% 9.90M 0s
  8100K .......... .......... .......... .......... .......... 52% 15.9M 0s
  8150K .......... .......... .......... .......... .......... 52% 25.7M 0s
  8200K .......... .......... .......... .......... .......... 52% 42.0M 0s
  8250K .......... .......... .......... .......... .......... 53% 15.1M 0s
  8300K .......... .......... .......... .......... .......... 53% 31.1M 0s
  8350K .......... .......... .......... .......... .......... 53% 29.5M 0s
  8400K .......... .......... .......... .......... .......... 54% 28.7M 0s
  8450K .......... .......... .......... .......... .......... 54% 15.2M 0s
  8500K .......... .......... .......... .......... .......... 54% 23.0M 0s
  8550K .......... .......... .......... .......... .......... 55% 26.3M 0s
  8600K .......... .......... .......... .......... .......... 55% 23.7M 0s
  8650K .......... .......... .......... .......... .......... 55% 16.4M 0s
  8700K .......... .......... .......... .......... .......... 55% 11.0M 0s
  8750K .......... .......... .......... .......... .......... 56% 23.8M 0s
  8800K .......... .......... .......... .......... .......... 56% 23.9M 0s
  8850K .......... .......... .......... .......... .......... 56% 23.4M 0s
  8900K .......... .......... .......... .......... .......... 57% 13.5M 0s
  8950K .......... .......... .......... .......... .......... 57% 38.1M 0s
  9000K .......... .......... .......... .......... .......... 57% 23.8M 0s
  9050K .......... .......... .......... .......... .......... 58% 18.2M 0s
  9100K .......... .......... .......... .......... .......... 58% 59.0M 0s
  9150K .......... .......... .......... .......... .......... 58% 16.1M 0s
  9200K .......... .......... .......... .......... .......... 59% 47.2M 0s
  9250K .......... .......... .......... .......... .......... 59% 21.6M 0s
  9300K .......... .......... .......... .......... .......... 59% 7.30M 0s
  9350K .......... .......... .......... .......... .......... 60% 24.1M 0s
  9400K .......... .......... .......... .......... .......... 60% 24.3M 0s
  9450K .......... .......... .......... .......... .......... 60% 21.2M 0s
  9500K .......... .......... .......... .......... .......... 61% 21.2M 0s
  9550K .......... .......... .......... .......... .......... 61% 24.9M 0s
  9600K .......... .......... .......... .......... .......... 61% 17.2M 0s
  9650K .......... .......... .......... .......... .......... 62% 37.2M 0s
  9700K .......... .......... .......... .......... .......... 62% 13.4M 0s
  9750K .......... .......... .......... .......... .......... 62% 14.1M 0s
  9800K .......... .......... .......... .......... .......... 63% 81.6M 0s
  9850K .......... .......... .......... .......... .......... 63% 9.08M 0s
  9900K .......... .......... .......... .......... .......... 63% 36.6M 0s
  9950K .......... .......... .......... .......... .......... 63% 12.5M 0s
 10000K .......... .......... .......... .......... .......... 64% 33.5M 0s
 10050K .......... .......... .......... .......... .......... 64% 41.8M 0s
 10100K .......... .......... .......... .......... .......... 64% 31.6M 0s
 10150K .......... .......... .......... .......... .......... 65% 12.4M 0s
 10200K .......... .......... .......... .......... .......... 65% 22.7M 0s
 10250K .......... .......... .......... .......... .......... 65% 13.1M 0s
 10300K .......... .......... .......... .......... .......... 66% 21.9M 0s
 10350K .......... .......... .......... .......... .......... 66% 24.0M 0s
 10400K .......... .......... .......... .......... .......... 66%  250M 0s
 10450K .......... .......... .......... .......... .......... 67% 21.2M 0s
 10500K .......... .......... .......... .......... .......... 67% 25.8M 0s
 10550K .......... .......... .......... .......... .......... 67% 12.0M 0s
 10600K .......... .......... .......... .......... .......... 68% 21.8M 0s
 10650K .......... .......... .......... .......... .......... 68% 23.9M 0s
 10700K .......... .......... .......... .......... .......... 68% 71.2M 0s
 10750K .......... .......... .......... .......... .......... 69% 24.1M 0s
 10800K .......... .......... .......... .......... .......... 69% 17.7M 0s
 10850K .......... .......... .......... .......... .......... 69% 16.3M 0s
 10900K .......... .......... .......... .......... .......... 70% 20.9M 0s
 10950K .......... .......... .......... .......... .......... 70% 7.25M 0s
 11000K .......... .......... .......... .......... .......... 70% 36.9M 0s
 11050K .......... .......... .......... .......... .......... 71% 18.1M 0s
 11100K .......... .......... .......... .......... .......... 71% 28.2M 0s
 11150K .......... .......... .......... .......... .......... 71% 19.9M 0s
 11200K .......... .......... .......... .......... .......... 71% 29.6M 0s
 11250K .......... .......... .......... .......... .......... 72% 19.8M 0s
 11300K .......... .......... .......... .......... .......... 72% 30.3M 0s
 11350K .......... .......... .......... .......... .......... 72% 15.9M 0s
 11400K .......... .......... .......... .......... .......... 73% 26.3M 0s
 11450K .......... .......... .......... .......... .......... 73% 23.7M 0s
 11500K .......... .......... .......... .......... .......... 73% 18.5M 0s
 11550K .......... .......... .......... .......... .......... 74% 12.5M 0s
 11600K .......... .......... .......... .......... .......... 74% 22.5M 0s
 11650K .......... .......... .......... .......... .......... 74% 23.4M 0s
 11700K .......... .......... .......... .......... .......... 75% 52.7M 0s
 11750K .......... .......... .......... .......... .......... 75% 14.4M 0s
 11800K .......... .......... .......... .......... .......... 75% 32.5M 0s
 11850K .......... .......... .......... .......... .......... 76% 23.9M 0s
 11900K .......... .......... .......... .......... .......... 76% 27.0M 0s
 11950K .......... .......... .......... .......... .......... 76% 22.0M 0s
 12000K .......... .......... .......... .......... .......... 77% 14.0M 0s
 12050K .......... .......... .......... .......... .......... 77% 71.2M 0s
 12100K .......... .......... .......... .......... .......... 77% 20.2M 0s
 12150K .......... .......... .......... .......... .......... 78% 26.8M 0s
 12200K .......... .......... .......... .......... .......... 78% 24.1M 0s
 12250K .......... .......... .......... .......... .......... 78% 24.5M 0s
 12300K .......... .......... .......... .......... .......... 79% 11.5M 0s
 12350K .......... .......... .......... .......... .......... 79% 14.8M 0s
 12400K .......... .......... .......... .......... .......... 79% 18.0M 0s
 12450K .......... .......... .......... .......... .......... 79% 15.6M 0s
 12500K .......... .......... .......... .......... .......... 80% 9.66M 0s
 12550K .......... .......... .......... .......... .......... 80%  213M 0s
 12600K .......... .......... .......... .......... .......... 80% 8.74M 0s
 12650K .......... .......... .......... .......... .......... 81% 23.8M 0s
 12700K .......... .......... .......... .......... .......... 81% 22.4M 0s
 12750K .......... .......... .......... .......... .......... 81% 21.6M 0s
 12800K .......... .......... .......... .......... .......... 82% 6.90M 0s
 12850K .......... .......... .......... .......... .......... 82% 31.3M 0s
 12900K .......... .......... .......... .......... .......... 82% 27.8M 0s
 12950K .......... .......... .......... .......... .......... 83% 51.9M 0s
 13000K .......... .......... .......... .......... .......... 83% 22.5M 0s
 13050K .......... .......... .......... .......... .......... 83% 22.2M 0s
 13100K .......... .......... .......... .......... .......... 84% 12.4M 0s
 13150K .......... .......... .......... .......... .......... 84%  250M 0s
 13200K .......... .......... .......... .......... .......... 84% 11.1M 0s
 13250K .......... .......... .......... .......... .......... 85% 23.9M 0s
 13300K .......... .......... .......... .......... .......... 85% 23.6M 0s
 13350K .......... .......... .......... .......... .......... 85%  298M 0s
 13400K .......... .......... .......... .......... .......... 86% 23.8M 0s
 13450K .......... .......... .......... .......... .......... 86% 6.49M 0s
 13500K .......... .......... .......... .......... .......... 86% 21.8M 0s
 13550K .......... .......... .......... .......... .......... 87% 25.6M 0s
 13600K .......... .......... .......... .......... .......... 87% 12.1M 0s
 13650K .......... .......... .......... .......... .......... 87% 23.3M 0s
 13700K .......... .......... .......... .......... .......... 87%  110M 0s
 13750K .......... .......... .......... .......... .......... 88% 26.0M 0s
 13800K .......... .......... .......... .......... .......... 88% 15.1M 0s
 13850K .......... .......... .......... .......... .......... 88% 15.8M 0s
 13900K .......... .......... .......... .......... .......... 89% 23.6M 0s
 13950K .......... .......... .......... .......... .......... 89% 80.1M 0s
 14000K .......... .......... .......... .......... .......... 89% 28.0M 0s
 14050K .......... .......... .......... .......... .......... 90% 21.0M 0s
 14100K .......... .......... .......... .......... .......... 90% 12.3M 0s
 14150K .......... .......... .......... .......... .......... 90% 22.7M 0s
 14200K .......... .......... .......... .......... .......... 91% 20.7M 0s
 14250K .......... .......... .......... .......... .......... 91% 31.8M 0s
 14300K .......... .......... .......... .......... .......... 91% 52.5M 0s
 14350K .......... .......... .......... .......... .......... 92% 14.2M 0s
 14400K .......... .......... .......... .......... .......... 92% 4.68M 0s
 14450K .......... .......... .......... .......... .......... 92% 23.9M 0s
 14500K .......... .......... .......... .......... .......... 93% 23.5M 0s
 14550K .......... .......... .......... .......... .......... 93% 21.3M 0s
 14600K .......... .......... .......... .......... .......... 93% 16.7M 0s
 14650K .......... .......... .......... .......... .......... 94% 19.7M 0s
 14700K .......... .......... .......... .......... .......... 94% 22.6M 0s
 14750K .......... .......... .......... .......... .......... 94% 40.4M 0s
 14800K .......... .......... .......... .......... .......... 95% 9.69M 0s
 14850K .......... .......... .......... .......... .......... 95% 13.1M 0s
 14900K .......... .......... .......... .......... .......... 95% 23.4M 0s
 14950K .......... .......... .......... .......... .......... 95% 3.98M 0s
 15000K .......... .......... .......... .......... .......... 96% 53.5M 0s
 15050K .......... .......... .......... .......... .......... 96% 32.2M 0s
 15100K .......... .......... .......... .......... .......... 96% 14.0M 0s
 15150K .......... .......... .......... .......... .......... 97% 1.27M 0s
 15200K .......... .......... .......... .......... .......... 97% 19.6M 0s
 15250K .......... .......... .......... .......... .......... 97% 14.6M 0s
 15300K .......... .......... .......... .......... .......... 98% 28.2M 0s
 15350K .......... .......... .......... .......... .......... 98% 23.4M 0s
 15400K .......... .......... .......... .......... .......... 98% 14.3M 0s
 15450K .......... .......... .......... .......... .......... 99% 13.8M 0s
 15500K .......... .......... .......... .......... .......... 99% 59.2M 0s
 15550K .......... .......... .......... .......... .......... 99% 49.7M 0s
 15600K .......... .......... .....                           100% 46.7M=0.8s

2025-11-25 04:01:39 (18.2 MB/s) - ‘/home/pranav/turtle_test/build/multirobot_map_merge/2011-08-09-12-22-52.pgm’ saved [16000058/16000058]

Checking MD5 sum of /home/pranav/turtle_test/build/multirobot_map_merge/2011-08-09-12-22-52.pgm
/home/pranav/turtle_test/build/multirobot_map_merge/2011-08-09-12-22-52.pgm: OK
--2025-11-25 04:01:39--  https://raw.githubusercontent.com/hrnr/m-explore-extra/master/map_merge/gmapping_maps/2012-01-28-11-12-01.pgm
Resolving raw.githubusercontent.com (raw.githubusercontent.com)... 185.199.109.133, 185.199.110.133, 185.199.108.133, ...
Connecting to raw.githubusercontent.com (raw.githubusercontent.com)|185.199.109.133|:443... connected.
HTTP request sent, awaiting response... 200 OK
Length: 16000058 (15M) [application/octet-stream]
Saving to: ‘/home/pranav/turtle_test/build/multirobot_map_merge/2012-01-28-11-12-01.pgm’

     0K .......... .......... .......... .......... ..........  0% 6.23M 2s
    50K .......... .......... .......... .......... ..........  0% 5.31M 3s
   100K .......... .......... .......... .......... ..........  0% 16.7M 2s
   150K .......... .......... .......... .......... ..........  1% 19.0M 2s
   200K .......... .......... .......... .......... ..........  1% 6.07M 2s
   250K .......... .......... .......... .......... ..........  1% 11.7M 2s
   300K .......... .......... .......... .......... ..........  2% 38.3M 2s
   350K .......... .......... .......... .......... ..........  2% 14.8M 1s
   400K .......... .......... .......... .......... ..........  2% 35.4M 1s
   450K .......... .......... .......... .......... ..........  3% 27.2M 1s
   500K .......... .......... .......... .......... ..........  3% 8.61M 1s
   550K .......... .......... .......... .......... ..........  3% 23.3M 1s
   600K .......... .......... .......... .......... ..........  4% 24.7M 1s
   650K .......... .......... .......... .......... ..........  4% 13.4M 1s
   700K .......... .......... .......... .......... ..........  4%  108M 1s
   750K .......... .......... .......... .......... ..........  5% 23.4M 1s
   800K .......... .......... .......... .......... ..........  5% 24.4M 1s
   850K .......... .......... .......... .......... ..........  5% 18.0M 1s
   900K .......... .......... .......... .......... ..........  6% 35.3M 1s
   950K .......... .......... .......... .......... ..........  6% 11.0M 1s
  1000K .......... .......... .......... .......... ..........  6% 7.12M 1s
  1050K .......... .......... .......... .......... ..........  7%  228M 1s
  1100K .......... .......... .......... .......... ..........  7% 21.9M 1s
  1150K .......... .......... .......... .......... ..........  7% 9.95M 1s
  1200K .......... .......... .......... .......... ..........  7%  322M 1s
  1250K .......... .......... .......... .......... ..........  8% 27.3M 1s
  1300K .......... .......... .......... .......... ..........  8% 24.1M 1s
  1350K .......... .......... .......... .......... ..........  8% 11.0M 1s
  1400K .......... .......... .......... .......... ..........  9%  301M 1s
  1450K .......... .......... .......... .......... ..........  9% 27.1M 1s
  1500K .......... .......... .......... .......... ..........  9% 23.5M 1s
  1550K .......... .......... .......... .......... .......... 10% 12.9M 1s
  1600K .......... .......... .......... .......... .......... 10% 24.9M 1s
  1650K .......... .......... .......... .......... .......... 10% 23.8M 1s
  1700K .......... .......... .......... .......... .......... 11% 24.4M 1s
  1750K .......... .......... .......... .......... .......... 11% 18.2M 1s
  1800K .......... .......... .......... .......... .......... 11% 23.8M 1s
  1850K .......... .......... .......... .......... .......... 12% 15.7M 1s
  1900K .......... .......... .......... .......... .......... 12% 22.1M 1s
  1950K .......... .......... .......... .......... .......... 12% 10.5M 1s
  2000K .......... .......... .......... .......... .......... 13% 24.3M 1s
  2050K .......... .......... .......... .......... .......... 13% 24.6M 1s
  2100K .......... .......... .......... .......... .......... 13% 15.9M 1s
  2150K .......... .......... .......... .......... .......... 14% 18.7M 1s
  2200K .......... .......... .......... .......... .......... 14% 19.9M 1s
  2250K .......... .......... .......... .......... .......... 14% 32.9M 1s
  2300K .......... .......... .......... .......... .......... 15% 23.4M 1s
  2350K .......... .......... .......... .......... .......... 15% 9.58M 1s
  2400K .......... .......... .......... .......... .......... 15% 27.9M 1s
  2450K .......... .......... .......... .......... .......... 15% 27.9M 1s
  2500K .......... .......... .......... .......... .......... 16% 6.21M 1s
  2550K .......... .......... .......... .......... .......... 16% 74.6M 1s
  2600K .......... .......... .......... .......... .......... 16% 16.4M 1s
  2650K .......... .......... .......... .......... .......... 17% 24.3M 1s
  2700K .......... .......... .......... .......... .......... 17% 25.9M 1s
  2750K .......... .......... .......... .......... .......... 17% 15.2M 1s
  2800K .......... .......... .......... .......... .......... 18%  182M 1s
  2850K .......... .......... .......... .......... .......... 18% 24.2M 1s
  2900K .......... .......... .......... .......... .......... 18% 7.47M 1s
  2950K .......... .......... .......... .......... .......... 19% 57.2M 1s
  3000K .......... .......... .......... .......... .......... 19% 15.3M 1s
  3050K .......... .......... .......... .......... .......... 19% 16.7M 1s
  3100K .......... .......... .......... .......... .......... 20%  256M 1s
  3150K .......... .......... .......... .......... .......... 20% 24.1M 1s
  3200K .......... .......... .......... .......... .......... 20% 8.54M 1s
  3250K .......... .......... .......... .......... .......... 21%  205M 1s
  3300K .......... .......... .......... .......... .......... 21% 12.2M 1s
  3350K .......... .......... .......... .......... .......... 21% 24.9M 1s
  3400K .......... .......... .......... .......... .......... 22% 19.7M 1s
  3450K .......... .......... .......... .......... .......... 22% 28.6M 1s
  3500K .......... .......... .......... .......... .......... 22% 8.17M 1s
  3550K .......... .......... .......... .......... .......... 23% 70.0M 1s
  3600K .......... .......... .......... .......... .......... 23% 29.5M 1s
  3650K .......... .......... .......... .......... .......... 23% 25.0M 1s
  3700K .......... .......... .......... .......... .......... 23% 23.4M 1s
  3750K .......... .......... .......... .......... .......... 24% 38.0M 1s
  3800K .......... .......... .......... .......... .......... 24% 22.6M 1s
  3850K .......... .......... .......... .......... .......... 24% 12.2M 1s
  3900K .......... .......... .......... .......... .......... 25% 16.8M 1s
  3950K .......... .......... .......... .......... .......... 25% 20.4M 1s
  4000K .......... .......... .......... .......... .......... 25% 10.9M 1s
  4050K .......... .......... .......... .......... .......... 26% 35.8M 1s
  4100K .......... .......... .......... .......... .......... 26% 23.7M 1s
  4150K .......... .......... .......... .......... .......... 26% 24.4M 1s
  4200K .......... .......... .......... .......... .......... 27% 12.2M 1s
  4250K .......... .......... .......... .......... .......... 27%  218M 1s
  4300K .......... .......... .......... .......... .......... 27% 12.8M 1s
  4350K .......... .......... .......... .......... .......... 28% 24.2M 1s
  4400K .......... .......... .......... .......... .......... 28% 23.1M 1s
  4450K .......... .......... .......... .......... .......... 28% 23.8M 1s
  4500K .......... .......... .......... .......... .......... 29% 6.79M 1s
  4550K .......... .......... .......... .......... .......... 29% 18.3M 1s
  4600K .......... .......... .......... .......... .......... 29% 8.68M 1s
  4650K .......... .......... .......... .......... .......... 30%  389M 1s
  4700K .......... .......... .......... .......... .......... 30%  336M 1s
  4750K .......... .......... .......... .......... .......... 30% 12.7M 1s
  4800K .......... .......... .......... .......... .......... 31%  303M 1s
  4850K .......... .......... .......... .......... .......... 31% 12.7M 1s
  4900K .......... .......... .......... .......... .......... 31% 22.4M 1s
  4950K .......... .......... .......... .......... .......... 31% 8.37M 1s
  5000K .......... .......... .......... .......... .......... 32%  291M 1s
  5050K .......... .......... .......... .......... .......... 32%  349M 1s
  5100K .......... .......... .......... .......... .......... 32% 17.9M 1s
  5150K .......... .......... .......... .......... .......... 33% 32.5M 1s
  5200K .......... .......... .......... .......... .......... 33% 6.63M 1s
  5250K .......... .......... .......... .......... .......... 33%  348M 1s
  5300K .......... .......... .......... .......... .......... 34%  361M 1s
  5350K .......... .......... .......... .......... .......... 34% 77.9M 1s
  5400K .......... .......... .......... .......... .......... 34% 7.98M 1s
  5450K .......... .......... .......... .......... .......... 35%  319M 1s
  5500K .......... .......... .......... .......... .......... 35% 8.27M 1s
  5550K .......... .......... .......... .......... .......... 35%  352M 1s
  5600K .......... .......... .......... .......... .......... 36%  103M 1s
  5650K .......... .......... .......... .......... .......... 36% 5.74M 1s
  5700K .......... .......... .......... .......... .......... 36%  346M 1s
  5750K .......... .......... .......... .......... .......... 37%  365M 1s
  5800K .......... .......... .......... .......... .......... 37%  367M 1s
  5850K .......... .......... .......... .......... .......... 37% 10.9M 1s
  5900K .......... .......... .......... .......... .......... 38% 33.0M 1s
  5950K .......... .......... .......... .......... .......... 38% 31.2M 1s
  6000K .......... .......... .......... .......... .......... 38% 4.50M 1s
  6050K .......... .......... .......... .......... .......... 39%  295M 1s
  6100K .......... .......... .......... .......... .......... 39%  300M 1s
  6150K .......... .......... .......... .......... .......... 39%  374M 1s
  6200K .......... .......... .......... .......... .......... 39%  380M 0s
  6250K .......... .......... .......... .......... .......... 40% 9.37M 0s
  6300K .......... .......... .......... .......... .......... 40% 26.4M 0s
  6350K .......... .......... .......... .......... .......... 40% 26.3M 0s
  6400K .......... .......... .......... .......... .......... 41% 8.76M 0s
  6450K .......... .......... .......... .......... .......... 41%  323M 0s
  6500K .......... .......... .......... .......... .......... 41%  342M 0s
  6550K .......... .......... .......... .......... .......... 42%  358M 0s
  6600K .......... .......... .......... .......... .......... 42% 19.4M 0s
  6650K .......... .......... .......... .......... .......... 42% 27.4M 0s
  6700K .......... .......... .......... .......... .......... 43% 8.45M 0s
  6750K .......... .......... .......... .......... .......... 43% 9.45M 0s
  6800K .......... .......... .......... .......... .......... 43% 52.9M 0s
  6850K .......... .......... .......... .......... .......... 44% 17.6M 0s
  6900K .......... .......... .......... .......... .......... 44%  245M 0s
  6950K .......... .......... .......... .......... .......... 44% 25.8M 0s
  7000K .......... .......... .......... .......... .......... 45% 23.4M 0s
  7050K .......... .......... .......... .......... .......... 45% 85.2M 0s
  7100K .......... .......... .......... .......... .......... 45% 8.59M 0s
  7150K .......... .......... .......... .......... .......... 46% 25.2M 0s
  7200K .......... .......... .......... .......... .......... 46% 23.5M 0s
  7250K .......... .......... .......... .......... .......... 46% 19.7M 0s
  7300K .......... .......... .......... .......... .......... 47% 24.6M 0s
  7350K .......... .......... .......... .......... .......... 47% 13.7M 0s
  7400K .......... .......... .......... .......... .......... 47%  107M 0s
  7450K .......... .......... .......... .......... .......... 47% 19.4M 0s
  7500K .......... .......... .......... .......... .......... 48% 25.2M 0s
  7550K .......... .......... .......... .......... .......... 48% 23.4M 0s
  7600K .......... .......... .......... .......... .......... 48% 25.0M 0s
  7650K .......... .......... .......... .......... .......... 49% 7.62M 0s
  7700K .......... .......... .......... .......... .......... 49%  319M 0s
  7750K .......... .......... .......... .......... .......... 49% 26.5M 0s
  7800K .......... .......... .......... .......... .......... 50% 24.1M 0s
  7850K .......... .......... .......... .......... .......... 50% 23.2M 0s
  7900K .......... .......... .......... .......... .......... 50% 24.1M 0s
  7950K .......... .......... .......... .......... .......... 51% 24.3M 0s
  8000K .......... .......... .......... .......... .......... 51% 24.3M 0s
  8050K .......... .......... .......... .......... .......... 51% 6.83M 0s
  8100K .......... .......... .......... .......... .......... 52%  325M 0s
  8150K .......... .......... .......... .......... .......... 52% 25.5M 0s
  8200K .......... .......... .......... .......... .......... 52% 24.8M 0s
  8250K .......... .......... .......... .......... .......... 53% 20.1M 0s
  8300K .......... .......... .......... .......... .......... 53% 24.5M 0s
  8350K .......... .......... .......... .......... .......... 53% 24.2M 0s
  8400K .......... .......... .......... .......... .......... 54% 12.3M 0s
  8450K .......... .......... .......... .......... .......... 54% 14.6M 0s
  8500K .......... .......... .......... .......... .......... 54% 17.1M 0s
  8550K .......... .......... .......... .......... .......... 55% 24.5M 0s
  8600K .......... .......... .......... .......... .......... 55% 23.9M 0s
  8650K .......... .......... .......... .......... .......... 55% 24.3M 0s
  8700K .......... .......... .......... .......... .......... 55% 7.09M 0s
  8750K .......... .......... .......... .......... .......... 56% 10.4M 0s
  8800K .......... .......... .......... .......... .......... 56% 33.0M 0s
  8850K .......... .......... .......... .......... .......... 56% 10.8M 0s
  8900K .......... .......... .......... .......... .......... 57%  234M 0s
  8950K .......... .......... .......... .......... .......... 57% 26.8M 0s
  9000K .......... .......... .......... .......... .......... 57% 23.8M 0s
  9050K .......... .......... .......... .......... .......... 58% 20.4M 0s
  9100K .......... .......... .......... .......... .......... 58% 24.0M 0s
  9150K .......... .......... .......... .......... .......... 58% 23.9M 0s
  9200K .......... .......... .......... .......... .......... 59% 14.1M 0s
  9250K .......... .......... .......... .......... .......... 59% 11.6M 0s
  9300K .......... .......... .......... .......... .......... 59% 24.4M 0s
  9350K .......... .......... .......... .......... .......... 60% 24.1M 0s
  9400K .......... .......... .......... .......... .......... 60% 24.1M 0s
  9450K .......... .......... .......... .......... .......... 60% 23.2M 0s
  9500K .......... .......... .......... .......... .......... 61% 24.2M 0s
  9550K .......... .......... .......... .......... .......... 61% 12.0M 0s
  9600K .......... .......... .......... .......... .......... 61%  335M 0s
  9650K .......... .......... .......... .......... .......... 62% 25.1M 0s
  9700K .......... .......... .......... .......... .......... 62% 23.8M 0s
  9750K .......... .......... .......... .......... .......... 62% 23.9M 0s
  9800K .......... .......... .......... .......... .......... 63% 24.1M 0s
  9850K .......... .......... .......... .......... .......... 63% 11.8M 0s
  9900K .......... .......... .......... .......... .......... 63% 15.4M 0s
  9950K .......... .......... .......... .......... .......... 63% 10.8M 0s
 10000K .......... .......... .......... .......... .......... 64% 40.2M 0s
 10050K .......... .......... .......... .......... .......... 64% 34.4M 0s
 10100K .......... .......... .......... .......... .......... 64% 32.3M 0s
 10150K .......... .......... .......... .......... .......... 65% 21.0M 0s
 10200K .......... .......... .......... .......... .......... 65% 22.5M 0s
 10250K .......... .......... .......... .......... .......... 65% 12.8M 0s
 10300K .......... .......... .......... .......... .......... 66% 37.9M 0s
 10350K .......... .......... .......... .......... .......... 66% 34.8M 0s
 10400K .......... .......... .......... .......... .......... 66% 24.1M 0s
 10450K .......... .......... .......... .......... .......... 67% 16.5M 0s
 10500K .......... .......... .......... .......... .......... 67% 31.3M 0s
 10550K .......... .......... .......... .......... .......... 67% 9.82M 0s
 10600K .......... .......... .......... .......... .......... 68% 84.0M 0s
 10650K .......... .......... .......... .......... .......... 68% 19.2M 0s
 10700K .......... .......... .......... .......... .......... 68% 10.0M 0s
 10750K .......... .......... .......... .......... .......... 69%  268M 0s
 10800K .......... .......... .......... .......... .......... 69%  284M 0s
 10850K .......... .......... .......... .......... .......... 69% 6.41M 0s
 10900K .......... .......... .......... .......... .......... 70% 75.4M 0s
 10950K .......... .......... .......... .......... .......... 70% 24.0M 0s
 11000K .......... .......... .......... .......... .......... 70% 20.4M 0s
 11050K .......... .......... .......... .......... .......... 71% 12.6M 0s
 11100K .......... .......... .......... .......... .......... 71%  256M 0s
 11150K .......... .......... .......... .......... .......... 71% 15.7M 0s
 11200K .......... .......... .......... .......... .......... 71% 24.7M 0s
 11250K .......... .......... .......... .......... .......... 72% 21.8M 0s
 11300K .......... .......... .......... .......... .......... 72% 24.9M 0s
 11350K .......... .......... .......... .......... .......... 72% 23.6M 0s
 11400K .......... .......... .......... .......... .......... 73% 9.93M 0s
 11450K .......... .......... .......... .......... .......... 73% 9.77M 0s
 11500K .......... .......... .......... .......... .......... 73% 10.4M 0s
 11550K .......... .......... .......... .......... .......... 74%  264M 0s
 11600K .......... .......... .......... .......... .......... 74% 28.7M 0s
 11650K .......... .......... .......... .......... .......... 74% 21.1M 0s
 11700K .......... .......... .......... .......... .......... 75% 24.4M 0s
 11750K .......... .......... .......... .......... .......... 75% 29.3M 0s
 11800K .......... .......... .......... .......... .......... 75% 7.11M 0s
 11850K .......... .......... .......... .......... .......... 76% 10.4M 0s
 11900K .......... .......... .......... .......... .......... 76% 34.7M 0s
 11950K .......... .......... .......... .......... .......... 76% 40.2M 0s
 12000K .......... .......... .......... .......... .......... 77% 39.7M 0s
 12050K .......... .......... .......... .......... .......... 77% 31.3M 0s
 12100K .......... .......... .......... .......... .......... 77% 22.3M 0s
 12150K .......... .......... .......... .......... .......... 78% 20.7M 0s
 12200K .......... .......... .......... .......... .......... 78% 73.9M 0s
 12250K .......... .......... .......... .......... .......... 78% 10.0M 0s
 12300K .......... .......... .......... .......... .......... 79%  275M 0s
 12350K .......... .......... .......... .......... .......... 79% 84.3M 0s
 12400K .......... .......... .......... .......... .......... 79% 11.3M 0s
 12450K .......... .......... .......... .......... .......... 79% 12.4M 0s
 12500K .......... .......... .......... .......... .......... 80%  246M 0s
 12550K .......... .......... .......... .......... .......... 80% 40.1M 0s
 12600K .......... .......... .......... .......... .......... 80% 12.0M 0s
 12650K .......... .......... .......... .......... .......... 81% 56.7M 0s
 12700K .......... .......... .......... .......... .......... 81% 28.3M 0s
 12750K .......... .......... .......... .......... .......... 81% 16.6M 0s
 12800K .......... .......... .......... .......... .......... 82% 15.5M 0s
 12850K .......... .......... .......... .......... .......... 82% 8.85M 0s
 12900K .......... .......... .......... .......... .......... 82% 13.4M 0s
 12950K .......... .......... .......... .......... .......... 83% 55.7M 0s
 13000K .......... .......... .......... .......... .......... 83% 10.5M 0s
 13050K .......... .......... .......... .......... .......... 83%  259M 0s
 13100K .......... .......... .......... .......... .......... 84% 36.8M 0s
 13150K .......... .......... .......... .......... .......... 84% 23.4M 0s
 13200K .......... .......... .......... .......... .......... 84% 19.0M 0s
 13250K .......... .......... .......... .......... .......... 85% 10.3M 0s
 13300K .......... .......... .......... .......... .......... 85%  156M 0s
 13350K .......... .......... .......... .......... .......... 85% 28.0M 0s
 13400K .......... .......... .......... .......... .......... 86% 9.33M 0s
 13450K .......... .......... .......... .......... .......... 86% 25.1M 0s
 13500K .......... .......... .......... .......... .......... 86% 23.9M 0s
 13550K .......... .......... .......... .......... .......... 87% 24.7M 0s
 13600K .......... .......... .......... .......... .......... 87% 21.4M 0s
 13650K .......... .......... .......... .......... .......... 87% 19.0M 0s
 13700K .......... .......... .......... .......... .......... 87% 33.3M 0s
 13750K .......... .......... .......... .......... .......... 88% 24.2M 0s
 13800K .......... .......... .......... .......... .......... 88% 18.4M 0s
 13850K .......... .......... .......... .......... .......... 88% 16.7M 0s
 13900K .......... .......... .......... .......... .......... 89% 53.9M 0s
 13950K .......... .......... .......... .......... .......... 89% 21.4M 0s
 14000K .......... .......... .......... .......... .......... 89% 26.5M 0s
 14050K .......... .......... .......... .......... .......... 90% 12.5M 0s
 14100K .......... .......... .......... .......... .......... 90%  133M 0s
 14150K .......... .......... .......... .......... .......... 90% 25.9M 0s
 14200K .......... .......... .......... .......... .......... 91% 8.86M 0s
 14250K .......... .......... .......... .......... .......... 91% 11.4M 0s
 14300K .......... .......... .......... .......... .......... 91%  246M 0s
 14350K .......... .......... .......... .......... .......... 92% 28.4M 0s
 14400K .......... .......... .......... .......... .......... 92% 9.67M 0s
 14450K .......... .......... .......... .......... .......... 92% 24.9M 0s
 14500K .......... .......... .......... .......... .......... 93% 8.27M 0s
 14550K .......... .......... .......... .......... .......... 93%  160M 0s
 14600K .......... .......... .......... .......... .......... 93% 12.2M 0s
 14650K .......... .......... .......... .......... .......... 94% 20.1M 0s
 14700K .......... .......... .......... .......... .......... 94% 17.5M 0s
 14750K .......... .......... .......... .......... .......... 94% 16.3M 0s
 14800K .......... .......... .......... .......... .......... 95%  223M 0s
 14850K .......... .......... .......... .......... .......... 95% 21.3M 0s
 14900K .......... .......... .......... .......... .......... 95% 8.14M 0s
 14950K .......... .......... .......... .......... .......... 95% 18.0M 0s
 15000K .......... .......... .......... .......... .......... 96% 9.33M 0s
 15050K .......... .......... .......... .......... .......... 96% 19.7M 0s
 15100K .......... .......... .......... .......... .......... 96% 10.8M 0s
 15150K .......... .......... .......... .......... .......... 97%  160M 0s
 15200K .......... .......... .......... .......... .......... 97% 58.2M 0s
 15250K .......... .......... .......... .......... .......... 97% 22.7M 0s
 15300K .......... .......... .......... .......... .......... 98% 16.2M 0s
 15350K .......... .......... .......... .......... .......... 98% 13.7M 0s
 15400K .......... .......... .......... .......... .......... 98% 20.8M 0s
 15450K .......... .......... .......... .......... .......... 99% 31.6M 0s
 15500K .......... .......... .......... .......... .......... 99% 10.7M 0s
 15550K .......... .......... .......... .......... .......... 99% 15.0M 0s
 15600K .......... .......... .....                           100% 43.2M=0.8s

2025-11-25 04:01:40 (19.0 MB/s) - ‘/home/pranav/turtle_test/build/multirobot_map_merge/2012-01-28-11-12-01.pgm’ saved [16000058/16000058]

Checking MD5 sum of /home/pranav/turtle_test/build/multirobot_map_merge/2012-01-28-11-12-01.pgm
/home/pranav/turtle_test/build/multirobot_map_merge/2012-01-28-11-12-01.pgm: OK
-- Found gtest sources under '/opt/ros/humble/src/gtest_vendor': C++ tests using 'Google Test' will be built
-- Added test 'cppcheck' to perform static code analysis on C / C++ code
-- Configured cppcheck include dirs: /home/pranav/turtle_test/src/m-explore-ros2/map_merge/include;$<BUILD_INTERFACE:/home/pranav/turtle_test/src/m-explore-ros2/map_merge/include>
-- Configured cppcheck exclude dirs and/or files: 
-- Added test 'flake8' to check Python code syntax and style conventions
-- Added test 'lint_cmake' to check CMake code style
-- Added test 'pep257' to check Python code against some of the docstring style conventions in PEP 257
-- Added test 'uncrustify' to check C / C++ code style
-- Configured uncrustify additional arguments: 
-- Added test 'xmllint' to check XML markup files
-- Configuring done
-- Generating done
-- Build files have been written to: /home/pranav/turtle_test/build/multirobot_map_merge
[  8%] [32mBuilding CXX object CMakeFiles/combine_grids.dir/src/combine_grids/grid_warper.cpp.o[0m
[ 16%] [32mBuilding CXX object gtest/CMakeFiles/gtest_main.dir/src/gtest_main.cc.o[0m
[ 25%] [32mBuilding CXX object CMakeFiles/combine_grids.dir/src/combine_grids/merging_pipeline.cpp.o[0m
[ 33%] [32mBuilding CXX object CMakeFiles/combine_grids.dir/src/combine_grids/grid_compositor.cpp.o[0m
[ 41%] [32mBuilding CXX object gtest/CMakeFiles/gtest.dir/src/gtest-all.cc.o[0m
[ 50%] [32m[1mLinking CXX static library libgtest_main.a[0m
[ 50%] Built target gtest_main
[ 58%] [32m[1mLinking CXX static library libgtest.a[0m
[ 58%] Built target gtest
[ 66%] [32m[1mLinking CXX static library libcombine_grids.a[0m
[ 66%] Built target combine_grids
[ 75%] [32mBuilding CXX object CMakeFiles/test_merging_pipeline.dir/test/test_merging_pipeline.cpp.o[0m
[ 83%] [32mBuilding CXX object CMakeFiles/map_merge.dir/src/map_merge.cpp.o[0m
[ 91%] [32m[1mLinking CXX executable test_merging_pipeline[0m
[ 91%] Built target test_merging_pipeline
[100%] [32m[1mLinking CXX executable map_merge[0m
[100%] Built target map_merge
-- Install configuration: ""
-- Execute custom install script
-- Symlinking: /home/pranav/turtle_test/install/multirobot_map_merge/include/map_merge//map_merge.h
-- Symlinking: /home/pranav/turtle_test/install/multirobot_map_merge/include/map_merge//ros1_names.hpp
-- Symlinking: /home/pranav/turtle_test/install/multirobot_map_merge/share/multirobot_map_merge/launch/from_map_server.launch.py
-- Symlinking: /home/pranav/turtle_test/install/multirobot_map_merge/share/multirobot_map_merge/launch/map_merge.launch.py
-- Symlinking: /home/pranav/turtle_test/install/multirobot_map_merge/share/multirobot_map_merge/launch/map_merge.rviz
-- Symlinking: /home/pranav/turtle_test/install/multirobot_map_merge/share/multirobot_map_merge/launch/tb3_simulation/bringup_launch.py
-- Symlinking: /home/pranav/turtle_test/install/multirobot_map_merge/share/multirobot_map_merge/launch/tb3_simulation/config/nav2_multirobot_params_1.yaml
-- Symlinking: /home/pranav/turtle_test/install/multirobot_map_merge/share/multirobot_map_merge/launch/tb3_simulation/config/nav2_multirobot_params_2.yaml
-- Symlinking: /home/pranav/turtle_test/install/multirobot_map_merge/share/multirobot_map_merge/launch/tb3_simulation/multi_tb3_simulation_launch.py
-- Symlinking: /home/pranav/turtle_test/install/multirobot_map_merge/share/multirobot_map_merge/launch/tb3_simulation/slam_toolbox.py
-- Symlinking: /home/pranav/turtle_test/install/multirobot_map_merge/share/multirobot_map_merge/launch/tb3_simulation/tb3_simulation_launch.py
-- Symlinking: /home/pranav/turtle_test/install/multirobot_map_merge/share/multirobot_map_merge/launch/tb3_simulation/worlds/world_only.model
-- Symlinking: /home/pranav/turtle_test/install/multirobot_map_merge/share/multirobot_map_merge/config/params.yaml
-- Symlinking: /home/pranav/turtle_test/install/multirobot_map_merge/lib/multirobot_map_merge/map_merge
-- Symlinking: /home/pranav/turtle_test/install/multirobot_map_merge/share/multirobot_map_merge/environment/library_path.sh
-- Symlinking: /home/pranav/turtle_test/install/multirobot_map_merge/share/multirobot_map_merge/environment/library_path.dsv
-- Symlinking: /home/pranav/turtle_test/install/multirobot_map_merge/share/ament_index/resource_index/package_run_dependencies/multirobot_map_merge
-- Symlinking: /home/pranav/turtle_test/install/multirobot_map_merge/share/ament_index/resource_index/parent_prefix_path/multirobot_map_merge
-- Symlinking: /home/pranav/turtle_test/install/multirobot_map_merge/share/multirobot_map_merge/environment/ament_prefix_path.sh
-- Symlinking: /home/pranav/turtle_test/install/multirobot_map_merge/share/multirobot_map_merge/environment/ament_prefix_path.dsv
-- Symlinking: /home/pranav/turtle_test/install/multirobot_map_merge/share/multirobot_map_merge/environment/path.sh
-- Symlinking: /home/pranav/turtle_test/install/multirobot_map_merge/share/multirobot_map_merge/environment/path.dsv
-- Symlinking: /home/pranav/turtle_test/install/multirobot_map_merge/share/multirobot_map_merge/local_setup.bash
-- Symlinking: /home/pranav/turtle_test/install/multirobot_map_merge/share/multirobot_map_merge/local_setup.sh
-- Symlinking: /home/pranav/turtle_test/install/multirobot_map_merge/share/multirobot_map_merge/local_setup.zsh
-- Symlinking: /home/pranav/turtle_test/install/multirobot_map_merge/share/multirobot_map_merge/local_setup.dsv
-- Symlinking: /home/pranav/turtle_test/install/multirobot_map_merge/share/multirobot_map_merge/package.dsv
-- Symlinking: /home/pranav/turtle_test/install/multirobot_map_merge/share/ament_index/resource_index/packages/multirobot_map_merge
-- Symlinking: /home/pranav/turtle_test/install/multirobot_map_merge/share/multirobot_map_merge/cmake/ament_cmake_export_include_directories-extras.cmake
-- Symlinking: /home/pranav/turtle_test/install/multirobot_map_merge/share/multirobot_map_merge/cmake/ament_cmake_export_libraries-extras.cmake
-- Symlinking: /home/pranav/turtle_test/install/multirobot_map_merge/share/multirobot_map_merge/cmake/multirobot_map_mergeConfig.cmake
-- Symlinking: /home/pranav/turtle_test/install/multirobot_map_merge/share/multirobot_map_merge/cmake/multirobot_map_mergeConfig-version.cmake
-- Symlinking: /home/pranav/turtle_test/install/multirobot_map_merge/share/multirobot_map_merge/package.xml
-- Installing: /home/pranav/turtle_test/install/multirobot_map_merge/lib/libcombine_grids.a
