[0.615s] Invoking command in '/home/pranav/turtle_test/build/multirobot_map_merge': CMAKE_PREFIX_PATH=/opt/ros/humble /usr/bin/cmake /home/pranav/turtle_test/src/m-explore-ros2/map_merge -DAMENT_CMAKE_SYMLINK_INSTALL=1 -DCMAKE_INSTALL_PREFIX=/home/pranav/turtle_test/install/multirobot_map_merge
[0.653s] -- The C compiler identification is GNU 11.4.0
[0.737s] -- The CXX compiler identification is GNU 11.4.0
[0.757s] -- Detecting C compiler ABI info
[0.875s] -- Detecting C compiler ABI info - done
[0.886s] -- Check for working C compiler: /usr/bin/cc - skipped
[0.886s] -- Detecting C compile features
[0.888s] -- Detecting C compile features - done
[0.891s] -- Detecting CXX compiler ABI info
[0.998s] -- Detecting CXX compiler ABI info - done
[1.007s] -- Check for working CXX compiler: /usr/bin/c++ - skipped
[1.007s] -- Detecting CXX compile features
[1.010s] -- Detecting CXX compile features - done
[1.011s] -- Found ament_cmake: 1.3.12 (/opt/ros/humble/share/ament_cmake/cmake)
[1.154s] -- Found Python3: /usr/bin/python3 (found version "3.10.12") found components: Interpreter 
[1.226s] -- Override CMake install command with custom implementation using symlinks instead of copying resources
[1.252s] -- Found rclcpp: 16.0.15 (/opt/ros/humble/share/rclcpp/cmake)
[1.291s] -- Found rosidl_generator_c: 3.1.7 (/opt/ros/humble/share/rosidl_generator_c/cmake)
[1.297s] -- Found rosidl_adapter: 3.1.7 (/opt/ros/humble/share/rosidl_adapter/cmake)
[1.306s] -- Found rosidl_generator_cpp: 3.1.7 (/opt/ros/humble/share/rosidl_generator_cpp/cmake)
[1.320s] -- Using all available rosidl_typesupport_c: rosidl_typesupport_fastrtps_c;rosidl_typesupport_introspection_c
[1.335s] -- Using all available rosidl_typesupport_cpp: rosidl_typesupport_fastrtps_cpp;rosidl_typesupport_introspection_cpp
[1.370s] -- Found rmw_implementation_cmake: 6.1.2 (/opt/ros/humble/share/rmw_implementation_cmake/cmake)
[1.372s] -- Found rmw_fastrtps_cpp: 6.2.9 (/opt/ros/humble/share/rmw_fastrtps_cpp/cmake)
[1.445s] -- Found OpenSSL: /usr/lib/x86_64-linux-gnu/libcrypto.so (found version "3.0.2")  
[1.473s] -- Found FastRTPS: /opt/ros/humble/include  
[1.512s] -- Using RMW implementation 'rmw_fastrtps_cpp' as default
[1.519s] -- Looking for pthread.h
[1.574s] -- Looking for pthread.h - found
[1.575s] -- Performing Test CMAKE_HAVE_LIBC_PTHREAD
[1.635s] -- Performing Test CMAKE_HAVE_LIBC_PTHREAD - Success
[1.636s] -- Found Threads: TRUE  
[1.671s] -- Found geometry_msgs: 4.9.0 (/opt/ros/humble/share/geometry_msgs/cmake)
[1.680s] -- Found image_geometry: 3.2.1 (/opt/ros/humble/share/image_geometry/cmake)
[1.702s] -- Found map_msgs: 2.1.0 (/opt/ros/humble/share/map_msgs/cmake)
[1.738s] -- Found tf2_geometry_msgs: 0.25.16 (/opt/ros/humble/share/tf2_geometry_msgs/cmake)
[1.749s] -- Found eigen3_cmake_module: 0.1.1 (/opt/ros/humble/share/eigen3_cmake_module/cmake)
[1.750s] -- Found Eigen3: TRUE (found version "3.4.0") 
[1.750s] -- Ensuring Eigen3 include directory is part of orocos-kdl CMake target
[1.848s] -- Found Boost: /usr/lib/x86_64-linux-gnu/cmake/Boost-1.74.0/BoostConfig.cmake (found version "1.74.0") found components: thread 
[1.854s] -- Found OpenCV: /usr (found version "4.5.4") 
[1.866s] -- Found ament_lint_auto: 0.12.14 (/opt/ros/humble/share/ament_lint_auto/cmake)
[1.989s] -- Found ament_cmake_gtest: 1.3.12 (/opt/ros/humble/share/ament_cmake_gtest/cmake)
[1.997s] --2025-11-25 04:01:38--  https://raw.githubusercontent.com/hrnr/m-explore-extra/master/map_merge/hector_maps/map00.pgm
[2.000s] Resolving raw.githubusercontent.com (raw.githubusercontent.com)... 185.199.111.133, 185.199.108.133, 185.199.109.133, ...
[2.008s] Connecting to raw.githubusercontent.com (raw.githubusercontent.com)|185.199.111.133|:443... connected.
[2.160s] HTTP request sent, awaiting response... 200 OK
[2.160s] Length: 4194362 (4.0M) [application/octet-stream]
[2.160s] Saving to: ‘/home/pranav/turtle_test/build/multirobot_map_merge/map00.pgm’
[2.160s] 
[2.171s]      0K .......... .......... .......... .......... ..........  1% 6.59M 1s
[2.178s]     50K .......... .......... .......... .......... ..........  2% 4.67M 1s
[2.178s]    100K .......... .......... .......... .......... ..........  3%  162M 0s
[2.185s]    150K .......... .......... .......... .......... ..........  4% 7.88M 0s
[2.188s]    200K .......... .......... .......... .......... ..........  6% 13.1M 0s
[2.191s]    250K .......... .......... .......... .......... ..........  7% 16.3M 0s
[2.195s]    300K .......... .......... .......... .......... ..........  8% 12.7M 0s
[2.195s]    350K .......... .......... .......... .......... ..........  9%  306M 0s
[2.197s]    400K .......... .......... .......... .......... .......... 10% 21.7M 0s
[2.205s]    450K .......... .......... .......... .......... .......... 12% 6.66M 0s
[2.208s]    500K .......... .......... .......... .......... .......... 13% 17.1M 0s
[2.208s]    550K .......... .......... .......... .......... .......... 14%  346M 0s
[2.210s]    600K .......... .......... .......... .......... .......... 15% 24.8M 0s
[2.214s]    650K .......... .......... .......... .......... .......... 17% 11.8M 0s
[2.214s]    700K .......... .......... .......... .......... .......... 18%  354M 0s
[2.218s]    750K .......... .......... .......... .......... .......... 19% 25.7M 0s
[2.220s]    800K .......... .......... .......... .......... .......... 20% 12.0M 0s
[2.222s]    850K .......... .......... .......... .......... .......... 21% 21.7M 0s
[2.226s]    900K .......... .......... .......... .......... .......... 23% 12.9M 0s
[2.227s]    950K .......... .......... .......... .......... .......... 24%  134M 0s
[2.228s]   1000K .......... .......... .......... .......... .......... 25% 25.0M 0s
[2.235s]   1050K .......... .......... .......... .......... .......... 26% 10.1M 0s
[2.235s]   1100K .......... .......... .......... .......... .......... 28% 25.8M 0s
[2.237s]   1150K .......... .......... .......... .......... .......... 29% 25.8M 0s
[2.240s]   1200K .......... .......... .......... .......... .......... 30% 15.9M 0s
[2.241s]   1250K .......... .......... .......... .......... .......... 31% 42.3M 0s
[2.245s]   1300K .......... .......... .......... .......... .......... 32% 12.3M 0s
[2.245s]   1350K .......... .......... .......... .......... .......... 34%  252M 0s
[2.247s]   1400K .......... .......... .......... .......... .......... 35% 26.2M 0s
[2.250s]   1450K .......... .......... .......... .......... .......... 36% 18.2M 0s
[2.254s]   1500K .......... .......... .......... .......... .......... 37% 13.1M 0s
[2.254s]   1550K .......... .......... .......... .......... .......... 39%  176M 0s
[2.255s]   1600K .......... .......... .......... .......... .......... 40% 37.3M 0s
[2.260s]   1650K .......... .......... .......... .......... .......... 41% 10.2M 0s
[2.260s]   1700K .......... .......... .......... .......... .......... 42%  262M 0s
[2.262s]   1750K .......... .......... .......... .......... .......... 43% 25.0M 0s
[2.265s]   1800K .......... .......... .......... .......... .......... 45% 16.1M 0s
[2.267s]   1850K .......... .......... .......... .......... .......... 46% 26.1M 0s
[2.270s]   1900K .......... .......... .......... .......... .......... 47% 15.6M 0s
[2.274s]   1950K .......... .......... .......... .......... .......... 48% 14.5M 0s
[2.274s]   2000K .......... .......... .......... .......... .......... 50%  294M 0s
[2.275s]   2050K .......... .......... .......... .......... .......... 51% 26.0M 0s
[2.280s]   2100K .......... .......... .......... .......... .......... 52% 16.8M 0s
[2.285s]   2150K .......... .......... .......... .......... .......... 53% 7.07M 0s
[2.288s]   2200K .......... .......... .......... .......... .......... 54% 15.4M 0s
[2.289s]   2250K .......... .......... .......... .......... .......... 56% 60.2M 0s
[2.294s]   2300K .......... .......... .......... .......... .......... 57% 10.5M 0s
[2.294s]   2350K .......... .......... .......... .......... .......... 58%  339M 0s
[2.296s]   2400K .......... .......... .......... .......... .......... 59% 25.8M 0s
[2.298s]   2450K .......... .......... .......... .......... .......... 61% 24.8M 0s
[2.302s]   2500K .......... .......... .......... .......... .......... 62% 11.8M 0s
[2.302s]   2550K .......... .......... .......... .......... .......... 63%  287M 0s
[2.304s]   2600K .......... .......... .......... .......... .......... 64% 27.0M 0s
[2.308s]   2650K .......... .......... .......... .......... .......... 65% 12.0M 0s
[2.308s]   2700K .......... .......... .......... .......... .......... 67%  296M 0s
[2.317s]   2750K .......... .......... .......... .......... .......... 68% 5.55M 0s
[2.321s]   2800K .......... .......... .......... .......... .......... 69% 12.5M 0s
[2.321s]   2850K .......... .......... .......... .......... .......... 70% 90.7M 0s
[2.323s]   2900K .......... .......... .......... .......... .......... 72% 34.5M 0s
[2.325s]   2950K .......... .......... .......... .......... .......... 73% 22.8M 0s
[2.329s]   3000K .......... .......... .......... .......... .......... 74% 12.1M 0s
[2.329s]   3050K .......... .......... .......... .......... .......... 75%  314M 0s
[2.335s]   3100K .......... .......... .......... .......... .......... 76% 8.60M 0s
[2.339s]   3150K .......... .......... .......... .......... .......... 78% 23.6M 0s
[2.339s]   3200K .......... .......... .......... .......... .......... 79% 30.4M 0s
[2.341s]   3250K .......... .......... .......... .......... .......... 80% 19.6M 0s
[2.344s]   3300K .......... .......... .......... .......... .......... 81% 15.4M 0s
[2.346s]   3350K .......... .......... .......... .......... .......... 83% 35.2M 0s
[2.349s]   3400K .......... .......... .......... .......... .......... 84% 14.6M 0s
[2.355s]   3450K .......... .......... .......... .......... .......... 85% 74.5M 0s
[2.355s]   3500K .......... .......... .......... .......... .......... 86% 13.9M 0s
[2.355s]   3550K .......... .......... .......... .......... .......... 87% 24.7M 0s
[2.356s]   3600K .......... .......... .......... .......... .......... 89% 62.0M 0s
[2.361s]   3650K .......... .......... .......... .......... .......... 90% 10.2M 0s
[2.361s]   3700K .......... .......... .......... .......... .......... 91%  127M 0s
[2.362s]   3750K .......... .......... .......... .......... .......... 92% 44.5M 0s
[2.364s]   3800K .......... .......... .......... .......... .......... 93% 34.8M 0s
[2.365s]   3850K .......... .......... .......... .......... .......... 95% 24.9M 0s
[2.370s]   3900K .......... .......... .......... .......... .......... 96% 12.4M 0s
[2.372s]   3950K .......... .......... .......... .......... .......... 97% 23.6M 0s
[2.376s]   4000K .......... .......... .......... .......... .......... 98% 14.5M 0s
[2.377s]   4050K .......... .......... .......... .......... ......    100%  186M=0.2s
[2.377s] 
[2.377s] 2025-11-25 04:01:38 (18.6 MB/s) - ‘/home/pranav/turtle_test/build/multirobot_map_merge/map00.pgm’ saved [4194362/4194362]
[2.377s] 
[2.381s] Checking MD5 sum of /home/pranav/turtle_test/build/multirobot_map_merge/map00.pgm
[2.416s] /home/pranav/turtle_test/build/multirobot_map_merge/map00.pgm: OK
[2.427s] --2025-11-25 04:01:38--  https://raw.githubusercontent.com/hrnr/m-explore-extra/master/map_merge/hector_maps/map05.pgm
[2.431s] Resolving raw.githubusercontent.com (raw.githubusercontent.com)... 185.199.109.133, 185.199.111.133, 185.199.108.133, ...
[2.432s] Connecting to raw.githubusercontent.com (raw.githubusercontent.com)|185.199.109.133|:443... connected.
[2.591s] HTTP request sent, awaiting response... 200 OK
[2.591s] Length: 4194362 (4.0M) [application/octet-stream]
[2.592s] Saving to: ‘/home/pranav/turtle_test/build/multirobot_map_merge/map05.pgm’
[2.592s] 
[2.605s]      0K .......... .......... .......... .......... ..........  1% 4.72M 1s
[2.610s]     50K .......... .......... .......... .......... ..........  2% 7.35M 1s
[2.614s]    100K .......... .......... .......... .......... ..........  3% 13.6M 1s
[2.620s]    150K .......... .......... .......... .......... ..........  4% 6.99M 1s
[2.625s]    200K .......... .......... .......... .......... ..........  6% 10.2M 0s
[2.627s]    250K .......... .......... .......... .......... ..........  7% 35.4M 0s
[2.628s]    300K .......... .......... .......... .......... ..........  8% 25.9M 0s
[2.629s]    350K .......... .......... .......... .......... ..........  9% 30.6M 0s
[2.632s]    400K .......... .......... .......... .......... .......... 10% 21.0M 0s
[2.640s]    450K .......... .......... .......... .......... .......... 12% 5.86M 0s
[2.645s]    500K .......... .......... .......... .......... .......... 13% 9.54M 0s
[2.648s]    550K .......... .......... .......... .......... .......... 14% 17.4M 0s
[2.649s]    600K .......... .......... .......... .......... .......... 15% 42.7M 0s
[2.651s]    650K .......... .......... .......... .......... .......... 17% 24.3M 0s
[2.653s]    700K .......... .......... .......... .......... .......... 18% 19.7M 0s
[2.656s]    750K .......... .......... .......... .......... .......... 19% 23.9M 0s
[2.658s]    800K .......... .......... .......... .......... .......... 20% 24.7M 0s
[2.660s]    850K .......... .......... .......... .......... .......... 21% 23.9M 0s
[2.662s]    900K .......... .......... .......... .......... .......... 23% 19.1M 0s
[2.666s]    950K .......... .......... .......... .......... .......... 24% 12.2M 0s
[2.667s]   1000K .......... .......... .......... .......... .......... 25% 94.6M 0s
[2.669s]   1050K .......... .......... .......... .......... .......... 26% 23.5M 0s
[2.671s]   1100K .......... .......... .......... .......... .......... 28% 24.1M 0s
[2.673s]   1150K .......... .......... .......... .......... .......... 29% 22.9M 0s
[2.675s]   1200K .......... .......... .......... .......... .......... 30% 24.4M 0s
[2.677s]   1250K .......... .......... .......... .......... .......... 31% 24.8M 0s
[2.679s]   1300K .......... .......... .......... .......... .......... 32% 23.9M 0s
[2.685s]   1350K .......... .......... .......... .......... .......... 34% 9.01M 0s
[2.686s]   1400K .......... .......... .......... .......... .......... 35% 24.9M 0s
[2.688s]   1450K .......... .......... .......... .......... .......... 36% 31.0M 0s
[2.692s]   1500K .......... .......... .......... .......... .......... 37% 10.5M 0s
[2.694s]   1550K .......... .......... .......... .......... .......... 39% 24.4M 0s
[2.697s]   1600K .......... .......... .......... .......... .......... 40% 22.8M 0s
[2.699s]   1650K .......... .......... .......... .......... .......... 41% 24.9M 0s
[2.701s]   1700K .......... .......... .......... .......... .......... 42% 24.3M 0s
[2.705s]   1750K .......... .......... .......... .......... .......... 43% 24.5M 0s
[2.706s]   1800K .......... .......... .......... .......... .......... 45% 12.6M 0s
[2.709s]   1850K .......... .......... .......... .......... .......... 46% 23.6M 0s
[2.711s]   1900K .......... .......... .......... .......... .......... 47% 23.3M 0s
[2.713s]   1950K .......... .......... .......... .......... .......... 48% 24.3M 0s
[2.715s]   2000K .......... .......... .......... .......... .......... 50% 24.6M 0s
[2.720s]   2050K .......... .......... .......... .......... .......... 51% 8.91M 0s
[2.722s]   2100K .......... .......... .......... .......... .......... 52% 24.9M 0s
[2.724s]   2150K .......... .......... .......... .......... .......... 53% 24.0M 0s
[2.726s]   2200K .......... .......... .......... .......... .......... 54% 24.2M 0s
[2.728s]   2250K .......... .......... .......... .......... .......... 56% 23.5M 0s
[2.730s]   2300K .......... .......... .......... .......... .......... 57% 24.9M 0s
[2.732s]   2350K .......... .......... .......... .......... .......... 58% 24.0M 0s
[2.734s]   2400K .......... .......... .......... .......... .......... 59% 23.9M 0s
[2.736s]   2450K .......... .......... .......... .......... .......... 61% 24.1M 0s
[2.738s]   2500K .......... .......... .......... .......... .......... 62% 23.8M 0s
[2.740s]   2550K .......... .......... .......... .......... .......... 63% 24.4M 0s
[2.742s]   2600K .......... .......... .......... .......... .......... 64% 23.1M 0s
[2.746s]   2650K .......... .......... .......... .......... .......... 65% 12.3M 0s
[2.748s]   2700K .......... .......... .......... .......... .......... 67% 23.9M 0s
[2.750s]   2750K .......... .......... .......... .......... .......... 68% 24.3M 0s
[2.753s]   2800K .......... .......... .......... .......... .......... 69% 23.4M 0s
[2.755s]   2850K .......... .......... .......... .......... .......... 70% 23.9M 0s
[2.757s]   2900K .......... .......... .......... .......... .......... 72% 24.6M 0s
[2.759s]   2950K .......... .......... .......... .......... .......... 73% 23.5M 0s
[2.761s]   3000K .......... .......... .......... .......... .......... 74% 25.2M 0s
[2.763s]   3050K .......... .......... .......... .......... .......... 75% 23.3M 0s
[2.765s]   3100K .......... .......... .......... .......... .......... 76% 24.6M 0s
[2.767s]   3150K .......... .......... .......... .......... .......... 78% 24.8M 0s
[2.769s]   3200K .......... .......... .......... .......... .......... 79% 24.2M 0s
[2.773s]   3250K .......... .......... .......... .......... .......... 80% 10.2M 0s
[2.776s]   3300K .......... .......... .......... .......... .......... 81% 22.3M 0s
[2.778s]   3350K .......... .......... .......... .......... .......... 83% 24.3M 0s
[2.780s]   3400K .......... .......... .......... .......... .......... 84% 23.9M 0s
[2.782s]   3450K .......... .......... .......... .......... .......... 85% 22.5M 0s
[2.788s]   3500K .......... .......... .......... .......... .......... 86% 11.0M 0s
[2.790s]   3550K .......... .......... .......... .......... .......... 87% 12.7M 0s
[2.796s]   3600K .......... .......... .......... .......... .......... 89% 8.51M 0s
[2.797s]   3650K .......... .......... .......... .......... .......... 90% 49.0M 0s
[2.799s]   3700K .......... .......... .......... .......... .......... 91% 23.8M 0s
[2.801s]   3750K .......... .......... .......... .......... .......... 92% 23.6M 0s
[2.803s]   3800K .......... .......... .......... .......... .......... 93% 24.0M 0s
[2.805s]   3850K .......... .......... .......... .......... .......... 95% 24.6M 0s
[2.809s]   3900K .......... .......... .......... .......... .......... 96% 24.2M 0s
[2.813s]   3950K .......... .......... .......... .......... .......... 97% 8.85M 0s
[2.814s]   4000K .......... .......... .......... .......... .......... 98% 33.0M 0s
[2.814s]   4050K .......... .......... .......... .......... ......    100%  172M=0.2s
[2.814s] 
[2.814s] 2025-11-25 04:01:38 (18.0 MB/s) - ‘/home/pranav/turtle_test/build/multirobot_map_merge/map05.pgm’ saved [4194362/4194362]
[2.814s] 
[2.815s] Checking MD5 sum of /home/pranav/turtle_test/build/multirobot_map_merge/map05.pgm
[2.824s] /home/pranav/turtle_test/build/multirobot_map_merge/map05.pgm: OK
[2.829s] --2025-11-25 04:01:38--  https://raw.githubusercontent.com/hrnr/m-explore-extra/master/map_merge/gmapping_maps/2011-08-09-12-22-52.pgm
[2.833s] Resolving raw.githubusercontent.com (raw.githubusercontent.com)... 185.199.111.133, 185.199.110.133, 185.199.109.133, ...
[2.837s] Connecting to raw.githubusercontent.com (raw.githubusercontent.com)|185.199.111.133|:443... connected.
[2.962s] HTTP request sent, awaiting response... 200 OK
[2.962s] Length: 16000058 (15M) [application/octet-stream]
[2.964s] Saving to: ‘/home/pranav/turtle_test/build/multirobot_map_merge/2011-08-09-12-22-52.pgm’
[2.964s] 
[2.972s]      0K .......... .......... .......... .......... ..........  0% 4.95M 3s
[2.975s]     50K .......... .......... .......... .......... ..........  0% 13.1M 2s
[2.981s]    100K .......... .......... .......... .......... ..........  0% 8.92M 2s
[2.983s]    150K .......... .......... .......... .......... ..........  1% 21.9M 2s
[2.988s]    200K .......... .......... .......... .......... ..........  1% 17.3M 1s
[2.988s]    250K .......... .......... .......... .......... ..........  1% 33.0M 1s
[2.992s]    300K .......... .......... .......... .......... ..........  2% 10.5M 1s
[3.000s]    350K .......... .......... .......... .......... ..........  2% 6.62M 1s
[3.001s]    400K .......... .......... .......... .......... ..........  2% 27.2M 1s
[3.006s]    450K .......... .......... .......... .......... ..........  3% 10.2M 1s
[3.006s]    500K .......... .......... .......... .......... ..........  3%  275M 1s
[3.008s]    550K .......... .......... .......... .......... ..........  3% 32.0M 1s
[3.012s]    600K .......... .......... .......... .......... ..........  4% 23.2M 1s
[3.012s]    650K .......... .......... .......... .......... ..........  4%  273M 1s
[3.013s]    700K .......... .......... .......... .......... ..........  4% 17.6M 1s
[3.017s]    750K .......... .......... .......... .......... ..........  5% 11.3M 1s
[3.021s]    800K .......... .......... .......... .......... ..........  5% 14.9M 1s
[3.026s]    850K .......... .......... .......... .......... ..........  5% 8.68M 1s
[3.026s]    900K .......... .......... .......... .......... ..........  6%  278M 1s
[3.031s]    950K .......... .......... .......... .......... ..........  6% 25.4M 1s
[3.031s]   1000K .......... .......... .......... .......... ..........  6% 22.5M 1s
[3.032s]   1050K .......... .......... .......... .......... ..........  7% 24.2M 1s
[3.034s]   1100K .......... .......... .......... .......... ..........  7% 23.8M 1s
[3.036s]   1150K .......... .......... .......... .......... ..........  7% 23.4M 1s
[3.039s]   1200K .......... .......... .......... .......... ..........  7% 17.9M 1s
[3.046s]   1250K .......... .......... .......... .......... ..........  8% 8.17M 1s
[3.046s]   1300K .......... .......... .......... .......... ..........  8%  299M 1s
[3.048s]   1350K .......... .......... .......... .......... ..........  8% 17.5M 1s
[3.051s]   1400K .......... .......... .......... .......... ..........  9% 28.2M 1s
[3.052s]   1450K .......... .......... .......... .......... ..........  9% 22.7M 1s
[3.056s]   1500K .......... .......... .......... .......... ..........  9% 12.5M 1s
[3.056s]   1550K .......... .......... .......... .......... .......... 10%  280M 1s
[3.059s]   1600K .......... .......... .......... .......... .......... 10% 20.6M 1s
[3.061s]   1650K .......... .......... .......... .......... .......... 10% 17.4M 1s
[3.063s]   1700K .......... .......... .......... .......... .......... 11% 36.5M 1s
[3.069s]   1750K .......... .......... .......... .......... .......... 11% 11.6M 1s
[3.071s]   1800K .......... .......... .......... .......... .......... 11%  181M 1s
[3.071s]   1850K .......... .......... .......... .......... .......... 12% 34.4M 1s
[3.073s]   1900K .......... .......... .......... .......... .......... 12% 10.5M 1s
[3.074s]   1950K .......... .......... .......... .......... .......... 12%  324M 1s
[3.078s]   2000K .......... .......... .......... .......... .......... 13% 10.9M 1s
[3.078s]   2050K .......... .......... .......... .......... .......... 13%  109M 1s
[3.081s]   2100K .......... .......... .......... .......... .......... 13% 24.4M 1s
[3.085s]   2150K .......... .......... .......... .......... .......... 14% 12.6M 1s
[3.086s]   2200K .......... .......... .......... .......... .......... 14% 30.1M 1s
[3.093s]   2250K .......... .......... .......... .......... .......... 14% 15.6M 1s
[3.093s]   2300K .......... .......... .......... .......... .......... 15% 34.8M 1s
[3.093s]   2350K .......... .......... .......... .......... .......... 15% 23.9M 1s
[3.093s]   2400K .......... .......... .......... .......... .......... 15%  256M 1s
[3.096s]   2450K .......... .......... .......... .......... .......... 15% 15.9M 1s
[3.098s]   2500K .......... .......... .......... .......... .......... 16% 18.5M 1s
[3.105s]   2550K .......... .......... .......... .......... .......... 16% 7.23M 1s
[3.111s]   2600K .......... .......... .......... .......... .......... 16% 19.9M 1s
[3.111s]   2650K .......... .......... .......... .......... .......... 17% 39.3M 1s
[3.111s]   2700K .......... .......... .......... .......... .......... 17% 22.6M 1s
[3.113s]   2750K .......... .......... .......... .......... .......... 17% 20.0M 1s
[3.116s]   2800K .......... .......... .......... .......... .......... 18% 22.8M 1s
[3.117s]   2850K .......... .......... .......... .......... .......... 18% 24.4M 1s
[3.120s]   2900K .......... .......... .......... .......... .......... 18% 23.5M 1s
[3.122s]   2950K .......... .......... .......... .......... .......... 19% 21.7M 1s
[3.124s]   3000K .......... .......... .......... .......... .......... 19% 19.8M 1s
[3.126s]   3050K .......... .......... .......... .......... .......... 19% 32.2M 1s
[3.128s]   3100K .......... .......... .......... .......... .......... 20% 24.2M 1s
[3.133s]   3150K .......... .......... .......... .......... .......... 20% 8.67M 1s
[3.135s]   3200K .......... .......... .......... .......... .......... 20% 24.0M 1s
[3.139s]   3250K .......... .......... .......... .......... .......... 21% 23.6M 1s
[3.140s]   3300K .......... .......... .......... .......... .......... 21% 23.5M 1s
[3.142s]   3350K .......... .......... .......... .......... .......... 21% 22.0M 1s
[3.144s]   3400K .......... .......... .......... .......... .......... 22% 25.1M 1s
[3.146s]   3450K .......... .......... .......... .......... .......... 22% 24.1M 1s
[3.148s]   3500K .......... .......... .......... .......... .......... 22% 23.7M 1s
[3.151s]   3550K .......... .......... .......... .......... .......... 23% 16.1M 1s
[3.156s]   3600K .......... .......... .......... .......... .......... 23% 9.51M 1s
[3.158s]   3650K .......... .......... .......... .......... .......... 23% 23.4M 1s
[3.160s]   3700K .......... .......... .......... .......... .......... 23% 24.2M 1s
[3.162s]   3750K .......... .......... .......... .......... .......... 24% 23.8M 1s
[3.164s]   3800K .......... .......... .......... .......... .......... 24% 23.5M 1s
[3.172s]   3850K .......... .......... .......... .......... .......... 24% 12.8M 1s
[3.172s]   3900K .......... .......... .......... .......... .......... 25%  149M 1s
[3.172s]   3950K .......... .......... .......... .......... .......... 25% 17.8M 1s
[3.173s]   4000K .......... .......... .......... .......... .......... 25% 34.5M 1s
[3.180s]   4050K .......... .......... .......... .......... .......... 26% 9.58M 1s
[3.180s]   4100K .......... .......... .......... .......... .......... 26%  372M 1s
[3.180s]   4150K .......... .......... .......... .......... .......... 26% 50.3M 1s
[3.183s]   4200K .......... .......... .......... .......... .......... 27% 13.6M 1s
[3.186s]   4250K .......... .......... .......... .......... .......... 27% 17.8M 1s
[3.187s]   4300K .......... .......... .......... .......... .......... 27% 40.6M 1s
[3.189s]   4350K .......... .......... .......... .......... .......... 28% 24.6M 1s
[3.191s]   4400K .......... .......... .......... .......... .......... 28% 17.8M 1s
[3.198s]   4450K .......... .......... .......... .......... .......... 28% 8.53M 1s
[3.198s]   4500K .......... .......... .......... .......... .......... 29%  208M 1s
[3.198s]   4550K .......... .......... .......... .......... .......... 29%  358M 1s
[3.204s]   4600K .......... .......... .......... .......... .......... 29% 15.9M 1s
[3.205s]   4650K .......... .......... .......... .......... .......... 30% 10.1M 1s
[3.207s]   4700K .......... .......... .......... .......... .......... 30% 30.1M 1s
[3.211s]   4750K .......... .......... .......... .......... .......... 30% 14.3M 1s
[3.211s]   4800K .......... .......... .......... .......... .......... 31% 68.9M 1s
[3.213s]   4850K .......... .......... .......... .......... .......... 31% 19.9M 1s
[3.215s]   4900K .......... .......... .......... .......... .......... 31% 25.6M 1s
[3.217s]   4950K .......... .......... .......... .......... .......... 31% 20.4M 1s
[3.219s]   5000K .......... .......... .......... .......... .......... 32% 27.9M 1s
[3.227s]   5050K .......... .......... .......... .......... .......... 32% 10.4M 1s
[3.227s]   5100K .......... .......... .......... .......... .......... 32% 25.7M 1s
[3.228s]   5150K .......... .......... .......... .......... .......... 33% 21.9M 1s
[3.230s]   5200K .......... .......... .......... .......... .......... 33% 25.4M 1s
[3.240s]   5250K .......... .......... .......... .......... .......... 33% 5.80M 1s
[3.240s]   5300K .......... .......... .......... .......... .......... 34% 33.8M 1s
[3.243s]   5350K .......... .......... .......... .......... .......... 34% 19.2M 1s
[3.244s]   5400K .......... .......... .......... .......... .......... 34% 41.3M 1s
[3.247s]   5450K .......... .......... .......... .......... .......... 35% 16.5M 1s
[3.248s]   5500K .......... .......... .......... .......... .......... 35% 32.0M 1s
[3.251s]   5550K .......... .......... .......... .......... .......... 35% 19.7M 1s
[3.252s]   5600K .......... .......... .......... .......... .......... 36% 32.3M 1s
[3.257s]   5650K .......... .......... .......... .......... .......... 36% 9.13M 1s
[3.262s]   5700K .......... .......... .......... .......... .......... 36% 21.7M 1s
[3.262s]   5750K .......... .......... .......... .......... .......... 37% 22.0M 1s
[3.264s]   5800K .......... .......... .......... .......... .......... 37% 25.0M 1s
[3.267s]   5850K .......... .......... .......... .......... .......... 37% 17.6M 1s
[3.275s]   5900K .......... .......... .......... .......... .......... 38% 7.09M 1s
[3.275s]   5950K .......... .......... .......... .......... .......... 38% 26.1M 1s
[3.278s]   6000K .......... .......... .......... .......... .......... 38% 22.2M 0s
[3.280s]   6050K .......... .......... .......... .......... .......... 39% 24.0M 0s
[3.284s]   6100K .......... .......... .......... .......... .......... 39% 20.5M 0s
[3.284s]   6150K .......... .......... .......... .......... .......... 39% 23.3M 0s
[3.287s]   6200K .......... .......... .......... .......... .......... 39% 24.6M 0s
[3.288s]   6250K .......... .......... .......... .......... .......... 40% 23.7M 0s
[3.292s]   6300K .......... .......... .......... .......... .......... 40% 12.7M 0s
[3.294s]   6350K .......... .......... .......... .......... .......... 40% 25.3M 0s
[3.296s]   6400K .......... .......... .......... .......... .......... 41% 23.6M 0s
[3.298s]   6450K .......... .......... .......... .......... .......... 41% 23.9M 0s
[3.301s]   6500K .......... .......... .......... .......... .......... 41% 18.2M 0s
[3.303s]   6550K .......... .......... .......... .......... .......... 42% 25.6M 0s
[3.311s]   6600K .......... .......... .......... .......... .......... 42% 6.41M 0s
[3.313s]   6650K .......... .......... .......... .......... .......... 42% 27.9M 0s
[3.314s]   6700K .......... .......... .......... .......... .......... 43% 22.9M 0s
[3.316s]   6750K .......... .......... .......... .......... .......... 43% 23.4M 0s
[3.319s]   6800K .......... .......... .......... .......... .......... 43% 18.8M 0s
[3.322s]   6850K .......... .......... .......... .......... .......... 44% 19.7M 0s
[3.323s]   6900K .......... .......... .......... .......... .......... 44% 35.4M 0s
[3.325s]   6950K .......... .......... .......... .......... .......... 44% 19.7M 0s
[3.330s]   7000K .......... .......... .......... .......... .......... 45% 11.1M 0s
[3.330s]   7050K .......... .......... .......... .......... .......... 45%  340M 0s
[3.332s]   7100K .......... .......... .......... .......... .......... 45% 21.7M 0s
[3.334s]   7150K .......... .......... .......... .......... .......... 46% 28.9M 0s
[3.337s]   7200K .......... .......... .......... .......... .......... 46% 17.1M 0s
[3.339s]   7250K .......... .......... .......... .......... .......... 46% 24.1M 0s
[3.342s]   7300K .......... .......... .......... .......... .......... 47% 13.2M 0s
[3.343s]   7350K .......... .......... .......... .......... .......... 47% 51.8M 0s
[3.348s]   7400K .......... .......... .......... .......... .......... 47% 10.1M 0s
[3.350s]   7450K .......... .......... .......... .......... .......... 47% 23.2M 0s
[3.352s]   7500K .......... .......... .......... .......... .......... 48% 24.1M 0s
[3.354s]   7550K .......... .......... .......... .......... .......... 48% 23.8M 0s
[3.356s]   7600K .......... .......... .......... .......... .......... 48% 21.9M 0s
[3.358s]   7650K .......... .......... .......... .......... .......... 49% 24.1M 0s
[3.360s]   7700K .......... .......... .......... .......... .......... 49% 25.3M 0s
[3.363s]   7750K .......... .......... .......... .......... .......... 49% 23.0M 0s
[3.365s]   7800K .......... .......... .......... .......... .......... 50% 23.5M 0s
[3.367s]   7850K .......... .......... .......... .......... .......... 50% 20.5M 0s
[3.369s]   7900K .......... .......... .......... .......... .......... 50% 21.8M 0s
[3.371s]   7950K .......... .......... .......... .......... .......... 51% 27.5M 0s
[3.374s]   8000K .......... .......... .......... .......... .......... 51% 14.0M 0s
[3.379s]   8050K .......... .......... .......... .......... .......... 51% 9.90M 0s
[3.383s]   8100K .......... .......... .......... .......... .......... 52% 15.9M 0s
[3.385s]   8150K .......... .......... .......... .......... .......... 52% 25.7M 0s
[3.386s]   8200K .......... .......... .......... .......... .......... 52% 42.0M 0s
[3.389s]   8250K .......... .......... .......... .......... .......... 53% 15.1M 0s
[3.391s]   8300K .......... .......... .......... .......... .......... 53% 31.1M 0s
[3.392s]   8350K .......... .......... .......... .......... .......... 53% 29.5M 0s
[3.394s]   8400K .......... .......... .......... .......... .......... 54% 28.7M 0s
[3.397s]   8450K .......... .......... .......... .......... .......... 54% 15.2M 0s
[3.399s]   8500K .......... .......... .......... .......... .......... 54% 23.0M 0s
[3.401s]   8550K .......... .......... .......... .......... .......... 55% 26.3M 0s
[3.403s]   8600K .......... .......... .......... .......... .......... 55% 23.7M 0s
[3.410s]   8650K .......... .......... .......... .......... .......... 55% 16.4M 0s
[3.410s]   8700K .......... .......... .......... .......... .......... 55% 11.0M 0s
[3.412s]   8750K .......... .......... .......... .......... .......... 56% 23.8M 0s
[3.414s]   8800K .......... .......... .......... .......... .......... 56% 23.9M 0s
[3.416s]   8850K .......... .......... .......... .......... .......... 56% 23.4M 0s
[3.420s]   8900K .......... .......... .......... .......... .......... 57% 13.5M 0s
[3.422s]   8950K .......... .......... .......... .......... .......... 57% 38.1M 0s
[3.423s]   9000K .......... .......... .......... .......... .......... 57% 23.8M 0s
[3.426s]   9050K .......... .......... .......... .......... .......... 58% 18.2M 0s
[3.427s]   9100K .......... .......... .......... .......... .......... 58% 59.0M 0s
[3.430s]   9150K .......... .......... .......... .......... .......... 58% 16.1M 0s
[3.431s]   9200K .......... .......... .......... .......... .......... 59% 47.2M 0s
[3.433s]   9250K .......... .......... .......... .......... .......... 59% 21.6M 0s
[3.440s]   9300K .......... .......... .......... .......... .......... 59% 7.30M 0s
[3.443s]   9350K .......... .......... .......... .......... .......... 60% 24.1M 0s
[3.444s]   9400K .......... .......... .......... .......... .......... 60% 24.3M 0s
[3.446s]   9450K .......... .......... .......... .......... .......... 60% 21.2M 0s
[3.449s]   9500K .......... .......... .......... .......... .......... 61% 21.2M 0s
[3.451s]   9550K .......... .......... .......... .......... .......... 61% 24.9M 0s
[3.454s]   9600K .......... .......... .......... .......... .......... 61% 17.2M 0s
[3.460s]   9650K .......... .......... .......... .......... .......... 62% 37.2M 0s
[3.460s]   9700K .......... .......... .......... .......... .......... 62% 13.4M 0s
[3.463s]   9750K .......... .......... .......... .......... .......... 62% 14.1M 0s
[3.463s]   9800K .......... .......... .......... .......... .......... 63% 81.6M 0s
[3.468s]   9850K .......... .......... .......... .......... .......... 63% 9.08M 0s
[3.471s]   9900K .......... .......... .......... .......... .......... 63% 36.6M 0s
[3.474s]   9950K .......... .......... .......... .......... .......... 63% 12.5M 0s
[3.475s]  10000K .......... .......... .......... .......... .......... 64% 33.5M 0s
[3.476s]  10050K .......... .......... .......... .......... .......... 64% 41.8M 0s
[3.481s]  10100K .......... .......... .......... .......... .......... 64% 31.6M 0s
[3.481s]  10150K .......... .......... .......... .......... .......... 65% 12.4M 0s
[3.483s]  10200K .......... .......... .......... .......... .......... 65% 22.7M 0s
[3.488s]  10250K .......... .......... .......... .......... .......... 65% 13.1M 0s
[3.489s]  10300K .......... .......... .......... .......... .......... 66% 21.9M 0s
[3.491s]  10350K .......... .......... .......... .......... .......... 66% 24.0M 0s
[3.492s]  10400K .......... .......... .......... .......... .......... 66%  250M 0s
[3.494s]  10450K .......... .......... .......... .......... .......... 67% 21.2M 0s
[3.496s]  10500K .......... .......... .......... .......... .......... 67% 25.8M 0s
[3.500s]  10550K .......... .......... .......... .......... .......... 67% 12.0M 0s
[3.502s]  10600K .......... .......... .......... .......... .......... 68% 21.8M 0s
[3.504s]  10650K .......... .......... .......... .......... .......... 68% 23.9M 0s
[3.505s]  10700K .......... .......... .......... .......... .......... 68% 71.2M 0s
[3.507s]  10750K .......... .......... .......... .......... .......... 69% 24.1M 0s
[3.510s]  10800K .......... .......... .......... .......... .......... 69% 17.7M 0s
[3.515s]  10850K .......... .......... .......... .......... .......... 69% 16.3M 0s
[3.516s]  10900K .......... .......... .......... .......... .......... 70% 20.9M 0s
[3.522s]  10950K .......... .......... .......... .......... .......... 70% 7.25M 0s
[3.523s]  11000K .......... .......... .......... .......... .......... 70% 36.9M 0s
[3.526s]  11050K .......... .......... .......... .......... .......... 71% 18.1M 0s
[3.528s]  11100K .......... .......... .......... .......... .......... 71% 28.2M 0s
[3.530s]  11150K .......... .......... .......... .......... .......... 71% 19.9M 0s
[3.532s]  11200K .......... .......... .......... .......... .......... 71% 29.6M 0s
[3.535s]  11250K .......... .......... .......... .......... .......... 72% 19.8M 0s
[3.536s]  11300K .......... .......... .......... .......... .......... 72% 30.3M 0s
[3.539s]  11350K .......... .......... .......... .......... .......... 72% 15.9M 0s
[3.541s]  11400K .......... .......... .......... .......... .......... 73% 26.3M 0s
[3.543s]  11450K .......... .......... .......... .......... .......... 73% 23.7M 0s
[3.546s]  11500K .......... .......... .......... .......... .......... 73% 18.5M 0s
[3.549s]  11550K .......... .......... .......... .......... .......... 74% 12.5M 0s
[3.552s]  11600K .......... .......... .......... .......... .......... 74% 22.5M 0s
[3.554s]  11650K .......... .......... .......... .......... .......... 74% 23.4M 0s
[3.554s]  11700K .......... .......... .......... .......... .......... 75% 52.7M 0s
[3.559s]  11750K .......... .......... .......... .......... .......... 75% 14.4M 0s
[3.559s]  11800K .......... .......... .......... .......... .......... 75% 32.5M 0s
[3.562s]  11850K .......... .......... .......... .......... .......... 76% 23.9M 0s
[3.565s]  11900K .......... .......... .......... .......... .......... 76% 27.0M 0s
[3.565s]  11950K .......... .......... .......... .......... .......... 76% 22.0M 0s
[3.569s]  12000K .......... .......... .......... .......... .......... 77% 14.0M 0s
[3.569s]  12050K .......... .......... .......... .......... .......... 77% 71.2M 0s
[3.574s]  12100K .......... .......... .......... .......... .......... 77% 20.2M 0s
[3.574s]  12150K .......... .......... .......... .......... .......... 78% 26.8M 0s
[3.576s]  12200K .......... .......... .......... .......... .......... 78% 24.1M 0s
[3.578s]  12250K .......... .......... .......... .......... .......... 78% 24.5M 0s
[3.582s]  12300K .......... .......... .......... .......... .......... 79% 11.5M 0s
[3.585s]  12350K .......... .......... .......... .......... .......... 79% 14.8M 0s
[3.588s]  12400K .......... .......... .......... .......... .......... 79% 18.0M 0s
[3.592s]  12450K .......... .......... .......... .......... .......... 79% 15.6M 0s
[3.596s]  12500K .......... .......... .......... .......... .......... 80% 9.66M 0s
[3.597s]  12550K .......... .......... .......... .......... .......... 80%  213M 0s
[3.602s]  12600K .......... .......... .......... .......... .......... 80% 8.74M 0s
[3.604s]  12650K .......... .......... .......... .......... .......... 81% 23.8M 0s
[3.609s]  12700K .......... .......... .......... .......... .......... 81% 22.4M 0s
[3.609s]  12750K .......... .......... .......... .......... .......... 81% 21.6M 0s
[3.616s]  12800K .......... .......... .......... .......... .......... 82% 6.90M 0s
[3.617s]  12850K .......... .......... .......... .......... .......... 82% 31.3M 0s
[3.619s]  12900K .......... .......... .......... .......... .......... 82% 27.8M 0s
[3.620s]  12950K .......... .......... .......... .......... .......... 83% 51.9M 0s
[3.622s]  13000K .......... .......... .......... .......... .......... 83% 22.5M 0s
[3.624s]  13050K .......... .......... .......... .......... .......... 83% 22.2M 0s
[3.628s]  13100K .......... .......... .......... .......... .......... 84% 12.4M 0s
[3.632s]  13150K .......... .......... .......... .......... .......... 84%  250M 0s
[3.633s]  13200K .......... .......... .......... .......... .......... 84% 11.1M 0s
[3.635s]  13250K .......... .......... .......... .......... .......... 85% 23.9M 0s
[3.637s]  13300K .......... .......... .......... .......... .......... 85% 23.6M 0s
[3.637s]  13350K .......... .......... .......... .......... .......... 85%  298M 0s
[3.639s]  13400K .......... .......... .......... .......... .......... 86% 23.8M 0s
[3.646s]  13450K .......... .......... .......... .......... .......... 86% 6.49M 0s
[3.649s]  13500K .......... .......... .......... .......... .......... 86% 21.8M 0s
[3.653s]  13550K .......... .......... .......... .......... .......... 87% 25.6M 0s
[3.655s]  13600K .......... .......... .......... .......... .......... 87% 12.1M 0s
[3.657s]  13650K .......... .......... .......... .......... .......... 87% 23.3M 0s
[3.657s]  13700K .......... .......... .......... .......... .......... 87%  110M 0s
[3.659s]  13750K .......... .......... .......... .......... .......... 88% 26.0M 0s
[3.662s]  13800K .......... .......... .......... .......... .......... 88% 15.1M 0s
[3.667s]  13850K .......... .......... .......... .......... .......... 88% 15.8M 0s
[3.668s]  13900K .......... .......... .......... .......... .......... 89% 23.6M 0s
[3.668s]  13950K .......... .......... .......... .......... .......... 89% 80.1M 0s
[3.670s]  14000K .......... .......... .......... .......... .......... 89% 28.0M 0s
[3.672s]  14050K .......... .......... .......... .......... .......... 90% 21.0M 0s
[3.677s]  14100K .......... .......... .......... .......... .......... 90% 12.3M 0s
[3.679s]  14150K .......... .......... .......... .......... .......... 90% 22.7M 0s
[3.681s]  14200K .......... .......... .......... .......... .......... 91% 20.7M 0s
[3.683s]  14250K .......... .......... .......... .......... .......... 91% 31.8M 0s
[3.683s]  14300K .......... .......... .......... .......... .......... 91% 52.5M 0s
[3.687s]  14350K .......... .......... .......... .......... .......... 92% 14.2M 0s
[3.697s]  14400K .......... .......... .......... .......... .......... 92% 4.68M 0s
[3.699s]  14450K .......... .......... .......... .......... .......... 92% 23.9M 0s
[3.701s]  14500K .......... .......... .......... .......... .......... 93% 23.5M 0s
[3.704s]  14550K .......... .......... .......... .......... .......... 93% 21.3M 0s
[3.707s]  14600K .......... .......... .......... .......... .......... 93% 16.7M 0s
[3.709s]  14650K .......... .......... .......... .......... .......... 94% 19.7M 0s
[3.712s]  14700K .......... .......... .......... .......... .......... 94% 22.6M 0s
[3.713s]  14750K .......... .......... .......... .......... .......... 94% 40.4M 0s
[3.717s]  14800K .......... .......... .......... .......... .......... 95% 9.69M 0s
[3.721s]  14850K .......... .......... .......... .......... .......... 95% 13.1M 0s
[3.723s]  14900K .......... .......... .......... .......... .......... 95% 23.4M 0s
[3.735s]  14950K .......... .......... .......... .......... .......... 95% 3.98M 0s
[3.737s]  15000K .......... .......... .......... .......... .......... 96% 53.5M 0s
[3.739s]  15050K .......... .......... .......... .......... .......... 96% 32.2M 0s
[3.741s]  15100K .......... .......... .......... .......... .......... 96% 14.0M 0s
[3.780s]  15150K .......... .......... .......... .......... .......... 97% 1.27M 0s
[3.782s]  15200K .......... .......... .......... .......... .......... 97% 19.6M 0s
[3.785s]  15250K .......... .......... .......... .......... .......... 97% 14.6M 0s
[3.787s]  15300K .......... .......... .......... .......... .......... 98% 28.2M 0s
[3.789s]  15350K .......... .......... .......... .......... .......... 98% 23.4M 0s
[3.797s]  15400K .......... .......... .......... .......... .......... 98% 14.3M 0s
[3.797s]  15450K .......... .......... .......... .......... .......... 99% 13.8M 0s
[3.797s]  15500K .......... .......... .......... .......... .......... 99% 59.2M 0s
[3.798s]  15550K .......... .......... .......... .......... .......... 99% 49.7M 0s
[3.800s]  15600K .......... .......... .....                           100% 46.7M=0.8s
[3.800s] 
[3.800s] 2025-11-25 04:01:39 (18.2 MB/s) - ‘/home/pranav/turtle_test/build/multirobot_map_merge/2011-08-09-12-22-52.pgm’ saved [16000058/16000058]
[3.800s] 
[3.800s] Checking MD5 sum of /home/pranav/turtle_test/build/multirobot_map_merge/2011-08-09-12-22-52.pgm
[3.847s] /home/pranav/turtle_test/build/multirobot_map_merge/2011-08-09-12-22-52.pgm: OK
[3.854s] --2025-11-25 04:01:39--  https://raw.githubusercontent.com/hrnr/m-explore-extra/master/map_merge/gmapping_maps/2012-01-28-11-12-01.pgm
[3.858s] Resolving raw.githubusercontent.com (raw.githubusercontent.com)... 185.199.109.133, 185.199.110.133, 185.199.108.133, ...
[3.865s] Connecting to raw.githubusercontent.com (raw.githubusercontent.com)|185.199.109.133|:443... connected.
[3.977s] HTTP request sent, awaiting response... 200 OK
[3.977s] Length: 16000058 (15M) [application/octet-stream]
[3.977s] Saving to: ‘/home/pranav/turtle_test/build/multirobot_map_merge/2012-01-28-11-12-01.pgm’
[3.978s] 
[3.985s]      0K .......... .......... .......... .......... ..........  0% 6.23M 2s
[3.994s]     50K .......... .......... .......... .......... ..........  0% 5.31M 3s
[3.997s]    100K .......... .......... .......... .......... ..........  0% 16.7M 2s
[4.000s]    150K .......... .......... .......... .......... ..........  1% 19.0M 2s
[4.008s]    200K .......... .......... .......... .......... ..........  1% 6.07M 2s
[4.012s]    250K .......... .......... .......... .......... ..........  1% 11.7M 2s
[4.013s]    300K .......... .......... .......... .......... ..........  2% 38.3M 2s
[4.017s]    350K .......... .......... .......... .......... ..........  2% 14.8M 1s
[4.019s]    400K .......... .......... .......... .......... ..........  2% 35.4M 1s
[4.020s]    450K .......... .......... .......... .......... ..........  3% 27.2M 1s
[4.026s]    500K .......... .......... .......... .......... ..........  3% 8.61M 1s
[4.027s]    550K .......... .......... .......... .......... ..........  3% 23.3M 1s
[4.029s]    600K .......... .......... .......... .......... ..........  4% 24.7M 1s
[4.035s]    650K .......... .......... .......... .......... ..........  4% 13.4M 1s
[4.035s]    700K .......... .......... .......... .......... ..........  4%  108M 1s
[4.036s]    750K .......... .......... .......... .......... ..........  5% 23.4M 1s
[4.038s]    800K .......... .......... .......... .......... ..........  5% 24.4M 1s
[4.040s]    850K .......... .......... .......... .......... ..........  5% 18.0M 1s
[4.042s]    900K .......... .......... .......... .......... ..........  6% 35.3M 1s
[4.046s]    950K .......... .......... .......... .......... ..........  6% 11.0M 1s
[4.054s]   1000K .......... .......... .......... .......... ..........  6% 7.12M 1s
[4.054s]   1050K .......... .......... .......... .......... ..........  7%  228M 1s
[4.056s]   1100K .......... .......... .......... .......... ..........  7% 21.9M 1s
[4.061s]   1150K .......... .......... .......... .......... ..........  7% 9.95M 1s
[4.061s]   1200K .......... .......... .......... .......... ..........  7%  322M 1s
[4.062s]   1250K .......... .......... .......... .......... ..........  8% 27.3M 1s
[4.067s]   1300K .......... .......... .......... .......... ..........  8% 24.1M 1s
[4.069s]   1350K .......... .......... .......... .......... ..........  8% 11.0M 1s
[4.069s]   1400K .......... .......... .......... .......... ..........  9%  301M 1s
[4.071s]   1450K .......... .......... .......... .......... ..........  9% 27.1M 1s
[4.073s]   1500K .......... .......... .......... .......... ..........  9% 23.5M 1s
[4.077s]   1550K .......... .......... .......... .......... .......... 10% 12.9M 1s
[4.079s]   1600K .......... .......... .......... .......... .......... 10% 24.9M 1s
[4.081s]   1650K .......... .......... .......... .......... .......... 10% 23.8M 1s
[4.083s]   1700K .......... .......... .......... .......... .......... 11% 24.4M 1s
[4.085s]   1750K .......... .......... .......... .......... .......... 11% 18.2M 1s
[4.087s]   1800K .......... .......... .......... .......... .......... 11% 23.8M 1s
[4.093s]   1850K .......... .......... .......... .......... .......... 12% 15.7M 1s
[4.096s]   1900K .......... .......... .......... .......... .......... 12% 22.1M 1s
[4.098s]   1950K .......... .......... .......... .......... .......... 12% 10.5M 1s
[4.099s]   2000K .......... .......... .......... .......... .......... 13% 24.3M 1s
[4.102s]   2050K .......... .......... .......... .......... .......... 13% 24.6M 1s
[4.105s]   2100K .......... .......... .......... .......... .......... 13% 15.9M 1s
[4.108s]   2150K .......... .......... .......... .......... .......... 14% 18.7M 1s
[4.110s]   2200K .......... .......... .......... .......... .......... 14% 19.9M 1s
[4.113s]   2250K .......... .......... .......... .......... .......... 14% 32.9M 1s
[4.113s]   2300K .......... .......... .......... .......... .......... 15% 23.4M 1s
[4.121s]   2350K .......... .......... .......... .......... .......... 15% 9.58M 1s
[4.121s]   2400K .......... .......... .......... .......... .......... 15% 27.9M 1s
[4.126s]   2450K .......... .......... .......... .......... .......... 15% 27.9M 1s
[4.130s]   2500K .......... .......... .......... .......... .......... 16% 6.21M 1s
[4.130s]   2550K .......... .......... .......... .......... .......... 16% 74.6M 1s
[4.133s]   2600K .......... .......... .......... .......... .......... 16% 16.4M 1s
[4.135s]   2650K .......... .......... .......... .......... .......... 17% 24.3M 1s
[4.137s]   2700K .......... .......... .......... .......... .......... 17% 25.9M 1s
[4.141s]   2750K .......... .......... .......... .......... .......... 17% 15.2M 1s
[4.141s]   2800K .......... .......... .......... .......... .......... 18%  182M 1s
[4.145s]   2850K .......... .......... .......... .......... .......... 18% 24.2M 1s
[4.150s]   2900K .......... .......... .......... .......... .......... 18% 7.47M 1s
[4.150s]   2950K .......... .......... .......... .......... .......... 19% 57.2M 1s
[4.153s]   3000K .......... .......... .......... .......... .......... 19% 15.3M 1s
[4.157s]   3050K .......... .......... .......... .......... .......... 19% 16.7M 1s
[4.157s]   3100K .......... .......... .......... .......... .......... 20%  256M 1s
[4.158s]   3150K .......... .......... .......... .......... .......... 20% 24.1M 1s
[4.164s]   3200K .......... .......... .......... .......... .......... 20% 8.54M 1s
[4.164s]   3250K .......... .......... .......... .......... .......... 21%  205M 1s
[4.169s]   3300K .......... .......... .......... .......... .......... 21% 12.2M 1s
[4.170s]   3350K .......... .......... .......... .......... .......... 21% 24.9M 1s
[4.174s]   3400K .......... .......... .......... .......... .......... 22% 19.7M 1s
[4.174s]   3450K .......... .......... .......... .......... .......... 22% 28.6M 1s
[4.184s]   3500K .......... .......... .......... .......... .......... 22% 8.17M 1s
[4.184s]   3550K .......... .......... .......... .......... .......... 23% 70.0M 1s
[4.184s]   3600K .......... .......... .......... .......... .......... 23% 29.5M 1s
[4.186s]   3650K .......... .......... .......... .......... .......... 23% 25.0M 1s
[4.187s]   3700K .......... .......... .......... .......... .......... 23% 23.4M 1s
[4.188s]   3750K .......... .......... .......... .......... .......... 24% 38.0M 1s
[4.190s]   3800K .......... .......... .......... .......... .......... 24% 22.6M 1s
[4.194s]   3850K .......... .......... .......... .......... .......... 24% 12.2M 1s
[4.197s]   3900K .......... .......... .......... .......... .......... 25% 16.8M 1s
[4.204s]   3950K .......... .......... .......... .......... .......... 25% 20.4M 1s
[4.204s]   4000K .......... .......... .......... .......... .......... 25% 10.9M 1s
[4.205s]   4050K .......... .......... .......... .......... .......... 26% 35.8M 1s
[4.209s]   4100K .......... .......... .......... .......... .......... 26% 23.7M 1s
[4.209s]   4150K .......... .......... .......... .......... .......... 26% 24.4M 1s
[4.214s]   4200K .......... .......... .......... .......... .......... 27% 12.2M 1s
[4.214s]   4250K .......... .......... .......... .......... .......... 27%  218M 1s
[4.217s]   4300K .......... .......... .......... .......... .......... 27% 12.8M 1s
[4.222s]   4350K .......... .......... .......... .......... .......... 28% 24.2M 1s
[4.222s]   4400K .......... .......... .......... .......... .......... 28% 23.1M 1s
[4.224s]   4450K .......... .......... .......... .......... .......... 28% 23.8M 1s
[4.231s]   4500K .......... .......... .......... .......... .......... 29% 6.79M 1s
[4.233s]   4550K .......... .......... .......... .......... .......... 29% 18.3M 1s
[4.239s]   4600K .......... .......... .......... .......... .......... 29% 8.68M 1s
[4.240s]   4650K .......... .......... .......... .......... .......... 30%  389M 1s
[4.240s]   4700K .......... .......... .......... .......... .......... 30%  336M 1s
[4.243s]   4750K .......... .......... .......... .......... .......... 30% 12.7M 1s
[4.244s]   4800K .......... .......... .......... .......... .......... 31%  303M 1s
[4.247s]   4850K .......... .......... .......... .......... .......... 31% 12.7M 1s
[4.249s]   4900K .......... .......... .......... .......... .......... 31% 22.4M 1s
[4.256s]   4950K .......... .......... .......... .......... .......... 31% 8.37M 1s
[4.256s]   5000K .......... .......... .......... .......... .......... 32%  291M 1s
[4.256s]   5050K .......... .......... .......... .......... .......... 32%  349M 1s
[4.259s]   5100K .......... .......... .......... .......... .......... 32% 17.9M 1s
[4.260s]   5150K .......... .......... .......... .......... .......... 33% 32.5M 1s
[4.267s]   5200K .......... .......... .......... .......... .......... 33% 6.63M 1s
[4.268s]   5250K .......... .......... .......... .......... .......... 33%  348M 1s
[4.268s]   5300K .......... .......... .......... .......... .......... 34%  361M 1s
[4.268s]   5350K .......... .......... .......... .......... .......... 34% 77.9M 1s
[4.274s]   5400K .......... .......... .......... .......... .......... 34% 7.98M 1s
[4.274s]   5450K .......... .......... .......... .......... .......... 35%  319M 1s
[4.280s]   5500K .......... .......... .......... .......... .......... 35% 8.27M 1s
[4.281s]   5550K .......... .......... .......... .......... .......... 35%  352M 1s
[4.281s]   5600K .......... .......... .......... .......... .......... 36%  103M 1s
[4.290s]   5650K .......... .......... .......... .......... .......... 36% 5.74M 1s
[4.290s]   5700K .......... .......... .......... .......... .......... 36%  346M 1s
[4.290s]   5750K .......... .......... .......... .......... .......... 37%  365M 1s
[4.290s]   5800K .......... .......... .......... .......... .......... 37%  367M 1s
[4.294s]   5850K .......... .......... .......... .......... .......... 37% 10.9M 1s
[4.296s]   5900K .......... .......... .......... .......... .......... 38% 33.0M 1s
[4.299s]   5950K .......... .......... .......... .......... .......... 38% 31.2M 1s
[4.309s]   6000K .......... .......... .......... .......... .......... 38% 4.50M 1s
[4.309s]   6050K .......... .......... .......... .......... .......... 39%  295M 1s
[4.309s]   6100K .......... .......... .......... .......... .......... 39%  300M 1s
[4.309s]   6150K .......... .......... .......... .......... .......... 39%  374M 1s
[4.309s]   6200K .......... .......... .......... .......... .......... 39%  380M 0s
[4.314s]   6250K .......... .......... .......... .......... .......... 40% 9.37M 0s
[4.316s]   6300K .......... .......... .......... .......... .......... 40% 26.4M 0s
[4.321s]   6350K .......... .......... .......... .......... .......... 40% 26.3M 0s
[4.324s]   6400K .......... .......... .......... .......... .......... 41% 8.76M 0s
[4.324s]   6450K .......... .......... .......... .......... .......... 41%  323M 0s
[4.324s]   6500K .......... .......... .......... .......... .......... 41%  342M 0s
[4.324s]   6550K .......... .......... .......... .......... .......... 42%  358M 0s
[4.326s]   6600K .......... .......... .......... .......... .......... 42% 19.4M 0s
[4.329s]   6650K .......... .......... .......... .......... .......... 42% 27.4M 0s
[4.337s]   6700K .......... .......... .......... .......... .......... 43% 8.45M 0s
[4.339s]   6750K .......... .......... .......... .......... .......... 43% 9.45M 0s
[4.340s]   6800K .......... .......... .......... .......... .......... 43% 52.9M 0s
[4.343s]   6850K .......... .......... .......... .......... .......... 44% 17.6M 0s
[4.343s]   6900K .......... .......... .......... .......... .......... 44%  245M 0s
[4.345s]   6950K .......... .......... .......... .......... .......... 44% 25.8M 0s
[4.347s]   7000K .......... .......... .......... .......... .......... 45% 23.4M 0s
[4.350s]   7050K .......... .......... .......... .......... .......... 45% 85.2M 0s
[4.353s]   7100K .......... .......... .......... .......... .......... 45% 8.59M 0s
[4.355s]   7150K .......... .......... .......... .......... .......... 46% 25.2M 0s
[4.360s]   7200K .......... .......... .......... .......... .......... 46% 23.5M 0s
[4.360s]   7250K .......... .......... .......... .......... .......... 46% 19.7M 0s
[4.362s]   7300K .......... .......... .......... .......... .......... 47% 24.6M 0s
[4.367s]   7350K .......... .......... .......... .......... .......... 47% 13.7M 0s
[4.367s]   7400K .......... .......... .......... .......... .......... 47%  107M 0s
[4.368s]   7450K .......... .......... .......... .......... .......... 47% 19.4M 0s
[4.370s]   7500K .......... .......... .......... .......... .......... 48% 25.2M 0s
[4.372s]   7550K .......... .......... .......... .......... .......... 48% 23.4M 0s
[4.374s]   7600K .......... .......... .......... .......... .......... 48% 25.0M 0s
[4.380s]   7650K .......... .......... .......... .......... .......... 49% 7.62M 0s
[4.380s]   7700K .......... .......... .......... .......... .......... 49%  319M 0s
[4.385s]   7750K .......... .......... .......... .......... .......... 49% 26.5M 0s
[4.385s]   7800K .......... .......... .......... .......... .......... 50% 24.1M 0s
[4.386s]   7850K .......... .......... .......... .......... .......... 50% 23.2M 0s
[4.388s]   7900K .......... .......... .......... .......... .......... 50% 24.1M 0s
[4.390s]   7950K .......... .......... .......... .......... .......... 51% 24.3M 0s
[4.393s]   8000K .......... .......... .......... .......... .......... 51% 24.3M 0s
[4.400s]   8050K .......... .......... .......... .......... .......... 51% 6.83M 0s
[4.400s]   8100K .......... .......... .......... .......... .......... 52%  325M 0s
[4.402s]   8150K .......... .......... .......... .......... .......... 52% 25.5M 0s
[4.405s]   8200K .......... .......... .......... .......... .......... 52% 24.8M 0s
[4.406s]   8250K .......... .......... .......... .......... .......... 53% 20.1M 0s
[4.409s]   8300K .......... .......... .......... .......... .......... 53% 24.5M 0s
[4.410s]   8350K .......... .......... .......... .......... .......... 53% 24.2M 0s
[4.414s]   8400K .......... .......... .......... .......... .......... 54% 12.3M 0s
[4.417s]   8450K .......... .......... .......... .......... .......... 54% 14.6M 0s
[4.420s]   8500K .......... .......... .......... .......... .......... 54% 17.1M 0s
[4.422s]   8550K .......... .......... .......... .......... .......... 55% 24.5M 0s
[4.424s]   8600K .......... .......... .......... .......... .......... 55% 23.9M 0s
[4.428s]   8650K .......... .......... .......... .......... .......... 55% 24.3M 0s
[4.435s]   8700K .......... .......... .......... .......... .......... 55% 7.09M 0s
[4.438s]   8750K .......... .......... .......... .......... .......... 56% 10.4M 0s
[4.443s]   8800K .......... .......... .......... .......... .......... 56% 33.0M 0s
[4.444s]   8850K .......... .......... .......... .......... .......... 56% 10.8M 0s
[4.444s]   8900K .......... .......... .......... .......... .......... 57%  234M 0s
[4.446s]   8950K .......... .......... .......... .......... .......... 57% 26.8M 0s
[4.448s]   9000K .......... .......... .......... .......... .......... 57% 23.8M 0s
[4.452s]   9050K .......... .......... .......... .......... .......... 58% 20.4M 0s
[4.452s]   9100K .......... .......... .......... .......... .......... 58% 24.0M 0s
[4.454s]   9150K .......... .......... .......... .......... .......... 58% 23.9M 0s
[4.458s]   9200K .......... .......... .......... .......... .......... 59% 14.1M 0s
[4.462s]   9250K .......... .......... .......... .......... .......... 59% 11.6M 0s
[4.464s]   9300K .......... .......... .......... .......... .......... 59% 24.4M 0s
[4.471s]   9350K .......... .......... .......... .......... .......... 60% 24.1M 0s
[4.471s]   9400K .......... .......... .......... .......... .......... 60% 24.1M 0s
[4.471s]   9450K .......... .......... .......... .......... .......... 60% 23.2M 0s
[4.472s]   9500K .......... .......... .......... .......... .......... 61% 24.2M 0s
[4.478s]   9550K .......... .......... .......... .......... .......... 61% 12.0M 0s
[4.478s]   9600K .......... .......... .......... .......... .......... 61%  335M 0s
[4.478s]   9650K .......... .......... .......... .......... .......... 62% 25.1M 0s
[4.480s]   9700K .......... .......... .......... .......... .......... 62% 23.8M 0s
[4.483s]   9750K .......... .......... .......... .......... .......... 62% 23.9M 0s
[4.485s]   9800K .......... .......... .......... .......... .......... 63% 24.1M 0s
[4.489s]   9850K .......... .......... .......... .......... .......... 63% 11.8M 0s
[4.492s]   9900K .......... .......... .......... .......... .......... 63% 15.4M 0s
[4.500s]   9950K .......... .......... .......... .......... .......... 63% 10.8M 0s
[4.500s]  10000K .......... .......... .......... .......... .......... 64% 40.2M 0s
[4.501s]  10050K .......... .......... .......... .......... .......... 64% 34.4M 0s
[4.501s]  10100K .......... .......... .......... .......... .......... 64% 32.3M 0s
[4.503s]  10150K .......... .......... .......... .......... .......... 65% 21.0M 0s
[4.505s]  10200K .......... .......... .......... .......... .......... 65% 22.5M 0s
[4.511s]  10250K .......... .......... .......... .......... .......... 65% 12.8M 0s
[4.512s]  10300K .......... .......... .......... .......... .......... 66% 37.9M 0s
[4.512s]  10350K .......... .......... .......... .......... .......... 66% 34.8M 0s
[4.514s]  10400K .......... .......... .......... .......... .......... 66% 24.1M 0s
[4.517s]  10450K .......... .......... .......... .......... .......... 67% 16.5M 0s
[4.521s]  10500K .......... .......... .......... .......... .......... 67% 31.3M 0s
[4.523s]  10550K .......... .......... .......... .......... .......... 67% 9.82M 0s
[4.524s]  10600K .......... .......... .......... .......... .......... 68% 84.0M 0s
[4.526s]  10650K .......... .......... .......... .......... .......... 68% 19.2M 0s
[4.535s]  10700K .......... .......... .......... .......... .......... 68% 10.0M 0s
[4.535s]  10750K .......... .......... .......... .......... .......... 69%  268M 0s
[4.535s]  10800K .......... .......... .......... .......... .......... 69%  284M 0s
[4.539s]  10850K .......... .......... .......... .......... .......... 69% 6.41M 0s
[4.540s]  10900K .......... .......... .......... .......... .......... 70% 75.4M 0s
[4.547s]  10950K .......... .......... .......... .......... .......... 70% 24.0M 0s
[4.547s]  11000K .......... .......... .......... .......... .......... 70% 20.4M 0s
[4.548s]  11050K .......... .......... .......... .......... .......... 71% 12.6M 0s
[4.548s]  11100K .......... .......... .......... .......... .......... 71%  256M 0s
[4.552s]  11150K .......... .......... .......... .......... .......... 71% 15.7M 0s
[4.554s]  11200K .......... .......... .......... .......... .......... 71% 24.7M 0s
[4.556s]  11250K .......... .......... .......... .......... .......... 72% 21.8M 0s
[4.558s]  11300K .......... .......... .......... .......... .......... 72% 24.9M 0s
[4.560s]  11350K .......... .......... .......... .......... .......... 72% 23.6M 0s
[4.568s]  11400K .......... .......... .......... .......... .......... 73% 9.93M 0s
[4.570s]  11450K .......... .......... .......... .......... .......... 73% 9.77M 0s
[4.575s]  11500K .......... .......... .......... .......... .......... 73% 10.4M 0s
[4.575s]  11550K .......... .......... .......... .......... .......... 74%  264M 0s
[4.576s]  11600K .......... .......... .......... .......... .......... 74% 28.7M 0s
[4.579s]  11650K .......... .......... .......... .......... .......... 74% 21.1M 0s
[4.581s]  11700K .......... .......... .......... .......... .......... 75% 24.4M 0s
[4.582s]  11750K .......... .......... .......... .......... .......... 75% 29.3M 0s
[4.598s]  11800K .......... .......... .......... .......... .......... 75% 7.11M 0s
[4.598s]  11850K .......... .......... .......... .......... .......... 76% 10.4M 0s
[4.599s]  11900K .......... .......... .......... .......... .......... 76% 34.7M 0s
[4.599s]  11950K .......... .......... .......... .......... .......... 76% 40.2M 0s
[4.599s]  12000K .......... .......... .......... .......... .......... 77% 39.7M 0s
[4.599s]  12050K .......... .......... .......... .......... .......... 77% 31.3M 0s
[4.602s]  12100K .......... .......... .......... .......... .......... 77% 22.3M 0s
[4.604s]  12150K .......... .......... .......... .......... .......... 78% 20.7M 0s
[4.605s]  12200K .......... .......... .......... .......... .......... 78% 73.9M 0s
[4.610s]  12250K .......... .......... .......... .......... .......... 78% 10.0M 0s
[4.610s]  12300K .......... .......... .......... .......... .......... 79%  275M 0s
[4.613s]  12350K .......... .......... .......... .......... .......... 79% 84.3M 0s
[4.614s]  12400K .......... .......... .......... .......... .......... 79% 11.3M 0s
[4.620s]  12450K .......... .......... .......... .......... .......... 79% 12.4M 0s
[4.620s]  12500K .......... .......... .......... .......... .......... 80%  246M 0s
[4.620s]  12550K .......... .......... .......... .......... .......... 80% 40.1M 0s
[4.624s]  12600K .......... .......... .......... .......... .......... 80% 12.0M 0s
[4.624s]  12650K .......... .......... .......... .......... .......... 81% 56.7M 0s
[4.631s]  12700K .......... .......... .......... .......... .......... 81% 28.3M 0s
[4.633s]  12750K .......... .......... .......... .......... .......... 81% 16.6M 0s
[4.634s]  12800K .......... .......... .......... .......... .......... 82% 15.5M 0s
[4.638s]  12850K .......... .......... .......... .......... .......... 82% 8.85M 0s
[4.642s]  12900K .......... .......... .......... .......... .......... 82% 13.4M 0s
[4.642s]  12950K .......... .......... .......... .......... .......... 83% 55.7M 0s
[4.647s]  13000K .......... .......... .......... .......... .......... 83% 10.5M 0s
[4.647s]  13050K .......... .......... .......... .......... .......... 83%  259M 0s
[4.649s]  13100K .......... .......... .......... .......... .......... 84% 36.8M 0s
[4.651s]  13150K .......... .......... .......... .......... .......... 84% 23.4M 0s
[4.653s]  13200K .......... .......... .......... .......... .......... 84% 19.0M 0s
[4.659s]  13250K .......... .......... .......... .......... .......... 85% 10.3M 0s
[4.659s]  13300K .......... .......... .......... .......... .......... 85%  156M 0s
[4.660s]  13350K .......... .......... .......... .......... .......... 85% 28.0M 0s
[4.665s]  13400K .......... .......... .......... .......... .......... 86% 9.33M 0s
[4.667s]  13450K .......... .......... .......... .......... .......... 86% 25.1M 0s
[4.671s]  13500K .......... .......... .......... .......... .......... 86% 23.9M 0s
[4.671s]  13550K .......... .......... .......... .......... .......... 87% 24.7M 0s
[4.674s]  13600K .......... .......... .......... .......... .......... 87% 21.4M 0s
[4.676s]  13650K .......... .......... .......... .......... .......... 87% 19.0M 0s
[4.679s]  13700K .......... .......... .......... .......... .......... 87% 33.3M 0s
[4.680s]  13750K .......... .......... .......... .......... .......... 88% 24.2M 0s
[4.682s]  13800K .......... .......... .......... .......... .......... 88% 18.4M 0s
[4.685s]  13850K .......... .......... .......... .......... .......... 88% 16.7M 0s
[4.686s]  13900K .......... .......... .......... .......... .......... 89% 53.9M 0s
[4.689s]  13950K .......... .......... .......... .......... .......... 89% 21.4M 0s
[4.690s]  14000K .......... .......... .......... .......... .......... 89% 26.5M 0s
[4.696s]  14050K .......... .......... .......... .......... .......... 90% 12.5M 0s
[4.696s]  14100K .......... .......... .......... .......... .......... 90%  133M 0s
[4.697s]  14150K .......... .......... .......... .......... .......... 90% 25.9M 0s
[4.704s]  14200K .......... .......... .......... .......... .......... 91% 8.86M 0s
[4.706s]  14250K .......... .......... .......... .......... .......... 91% 11.4M 0s
[4.707s]  14300K .......... .......... .......... .......... .......... 91%  246M 0s
[4.708s]  14350K .......... .......... .......... .......... .......... 92% 28.4M 0s
[4.716s]  14400K .......... .......... .......... .......... .......... 92% 9.67M 0s
[4.716s]  14450K .......... .......... .......... .......... .......... 92% 24.9M 0s
[4.721s]  14500K .......... .......... .......... .......... .......... 93% 8.27M 0s
[4.722s]  14550K .......... .......... .......... .......... .......... 93%  160M 0s
[4.727s]  14600K .......... .......... .......... .......... .......... 93% 12.2M 0s
[4.728s]  14650K .......... .......... .......... .......... .......... 94% 20.1M 0s
[4.731s]  14700K .......... .......... .......... .......... .......... 94% 17.5M 0s
[4.734s]  14750K .......... .......... .......... .......... .......... 94% 16.3M 0s
[4.734s]  14800K .......... .......... .......... .......... .......... 95%  223M 0s
[4.740s]  14850K .......... .......... .......... .......... .......... 95% 21.3M 0s
[4.743s]  14900K .......... .......... .......... .......... .......... 95% 8.14M 0s
[4.745s]  14950K .......... .......... .......... .......... .......... 95% 18.0M 0s
[4.754s]  15000K .......... .......... .......... .......... .......... 96% 9.33M 0s
[4.754s]  15050K .......... .......... .......... .......... .......... 96% 19.7M 0s
[4.757s]  15100K .......... .......... .......... .......... .......... 96% 10.8M 0s
[4.757s]  15150K .......... .......... .......... .......... .......... 97%  160M 0s
[4.760s]  15200K .......... .......... .......... .......... .......... 97% 58.2M 0s
[4.760s]  15250K .......... .......... .......... .......... .......... 97% 22.7M 0s
[4.763s]  15300K .......... .......... .......... .......... .......... 98% 16.2M 0s
[4.769s]  15350K .......... .......... .......... .......... .......... 98% 13.7M 0s
[4.769s]  15400K .......... .......... .......... .......... .......... 98% 20.8M 0s
[4.771s]  15450K .......... .......... .......... .......... .......... 99% 31.6M 0s
[4.775s]  15500K .......... .......... .......... .......... .......... 99% 10.7M 0s
[4.779s]  15550K .......... .......... .......... .......... .......... 99% 15.0M 0s
[4.780s]  15600K .......... .......... .....                           100% 43.2M=0.8s
[4.780s] 
[4.780s] 2025-11-25 04:01:40 (19.0 MB/s) - ‘/home/pranav/turtle_test/build/multirobot_map_merge/2012-01-28-11-12-01.pgm’ saved [16000058/16000058]
[4.780s] 
[4.785s] Checking MD5 sum of /home/pranav/turtle_test/build/multirobot_map_merge/2012-01-28-11-12-01.pgm
[4.849s] /home/pranav/turtle_test/build/multirobot_map_merge/2012-01-28-11-12-01.pgm: OK
[4.856s] -- Found gtest sources under '/opt/ros/humble/src/gtest_vendor': C++ tests using 'Google Test' will be built
[4.889s] -- Added test 'cppcheck' to perform static code analysis on C / C++ code
[4.890s] -- Configured cppcheck include dirs: /home/pranav/turtle_test/src/m-explore-ros2/map_merge/include;$<BUILD_INTERFACE:/home/pranav/turtle_test/src/m-explore-ros2/map_merge/include>
[4.891s] -- Configured cppcheck exclude dirs and/or files: 
[4.894s] -- Added test 'flake8' to check Python code syntax and style conventions
[4.897s] -- Added test 'lint_cmake' to check CMake code style
[4.903s] -- Added test 'pep257' to check Python code against some of the docstring style conventions in PEP 257
[4.907s] -- Added test 'uncrustify' to check C / C++ code style
[4.907s] -- Configured uncrustify additional arguments: 
[4.907s] -- Added test 'xmllint' to check XML markup files
[4.914s] -- Configuring done
[5.160s] -- Generating done
[5.202s] -- Build files have been written to: /home/pranav/turtle_test/build/multirobot_map_merge
[5.248s] Invoked command in '/home/pranav/turtle_test/build/multirobot_map_merge' returned '0': CMAKE_PREFIX_PATH=/opt/ros/humble /usr/bin/cmake /home/pranav/turtle_test/src/m-explore-ros2/map_merge -DAMENT_CMAKE_SYMLINK_INSTALL=1 -DCMAKE_INSTALL_PREFIX=/home/pranav/turtle_test/install/multirobot_map_merge
[5.249s] Invoking command in '/home/pranav/turtle_test/build/multirobot_map_merge': CMAKE_PREFIX_PATH=/opt/ros/humble /usr/bin/cmake --build /home/pranav/turtle_test/build/multirobot_map_merge -- -j20 -l20
[5.367s] [  8%] [32mBuilding CXX object CMakeFiles/combine_grids.dir/src/combine_grids/grid_warper.cpp.o[0m
[5.371s] [ 16%] [32mBuilding CXX object gtest/CMakeFiles/gtest_main.dir/src/gtest_main.cc.o[0m
[5.374s] [ 25%] [32mBuilding CXX object CMakeFiles/combine_grids.dir/src/combine_grids/merging_pipeline.cpp.o[0m
[5.374s] [ 33%] [32mBuilding CXX object CMakeFiles/combine_grids.dir/src/combine_grids/grid_compositor.cpp.o[0m
[5.376s] [ 41%] [32mBuilding CXX object gtest/CMakeFiles/gtest.dir/src/gtest-all.cc.o[0m
[6.333s] [ 50%] [32m[1mLinking CXX static library libgtest_main.a[0m
[6.363s] [ 50%] Built target gtest_main
[8.658s] [ 58%] [32m[1mLinking CXX static library libgtest.a[0m
[8.706s] [ 58%] Built target gtest
[10.249s] [ 66%] [32m[1mLinking CXX static library libcombine_grids.a[0m
[10.285s] [ 66%] Built target combine_grids
[10.302s] [ 75%] [32mBuilding CXX object CMakeFiles/test_merging_pipeline.dir/test/test_merging_pipeline.cpp.o[0m
[10.309s] [ 83%] [32mBuilding CXX object CMakeFiles/map_merge.dir/src/map_merge.cpp.o[0m
[16.374s] [ 91%] [32m[1mLinking CXX executable test_merging_pipeline[0m
[16.986s] [ 91%] Built target test_merging_pipeline
[23.779s] [100%] [32m[1mLinking CXX executable map_merge[0m
[24.533s] [100%] Built target map_merge
[24.543s] Invoked command in '/home/pranav/turtle_test/build/multirobot_map_merge' returned '0': CMAKE_PREFIX_PATH=/opt/ros/humble /usr/bin/cmake --build /home/pranav/turtle_test/build/multirobot_map_merge -- -j20 -l20
[24.544s] Invoking command in '/home/pranav/turtle_test/build/multirobot_map_merge': CMAKE_PREFIX_PATH=/opt/ros/humble /usr/bin/cmake --install /home/pranav/turtle_test/build/multirobot_map_merge
[24.551s] -- Install configuration: ""
[24.551s] -- Execute custom install script
[24.551s] -- Symlinking: /home/pranav/turtle_test/install/multirobot_map_merge/include/map_merge//map_merge.h
[24.558s] -- Symlinking: /home/pranav/turtle_test/install/multirobot_map_merge/include/map_merge//ros1_names.hpp
[24.565s] -- Symlinking: /home/pranav/turtle_test/install/multirobot_map_merge/share/multirobot_map_merge/launch/from_map_server.launch.py
[24.571s] -- Symlinking: /home/pranav/turtle_test/install/multirobot_map_merge/share/multirobot_map_merge/launch/map_merge.launch.py
[24.577s] -- Symlinking: /home/pranav/turtle_test/install/multirobot_map_merge/share/multirobot_map_merge/launch/map_merge.rviz
[24.584s] -- Symlinking: /home/pranav/turtle_test/install/multirobot_map_merge/share/multirobot_map_merge/launch/tb3_simulation/bringup_launch.py
[24.592s] -- Symlinking: /home/pranav/turtle_test/install/multirobot_map_merge/share/multirobot_map_merge/launch/tb3_simulation/config/nav2_multirobot_params_1.yaml
[24.598s] -- Symlinking: /home/pranav/turtle_test/install/multirobot_map_merge/share/multirobot_map_merge/launch/tb3_simulation/config/nav2_multirobot_params_2.yaml
[24.604s] -- Symlinking: /home/pranav/turtle_test/install/multirobot_map_merge/share/multirobot_map_merge/launch/tb3_simulation/multi_tb3_simulation_launch.py
[24.610s] -- Symlinking: /home/pranav/turtle_test/install/multirobot_map_merge/share/multirobot_map_merge/launch/tb3_simulation/slam_toolbox.py
[24.616s] -- Symlinking: /home/pranav/turtle_test/install/multirobot_map_merge/share/multirobot_map_merge/launch/tb3_simulation/tb3_simulation_launch.py
[24.622s] -- Symlinking: /home/pranav/turtle_test/install/multirobot_map_merge/share/multirobot_map_merge/launch/tb3_simulation/worlds/world_only.model
[24.628s] -- Symlinking: /home/pranav/turtle_test/install/multirobot_map_merge/share/multirobot_map_merge/config/params.yaml
[24.634s] -- Symlinking: /home/pranav/turtle_test/install/multirobot_map_merge/lib/multirobot_map_merge/map_merge
[24.639s] -- Symlinking: /home/pranav/turtle_test/install/multirobot_map_merge/share/multirobot_map_merge/environment/library_path.sh
[24.646s] -- Symlinking: /home/pranav/turtle_test/install/multirobot_map_merge/share/multirobot_map_merge/environment/library_path.dsv
[24.654s] -- Symlinking: /home/pranav/turtle_test/install/multirobot_map_merge/share/ament_index/resource_index/package_run_dependencies/multirobot_map_merge
[24.660s] -- Symlinking: /home/pranav/turtle_test/install/multirobot_map_merge/share/ament_index/resource_index/parent_prefix_path/multirobot_map_merge
[24.667s] -- Symlinking: /home/pranav/turtle_test/install/multirobot_map_merge/share/multirobot_map_merge/environment/ament_prefix_path.sh
[24.674s] -- Symlinking: /home/pranav/turtle_test/install/multirobot_map_merge/share/multirobot_map_merge/environment/ament_prefix_path.dsv
[24.679s] -- Symlinking: /home/pranav/turtle_test/install/multirobot_map_merge/share/multirobot_map_merge/environment/path.sh
[24.687s] -- Symlinking: /home/pranav/turtle_test/install/multirobot_map_merge/share/multirobot_map_merge/environment/path.dsv
[24.694s] -- Symlinking: /home/pranav/turtle_test/install/multirobot_map_merge/share/multirobot_map_merge/local_setup.bash
[24.700s] -- Symlinking: /home/pranav/turtle_test/install/multirobot_map_merge/share/multirobot_map_merge/local_setup.sh
[24.707s] -- Symlinking: /home/pranav/turtle_test/install/multirobot_map_merge/share/multirobot_map_merge/local_setup.zsh
[24.714s] -- Symlinking: /home/pranav/turtle_test/install/multirobot_map_merge/share/multirobot_map_merge/local_setup.dsv
[24.721s] -- Symlinking: /home/pranav/turtle_test/install/multirobot_map_merge/share/multirobot_map_merge/package.dsv
[24.728s] -- Symlinking: /home/pranav/turtle_test/install/multirobot_map_merge/share/ament_index/resource_index/packages/multirobot_map_merge
[24.734s] -- Symlinking: /home/pranav/turtle_test/install/multirobot_map_merge/share/multirobot_map_merge/cmake/ament_cmake_export_include_directories-extras.cmake
[24.740s] -- Symlinking: /home/pranav/turtle_test/install/multirobot_map_merge/share/multirobot_map_merge/cmake/ament_cmake_export_libraries-extras.cmake
[24.747s] -- Symlinking: /home/pranav/turtle_test/install/multirobot_map_merge/share/multirobot_map_merge/cmake/multirobot_map_mergeConfig.cmake
[24.756s] -- Symlinking: /home/pranav/turtle_test/install/multirobot_map_merge/share/multirobot_map_merge/cmake/multirobot_map_mergeConfig-version.cmake
[24.762s] -- Symlinking: /home/pranav/turtle_test/install/multirobot_map_merge/share/multirobot_map_merge/package.xml
[24.769s] -- Installing: /home/pranav/turtle_test/install/multirobot_map_merge/lib/libcombine_grids.a
[24.772s] Invoked command in '/home/pranav/turtle_test/build/multirobot_map_merge' returned '0': CMAKE_PREFIX_PATH=/opt/ros/humble /usr/bin/cmake --install /home/pranav/turtle_test/build/multirobot_map_merge
