[0.024s] Invoking command in '/home/pranav/turtle_test/build/turtlebot3_navigation2': CMAKE_PREFIX_PATH=/opt/ros/humble /usr/bin/cmake /home/pranav/turtle_test/src/turtlebot3/turtlebot3_navigation2 -DAMENT_CMAKE_SYMLINK_INSTALL=1 -DCMAKE_INSTALL_PREFIX=/home/pranav/turtle_test/install/turtlebot3_navigation2
[0.641s] -- The C compiler identification is GNU 11.4.0
[0.641s] -- The CXX compiler identification is GNU 11.4.0
[0.642s] -- Detecting C compiler ABI info
[0.642s] -- Detecting C compiler ABI info - done
[0.642s] -- Check for working C compiler: /usr/bin/cc - skipped
[0.642s] -- Detecting C compile features
[0.642s] -- Detecting C compile features - done
[0.642s] -- Detecting CXX compiler ABI info
[0.642s] -- Detecting CXX compiler ABI info - done
[0.642s] -- Check for working CXX compiler: /usr/bin/c++ - skipped
[0.642s] -- Detecting CXX compile features
[0.642s] -- Detecting CXX compile features - done
[0.642s] -- Found ament_cmake: 1.3.12 (/opt/ros/humble/share/ament_cmake/cmake)
[0.642s] -- Found Python3: /usr/bin/python3 (found version "3.10.12") found components: Interpreter 
[0.642s] -- Override CMake install command with custom implementation using symlinks instead of copying resources
[0.642s] -- Configuring done
[0.642s] -- Generating done
[0.642s] -- Build files have been written to: /home/pranav/turtle_test/build/turtlebot3_navigation2
[0.648s] Invoked command in '/home/pranav/turtle_test/build/turtlebot3_navigation2' returned '0': CMAKE_PREFIX_PATH=/opt/ros/humble /usr/bin/cmake /home/pranav/turtle_test/src/turtlebot3/turtlebot3_navigation2 -DAMENT_CMAKE_SYMLINK_INSTALL=1 -DCMAKE_INSTALL_PREFIX=/home/pranav/turtle_test/install/turtlebot3_navigation2
[0.648s] Invoking command in '/home/pranav/turtle_test/build/turtlebot3_navigation2': CMAKE_PREFIX_PATH=/opt/ros/humble /usr/bin/cmake --build /home/pranav/turtle_test/build/turtlebot3_navigation2 -- -j20 -l20
[0.681s] Invoked command in '/home/pranav/turtle_test/build/turtlebot3_navigation2' returned '0': CMAKE_PREFIX_PATH=/opt/ros/humble /usr/bin/cmake --build /home/pranav/turtle_test/build/turtlebot3_navigation2 -- -j20 -l20
[0.683s] Invoking command in '/home/pranav/turtle_test/build/turtlebot3_navigation2': CMAKE_PREFIX_PATH=/opt/ros/humble /usr/bin/cmake --install /home/pranav/turtle_test/build/turtlebot3_navigation2
[0.704s] -- Install configuration: ""
[0.705s] -- Execute custom install script
[0.705s] -- Symlinking: /home/pranav/turtle_test/install/turtlebot3_navigation2/share/turtlebot3_navigation2/launch/navigation2.launch.py
[0.716s] -- Symlinking: /home/pranav/turtle_test/install/turtlebot3_navigation2/share/turtlebot3_navigation2/map/map.pgm
[0.729s] -- Symlinking: /home/pranav/turtle_test/install/turtlebot3_navigation2/share/turtlebot3_navigation2/map/map.yaml
[0.747s] -- Symlinking: /home/pranav/turtle_test/install/turtlebot3_navigation2/share/turtlebot3_navigation2/param/burger.yaml
[0.763s] -- Symlinking: /home/pranav/turtle_test/install/turtlebot3_navigation2/share/turtlebot3_navigation2/param/burger_cam.yaml
[0.778s] -- Symlinking: /home/pranav/turtle_test/install/turtlebot3_navigation2/share/turtlebot3_navigation2/param/humble/burger.yaml
[0.788s] -- Symlinking: /home/pranav/turtle_test/install/turtlebot3_navigation2/share/turtlebot3_navigation2/param/humble/burger_cam.yaml
[0.809s] -- Symlinking: /home/pranav/turtle_test/install/turtlebot3_navigation2/share/turtlebot3_navigation2/param/humble/waffle.yaml
[0.834s] -- Symlinking: /home/pranav/turtle_test/install/turtlebot3_navigation2/share/turtlebot3_navigation2/param/humble/waffle_pi.yaml
[0.857s] -- Symlinking: /home/pranav/turtle_test/install/turtlebot3_navigation2/share/turtlebot3_navigation2/param/waffle.yaml
[0.877s] -- Symlinking: /home/pranav/turtle_test/install/turtlebot3_navigation2/share/turtlebot3_navigation2/param/waffle_pi.yaml
[0.889s] -- Symlinking: /home/pranav/turtle_test/install/turtlebot3_navigation2/share/turtlebot3_navigation2/rviz/tb3_navigation2.rviz
[0.902s] -- Symlinking: /home/pranav/turtle_test/install/turtlebot3_navigation2/share/ament_index/resource_index/package_run_dependencies/turtlebot3_navigation2
[0.912s] -- Symlinking: /home/pranav/turtle_test/install/turtlebot3_navigation2/share/ament_index/resource_index/parent_prefix_path/turtlebot3_navigation2
[0.926s] -- Symlinking: /home/pranav/turtle_test/install/turtlebot3_navigation2/share/turtlebot3_navigation2/environment/ament_prefix_path.sh
[0.942s] -- Symlinking: /home/pranav/turtle_test/install/turtlebot3_navigation2/share/turtlebot3_navigation2/environment/ament_prefix_path.dsv
[0.953s] -- Symlinking: /home/pranav/turtle_test/install/turtlebot3_navigation2/share/turtlebot3_navigation2/environment/path.sh
[0.967s] -- Symlinking: /home/pranav/turtle_test/install/turtlebot3_navigation2/share/turtlebot3_navigation2/environment/path.dsv
[0.974s] -- Symlinking: /home/pranav/turtle_test/install/turtlebot3_navigation2/share/turtlebot3_navigation2/local_setup.bash
[0.983s] -- Symlinking: /home/pranav/turtle_test/install/turtlebot3_navigation2/share/turtlebot3_navigation2/local_setup.sh
[0.996s] -- Symlinking: /home/pranav/turtle_test/install/turtlebot3_navigation2/share/turtlebot3_navigation2/local_setup.zsh
[1.009s] -- Symlinking: /home/pranav/turtle_test/install/turtlebot3_navigation2/share/turtlebot3_navigation2/local_setup.dsv
[1.017s] -- Symlinking: /home/pranav/turtle_test/install/turtlebot3_navigation2/share/turtlebot3_navigation2/package.dsv
[1.027s] -- Symlinking: /home/pranav/turtle_test/install/turtlebot3_navigation2/share/ament_index/resource_index/packages/turtlebot3_navigation2
[1.038s] -- Symlinking: /home/pranav/turtle_test/install/turtlebot3_navigation2/share/turtlebot3_navigation2/cmake/turtlebot3_navigation2Config.cmake
[1.045s] -- Symlinking: /home/pranav/turtle_test/install/turtlebot3_navigation2/share/turtlebot3_navigation2/cmake/turtlebot3_navigation2Config-version.cmake
[1.055s] -- Symlinking: /home/pranav/turtle_test/install/turtlebot3_navigation2/share/turtlebot3_navigation2/package.xml
[1.070s] Invoked command in '/home/pranav/turtle_test/build/turtlebot3_navigation2' returned '0': CMAKE_PREFIX_PATH=/opt/ros/humble /usr/bin/cmake --install /home/pranav/turtle_test/build/turtlebot3_navigation2
