[0.037s] Invoking command in '/home/pranav/turtle_test/build/turtlebot3_cartographer': CMAKE_PREFIX_PATH=${CMAKE_PREFIX_PATH}:/home/pranav/turtle_test/install/turtlebot3_teleop:/home/pranav/turtle_test/install/grazen_system:/home/pranav/turtle_test/install/turtlebot3_example:/home/pranav/turtle_test/install/grazen_project:/opt/ros/humble /usr/bin/cmake --build /home/pranav/turtle_test/build/turtlebot3_cartographer -- -j20 -l20
[0.500s] Invoked command in '/home/pranav/turtle_test/build/turtlebot3_cartographer' returned '0': CMAKE_PREFIX_PATH=${CMAKE_PREFIX_PATH}:/home/pranav/turtle_test/install/turtlebot3_teleop:/home/pranav/turtle_test/install/grazen_system:/home/pranav/turtle_test/install/turtlebot3_example:/home/pranav/turtle_test/install/grazen_project:/opt/ros/humble /usr/bin/cmake --build /home/pranav/turtle_test/build/turtlebot3_cartographer -- -j20 -l20
[0.500s] Invoking command in '/home/pranav/turtle_test/build/turtlebot3_cartographer': CMAKE_PREFIX_PATH=${CMAKE_PREFIX_PATH}:/home/pranav/turtle_test/install/turtlebot3_teleop:/home/pranav/turtle_test/install/grazen_system:/home/pranav/turtle_test/install/turtlebot3_example:/home/pranav/turtle_test/install/grazen_project:/opt/ros/humble /usr/bin/cmake --install /home/pranav/turtle_test/build/turtlebot3_cartographer
[0.537s] -- Install configuration: ""
[0.537s] -- Execute custom install script
[0.537s] -- Up-to-date symlink: /home/pranav/turtle_test/install/turtlebot3_cartographer/share/turtlebot3_cartographer/config/turtlebot3_lds_2d.lua
[0.537s] -- Up-to-date symlink: /home/pranav/turtle_test/install/turtlebot3_cartographer/share/turtlebot3_cartographer/launch/cartographer.launch.py
[0.537s] -- Up-to-date symlink: /home/pranav/turtle_test/install/turtlebot3_cartographer/share/turtlebot3_cartographer/launch/occupancy_grid.launch.py
[0.537s] -- Up-to-date symlink: /home/pranav/turtle_test/install/turtlebot3_cartographer/share/turtlebot3_cartographer/rviz/tb3_cartographer.rviz
[0.537s] -- Up-to-date symlink: /home/pranav/turtle_test/install/turtlebot3_cartographer/share/ament_index/resource_index/package_run_dependencies/turtlebot3_cartographer
[0.537s] -- Up-to-date symlink: /home/pranav/turtle_test/install/turtlebot3_cartographer/share/ament_index/resource_index/parent_prefix_path/turtlebot3_cartographer
[0.537s] -- Up-to-date symlink: /home/pranav/turtle_test/install/turtlebot3_cartographer/share/turtlebot3_cartographer/environment/ament_prefix_path.sh
[0.537s] -- Up-to-date symlink: /home/pranav/turtle_test/install/turtlebot3_cartographer/share/turtlebot3_cartographer/environment/ament_prefix_path.dsv
[0.537s] -- Up-to-date symlink: /home/pranav/turtle_test/install/turtlebot3_cartographer/share/turtlebot3_cartographer/environment/path.sh
[0.537s] -- Up-to-date symlink: /home/pranav/turtle_test/install/turtlebot3_cartographer/share/turtlebot3_cartographer/environment/path.dsv
[0.537s] -- Up-to-date symlink: /home/pranav/turtle_test/install/turtlebot3_cartographer/share/turtlebot3_cartographer/local_setup.bash
[0.537s] -- Up-to-date symlink: /home/pranav/turtle_test/install/turtlebot3_cartographer/share/turtlebot3_cartographer/local_setup.sh
[0.537s] -- Up-to-date symlink: /home/pranav/turtle_test/install/turtlebot3_cartographer/share/turtlebot3_cartographer/local_setup.zsh
[0.537s] -- Up-to-date symlink: /home/pranav/turtle_test/install/turtlebot3_cartographer/share/turtlebot3_cartographer/local_setup.dsv
[0.537s] -- Symlinking: /home/pranav/turtle_test/install/turtlebot3_cartographer/share/turtlebot3_cartographer/package.dsv
[0.550s] -- Up-to-date symlink: /home/pranav/turtle_test/install/turtlebot3_cartographer/share/ament_index/resource_index/packages/turtlebot3_cartographer
[0.551s] -- Up-to-date symlink: /home/pranav/turtle_test/install/turtlebot3_cartographer/share/turtlebot3_cartographer/cmake/turtlebot3_cartographerConfig.cmake
[0.551s] -- Up-to-date symlink: /home/pranav/turtle_test/install/turtlebot3_cartographer/share/turtlebot3_cartographer/cmake/turtlebot3_cartographerConfig-version.cmake
[0.552s] -- Up-to-date symlink: /home/pranav/turtle_test/install/turtlebot3_cartographer/share/turtlebot3_cartographer/package.xml
[0.594s] Invoked command in '/home/pranav/turtle_test/build/turtlebot3_cartographer' returned '0': CMAKE_PREFIX_PATH=${CMAKE_PREFIX_PATH}:/home/pranav/turtle_test/install/turtlebot3_teleop:/home/pranav/turtle_test/install/grazen_system:/home/pranav/turtle_test/install/turtlebot3_example:/home/pranav/turtle_test/install/grazen_project:/opt/ros/humble /usr/bin/cmake --install /home/pranav/turtle_test/build/turtlebot3_cartographer
