[0.027s] Invoking command in '/home/pranav/turtle_test/build/turtlebot3_cartographer': CMAKE_PREFIX_PATH=/opt/ros/humble /usr/bin/cmake --build /home/pranav/turtle_test/build/turtlebot3_cartographer -- -j20 -l20
[0.450s] Invoked command in '/home/pranav/turtle_test/build/turtlebot3_cartographer' returned '0': CMAKE_PREFIX_PATH=/opt/ros/humble /usr/bin/cmake --build /home/pranav/turtle_test/build/turtlebot3_cartographer -- -j20 -l20
[0.458s] Invoking command in '/home/pranav/turtle_test/build/turtlebot3_cartographer': CMAKE_PREFIX_PATH=/opt/ros/humble /usr/bin/cmake --install /home/pranav/turtle_test/build/turtlebot3_cartographer
[0.478s] -- Install configuration: ""
[0.478s] -- Execute custom install script
[0.478s] -- Up-to-date symlink: /home/pranav/turtle_test/install/turtlebot3_cartographer/share/turtlebot3_cartographer/config/turtlebot3_lds_2d.lua
[0.478s] -- Up-to-date symlink: /home/pranav/turtle_test/install/turtlebot3_cartographer/share/turtlebot3_cartographer/launch/cartographer.launch.py
[0.478s] -- Up-to-date symlink: /home/pranav/turtle_test/install/turtlebot3_cartographer/share/turtlebot3_cartographer/launch/occupancy_grid.launch.py
[0.478s] -- Up-to-date symlink: /home/pranav/turtle_test/install/turtlebot3_cartographer/share/turtlebot3_cartographer/rviz/tb3_cartographer.rviz
[0.478s] -- Up-to-date symlink: /home/pranav/turtle_test/install/turtlebot3_cartographer/share/ament_index/resource_index/package_run_dependencies/turtlebot3_cartographer
[0.478s] -- Up-to-date symlink: /home/pranav/turtle_test/install/turtlebot3_cartographer/share/ament_index/resource_index/parent_prefix_path/turtlebot3_cartographer
[0.478s] -- Up-to-date symlink: /home/pranav/turtle_test/install/turtlebot3_cartographer/share/turtlebot3_cartographer/environment/ament_prefix_path.sh
[0.478s] -- Up-to-date symlink: /home/pranav/turtle_test/install/turtlebot3_cartographer/share/turtlebot3_cartographer/environment/ament_prefix_path.dsv
[0.478s] -- Up-to-date symlink: /home/pranav/turtle_test/install/turtlebot3_cartographer/share/turtlebot3_cartographer/environment/path.sh
[0.478s] -- Up-to-date symlink: /home/pranav/turtle_test/install/turtlebot3_cartographer/share/turtlebot3_cartographer/environment/path.dsv
[0.478s] -- Up-to-date symlink: /home/pranav/turtle_test/install/turtlebot3_cartographer/share/turtlebot3_cartographer/local_setup.bash
[0.478s] -- Up-to-date symlink: /home/pranav/turtle_test/install/turtlebot3_cartographer/share/turtlebot3_cartographer/local_setup.sh
[0.479s] -- Up-to-date symlink: /home/pranav/turtle_test/install/turtlebot3_cartographer/share/turtlebot3_cartographer/local_setup.zsh
[0.479s] -- Up-to-date symlink: /home/pranav/turtle_test/install/turtlebot3_cartographer/share/turtlebot3_cartographer/local_setup.dsv
[0.479s] -- Symlinking: /home/pranav/turtle_test/install/turtlebot3_cartographer/share/turtlebot3_cartographer/package.dsv
[0.479s] -- Up-to-date symlink: /home/pranav/turtle_test/install/turtlebot3_cartographer/share/ament_index/resource_index/packages/turtlebot3_cartographer
[0.479s] -- Up-to-date symlink: /home/pranav/turtle_test/install/turtlebot3_cartographer/share/turtlebot3_cartographer/cmake/turtlebot3_cartographerConfig.cmake
[0.479s] -- Up-to-date symlink: /home/pranav/turtle_test/install/turtlebot3_cartographer/share/turtlebot3_cartographer/cmake/turtlebot3_cartographerConfig-version.cmake
[0.479s] -- Up-to-date symlink: /home/pranav/turtle_test/install/turtlebot3_cartographer/share/turtlebot3_cartographer/package.xml
[0.523s] Invoked command in '/home/pranav/turtle_test/build/turtlebot3_cartographer' returned '0': CMAKE_PREFIX_PATH=/opt/ros/humble /usr/bin/cmake --install /home/pranav/turtle_test/build/turtlebot3_cartographer
