running develop
running egg_info
writing grazen_system.egg-info/PKG-INFO
writing dependency_links to grazen_system.egg-info/dependency_links.txt
writing entry points to grazen_system.egg-info/entry_points.txt
writing requirements to grazen_system.egg-info/requires.txt
writing top-level names to grazen_system.egg-info/top_level.txt
reading manifest file 'grazen_system.egg-info/SOURCES.txt'
writing manifest file 'grazen_system.egg-info/SOURCES.txt'
running build_ext
Creating /home/pranav/turtle_test/install/grazen_system/lib/python3.10/site-packages/grazen-system.egg-link (link to .)
Installing auto_mapper script to /home/pranav/turtle_test/install/grazen_system/lib/grazen_system
Installing manual_mapper script to /home/pranav/turtle_test/install/grazen_system/lib/grazen_system
Installing mission_manager script to /home/pranav/turtle_test/install/grazen_system/lib/grazen_system
Installing scan_resampler script to /home/pranav/turtle_test/install/grazen_system/lib/grazen_system

Installed /home/pranav/turtle_test/build/grazen_system
running symlink_data
symbolically linking /home/pranav/turtle_test/build/grazen_system/resource/grazen_system -> /home/pranav/turtle_test/install/grazen_system/share/ament_index/resource_index/packages
symbolically linking /home/pranav/turtle_test/build/grazen_system/package.xml -> /home/pranav/turtle_test/install/grazen_system/share/grazen_system
symbolically linking /home/pranav/turtle_test/build/grazen_system/config/explore_params.yaml -> /home/pranav/turtle_test/install/grazen_system/share/grazen_system/config
symbolically linking /home/pranav/turtle_test/build/grazen_system/config/waypoints.txt -> /home/pranav/turtle_test/install/grazen_system/share/grazen_system/config
symbolically linking /home/pranav/turtle_test/build/grazen_system/config/grazen_params.yaml -> /home/pranav/turtle_test/install/grazen_system/share/grazen_system/config
symbolically linking /home/pranav/turtle_test/build/grazen_system/config/slam_params.yaml -> /home/pranav/turtle_test/install/grazen_system/share/grazen_system/config
symbolically linking /home/pranav/turtle_test/build/grazen_system/config/system_config.yaml -> /home/pranav/turtle_test/install/grazen_system/share/grazen_system/config
symbolically linking /home/pranav/turtle_test/build/grazen_system/config/rtabmap_params.yaml -> /home/pranav/turtle_test/install/grazen_system/share/grazen_system/config
symbolically linking /home/pranav/turtle_test/build/grazen_system/launch/system.launch.py -> /home/pranav/turtle_test/install/grazen_system/share/grazen_system/launch
symbolically linking /home/pranav/turtle_test/build/grazen_system/launch/rtabmap_3d_sim.launch.py -> /home/pranav/turtle_test/install/grazen_system/share/grazen_system/launch
