[0.444s] Invoking command in '/home/pranav/turtle_test/build/multirobot_map_merge': CMAKE_PREFIX_PATH=${CMAKE_PREFIX_PATH}:/home/pranav/turtle_test/install/turtlebot3_teleop:/home/pranav/turtle_test/install/grazen_system:/home/pranav/turtle_test/install/turtlebot3_example:/home/pranav/turtle_test/install/grazen_project:/opt/ros/humble /usr/bin/cmake --build /home/pranav/turtle_test/build/multirobot_map_merge -- -j20 -l20
[0.544s] [ 16%] Built target gtest_main
[0.545s] [ 33%] Built target gtest
[0.545s] [ 66%] Built target combine_grids
[0.548s] [ 83%] Built target test_merging_pipeline
[0.548s] [100%] Built target map_merge
[0.609s] Invoked command in '/home/pranav/turtle_test/build/multirobot_map_merge' returned '0': CMAKE_PREFIX_PATH=${CMAKE_PREFIX_PATH}:/home/pranav/turtle_test/install/turtlebot3_teleop:/home/pranav/turtle_test/install/grazen_system:/home/pranav/turtle_test/install/turtlebot3_example:/home/pranav/turtle_test/install/grazen_project:/opt/ros/humble /usr/bin/cmake --build /home/pranav/turtle_test/build/multirobot_map_merge -- -j20 -l20
[0.609s] Invoking command in '/home/pranav/turtle_test/build/multirobot_map_merge': CMAKE_PREFIX_PATH=${CMAKE_PREFIX_PATH}:/home/pranav/turtle_test/install/turtlebot3_teleop:/home/pranav/turtle_test/install/grazen_system:/home/pranav/turtle_test/install/turtlebot3_example:/home/pranav/turtle_test/install/grazen_project:/opt/ros/humble /usr/bin/cmake --install /home/pranav/turtle_test/build/multirobot_map_merge
[0.646s] -- Install configuration: ""
[0.647s] -- Execute custom install script
[0.648s] -- Up-to-date symlink: /home/pranav/turtle_test/install/multirobot_map_merge/include/map_merge//map_merge.h
[0.648s] -- Up-to-date symlink: /home/pranav/turtle_test/install/multirobot_map_merge/include/map_merge//ros1_names.hpp
[0.648s] -- Up-to-date symlink: /home/pranav/turtle_test/install/multirobot_map_merge/share/multirobot_map_merge/launch/from_map_server.launch.py
[0.648s] -- Up-to-date symlink: /home/pranav/turtle_test/install/multirobot_map_merge/share/multirobot_map_merge/launch/map_merge.launch.py
[0.648s] -- Up-to-date symlink: /home/pranav/turtle_test/install/multirobot_map_merge/share/multirobot_map_merge/launch/map_merge.rviz
[0.648s] -- Up-to-date symlink: /home/pranav/turtle_test/install/multirobot_map_merge/share/multirobot_map_merge/launch/tb3_simulation/bringup_launch.py
[0.649s] -- Up-to-date symlink: /home/pranav/turtle_test/install/multirobot_map_merge/share/multirobot_map_merge/launch/tb3_simulation/config/nav2_multirobot_params_1.yaml
[0.649s] -- Up-to-date symlink: /home/pranav/turtle_test/install/multirobot_map_merge/share/multirobot_map_merge/launch/tb3_simulation/config/nav2_multirobot_params_2.yaml
[0.649s] -- Up-to-date symlink: /home/pranav/turtle_test/install/multirobot_map_merge/share/multirobot_map_merge/launch/tb3_simulation/multi_tb3_simulation_launch.py
[0.649s] -- Up-to-date symlink: /home/pranav/turtle_test/install/multirobot_map_merge/share/multirobot_map_merge/launch/tb3_simulation/slam_toolbox.py
[0.649s] -- Up-to-date symlink: /home/pranav/turtle_test/install/multirobot_map_merge/share/multirobot_map_merge/launch/tb3_simulation/tb3_simulation_launch.py
[0.649s] -- Up-to-date symlink: /home/pranav/turtle_test/install/multirobot_map_merge/share/multirobot_map_merge/launch/tb3_simulation/worlds/world_only.model
[0.650s] -- Up-to-date symlink: /home/pranav/turtle_test/install/multirobot_map_merge/share/multirobot_map_merge/config/params.yaml
[0.650s] -- Up-to-date symlink: /home/pranav/turtle_test/install/multirobot_map_merge/lib/multirobot_map_merge/map_merge
[0.650s] -- Up-to-date symlink: /home/pranav/turtle_test/install/multirobot_map_merge/share/multirobot_map_merge/environment/library_path.sh
[0.650s] -- Up-to-date symlink: /home/pranav/turtle_test/install/multirobot_map_merge/share/multirobot_map_merge/environment/library_path.dsv
[0.650s] -- Up-to-date symlink: /home/pranav/turtle_test/install/multirobot_map_merge/share/ament_index/resource_index/package_run_dependencies/multirobot_map_merge
[0.650s] -- Up-to-date symlink: /home/pranav/turtle_test/install/multirobot_map_merge/share/ament_index/resource_index/parent_prefix_path/multirobot_map_merge
[0.650s] -- Up-to-date symlink: /home/pranav/turtle_test/install/multirobot_map_merge/share/multirobot_map_merge/environment/ament_prefix_path.sh
[0.650s] -- Up-to-date symlink: /home/pranav/turtle_test/install/multirobot_map_merge/share/multirobot_map_merge/environment/ament_prefix_path.dsv
[0.650s] -- Up-to-date symlink: /home/pranav/turtle_test/install/multirobot_map_merge/share/multirobot_map_merge/environment/path.sh
[0.650s] -- Up-to-date symlink: /home/pranav/turtle_test/install/multirobot_map_merge/share/multirobot_map_merge/environment/path.dsv
[0.650s] -- Up-to-date symlink: /home/pranav/turtle_test/install/multirobot_map_merge/share/multirobot_map_merge/local_setup.bash
[0.651s] -- Up-to-date symlink: /home/pranav/turtle_test/install/multirobot_map_merge/share/multirobot_map_merge/local_setup.sh
[0.651s] -- Up-to-date symlink: /home/pranav/turtle_test/install/multirobot_map_merge/share/multirobot_map_merge/local_setup.zsh
[0.651s] -- Up-to-date symlink: /home/pranav/turtle_test/install/multirobot_map_merge/share/multirobot_map_merge/local_setup.dsv
[0.651s] -- Symlinking: /home/pranav/turtle_test/install/multirobot_map_merge/share/multirobot_map_merge/package.dsv
[0.651s] -- Up-to-date symlink: /home/pranav/turtle_test/install/multirobot_map_merge/share/ament_index/resource_index/packages/multirobot_map_merge
[0.651s] -- Up-to-date symlink: /home/pranav/turtle_test/install/multirobot_map_merge/share/multirobot_map_merge/cmake/ament_cmake_export_include_directories-extras.cmake
[0.651s] -- Up-to-date symlink: /home/pranav/turtle_test/install/multirobot_map_merge/share/multirobot_map_merge/cmake/ament_cmake_export_libraries-extras.cmake
[0.651s] -- Up-to-date symlink: /home/pranav/turtle_test/install/multirobot_map_merge/share/multirobot_map_merge/cmake/multirobot_map_mergeConfig.cmake
[0.651s] -- Up-to-date symlink: /home/pranav/turtle_test/install/multirobot_map_merge/share/multirobot_map_merge/cmake/multirobot_map_mergeConfig-version.cmake
[0.651s] -- Up-to-date symlink: /home/pranav/turtle_test/install/multirobot_map_merge/share/multirobot_map_merge/package.xml
[0.651s] -- Up-to-date: /home/pranav/turtle_test/install/multirobot_map_merge/lib/libcombine_grids.a
[0.651s] Invoked command in '/home/pranav/turtle_test/build/multirobot_map_merge' returned '0': CMAKE_PREFIX_PATH=${CMAKE_PREFIX_PATH}:/home/pranav/turtle_test/install/turtlebot3_teleop:/home/pranav/turtle_test/install/grazen_system:/home/pranav/turtle_test/install/turtlebot3_example:/home/pranav/turtle_test/install/grazen_project:/opt/ros/humble /usr/bin/cmake --install /home/pranav/turtle_test/build/multirobot_map_merge
