[0.000000] (-) TimerEvent: {}
[0.000487] (-) JobUnselected: {'identifier': 'aws_robomaker_small_warehouse_world'}
[0.000620] (-) JobUnselected: {'identifier': 'dynamixel_sdk'}
[0.000705] (-) JobUnselected: {'identifier': 'dynamixel_sdk_custom_interfaces'}
[0.001270] (-) JobUnselected: {'identifier': 'dynamixel_sdk_examples'}
[0.001368] (-) JobUnselected: {'identifier': 'explore_lite'}
[0.003423] (-) JobUnselected: {'identifier': 'grazen_project'}
[0.003590] (-) JobUnselected: {'identifier': 'multirobot_map_merge'}
[0.003688] (-) JobUnselected: {'identifier': 'turtlebot3'}
[0.004198] (-) JobUnselected: {'identifier': 'turtlebot3_bringup'}
[0.004372] (-) JobUnselected: {'identifier': 'turtlebot3_cartographer'}
[0.005680] (-) JobUnselected: {'identifier': 'turtlebot3_description'}
[0.005841] (-) JobUnselected: {'identifier': 'turtlebot3_example'}
[0.005922] (-) JobUnselected: {'identifier': 'turtlebot3_fake_node'}
[0.006006] (-) JobUnselected: {'identifier': 'turtlebot3_gazebo'}
[0.006078] (-) JobUnselected: {'identifier': 'turtlebot3_manipulation_gazebo'}
[0.006186] (-) JobUnselected: {'identifier': 'turtlebot3_msgs'}
[0.006267] (-) JobUnselected: {'identifier': 'turtlebot3_navigation2'}
[0.007015] (-) JobUnselected: {'identifier': 'turtlebot3_node'}
[0.007443] (-) JobUnselected: {'identifier': 'turtlebot3_simulations'}
[0.007591] (-) JobUnselected: {'identifier': 'turtlebot3_teleop'}
[0.007687] (grazen_system) JobQueued: {'identifier': 'grazen_system', 'dependencies': OrderedDict([('aws_robomaker_small_warehouse_world', '/home/pranav/turtle_test/install/aws_robomaker_small_warehouse_world'), ('explore_lite', '/home/pranav/turtle_test/install/explore_lite'), ('turtlebot3_cartographer', '/home/pranav/turtle_test/install/turtlebot3_cartographer'), ('turtlebot3_gazebo', '/home/pranav/turtle_test/install/turtlebot3_gazebo'), ('turtlebot3_navigation2', '/home/pranav/turtle_test/install/turtlebot3_navigation2')])}
[0.007845] (grazen_system) JobStarted: {'identifier': 'grazen_system'}
[0.099043] (-) TimerEvent: {}
[0.199585] (-) TimerEvent: {}
[0.299961] (-) TimerEvent: {}
[0.400314] (-) TimerEvent: {}
[0.500671] (-) TimerEvent: {}
[0.601052] (-) TimerEvent: {}
[0.701476] (-) TimerEvent: {}
[0.801894] (-) TimerEvent: {}
[0.902380] (-) TimerEvent: {}
[1.002768] (-) TimerEvent: {}
[1.103351] (-) TimerEvent: {}
[1.203690] (-) TimerEvent: {}
[1.304134] (-) TimerEvent: {}
[1.404595] (-) TimerEvent: {}
[1.505039] (-) TimerEvent: {}
[1.605399] (-) TimerEvent: {}
[1.705790] (-) TimerEvent: {}
[1.806272] (-) TimerEvent: {}
[1.906669] (-) TimerEvent: {}
[2.007047] (-) TimerEvent: {}
[2.034027] (grazen_system) Command: {'cmd': ['/usr/bin/python3', '-W', 'ignore:setup.py install is deprecated', '-W', 'ignore:easy_install command is deprecated', 'setup.py', 'develop', '--editable', '--build-directory', '/home/pranav/turtle_test/build/grazen_system/build', '--no-deps', 'symlink_data'], 'cwd': '/home/pranav/turtle_test/build/grazen_system', 'env': {'GJS_DEBUG_TOPICS': 'JS ERROR;JS LOG', 'LESSOPEN': '| /usr/bin/lesspipe %s', 'VSCODE_CWD': '/home/pranav', 'VSCODE_ESM_ENTRYPOINT': 'vs/workbench/api/node/extensionHostProcess', 'USER': 'pranav', 'VSCODE_NLS_CONFIG': '{"userLocale":"en-us","osLocale":"en-us","resolvedLanguage":"en","defaultMessagesFile":"/usr/share/cursor/resources/app/out/nls.messages.json","locale":"en-us","availableLanguages":{}}', 'VSCODE_HANDLES_UNCAUGHT_ERRORS': 'true', 'XDG_SESSION_TYPE': 'wayland', 'SHLVL': '1', 'LD_LIBRARY_PATH': '/usr/lib/x86_64-linux-gnu/gazebo-11/plugins:/opt/ros/humble/opt/rviz_ogre_vendor/lib:/opt/ros/humble/lib/x86_64-linux-gnu:/opt/ros/humble/lib:/usr/lib/x86_64-linux-gnu/gazebo-11/plugins::/home/pranav/hsl-install/lib:/usr/lib/x86_64-linux-gnu/gazebo-11/plugins:/usr/lib/x86_64-linux-gnu/gazebo-11/plugins::/home/pranav/hsl-install/lib', 'HOME': '/home/pranav', 'CHROME_DESKTOP': 'cursor.desktop', 'CONDA_SHLVL': '0', 'OLDPWD': '/home/pranav/turtle_test', 'DESKTOP_SESSION': 'ubuntu', 'VSCODE_IPC_HOOK': '/run/user/1000/vscode-b3d86fb7-2.0.-main.sock', 'GIO_LAUNCHED_DESKTOP_FILE': '/usr/share/applications/cursor.desktop', 'GAZEBO_MASTER_URI': 'http://localhost:11345', 'ROS_PYTHON_VERSION': '3', 'GNOME_SHELL_SESSION_MODE': 'ubuntu', 'GTK_MODULES': 'gail:atk-bridge', 'MANAGERPID': '1740', 'SYSTEMD_EXEC_PID': '2244', 'IM_CONFIG_CHECK_ENV': '1', 'NO_COLOR': '1', 'DBUS_SESSION_BUS_ADDRESS': 'unix:path=/run/user/1000/bus', '_CE_M': '', '_CONDA_ROOT': '/home/pranav/miniconda3', 'GIO_LAUNCHED_DESKTOP_FILE_PID': '4830', 'VSCODE_CRASH_REPORTER_PROCESS_TYPE': 'extensionHost', 'IM_CONFIG_PHASE': '1', 'WAYLAND_DISPLAY': 'wayland-0', 'ROS_DISTRO': 'humble', 'LOGNAME': 'pranav', 'FORCE_COLOR': '0', 'JOURNAL_STREAM': '8:17030', 'EUFS_MASTER': '/home/pranav/workspace/FEB/FEB_AUTO/feb-system-integration', '_': '/usr/bin/colcon', 'ROS_VERSION': '2', 'XDG_SESSION_CLASS': 'user', 'USERNAME': 'pranav', 'TERM': 'dumb', 'GAZEBO_MODEL_PATH': '/usr/share/gazebo-11/models:/usr/share/gazebo-11/models:', 'GNOME_DESKTOP_SESSION_ID': 'this-is-deprecated', '_CE_CONDA': '', 'ROS_LOCALHOST_ONLY': '0', 'COMPOSER_NO_INTERACTION': '1', 'OGRE_RESOURCE_PATH': '/usr/lib/x86_64-linux-gnu/OGRE-1.9.0', 'PATH': '/home/pranav/.local/bin:/home/pranav/.local/bin:/home/pranav/miniconda3/condabin:/opt/ros/humble/bin:/home/pranav/.local/bin:/usr/local/sbin:/usr/local/bin:/usr/sbin:/usr/bin:/sbin:/bin:/usr/games:/usr/local/games:/snap/bin:/snap/bin', 'SESSION_MANAGER': 'local/pranav-XPS-15-9520:@/tmp/.ICE-unix/2215,unix/pranav-XPS-15-9520:/tmp/.ICE-unix/2215', 'INVOCATION_ID': 'b0ed3b30ebf9468e964f1ddf45993299', 'XDG_MENU_PREFIX': 'gnome-', 'VSCODE_PROCESS_TITLE': 'extension-host  [1-2]', 'GNOME_SETUP_DISPLAY': ':1', 'XDG_RUNTIME_DIR': '/run/user/1000', 'GDK_BACKEND': 'x11', 'CURSOR_AGENT': '1', 'DISPLAY': ':0', 'LANG': 'en_US.UTF-8', 'XDG_CURRENT_DESKTOP': 'Unity', 'XMODIFIERS': '@im=ibus', 'XDG_SESSION_DESKTOP': 'ubuntu', 'XAUTHORITY': '/run/user/1000/.mutter-Xwaylandauth.X25XG3', 'LS_COLORS': '', 'CURSOR_TRACE_ID': '52614ab9f0774f53a9e8d24624ff4991', 'SSH_AGENT_LAUNCHER': 'gnome-keyring', 'SSH_AUTH_SOCK': '/run/user/1000/keyring/ssh', 'ROS_DOMAIN_ID': '30', 'AMENT_PREFIX_PATH': '/home/pranav/turtle_test/install/turtlebot3_navigation2:/home/pranav/turtle_test/install/turtlebot3_gazebo:/home/pranav/turtle_test/install/turtlebot3_cartographer:/home/pranav/turtle_test/install/explore_lite:/home/pranav/turtle_test/install/aws_robomaker_small_warehouse_world:/opt/ros/humble', 'CONDA_PYTHON_EXE': '/home/pranav/miniconda3/bin/python', 'ORIGINAL_XDG_CURRENT_DESKTOP': 'ubuntu:GNOME', 'SHELL': '/bin/bash', 'QT_ACCESSIBILITY': '1', 'GDMSESSION': 'ubuntu', 'LESSCLOSE': '/usr/bin/lesspipe %s %s', 'GAZEBO_RESOURCE_PATH': '/usr/share/gazebo-11:/usr/share/gazebo-11:', 'GJS_DEBUG_OUTPUT': 'stderr', '_CONDA_EXE': '/home/pranav/miniconda3/bin/conda', 'GAZEBO_MODEL_DATABASE_URI': 'http://models.gazebosim.org', 'QT_IM_MODULE': 'ibus', 'PWD': '/home/pranav/turtle_test/build/grazen_system', 'TURTLEBOT3_MODEL': 'burger', 'LC_ALL': 'en_US.UTF-8', 'XDG_CONFIG_DIRS': '/etc/xdg/xdg-ubuntu:/etc/xdg', 'CONDA_EXE': '/home/pranav/miniconda3/bin/conda', 'VSCODE_CODE_CACHE_PATH': '/home/pranav/.config/Cursor/CachedData/63fcac100bd5d5749f2a98aa47d65f6eca61db30', 'GAZEBO_PLUGIN_PATH': '/usr/lib/x86_64-linux-gnu/gazebo-11/plugins:/usr/lib/x86_64-linux-gnu/gazebo-11/plugins:', 'XDG_DATA_DIRS': '/usr/share/ubuntu:/usr/local/share/:/usr/share/:/var/lib/snapd/desktop', 'PYTHONPATH': '/home/pranav/turtle_test/build/grazen_system/prefix_override:/usr/lib/python3/dist-packages/colcon_core/task/python/colcon_distutils_commands:/home/pranav/turtle_test/install/grazen_system/lib/python3.10/site-packages:/opt/ros/humble/lib/python3.10/site-packages:/opt/ros/humble/local/lib/python3.10/dist-packages', 'OMP_NUM_THREADS': '20', 'COLCON': '1', 'VSCODE_PID': '4830', 'CMAKE_PREFIX_PATH': '/home/pranav/turtle_test/install/turtlebot3_navigation2:/home/pranav/turtle_test/install/turtlebot3_gazebo:/home/pranav/turtle_test/install/turtlebot3_cartographer:/home/pranav/turtle_test/install/explore_lite:/home/pranav/turtle_test/install/aws_robomaker_small_warehouse_world'}, 'shell': False}
[2.107316] (-) TimerEvent: {}
[2.207774] (-) TimerEvent: {}
[2.308203] (-) TimerEvent: {}
[2.408472] (-) TimerEvent: {}
[2.508887] (-) TimerEvent: {}
[2.609304] (-) TimerEvent: {}
[2.709587] (-) TimerEvent: {}
[2.809875] (-) TimerEvent: {}
[2.820816] (grazen_system) StdoutLine: {'line': b'running develop\n'}
[2.910121] (-) TimerEvent: {}
[3.010470] (-) TimerEvent: {}
[3.110886] (-) TimerEvent: {}
[3.211352] (-) TimerEvent: {}
[3.251909] (grazen_system) StdoutLine: {'line': b'running egg_info\n'}
[3.252367] (grazen_system) StdoutLine: {'line': b'writing grazen_system.egg-info/PKG-INFO\n'}
[3.253072] (grazen_system) StdoutLine: {'line': b'writing dependency_links to grazen_system.egg-info/dependency_links.txt\n'}
[3.253459] (grazen_system) StdoutLine: {'line': b'writing entry points to grazen_system.egg-info/entry_points.txt\n'}
[3.253652] (grazen_system) StdoutLine: {'line': b'writing requirements to grazen_system.egg-info/requires.txt\n'}
[3.253829] (grazen_system) StdoutLine: {'line': b'writing top-level names to grazen_system.egg-info/top_level.txt\n'}
[3.257232] (grazen_system) StdoutLine: {'line': b"reading manifest file 'grazen_system.egg-info/SOURCES.txt'\n"}
[3.259201] (grazen_system) StdoutLine: {'line': b"writing manifest file 'grazen_system.egg-info/SOURCES.txt'\n"}
[3.263015] (grazen_system) StdoutLine: {'line': b'running build_ext\n'}
[3.263991] (grazen_system) StdoutLine: {'line': b'Creating /home/pranav/turtle_test/install/grazen_system/lib/python3.10/site-packages/grazen-system.egg-link (link to .)\n'}
[3.266513] (grazen_system) StdoutLine: {'line': b'Installing auto_mapper script to /home/pranav/turtle_test/install/grazen_system/lib/grazen_system\n'}
[3.268906] (grazen_system) StdoutLine: {'line': b'Installing manual_mapper script to /home/pranav/turtle_test/install/grazen_system/lib/grazen_system\n'}
[3.269301] (grazen_system) StdoutLine: {'line': b'Installing mission_manager script to /home/pranav/turtle_test/install/grazen_system/lib/grazen_system\n'}
[3.269583] (grazen_system) StdoutLine: {'line': b'Installing scan_resampler script to /home/pranav/turtle_test/install/grazen_system/lib/grazen_system\n'}
[3.269817] (grazen_system) StdoutLine: {'line': b'\n'}
[3.270042] (grazen_system) StdoutLine: {'line': b'Installed /home/pranav/turtle_test/build/grazen_system\n'}
[3.270298] (grazen_system) StdoutLine: {'line': b'running symlink_data\n'}
[3.311522] (-) TimerEvent: {}
[3.352373] (grazen_system) CommandEnded: {'returncode': 0}
[3.379231] (grazen_system) JobEnded: {'identifier': 'grazen_system', 'rc': 0}
[3.381442] (-) EventReactorShutdown: {}
