running develop
Removing /home/pranav/turtle_test/install/grazen_system/lib/python3.10/site-packages/grazen-system.egg-link (link to .)
running egg_info
writing ../../build/grazen_system/grazen_system.egg-info/PKG-INFO
writing dependency_links to ../../build/grazen_system/grazen_system.egg-info/dependency_links.txt
writing entry points to ../../build/grazen_system/grazen_system.egg-info/entry_points.txt
writing requirements to ../../build/grazen_system/grazen_system.egg-info/requires.txt
writing top-level names to ../../build/grazen_system/grazen_system.egg-info/top_level.txt
reading manifest file '../../build/grazen_system/grazen_system.egg-info/SOURCES.txt'
writing manifest file '../../build/grazen_system/grazen_system.egg-info/SOURCES.txt'
running build
running build_py
creating /home/pranav/turtle_test/build/grazen_system/build
creating /home/pranav/turtle_test/build/grazen_system/build/lib
creating /home/pranav/turtle_test/build/grazen_system/build/lib/grazen_system
copying grazen_system/auto_mapper.py -> /home/pranav/turtle_test/build/grazen_system/build/lib/grazen_system
copying grazen_system/__init__.py -> /home/pranav/turtle_test/build/grazen_system/build/lib/grazen_system
copying grazen_system/manual_mapper.py -> /home/pranav/turtle_test/build/grazen_system/build/lib/grazen_system
copying grazen_system/scan_resampler.py -> /home/pranav/turtle_test/build/grazen_system/build/lib/grazen_system
copying grazen_system/mission_manager.py -> /home/pranav/turtle_test/build/grazen_system/build/lib/grazen_system
running install
running install_lib
creating /home/pranav/turtle_test/install/grazen_system/lib/python3.10/site-packages/grazen_system
copying /home/pranav/turtle_test/build/grazen_system/build/lib/grazen_system/auto_mapper.py -> /home/pranav/turtle_test/install/grazen_system/lib/python3.10/site-packages/grazen_system
copying /home/pranav/turtle_test/build/grazen_system/build/lib/grazen_system/__init__.py -> /home/pranav/turtle_test/install/grazen_system/lib/python3.10/site-packages/grazen_system
copying /home/pranav/turtle_test/build/grazen_system/build/lib/grazen_system/manual_mapper.py -> /home/pranav/turtle_test/install/grazen_system/lib/python3.10/site-packages/grazen_system
copying /home/pranav/turtle_test/build/grazen_system/build/lib/grazen_system/scan_resampler.py -> /home/pranav/turtle_test/install/grazen_system/lib/python3.10/site-packages/grazen_system
copying /home/pranav/turtle_test/build/grazen_system/build/lib/grazen_system/mission_manager.py -> /home/pranav/turtle_test/install/grazen_system/lib/python3.10/site-packages/grazen_system
byte-compiling /home/pranav/turtle_test/install/grazen_system/lib/python3.10/site-packages/grazen_system/auto_mapper.py to auto_mapper.cpython-310.pyc
byte-compiling /home/pranav/turtle_test/install/grazen_system/lib/python3.10/site-packages/grazen_system/__init__.py to __init__.cpython-310.pyc
byte-compiling /home/pranav/turtle_test/install/grazen_system/lib/python3.10/site-packages/grazen_system/manual_mapper.py to manual_mapper.cpython-310.pyc
byte-compiling /home/pranav/turtle_test/install/grazen_system/lib/python3.10/site-packages/grazen_system/scan_resampler.py to scan_resampler.cpython-310.pyc
byte-compiling /home/pranav/turtle_test/install/grazen_system/lib/python3.10/site-packages/grazen_system/mission_manager.py to mission_manager.cpython-310.pyc
running install_data
copying resource/grazen_system -> /home/pranav/turtle_test/install/grazen_system/share/ament_index/resource_index/packages
copying package.xml -> /home/pranav/turtle_test/install/grazen_system/share/grazen_system
copying config/explore_params.yaml -> /home/pranav/turtle_test/install/grazen_system/share/grazen_system/config
copying config/waypoints.txt -> /home/pranav/turtle_test/install/grazen_system/share/grazen_system/config
copying config/grazen_params.yaml -> /home/pranav/turtle_test/install/grazen_system/share/grazen_system/config
copying config/slam_params.yaml -> /home/pranav/turtle_test/install/grazen_system/share/grazen_system/config
copying config/system_config.yaml -> /home/pranav/turtle_test/install/grazen_system/share/grazen_system/config
copying config/rtabmap_params.yaml -> /home/pranav/turtle_test/install/grazen_system/share/grazen_system/config
copying launch/system.launch.py -> /home/pranav/turtle_test/install/grazen_system/share/grazen_system/launch
copying launch/rtabmap_3d_sim.launch.py -> /home/pranav/turtle_test/install/grazen_system/share/grazen_system/launch
running install_egg_info
Copying ../../build/grazen_system/grazen_system.egg-info to /home/pranav/turtle_test/install/grazen_system/lib/python3.10/site-packages/grazen_system-0.0.0-py3.10.egg-info
running install_scripts
Installing auto_mapper script to /home/pranav/turtle_test/install/grazen_system/lib/grazen_system
Installing manual_mapper script to /home/pranav/turtle_test/install/grazen_system/lib/grazen_system
Installing mission_manager script to /home/pranav/turtle_test/install/grazen_system/lib/grazen_system
Installing scan_resampler script to /home/pranav/turtle_test/install/grazen_system/lib/grazen_system
writing list of installed files to '/home/pranav/turtle_test/build/grazen_system/install.log'
