[0.674s] Invoking command in '/home/pranav/turtle_test/build/grazen_system': CMAKE_PREFIX_PATH=/home/pranav/turtle_test/install/turtlebot3_navigation2:/home/pranav/turtle_test/install/turtlebot3_gazebo:/home/pranav/turtle_test/install/turtlebot3_cartographer:/home/pranav/turtle_test/install/explore_lite:/home/pranav/turtle_test/install/aws_robomaker_small_warehouse_world:/home/pranav/turtle_test/install/turtlebot3:/home/pranav/turtle_test/install/turtlebot3_simulations:/home/pranav/turtle_test/install/turtlebot3_bringup:/home/pranav/turtle_test/install/turtlebot3_node:/home/pranav/turtle_test/install/turtlebot3_fake_node:/home/pranav/turtle_test/install/turtlebot3_msgs:/home/pranav/turtle_test/install/turtlebot3_manipulation_gazebo:/home/pranav/turtle_test/install/turtlebot3_description:/home/pranav/turtle_test/install/multirobot_map_merge:/home/pranav/turtle_test/install/dynamixel_sdk_examples:/home/pranav/turtle_test/install/dynamixel_sdk_custom_interfaces:/home/pranav/turtle_test/install/dynamixel_sdk PYTHONPATH=/home/pranav/turtle_test/build/grazen_system/prefix_override:/usr/lib/python3/dist-packages/colcon_core/task/python/colcon_distutils_commands:/home/pranav/turtle_test/install/grazen_system/lib/python3.10/site-packages:${PYTHONPATH} /usr/bin/python3 -W ignore:setup.py install is deprecated -W ignore:easy_install command is deprecated setup.py develop --uninstall --editable --build-directory /home/pranav/turtle_test/build/grazen_system/build
[0.851s] running develop
[0.964s] Removing /home/pranav/turtle_test/install/grazen_system/lib/python3.10/site-packages/grazen-system.egg-link (link to .)
[0.984s] Invoked command in '/home/pranav/turtle_test/build/grazen_system' returned '0': CMAKE_PREFIX_PATH=/home/pranav/turtle_test/install/turtlebot3_navigation2:/home/pranav/turtle_test/install/turtlebot3_gazebo:/home/pranav/turtle_test/install/turtlebot3_cartographer:/home/pranav/turtle_test/install/explore_lite:/home/pranav/turtle_test/install/aws_robomaker_small_warehouse_world:/home/pranav/turtle_test/install/turtlebot3:/home/pranav/turtle_test/install/turtlebot3_simulations:/home/pranav/turtle_test/install/turtlebot3_bringup:/home/pranav/turtle_test/install/turtlebot3_node:/home/pranav/turtle_test/install/turtlebot3_fake_node:/home/pranav/turtle_test/install/turtlebot3_msgs:/home/pranav/turtle_test/install/turtlebot3_manipulation_gazebo:/home/pranav/turtle_test/install/turtlebot3_description:/home/pranav/turtle_test/install/multirobot_map_merge:/home/pranav/turtle_test/install/dynamixel_sdk_examples:/home/pranav/turtle_test/install/dynamixel_sdk_custom_interfaces:/home/pranav/turtle_test/install/dynamixel_sdk PYTHONPATH=/home/pranav/turtle_test/build/grazen_system/prefix_override:/usr/lib/python3/dist-packages/colcon_core/task/python/colcon_distutils_commands:/home/pranav/turtle_test/install/grazen_system/lib/python3.10/site-packages:${PYTHONPATH} /usr/bin/python3 -W ignore:setup.py install is deprecated -W ignore:easy_install command is deprecated setup.py develop --uninstall --editable --build-directory /home/pranav/turtle_test/build/grazen_system/build
[0.984s] Invoking command in '/home/pranav/turtle_test/src/grazen_system': CMAKE_PREFIX_PATH=/home/pranav/turtle_test/install/turtlebot3_navigation2:/home/pranav/turtle_test/install/turtlebot3_gazebo:/home/pranav/turtle_test/install/turtlebot3_cartographer:/home/pranav/turtle_test/install/explore_lite:/home/pranav/turtle_test/install/aws_robomaker_small_warehouse_world:/home/pranav/turtle_test/install/turtlebot3:/home/pranav/turtle_test/install/turtlebot3_simulations:/home/pranav/turtle_test/install/turtlebot3_bringup:/home/pranav/turtle_test/install/turtlebot3_node:/home/pranav/turtle_test/install/turtlebot3_fake_node:/home/pranav/turtle_test/install/turtlebot3_msgs:/home/pranav/turtle_test/install/turtlebot3_manipulation_gazebo:/home/pranav/turtle_test/install/turtlebot3_description:/home/pranav/turtle_test/install/multirobot_map_merge:/home/pranav/turtle_test/install/dynamixel_sdk_examples:/home/pranav/turtle_test/install/dynamixel_sdk_custom_interfaces:/home/pranav/turtle_test/install/dynamixel_sdk PYTHONPATH=/home/pranav/turtle_test/build/grazen_system/prefix_override:/usr/lib/python3/dist-packages/colcon_core/task/python/colcon_distutils_commands:/home/pranav/turtle_test/install/grazen_system/lib/python3.10/site-packages:${PYTHONPATH} /usr/bin/python3 -W ignore:setup.py install is deprecated -W ignore:easy_install command is deprecated setup.py egg_info --egg-base ../../build/grazen_system build --build-base /home/pranav/turtle_test/build/grazen_system/build install --record /home/pranav/turtle_test/build/grazen_system/install.log --single-version-externally-managed install_data --force
[1.147s] running egg_info
[1.148s] writing ../../build/grazen_system/grazen_system.egg-info/PKG-INFO
[1.148s] writing dependency_links to ../../build/grazen_system/grazen_system.egg-info/dependency_links.txt
[1.148s] writing entry points to ../../build/grazen_system/grazen_system.egg-info/entry_points.txt
[1.148s] writing requirements to ../../build/grazen_system/grazen_system.egg-info/requires.txt
[1.148s] writing top-level names to ../../build/grazen_system/grazen_system.egg-info/top_level.txt
[1.149s] reading manifest file '../../build/grazen_system/grazen_system.egg-info/SOURCES.txt'
[1.150s] writing manifest file '../../build/grazen_system/grazen_system.egg-info/SOURCES.txt'
[1.150s] running build
[1.150s] running build_py
[1.150s] creating /home/pranav/turtle_test/build/grazen_system/build
[1.150s] creating /home/pranav/turtle_test/build/grazen_system/build/lib
[1.150s] creating /home/pranav/turtle_test/build/grazen_system/build/lib/grazen_system
[1.150s] copying grazen_system/auto_mapper.py -> /home/pranav/turtle_test/build/grazen_system/build/lib/grazen_system
[1.150s] copying grazen_system/__init__.py -> /home/pranav/turtle_test/build/grazen_system/build/lib/grazen_system
[1.151s] copying grazen_system/manual_mapper.py -> /home/pranav/turtle_test/build/grazen_system/build/lib/grazen_system
[1.151s] copying grazen_system/scan_resampler.py -> /home/pranav/turtle_test/build/grazen_system/build/lib/grazen_system
[1.151s] copying grazen_system/mission_manager.py -> /home/pranav/turtle_test/build/grazen_system/build/lib/grazen_system
[1.151s] running install
[1.151s] running install_lib
[1.151s] creating /home/pranav/turtle_test/install/grazen_system/lib/python3.10/site-packages/grazen_system
[1.151s] copying /home/pranav/turtle_test/build/grazen_system/build/lib/grazen_system/auto_mapper.py -> /home/pranav/turtle_test/install/grazen_system/lib/python3.10/site-packages/grazen_system
[1.151s] copying /home/pranav/turtle_test/build/grazen_system/build/lib/grazen_system/__init__.py -> /home/pranav/turtle_test/install/grazen_system/lib/python3.10/site-packages/grazen_system
[1.151s] copying /home/pranav/turtle_test/build/grazen_system/build/lib/grazen_system/manual_mapper.py -> /home/pranav/turtle_test/install/grazen_system/lib/python3.10/site-packages/grazen_system
[1.151s] copying /home/pranav/turtle_test/build/grazen_system/build/lib/grazen_system/scan_resampler.py -> /home/pranav/turtle_test/install/grazen_system/lib/python3.10/site-packages/grazen_system
[1.151s] copying /home/pranav/turtle_test/build/grazen_system/build/lib/grazen_system/mission_manager.py -> /home/pranav/turtle_test/install/grazen_system/lib/python3.10/site-packages/grazen_system
[1.151s] byte-compiling /home/pranav/turtle_test/install/grazen_system/lib/python3.10/site-packages/grazen_system/auto_mapper.py to auto_mapper.cpython-310.pyc
[1.152s] byte-compiling /home/pranav/turtle_test/install/grazen_system/lib/python3.10/site-packages/grazen_system/__init__.py to __init__.cpython-310.pyc
[1.152s] byte-compiling /home/pranav/turtle_test/install/grazen_system/lib/python3.10/site-packages/grazen_system/manual_mapper.py to manual_mapper.cpython-310.pyc
[1.153s] byte-compiling /home/pranav/turtle_test/install/grazen_system/lib/python3.10/site-packages/grazen_system/scan_resampler.py to scan_resampler.cpython-310.pyc
[1.153s] byte-compiling /home/pranav/turtle_test/install/grazen_system/lib/python3.10/site-packages/grazen_system/mission_manager.py to mission_manager.cpython-310.pyc
[1.154s] running install_data
[1.154s] copying resource/grazen_system -> /home/pranav/turtle_test/install/grazen_system/share/ament_index/resource_index/packages
[1.154s] copying package.xml -> /home/pranav/turtle_test/install/grazen_system/share/grazen_system
[1.154s] copying config/explore_params.yaml -> /home/pranav/turtle_test/install/grazen_system/share/grazen_system/config
[1.154s] copying config/waypoints.txt -> /home/pranav/turtle_test/install/grazen_system/share/grazen_system/config
[1.154s] copying config/grazen_params.yaml -> /home/pranav/turtle_test/install/grazen_system/share/grazen_system/config
[1.154s] copying config/slam_params.yaml -> /home/pranav/turtle_test/install/grazen_system/share/grazen_system/config
[1.154s] copying config/system_config.yaml -> /home/pranav/turtle_test/install/grazen_system/share/grazen_system/config
[1.154s] copying config/rtabmap_params.yaml -> /home/pranav/turtle_test/install/grazen_system/share/grazen_system/config
[1.154s] copying launch/system.launch.py -> /home/pranav/turtle_test/install/grazen_system/share/grazen_system/launch
[1.154s] copying launch/rtabmap_3d_sim.launch.py -> /home/pranav/turtle_test/install/grazen_system/share/grazen_system/launch
[1.155s] running install_egg_info
[1.156s] Copying ../../build/grazen_system/grazen_system.egg-info to /home/pranav/turtle_test/install/grazen_system/lib/python3.10/site-packages/grazen_system-0.0.0-py3.10.egg-info
[1.156s] running install_scripts
[1.170s] Installing auto_mapper script to /home/pranav/turtle_test/install/grazen_system/lib/grazen_system
[1.170s] Installing manual_mapper script to /home/pranav/turtle_test/install/grazen_system/lib/grazen_system
[1.170s] Installing mission_manager script to /home/pranav/turtle_test/install/grazen_system/lib/grazen_system
[1.170s] Installing scan_resampler script to /home/pranav/turtle_test/install/grazen_system/lib/grazen_system
[1.170s] writing list of installed files to '/home/pranav/turtle_test/build/grazen_system/install.log'
[1.186s] Invoked command in '/home/pranav/turtle_test/src/grazen_system' returned '0': CMAKE_PREFIX_PATH=/home/pranav/turtle_test/install/turtlebot3_navigation2:/home/pranav/turtle_test/install/turtlebot3_gazebo:/home/pranav/turtle_test/install/turtlebot3_cartographer:/home/pranav/turtle_test/install/explore_lite:/home/pranav/turtle_test/install/aws_robomaker_small_warehouse_world:/home/pranav/turtle_test/install/turtlebot3:/home/pranav/turtle_test/install/turtlebot3_simulations:/home/pranav/turtle_test/install/turtlebot3_bringup:/home/pranav/turtle_test/install/turtlebot3_node:/home/pranav/turtle_test/install/turtlebot3_fake_node:/home/pranav/turtle_test/install/turtlebot3_msgs:/home/pranav/turtle_test/install/turtlebot3_manipulation_gazebo:/home/pranav/turtle_test/install/turtlebot3_description:/home/pranav/turtle_test/install/multirobot_map_merge:/home/pranav/turtle_test/install/dynamixel_sdk_examples:/home/pranav/turtle_test/install/dynamixel_sdk_custom_interfaces:/home/pranav/turtle_test/install/dynamixel_sdk PYTHONPATH=/home/pranav/turtle_test/build/grazen_system/prefix_override:/usr/lib/python3/dist-packages/colcon_core/task/python/colcon_distutils_commands:/home/pranav/turtle_test/install/grazen_system/lib/python3.10/site-packages:${PYTHONPATH} /usr/bin/python3 -W ignore:setup.py install is deprecated -W ignore:easy_install command is deprecated setup.py egg_info --egg-base ../../build/grazen_system build --build-base /home/pranav/turtle_test/build/grazen_system/build install --record /home/pranav/turtle_test/build/grazen_system/install.log --single-version-externally-managed install_data --force
