[0.474s] Invoking command in '/home/pranav/turtle_test/build/grazen_system': AMENT_PREFIX_PATH=/home/pranav/turtle_test/install/turtlebot3_navigation2:/home/pranav/turtle_test/install/turtlebot3_gazebo:/home/pranav/turtle_test/install/turtlebot3_cartographer:/home/pranav/turtle_test/install/explore_lite:/home/pranav/turtle_test/install/aws_robomaker_small_warehouse_world:${AMENT_PREFIX_PATH} CMAKE_PREFIX_PATH=/home/pranav/turtle_test/install/turtlebot3_navigation2:/home/pranav/turtle_test/install/turtlebot3_gazebo:/home/pranav/turtle_test/install/turtlebot3_cartographer:/home/pranav/turtle_test/install/explore_lite:/home/pranav/turtle_test/install/aws_robomaker_small_warehouse_world PYTHONPATH=/home/pranav/turtle_test/build/grazen_system/prefix_override:/usr/lib/python3/dist-packages/colcon_core/task/python/colcon_distutils_commands:/home/pranav/turtle_test/install/grazen_system/lib/python3.10/site-packages:${PYTHONPATH} /usr/bin/python3 -W ignore:setup.py install is deprecated -W ignore:easy_install command is deprecated setup.py develop --uninstall --editable --build-directory /home/pranav/turtle_test/build/grazen_system/build
[0.668s] running develop
[0.788s] Removing /home/pranav/turtle_test/install/grazen_system/lib/python3.10/site-packages/grazen-system.egg-link (link to .)
[0.810s] Invoked command in '/home/pranav/turtle_test/build/grazen_system' returned '0': AMENT_PREFIX_PATH=/home/pranav/turtle_test/install/turtlebot3_navigation2:/home/pranav/turtle_test/install/turtlebot3_gazebo:/home/pranav/turtle_test/install/turtlebot3_cartographer:/home/pranav/turtle_test/install/explore_lite:/home/pranav/turtle_test/install/aws_robomaker_small_warehouse_world:${AMENT_PREFIX_PATH} CMAKE_PREFIX_PATH=/home/pranav/turtle_test/install/turtlebot3_navigation2:/home/pranav/turtle_test/install/turtlebot3_gazebo:/home/pranav/turtle_test/install/turtlebot3_cartographer:/home/pranav/turtle_test/install/explore_lite:/home/pranav/turtle_test/install/aws_robomaker_small_warehouse_world PYTHONPATH=/home/pranav/turtle_test/build/grazen_system/prefix_override:/usr/lib/python3/dist-packages/colcon_core/task/python/colcon_distutils_commands:/home/pranav/turtle_test/install/grazen_system/lib/python3.10/site-packages:${PYTHONPATH} /usr/bin/python3 -W ignore:setup.py install is deprecated -W ignore:easy_install command is deprecated setup.py develop --uninstall --editable --build-directory /home/pranav/turtle_test/build/grazen_system/build
[0.811s] Invoking command in '/home/pranav/turtle_test/src/grazen_system': AMENT_PREFIX_PATH=/home/pranav/turtle_test/install/turtlebot3_navigation2:/home/pranav/turtle_test/install/turtlebot3_gazebo:/home/pranav/turtle_test/install/turtlebot3_cartographer:/home/pranav/turtle_test/install/explore_lite:/home/pranav/turtle_test/install/aws_robomaker_small_warehouse_world:${AMENT_PREFIX_PATH} CMAKE_PREFIX_PATH=/home/pranav/turtle_test/install/turtlebot3_navigation2:/home/pranav/turtle_test/install/turtlebot3_gazebo:/home/pranav/turtle_test/install/turtlebot3_cartographer:/home/pranav/turtle_test/install/explore_lite:/home/pranav/turtle_test/install/aws_robomaker_small_warehouse_world PYTHONPATH=/home/pranav/turtle_test/build/grazen_system/prefix_override:/usr/lib/python3/dist-packages/colcon_core/task/python/colcon_distutils_commands:/home/pranav/turtle_test/install/grazen_system/lib/python3.10/site-packages:${PYTHONPATH} /usr/bin/python3 -W ignore:setup.py install is deprecated -W ignore:easy_install command is deprecated setup.py egg_info --egg-base ../../build/grazen_system build --build-base /home/pranav/turtle_test/build/grazen_system/build install --record /home/pranav/turtle_test/build/grazen_system/install.log --single-version-externally-managed install_data --force
[0.990s] running egg_info
[0.991s] writing ../../build/grazen_system/grazen_system.egg-info/PKG-INFO
[0.991s] writing dependency_links to ../../build/grazen_system/grazen_system.egg-info/dependency_links.txt
[0.991s] writing entry points to ../../build/grazen_system/grazen_system.egg-info/entry_points.txt
[0.991s] writing requirements to ../../build/grazen_system/grazen_system.egg-info/requires.txt
[0.991s] writing top-level names to ../../build/grazen_system/grazen_system.egg-info/top_level.txt
[0.992s] reading manifest file '../../build/grazen_system/grazen_system.egg-info/SOURCES.txt'
[0.993s] writing manifest file '../../build/grazen_system/grazen_system.egg-info/SOURCES.txt'
[0.993s] running build
[0.993s] running build_py
[0.993s] copying grazen_system/auto_mapper.py -> /home/pranav/turtle_test/build/grazen_system/build/lib/grazen_system
[0.993s] copying grazen_system/manual_mapper.py -> /home/pranav/turtle_test/build/grazen_system/build/lib/grazen_system
[0.993s] copying grazen_system/scan_resampler.py -> /home/pranav/turtle_test/build/grazen_system/build/lib/grazen_system
[0.994s] copying grazen_system/mission_manager.py -> /home/pranav/turtle_test/build/grazen_system/build/lib/grazen_system
[0.994s] running install
[0.994s] running install_lib
[0.994s] creating /home/pranav/turtle_test/install/grazen_system/lib/python3.10/site-packages/grazen_system
[0.994s] copying /home/pranav/turtle_test/build/grazen_system/build/lib/grazen_system/auto_mapper.py -> /home/pranav/turtle_test/install/grazen_system/lib/python3.10/site-packages/grazen_system
[0.994s] copying /home/pranav/turtle_test/build/grazen_system/build/lib/grazen_system/__init__.py -> /home/pranav/turtle_test/install/grazen_system/lib/python3.10/site-packages/grazen_system
[0.994s] copying /home/pranav/turtle_test/build/grazen_system/build/lib/grazen_system/manual_mapper.py -> /home/pranav/turtle_test/install/grazen_system/lib/python3.10/site-packages/grazen_system
[0.994s] copying /home/pranav/turtle_test/build/grazen_system/build/lib/grazen_system/scan_resampler.py -> /home/pranav/turtle_test/install/grazen_system/lib/python3.10/site-packages/grazen_system
[0.995s] copying /home/pranav/turtle_test/build/grazen_system/build/lib/grazen_system/mission_manager.py -> /home/pranav/turtle_test/install/grazen_system/lib/python3.10/site-packages/grazen_system
[0.995s] byte-compiling /home/pranav/turtle_test/install/grazen_system/lib/python3.10/site-packages/grazen_system/auto_mapper.py to auto_mapper.cpython-310.pyc
[0.995s] byte-compiling /home/pranav/turtle_test/install/grazen_system/lib/python3.10/site-packages/grazen_system/__init__.py to __init__.cpython-310.pyc
[0.996s] byte-compiling /home/pranav/turtle_test/install/grazen_system/lib/python3.10/site-packages/grazen_system/manual_mapper.py to manual_mapper.cpython-310.pyc
[0.996s] byte-compiling /home/pranav/turtle_test/install/grazen_system/lib/python3.10/site-packages/grazen_system/scan_resampler.py to scan_resampler.cpython-310.pyc
[0.996s] byte-compiling /home/pranav/turtle_test/install/grazen_system/lib/python3.10/site-packages/grazen_system/mission_manager.py to mission_manager.cpython-310.pyc
[0.997s] running install_data
[0.997s] copying resource/grazen_system -> /home/pranav/turtle_test/install/grazen_system/share/ament_index/resource_index/packages
[0.997s] copying package.xml -> /home/pranav/turtle_test/install/grazen_system/share/grazen_system
[0.997s] copying config/explore_params.yaml -> /home/pranav/turtle_test/install/grazen_system/share/grazen_system/config
[0.997s] copying config/waypoints.txt -> /home/pranav/turtle_test/install/grazen_system/share/grazen_system/config
[0.997s] copying config/grazen_params.yaml -> /home/pranav/turtle_test/install/grazen_system/share/grazen_system/config
[0.998s] copying config/slam_params.yaml -> /home/pranav/turtle_test/install/grazen_system/share/grazen_system/config
[0.998s] copying config/system_config.yaml -> /home/pranav/turtle_test/install/grazen_system/share/grazen_system/config
[0.998s] copying launch/system.launch.py -> /home/pranav/turtle_test/install/grazen_system/share/grazen_system/launch
[0.998s] running install_egg_info
[0.999s] Copying ../../build/grazen_system/grazen_system.egg-info to /home/pranav/turtle_test/install/grazen_system/lib/python3.10/site-packages/grazen_system-0.0.0-py3.10.egg-info
[0.999s] running install_scripts
[1.013s] Installing auto_mapper script to /home/pranav/turtle_test/install/grazen_system/lib/grazen_system
[1.014s] Installing manual_mapper script to /home/pranav/turtle_test/install/grazen_system/lib/grazen_system
[1.014s] Installing mission_manager script to /home/pranav/turtle_test/install/grazen_system/lib/grazen_system
[1.014s] Installing scan_resampler script to /home/pranav/turtle_test/install/grazen_system/lib/grazen_system
[1.014s] writing list of installed files to '/home/pranav/turtle_test/build/grazen_system/install.log'
[1.032s] Invoked command in '/home/pranav/turtle_test/src/grazen_system' returned '0': AMENT_PREFIX_PATH=/home/pranav/turtle_test/install/turtlebot3_navigation2:/home/pranav/turtle_test/install/turtlebot3_gazebo:/home/pranav/turtle_test/install/turtlebot3_cartographer:/home/pranav/turtle_test/install/explore_lite:/home/pranav/turtle_test/install/aws_robomaker_small_warehouse_world:${AMENT_PREFIX_PATH} CMAKE_PREFIX_PATH=/home/pranav/turtle_test/install/turtlebot3_navigation2:/home/pranav/turtle_test/install/turtlebot3_gazebo:/home/pranav/turtle_test/install/turtlebot3_cartographer:/home/pranav/turtle_test/install/explore_lite:/home/pranav/turtle_test/install/aws_robomaker_small_warehouse_world PYTHONPATH=/home/pranav/turtle_test/build/grazen_system/prefix_override:/usr/lib/python3/dist-packages/colcon_core/task/python/colcon_distutils_commands:/home/pranav/turtle_test/install/grazen_system/lib/python3.10/site-packages:${PYTHONPATH} /usr/bin/python3 -W ignore:setup.py install is deprecated -W ignore:easy_install command is deprecated setup.py egg_info --egg-base ../../build/grazen_system build --build-base /home/pranav/turtle_test/build/grazen_system/build install --record /home/pranav/turtle_test/build/grazen_system/install.log --single-version-externally-managed install_data --force
