running egg_info
writing ../../build/grazen_project/grazen_project.egg-info/PKG-INFO
writing dependency_links to ../../build/grazen_project/grazen_project.egg-info/dependency_links.txt
writing entry points to ../../build/grazen_project/grazen_project.egg-info/entry_points.txt
writing requirements to ../../build/grazen_project/grazen_project.egg-info/requires.txt
writing top-level names to ../../build/grazen_project/grazen_project.egg-info/top_level.txt
reading manifest file '../../build/grazen_project/grazen_project.egg-info/SOURCES.txt'
writing manifest file '../../build/grazen_project/grazen_project.egg-info/SOURCES.txt'
running build
running build_py
running install
running install_lib
running install_data
running install_egg_info
removing '/home/pranav/turtle_test/install/grazen_project/lib/python3.10/site-packages/grazen_project-0.0.0-py3.10.egg-info' (and everything under it)
Copying ../../build/grazen_project/grazen_project.egg-info to /home/pranav/turtle_test/install/grazen_project/lib/python3.10/site-packages/grazen_project-0.0.0-py3.10.egg-info
running install_scripts
Installing file_navigator script to /home/pranav/turtle_test/install/grazen_project/lib/grazen_project
Installing moving_obstacle script to /home/pranav/turtle_test/install/grazen_project/lib/grazen_project
Installing relative_navigator script to /home/pranav/turtle_test/install/grazen_project/lib/grazen_project
Installing universal_navigator script to /home/pranav/turtle_test/install/grazen_project/lib/grazen_project
Installing waypoint_navigator script to /home/pranav/turtle_test/install/grazen_project/lib/grazen_project
writing list of installed files to '/home/pranav/turtle_test/build/grazen_project/install.log'
