[0.000000] (-) TimerEvent: {}
[0.000139] (-) JobUnselected: {'identifier': 'aws_robomaker_small_warehouse_world'}
[0.000290] (-) JobUnselected: {'identifier': 'dynamixel_sdk'}
[0.000439] (-) JobUnselected: {'identifier': 'dynamixel_sdk_custom_interfaces'}
[0.000501] (-) JobUnselected: {'identifier': 'dynamixel_sdk_examples'}
[0.000520] (-) JobUnselected: {'identifier': 'explore_lite'}
[0.000545] (-) JobUnselected: {'identifier': 'grazen_project'}
[0.000562] (-) JobUnselected: {'identifier': 'multirobot_map_merge'}
[0.000692] (-) JobUnselected: {'identifier': 'turtlebot3'}
[0.000710] (-) JobUnselected: {'identifier': 'turtlebot3_bringup'}
[0.000732] (-) JobUnselected: {'identifier': 'turtlebot3_cartographer'}
[0.000749] (-) JobUnselected: {'identifier': 'turtlebot3_description'}
[0.000841] (-) JobUnselected: {'identifier': 'turtlebot3_example'}
[0.000864] (-) JobUnselected: {'identifier': 'turtlebot3_fake_node'}
[0.000880] (-) JobUnselected: {'identifier': 'turtlebot3_gazebo'}
[0.001014] (-) JobUnselected: {'identifier': 'turtlebot3_manipulation_gazebo'}
[0.001039] (-) JobUnselected: {'identifier': 'turtlebot3_msgs'}
[0.001083] (-) JobUnselected: {'identifier': 'turtlebot3_navigation2'}
[0.001101] (-) JobUnselected: {'identifier': 'turtlebot3_node'}
[0.001119] (-) JobUnselected: {'identifier': 'turtlebot3_simulations'}
[0.001140] (-) JobUnselected: {'identifier': 'turtlebot3_teleop'}
[0.001190] (grazen_system) JobQueued: {'identifier': 'grazen_system', 'dependencies': OrderedDict([('aws_robomaker_small_warehouse_world', '/home/pranav/turtle_test/install/aws_robomaker_small_warehouse_world'), ('explore_lite', '/home/pranav/turtle_test/install/explore_lite'), ('turtlebot3_cartographer', '/home/pranav/turtle_test/install/turtlebot3_cartographer'), ('turtlebot3_gazebo', '/home/pranav/turtle_test/install/turtlebot3_gazebo'), ('turtlebot3_navigation2', '/home/pranav/turtle_test/install/turtlebot3_navigation2')])}
[0.001221] (grazen_system) JobStarted: {'identifier': 'grazen_system'}
[0.099863] (-) TimerEvent: {}
[0.200132] (-) TimerEvent: {}
[0.300416] (-) TimerEvent: {}
[0.389743] (grazen_system) Command: {'cmd': ['/usr/bin/python3', '-W', 'ignore:setup.py install is deprecated', '-W', 'ignore:easy_install command is deprecated', 'setup.py', 'develop', '--editable', '--build-directory', '/home/pranav/turtle_test/build/grazen_system/build', '--no-deps', 'symlink_data'], 'cwd': '/home/pranav/turtle_test/build/grazen_system', 'env': {'GJS_DEBUG_TOPICS': 'JS ERROR;JS LOG', 'LESSOPEN': '| /usr/bin/lesspipe %s', 'VSCODE_CWD': '/home/pranav', 'VSCODE_ESM_ENTRYPOINT': 'vs/workbench/api/node/extensionHostProcess', 'USER': 'pranav', 'VSCODE_NLS_CONFIG': '{"userLocale":"en-us","osLocale":"en-us","resolvedLanguage":"en","defaultMessagesFile":"/usr/share/cursor/resources/app/out/nls.messages.json","locale":"en-us","availableLanguages":{}}', 'VSCODE_HANDLES_UNCAUGHT_ERRORS': 'true', 'XDG_SESSION_TYPE': 'x11', 'SHLVL': '1', 'LD_LIBRARY_PATH': '/usr/lib/x86_64-linux-gnu/gazebo-11/plugins:/opt/ros/humble/opt/rviz_ogre_vendor/lib:/opt/ros/humble/lib/x86_64-linux-gnu:/opt/ros/humble/lib:/usr/lib/x86_64-linux-gnu/gazebo-11/plugins::/home/pranav/hsl-install/lib:/usr/lib/x86_64-linux-gnu/gazebo-11/plugins:/usr/lib/x86_64-linux-gnu/gazebo-11/plugins::/home/pranav/hsl-install/lib', 'HOME': '/home/pranav', 'CHROME_DESKTOP': 'cursor.desktop', 'CONDA_SHLVL': '0', 'OLDPWD': '/home/pranav/turtle_test', 'DESKTOP_SESSION': 'ubuntu', 'VSCODE_IPC_HOOK': '/run/user/1000/vscode-b3d86fb7-2.0.-main.sock', 'GIO_LAUNCHED_DESKTOP_FILE': '/usr/share/applications/cursor.desktop', 'GAZEBO_MASTER_URI': 'http://localhost:11345', 'ROS_PYTHON_VERSION': '3', 'GNOME_SHELL_SESSION_MODE': 'ubuntu', 'GTK_MODULES': 'gail:atk-bridge', 'MANAGERPID': '1764', 'SYSTEMD_EXEC_PID': '2715', 'NO_COLOR': '1', 'DBUS_SESSION_BUS_ADDRESS': 'unix:path=/run/user/1000/bus', '_CE_M': '', '_CONDA_ROOT': '/home/pranav/miniconda3', 'GIO_LAUNCHED_DESKTOP_FILE_PID': '6995', 'VSCODE_CRASH_REPORTER_PROCESS_TYPE': 'extensionHost', 'VSCODE_L10N_BUNDLE_LOCATION': '', 'ROS_DISTRO': 'humble', 'GTK_IM_MODULE': 'ibus', 'LOGNAME': 'pranav', 'FORCE_COLOR': '0', 'IGN_GAZEBO_MODEL_PATH': '/opt/ros/humble/share', 'JOURNAL_STREAM': '8:25712', 'EUFS_MASTER': '/home/pranav/workspace/FEB/FEB_AUTO/feb-system-integration', '_': '/usr/bin/colcon', 'ROS_VERSION': '2', 'XDG_SESSION_CLASS': 'user', 'USERNAME': 'pranav', 'TERM': 'dumb', 'GAZEBO_MODEL_PATH': '/usr/share/gazebo-11/models:/usr/share/gazebo-11/models:/opt/ros/humble/share', 'GNOME_DESKTOP_SESSION_ID': 'this-is-deprecated', '_CE_CONDA': '', 'ROS_LOCALHOST_ONLY': '0', 'COMPOSER_NO_INTERACTION': '1', 'WINDOWPATH': '2', 'OGRE_RESOURCE_PATH': '/usr/lib/x86_64-linux-gnu/OGRE-1.9.0', 'PATH': '/home/pranav/.local/bin:/home/pranav/.local/bin:/home/pranav/miniconda3/condabin:/opt/ros/humble/bin:/home/pranav/.local/bin:/usr/local/sbin:/usr/local/bin:/usr/sbin:/usr/bin:/sbin:/bin:/usr/games:/usr/local/games:/snap/bin:/snap/bin', 'SESSION_MANAGER': 'local/pranav-XPS-15-9520:@/tmp/.ICE-unix/2668,unix/pranav-XPS-15-9520:/tmp/.ICE-unix/2668', 'INVOCATION_ID': 'ec0841ff4afe42d0ad5619155fbadb23', 'XDG_MENU_PREFIX': 'gnome-', 'VSCODE_PROCESS_TITLE': 'extension-host  [1-1]', 'XDG_RUNTIME_DIR': '/run/user/1000', 'GDK_BACKEND': 'x11', 'CURSOR_AGENT': '1', 'DISPLAY': ':0', 'LANG': 'en_US.UTF-8', 'XDG_CURRENT_DESKTOP': 'Unity', 'XMODIFIERS': '@im=ibus', 'XDG_SESSION_DESKTOP': 'ubuntu', 'XAUTHORITY': '/run/user/1000/gdm/Xauthority', 'LS_COLORS': '', 'CURSOR_TRACE_ID': 'f1b4c4a4d8014d04bdc18c861fb828f9', 'SSH_AGENT_LAUNCHER': 'gnome-keyring', 'SSH_AUTH_SOCK': '/run/user/1000/keyring/ssh', 'ROS_DOMAIN_ID': '30', 'AMENT_PREFIX_PATH': '/home/pranav/turtle_test/install/turtlebot3_navigation2:/home/pranav/turtle_test/install/turtlebot3_gazebo:/home/pranav/turtle_test/install/turtlebot3_cartographer:/home/pranav/turtle_test/install/explore_lite:/home/pranav/turtle_test/install/aws_robomaker_small_warehouse_world:/opt/ros/humble', 'CONDA_PYTHON_EXE': '/home/pranav/miniconda3/bin/python', 'ORIGINAL_XDG_CURRENT_DESKTOP': 'ubuntu:GNOME', 'SHELL': '/bin/bash', 'QT_ACCESSIBILITY': '1', 'GDMSESSION': 'ubuntu', 'LESSCLOSE': '/usr/bin/lesspipe %s %s', 'IGN_GAZEBO_RESOURCE_PATH': '/opt/ros/humble/share', 'GPG_AGENT_INFO': '/run/user/1000/gnupg/S.gpg-agent:0:1', 'GAZEBO_RESOURCE_PATH': '/usr/share/gazebo-11:/usr/share/gazebo-11:/opt/ros/humble/share', 'GJS_DEBUG_OUTPUT': 'stderr', '_CONDA_EXE': '/home/pranav/miniconda3/bin/conda', 'GAZEBO_MODEL_DATABASE_URI': 'http://models.gazebosim.org', 'QT_IM_MODULE': 'ibus', 'PWD': '/home/pranav/turtle_test/build/grazen_system', 'TURTLEBOT3_MODEL': 'burger', 'LC_ALL': 'en_US.UTF-8', 'XDG_CONFIG_DIRS': '/etc/xdg/xdg-ubuntu:/etc/xdg', 'CONDA_EXE': '/home/pranav/miniconda3/bin/conda', 'VSCODE_CODE_CACHE_PATH': '/home/pranav/.config/Cursor/CachedData/63fcac100bd5d5749f2a98aa47d65f6eca61db30', 'GAZEBO_PLUGIN_PATH': '/usr/lib/x86_64-linux-gnu/gazebo-11/plugins:/usr/lib/x86_64-linux-gnu/gazebo-11/plugins:', 'XDG_DATA_DIRS': '/usr/share/ubuntu:/usr/share/gnome:/usr/local/share/:/usr/share/:/var/lib/snapd/desktop', 'PYTHONPATH': '/home/pranav/turtle_test/build/grazen_system/prefix_override:/usr/lib/python3/dist-packages/colcon_core/task/python/colcon_distutils_commands:/home/pranav/turtle_test/install/grazen_system/lib/python3.10/site-packages:/opt/ros/humble/lib/python3.10/site-packages:/opt/ros/humble/local/lib/python3.10/dist-packages', 'OMP_NUM_THREADS': '20', 'COLCON': '1', 'VSCODE_PID': '6995', 'CMAKE_PREFIX_PATH': '/home/pranav/turtle_test/install/turtlebot3_navigation2:/home/pranav/turtle_test/install/turtlebot3_gazebo:/home/pranav/turtle_test/install/turtlebot3_cartographer:/home/pranav/turtle_test/install/explore_lite:/home/pranav/turtle_test/install/aws_robomaker_small_warehouse_world'}, 'shell': False}
[0.400529] (-) TimerEvent: {}
[0.500657] (-) TimerEvent: {}
[0.550057] (grazen_system) StdoutLine: {'line': b'running develop\n'}
[0.600744] (-) TimerEvent: {}
[0.649246] (grazen_system) StdoutLine: {'line': b'running egg_info\n'}
[0.649477] (grazen_system) StdoutLine: {'line': b'creating grazen_system.egg-info\n'}
[0.649564] (grazen_system) StdoutLine: {'line': b'writing grazen_system.egg-info/PKG-INFO\n'}
[0.649635] (grazen_system) StdoutLine: {'line': b'writing dependency_links to grazen_system.egg-info/dependency_links.txt\n'}
[0.649695] (grazen_system) StdoutLine: {'line': b'writing entry points to grazen_system.egg-info/entry_points.txt\n'}
[0.649851] (grazen_system) StdoutLine: {'line': b'writing requirements to grazen_system.egg-info/requires.txt\n'}
[0.649938] (grazen_system) StdoutLine: {'line': b'writing top-level names to grazen_system.egg-info/top_level.txt\n'}
[0.650003] (grazen_system) StdoutLine: {'line': b"writing manifest file 'grazen_system.egg-info/SOURCES.txt'\n"}
[0.650802] (grazen_system) StdoutLine: {'line': b"reading manifest file 'grazen_system.egg-info/SOURCES.txt'\n"}
[0.651075] (grazen_system) StdoutLine: {'line': b"writing manifest file 'grazen_system.egg-info/SOURCES.txt'\n"}
[0.651919] (grazen_system) StdoutLine: {'line': b'running build_ext\n'}
[0.652017] (grazen_system) StdoutLine: {'line': b'Creating /home/pranav/turtle_test/install/grazen_system/lib/python3.10/site-packages/grazen-system.egg-link (link to .)\n'}
[0.652290] (grazen_system) StdoutLine: {'line': b'Installing auto_mapper script to /home/pranav/turtle_test/install/grazen_system/lib/grazen_system\n'}
[0.652399] (grazen_system) StdoutLine: {'line': b'Installing manual_mapper script to /home/pranav/turtle_test/install/grazen_system/lib/grazen_system\n'}
[0.652525] (grazen_system) StdoutLine: {'line': b'Installing mission_manager script to /home/pranav/turtle_test/install/grazen_system/lib/grazen_system\n'}
[0.652660] (grazen_system) StdoutLine: {'line': b'Installing scan_resampler script to /home/pranav/turtle_test/install/grazen_system/lib/grazen_system\n'}
[0.652826] (grazen_system) StdoutLine: {'line': b'\n'}
[0.652980] (grazen_system) StdoutLine: {'line': b'Installed /home/pranav/turtle_test/build/grazen_system\n'}
[0.653040] (grazen_system) StdoutLine: {'line': b'running symlink_data\n'}
[0.653097] (grazen_system) StdoutLine: {'line': b'creating /home/pranav/turtle_test/install/grazen_system/share/ament_index\n'}
[0.653154] (grazen_system) StdoutLine: {'line': b'creating /home/pranav/turtle_test/install/grazen_system/share/ament_index/resource_index\n'}
[0.653211] (grazen_system) StdoutLine: {'line': b'creating /home/pranav/turtle_test/install/grazen_system/share/ament_index/resource_index/packages\n'}
[0.653273] (grazen_system) StdoutLine: {'line': b'symbolically linking /home/pranav/turtle_test/build/grazen_system/resource/grazen_system -> /home/pranav/turtle_test/install/grazen_system/share/ament_index/resource_index/packages\n'}
[0.653334] (grazen_system) StdoutLine: {'line': b'symbolically linking /home/pranav/turtle_test/build/grazen_system/package.xml -> /home/pranav/turtle_test/install/grazen_system/share/grazen_system\n'}
[0.653391] (grazen_system) StdoutLine: {'line': b'creating /home/pranav/turtle_test/install/grazen_system/share/grazen_system/config\n'}
[0.653448] (grazen_system) StdoutLine: {'line': b'symbolically linking /home/pranav/turtle_test/build/grazen_system/config/explore_params.yaml -> /home/pranav/turtle_test/install/grazen_system/share/grazen_system/config\n'}
[0.653509] (grazen_system) StdoutLine: {'line': b'symbolically linking /home/pranav/turtle_test/build/grazen_system/config/waypoints.txt -> /home/pranav/turtle_test/install/grazen_system/share/grazen_system/config\n'}
[0.653583] (grazen_system) StdoutLine: {'line': b'symbolically linking /home/pranav/turtle_test/build/grazen_system/config/grazen_params.yaml -> /home/pranav/turtle_test/install/grazen_system/share/grazen_system/config\n'}
[0.653642] (grazen_system) StdoutLine: {'line': b'symbolically linking /home/pranav/turtle_test/build/grazen_system/config/slam_params.yaml -> /home/pranav/turtle_test/install/grazen_system/share/grazen_system/config\n'}
[0.653698] (grazen_system) StdoutLine: {'line': b'symbolically linking /home/pranav/turtle_test/build/grazen_system/config/system_config.yaml -> /home/pranav/turtle_test/install/grazen_system/share/grazen_system/config\n'}
[0.653761] (grazen_system) StdoutLine: {'line': b'symbolically linking /home/pranav/turtle_test/build/grazen_system/config/rtabmap_params.yaml -> /home/pranav/turtle_test/install/grazen_system/share/grazen_system/config\n'}
[0.653822] (grazen_system) StdoutLine: {'line': b'creating /home/pranav/turtle_test/install/grazen_system/share/grazen_system/launch\n'}
[0.653879] (grazen_system) StdoutLine: {'line': b'symbolically linking /home/pranav/turtle_test/build/grazen_system/launch/system.launch.py -> /home/pranav/turtle_test/install/grazen_system/share/grazen_system/launch\n'}
[0.653936] (grazen_system) StdoutLine: {'line': b'symbolically linking /home/pranav/turtle_test/build/grazen_system/launch/rtabmap_3d_sim.launch.py -> /home/pranav/turtle_test/install/grazen_system/share/grazen_system/launch\n'}
[0.653993] (grazen_system) StdoutLine: {'line': b'creating /home/pranav/turtle_test/install/grazen_system/share/grazen_system/maps\n'}
[0.670298] (grazen_system) CommandEnded: {'returncode': 0}
[0.679670] (grazen_system) JobEnded: {'identifier': 'grazen_system', 'rc': 0}
[0.680020] (-) EventReactorShutdown: {}
