[0.483s] Invoking command in '/home/pranav/turtle_test/build/turtlebot3_example': AMENT_PREFIX_PATH=/home/pranav/turtle_test/install/turtlebot3_msgs:${AMENT_PREFIX_PATH} CMAKE_PREFIX_PATH=/home/pranav/turtle_test/install/turtlebot3_msgs LD_LIBRARY_PATH=/home/pranav/turtle_test/install/turtlebot3_msgs/lib:/usr/lib/x86_64-linux-gnu/gazebo-11/plugins:/opt/ros/humble/opt/rviz_ogre_vendor/lib:/opt/ros/humble/lib/x86_64-linux-gnu:/opt/ros/humble/lib:/usr/lib/x86_64-linux-gnu/gazebo-11/plugins:/home/pranav/hsl-install/lib PYTHONPATH=/home/pranav/turtle_test/build/turtlebot3_example/prefix_override:/usr/lib/python3/dist-packages/colcon_core/task/python/colcon_distutils_commands:/home/pranav/turtle_test/install/turtlebot3_example/lib/python3.10/site-packages:/home/pranav/turtle_test/install/turtlebot3_msgs/local/lib/python3.10/dist-packages:${PYTHONPATH} /usr/bin/python3 -W ignore:setup.py install is deprecated -W ignore:easy_install command is deprecated setup.py develop --uninstall --editable --build-directory /home/pranav/turtle_test/build/turtlebot3_example/build
[0.665s] running develop
[0.779s] Removing /home/pranav/turtle_test/install/turtlebot3_example/lib/python3.10/site-packages/turtlebot3-example.egg-link (link to .)
[0.798s] Invoked command in '/home/pranav/turtle_test/build/turtlebot3_example' returned '0': AMENT_PREFIX_PATH=/home/pranav/turtle_test/install/turtlebot3_msgs:${AMENT_PREFIX_PATH} CMAKE_PREFIX_PATH=/home/pranav/turtle_test/install/turtlebot3_msgs LD_LIBRARY_PATH=/home/pranav/turtle_test/install/turtlebot3_msgs/lib:/usr/lib/x86_64-linux-gnu/gazebo-11/plugins:/opt/ros/humble/opt/rviz_ogre_vendor/lib:/opt/ros/humble/lib/x86_64-linux-gnu:/opt/ros/humble/lib:/usr/lib/x86_64-linux-gnu/gazebo-11/plugins:/home/pranav/hsl-install/lib PYTHONPATH=/home/pranav/turtle_test/build/turtlebot3_example/prefix_override:/usr/lib/python3/dist-packages/colcon_core/task/python/colcon_distutils_commands:/home/pranav/turtle_test/install/turtlebot3_example/lib/python3.10/site-packages:/home/pranav/turtle_test/install/turtlebot3_msgs/local/lib/python3.10/dist-packages:${PYTHONPATH} /usr/bin/python3 -W ignore:setup.py install is deprecated -W ignore:easy_install command is deprecated setup.py develop --uninstall --editable --build-directory /home/pranav/turtle_test/build/turtlebot3_example/build
[0.799s] Invoking command in '/home/pranav/turtle_test/src/turtlebot3/turtlebot3_example': AMENT_PREFIX_PATH=/home/pranav/turtle_test/install/turtlebot3_msgs:${AMENT_PREFIX_PATH} CMAKE_PREFIX_PATH=/home/pranav/turtle_test/install/turtlebot3_msgs LD_LIBRARY_PATH=/home/pranav/turtle_test/install/turtlebot3_msgs/lib:/usr/lib/x86_64-linux-gnu/gazebo-11/plugins:/opt/ros/humble/opt/rviz_ogre_vendor/lib:/opt/ros/humble/lib/x86_64-linux-gnu:/opt/ros/humble/lib:/usr/lib/x86_64-linux-gnu/gazebo-11/plugins:/home/pranav/hsl-install/lib PYTHONPATH=/home/pranav/turtle_test/build/turtlebot3_example/prefix_override:/usr/lib/python3/dist-packages/colcon_core/task/python/colcon_distutils_commands:/home/pranav/turtle_test/install/turtlebot3_example/lib/python3.10/site-packages:/home/pranav/turtle_test/install/turtlebot3_msgs/local/lib/python3.10/dist-packages:${PYTHONPATH} /usr/bin/python3 -W ignore:setup.py install is deprecated -W ignore:easy_install command is deprecated setup.py egg_info --egg-base ../../../build/turtlebot3_example build --build-base /home/pranav/turtle_test/build/turtlebot3_example/build install --record /home/pranav/turtle_test/build/turtlebot3_example/install.log --single-version-externally-managed install_data --force
[0.965s] running egg_info
[0.965s] writing ../../../build/turtlebot3_example/turtlebot3_example.egg-info/PKG-INFO
[0.965s] writing dependency_links to ../../../build/turtlebot3_example/turtlebot3_example.egg-info/dependency_links.txt
[0.965s] writing entry points to ../../../build/turtlebot3_example/turtlebot3_example.egg-info/entry_points.txt
[0.965s] writing requirements to ../../../build/turtlebot3_example/turtlebot3_example.egg-info/requires.txt
[0.965s] writing top-level names to ../../../build/turtlebot3_example/turtlebot3_example.egg-info/top_level.txt
[0.967s] reading manifest file '../../../build/turtlebot3_example/turtlebot3_example.egg-info/SOURCES.txt'
[0.967s] writing manifest file '../../../build/turtlebot3_example/turtlebot3_example.egg-info/SOURCES.txt'
[0.967s] running build
[0.967s] running build_py
[0.967s] creating /home/pranav/turtle_test/build/turtlebot3_example/build
[0.968s] creating /home/pranav/turtle_test/build/turtlebot3_example/build/lib
[0.968s] creating /home/pranav/turtle_test/build/turtlebot3_example/build/lib/turtlebot3_example
[0.968s] copying turtlebot3_example/__init__.py -> /home/pranav/turtle_test/build/turtlebot3_example/build/lib/turtlebot3_example
[0.968s] creating /home/pranav/turtle_test/build/turtlebot3_example/build/lib/turtlebot3_example/turtlebot3_obstacle_detection
[0.968s] copying turtlebot3_example/turtlebot3_obstacle_detection/__init__.py -> /home/pranav/turtle_test/build/turtlebot3_example/build/lib/turtlebot3_example/turtlebot3_obstacle_detection
[0.968s] copying turtlebot3_example/turtlebot3_obstacle_detection/turtlebot3_obstacle_detection.py -> /home/pranav/turtle_test/build/turtlebot3_example/build/lib/turtlebot3_example/turtlebot3_obstacle_detection
[0.968s] creating /home/pranav/turtle_test/build/turtlebot3_example/build/lib/turtlebot3_example/turtlebot3_relative_move
[0.968s] copying turtlebot3_example/turtlebot3_relative_move/__init__.py -> /home/pranav/turtle_test/build/turtlebot3_example/build/lib/turtlebot3_example/turtlebot3_relative_move
[0.968s] copying turtlebot3_example/turtlebot3_relative_move/turtlebot3_relative_move.py -> /home/pranav/turtle_test/build/turtlebot3_example/build/lib/turtlebot3_example/turtlebot3_relative_move
[0.968s] creating /home/pranav/turtle_test/build/turtlebot3_example/build/lib/turtlebot3_example/turtlebot3_patrol
[0.968s] copying turtlebot3_example/turtlebot3_patrol/__init__.py -> /home/pranav/turtle_test/build/turtlebot3_example/build/lib/turtlebot3_example/turtlebot3_patrol
[0.968s] copying turtlebot3_example/turtlebot3_patrol/turtlebot3_patrol_client.py -> /home/pranav/turtle_test/build/turtlebot3_example/build/lib/turtlebot3_example/turtlebot3_patrol
[0.968s] copying turtlebot3_example/turtlebot3_patrol/turtlebot3_patrol_server.py -> /home/pranav/turtle_test/build/turtlebot3_example/build/lib/turtlebot3_example/turtlebot3_patrol
[0.968s] creating /home/pranav/turtle_test/build/turtlebot3_example/build/lib/turtlebot3_example/turtlebot3_interactive_marker
[0.968s] copying turtlebot3_example/turtlebot3_interactive_marker/__init__.py -> /home/pranav/turtle_test/build/turtlebot3_example/build/lib/turtlebot3_example/turtlebot3_interactive_marker
[0.968s] copying turtlebot3_example/turtlebot3_interactive_marker/turtlebot3_interactive_marker.py -> /home/pranav/turtle_test/build/turtlebot3_example/build/lib/turtlebot3_example/turtlebot3_interactive_marker
[0.968s] creating /home/pranav/turtle_test/build/turtlebot3_example/build/lib/turtlebot3_example/turtlebot3_absolute_move
[0.968s] copying turtlebot3_example/turtlebot3_absolute_move/__init__.py -> /home/pranav/turtle_test/build/turtlebot3_example/build/lib/turtlebot3_example/turtlebot3_absolute_move
[0.968s] copying turtlebot3_example/turtlebot3_absolute_move/turtlebot3_absolute_move.py -> /home/pranav/turtle_test/build/turtlebot3_example/build/lib/turtlebot3_example/turtlebot3_absolute_move
[0.968s] running install
[0.969s] running install_lib
[0.969s] creating /home/pranav/turtle_test/install/turtlebot3_example/lib/python3.10/site-packages/turtlebot3_example
[0.969s] creating /home/pranav/turtle_test/install/turtlebot3_example/lib/python3.10/site-packages/turtlebot3_example/turtlebot3_obstacle_detection
[0.969s] copying /home/pranav/turtle_test/build/turtlebot3_example/build/lib/turtlebot3_example/turtlebot3_obstacle_detection/__init__.py -> /home/pranav/turtle_test/install/turtlebot3_example/lib/python3.10/site-packages/turtlebot3_example/turtlebot3_obstacle_detection
[0.969s] copying /home/pranav/turtle_test/build/turtlebot3_example/build/lib/turtlebot3_example/turtlebot3_obstacle_detection/turtlebot3_obstacle_detection.py -> /home/pranav/turtle_test/install/turtlebot3_example/lib/python3.10/site-packages/turtlebot3_example/turtlebot3_obstacle_detection
[0.969s] copying /home/pranav/turtle_test/build/turtlebot3_example/build/lib/turtlebot3_example/__init__.py -> /home/pranav/turtle_test/install/turtlebot3_example/lib/python3.10/site-packages/turtlebot3_example
[0.969s] creating /home/pranav/turtle_test/install/turtlebot3_example/lib/python3.10/site-packages/turtlebot3_example/turtlebot3_relative_move
[0.969s] copying /home/pranav/turtle_test/build/turtlebot3_example/build/lib/turtlebot3_example/turtlebot3_relative_move/__init__.py -> /home/pranav/turtle_test/install/turtlebot3_example/lib/python3.10/site-packages/turtlebot3_example/turtlebot3_relative_move
[0.969s] copying /home/pranav/turtle_test/build/turtlebot3_example/build/lib/turtlebot3_example/turtlebot3_relative_move/turtlebot3_relative_move.py -> /home/pranav/turtle_test/install/turtlebot3_example/lib/python3.10/site-packages/turtlebot3_example/turtlebot3_relative_move
[0.969s] creating /home/pranav/turtle_test/install/turtlebot3_example/lib/python3.10/site-packages/turtlebot3_example/turtlebot3_patrol
[0.969s] copying /home/pranav/turtle_test/build/turtlebot3_example/build/lib/turtlebot3_example/turtlebot3_patrol/__init__.py -> /home/pranav/turtle_test/install/turtlebot3_example/lib/python3.10/site-packages/turtlebot3_example/turtlebot3_patrol
[0.969s] copying /home/pranav/turtle_test/build/turtlebot3_example/build/lib/turtlebot3_example/turtlebot3_patrol/turtlebot3_patrol_client.py -> /home/pranav/turtle_test/install/turtlebot3_example/lib/python3.10/site-packages/turtlebot3_example/turtlebot3_patrol
[0.969s] copying /home/pranav/turtle_test/build/turtlebot3_example/build/lib/turtlebot3_example/turtlebot3_patrol/turtlebot3_patrol_server.py -> /home/pranav/turtle_test/install/turtlebot3_example/lib/python3.10/site-packages/turtlebot3_example/turtlebot3_patrol
[0.969s] creating /home/pranav/turtle_test/install/turtlebot3_example/lib/python3.10/site-packages/turtlebot3_example/turtlebot3_interactive_marker
[0.969s] copying /home/pranav/turtle_test/build/turtlebot3_example/build/lib/turtlebot3_example/turtlebot3_interactive_marker/__init__.py -> /home/pranav/turtle_test/install/turtlebot3_example/lib/python3.10/site-packages/turtlebot3_example/turtlebot3_interactive_marker
[0.969s] copying /home/pranav/turtle_test/build/turtlebot3_example/build/lib/turtlebot3_example/turtlebot3_interactive_marker/turtlebot3_interactive_marker.py -> /home/pranav/turtle_test/install/turtlebot3_example/lib/python3.10/site-packages/turtlebot3_example/turtlebot3_interactive_marker
[0.970s] creating /home/pranav/turtle_test/install/turtlebot3_example/lib/python3.10/site-packages/turtlebot3_example/turtlebot3_absolute_move
[0.970s] copying /home/pranav/turtle_test/build/turtlebot3_example/build/lib/turtlebot3_example/turtlebot3_absolute_move/__init__.py -> /home/pranav/turtle_test/install/turtlebot3_example/lib/python3.10/site-packages/turtlebot3_example/turtlebot3_absolute_move
[0.970s] copying /home/pranav/turtle_test/build/turtlebot3_example/build/lib/turtlebot3_example/turtlebot3_absolute_move/turtlebot3_absolute_move.py -> /home/pranav/turtle_test/install/turtlebot3_example/lib/python3.10/site-packages/turtlebot3_example/turtlebot3_absolute_move
[0.970s] byte-compiling /home/pranav/turtle_test/install/turtlebot3_example/lib/python3.10/site-packages/turtlebot3_example/turtlebot3_obstacle_detection/__init__.py to __init__.cpython-310.pyc
[0.970s] byte-compiling /home/pranav/turtle_test/install/turtlebot3_example/lib/python3.10/site-packages/turtlebot3_example/turtlebot3_obstacle_detection/turtlebot3_obstacle_detection.py to turtlebot3_obstacle_detection.cpython-310.pyc
[0.970s] byte-compiling /home/pranav/turtle_test/install/turtlebot3_example/lib/python3.10/site-packages/turtlebot3_example/__init__.py to __init__.cpython-310.pyc
[0.970s] byte-compiling /home/pranav/turtle_test/install/turtlebot3_example/lib/python3.10/site-packages/turtlebot3_example/turtlebot3_relative_move/__init__.py to __init__.cpython-310.pyc
[0.970s] byte-compiling /home/pranav/turtle_test/install/turtlebot3_example/lib/python3.10/site-packages/turtlebot3_example/turtlebot3_relative_move/turtlebot3_relative_move.py to turtlebot3_relative_move.cpython-310.pyc
[0.971s] byte-compiling /home/pranav/turtle_test/install/turtlebot3_example/lib/python3.10/site-packages/turtlebot3_example/turtlebot3_patrol/__init__.py to __init__.cpython-310.pyc
[0.971s] byte-compiling /home/pranav/turtle_test/install/turtlebot3_example/lib/python3.10/site-packages/turtlebot3_example/turtlebot3_patrol/turtlebot3_patrol_client.py to turtlebot3_patrol_client.cpython-310.pyc
[0.972s] byte-compiling /home/pranav/turtle_test/install/turtlebot3_example/lib/python3.10/site-packages/turtlebot3_example/turtlebot3_patrol/turtlebot3_patrol_server.py to turtlebot3_patrol_server.cpython-310.pyc
[0.972s] byte-compiling /home/pranav/turtle_test/install/turtlebot3_example/lib/python3.10/site-packages/turtlebot3_example/turtlebot3_interactive_marker/__init__.py to __init__.cpython-310.pyc
[0.972s] byte-compiling /home/pranav/turtle_test/install/turtlebot3_example/lib/python3.10/site-packages/turtlebot3_example/turtlebot3_interactive_marker/turtlebot3_interactive_marker.py to turtlebot3_interactive_marker.cpython-310.pyc
[0.973s] byte-compiling /home/pranav/turtle_test/install/turtlebot3_example/lib/python3.10/site-packages/turtlebot3_example/turtlebot3_absolute_move/__init__.py to __init__.cpython-310.pyc
[0.973s] byte-compiling /home/pranav/turtle_test/install/turtlebot3_example/lib/python3.10/site-packages/turtlebot3_example/turtlebot3_absolute_move/turtlebot3_absolute_move.py to turtlebot3_absolute_move.cpython-310.pyc
[0.974s] running install_data
[0.974s] copying resource/turtlebot3_example -> /home/pranav/turtle_test/install/turtlebot3_example/share/ament_index/resource_index/packages
[0.974s] copying package.xml -> /home/pranav/turtle_test/install/turtlebot3_example/share/turtlebot3_example
[0.974s] running install_egg_info
[0.975s] Copying ../../../build/turtlebot3_example/turtlebot3_example.egg-info to /home/pranav/turtle_test/install/turtlebot3_example/lib/python3.10/site-packages/turtlebot3_example-2.3.4-py3.10.egg-info
[0.975s] running install_scripts
[0.987s] Installing turtlebot3_absolute_move script to /home/pranav/turtle_test/install/turtlebot3_example/lib/turtlebot3_example
[0.987s] Installing turtlebot3_interactive_marker script to /home/pranav/turtle_test/install/turtlebot3_example/lib/turtlebot3_example
[0.987s] Installing turtlebot3_obstacle_detection script to /home/pranav/turtle_test/install/turtlebot3_example/lib/turtlebot3_example
[0.987s] Installing turtlebot3_patrol_client script to /home/pranav/turtle_test/install/turtlebot3_example/lib/turtlebot3_example
[0.987s] Installing turtlebot3_patrol_server script to /home/pranav/turtle_test/install/turtlebot3_example/lib/turtlebot3_example
[0.987s] Installing turtlebot3_relative_move script to /home/pranav/turtle_test/install/turtlebot3_example/lib/turtlebot3_example
[0.987s] writing list of installed files to '/home/pranav/turtle_test/build/turtlebot3_example/install.log'
[1.001s] Invoked command in '/home/pranav/turtle_test/src/turtlebot3/turtlebot3_example' returned '0': AMENT_PREFIX_PATH=/home/pranav/turtle_test/install/turtlebot3_msgs:${AMENT_PREFIX_PATH} CMAKE_PREFIX_PATH=/home/pranav/turtle_test/install/turtlebot3_msgs LD_LIBRARY_PATH=/home/pranav/turtle_test/install/turtlebot3_msgs/lib:/usr/lib/x86_64-linux-gnu/gazebo-11/plugins:/opt/ros/humble/opt/rviz_ogre_vendor/lib:/opt/ros/humble/lib/x86_64-linux-gnu:/opt/ros/humble/lib:/usr/lib/x86_64-linux-gnu/gazebo-11/plugins:/home/pranav/hsl-install/lib PYTHONPATH=/home/pranav/turtle_test/build/turtlebot3_example/prefix_override:/usr/lib/python3/dist-packages/colcon_core/task/python/colcon_distutils_commands:/home/pranav/turtle_test/install/turtlebot3_example/lib/python3.10/site-packages:/home/pranav/turtle_test/install/turtlebot3_msgs/local/lib/python3.10/dist-packages:${PYTHONPATH} /usr/bin/python3 -W ignore:setup.py install is deprecated -W ignore:easy_install command is deprecated setup.py egg_info --egg-base ../../../build/turtlebot3_example build --build-base /home/pranav/turtle_test/build/turtlebot3_example/build install --record /home/pranav/turtle_test/build/turtlebot3_example/install.log --single-version-externally-managed install_data --force
