[0.033s] Invoking command in '/home/pranav/turtle_test/build/explore_lite': CMAKE_PREFIX_PATH=${CMAKE_PREFIX_PATH}:/home/pranav/turtle_test/install/turtlebot3_teleop:/home/pranav/turtle_test/install/grazen_system:/home/pranav/turtle_test/install/turtlebot3_example:/home/pranav/turtle_test/install/grazen_project:/opt/ros/humble /usr/bin/cmake --build /home/pranav/turtle_test/build/explore_lite -- -j20 -l20
[0.469s] [ 20%] Built target gtest
[0.469s] [ 40%] Built target gtest_main
[0.469s] [ 60%] Built target test_explore
[0.469s] [100%] Built target explore
[0.483s] Invoked command in '/home/pranav/turtle_test/build/explore_lite' returned '0': CMAKE_PREFIX_PATH=${CMAKE_PREFIX_PATH}:/home/pranav/turtle_test/install/turtlebot3_teleop:/home/pranav/turtle_test/install/grazen_system:/home/pranav/turtle_test/install/turtlebot3_example:/home/pranav/turtle_test/install/grazen_project:/opt/ros/humble /usr/bin/cmake --build /home/pranav/turtle_test/build/explore_lite -- -j20 -l20
[0.484s] Invoking command in '/home/pranav/turtle_test/build/explore_lite': CMAKE_PREFIX_PATH=${CMAKE_PREFIX_PATH}:/home/pranav/turtle_test/install/turtlebot3_teleop:/home/pranav/turtle_test/install/grazen_system:/home/pranav/turtle_test/install/turtlebot3_example:/home/pranav/turtle_test/install/grazen_project:/opt/ros/humble /usr/bin/cmake --install /home/pranav/turtle_test/build/explore_lite
[0.520s] -- Install configuration: ""
[0.520s] -- Execute custom install script
[0.520s] -- Up-to-date symlink: /home/pranav/turtle_test/install/explore_lite/include/explore//costmap_client.h
[0.520s] -- Up-to-date symlink: /home/pranav/turtle_test/install/explore_lite/include/explore//costmap_tools.h
[0.520s] -- Up-to-date symlink: /home/pranav/turtle_test/install/explore_lite/include/explore//explore.h
[0.520s] -- Up-to-date symlink: /home/pranav/turtle_test/install/explore_lite/include/explore//frontier_search.h
[0.520s] -- Up-to-date symlink: /home/pranav/turtle_test/install/explore_lite/share/explore_lite/config/params.yaml
[0.520s] -- Up-to-date symlink: /home/pranav/turtle_test/install/explore_lite/share/explore_lite/config/params_costmap.yaml
[0.520s] -- Up-to-date symlink: /home/pranav/turtle_test/install/explore_lite/share/explore_lite/launch/explore.launch.py
[0.520s] -- Up-to-date symlink: /home/pranav/turtle_test/install/explore_lite/lib/explore_lite/explore
[0.521s] -- Up-to-date symlink: /home/pranav/turtle_test/install/explore_lite/share/ament_index/resource_index/package_run_dependencies/explore_lite
[0.521s] -- Up-to-date symlink: /home/pranav/turtle_test/install/explore_lite/share/ament_index/resource_index/parent_prefix_path/explore_lite
[0.521s] -- Up-to-date symlink: /home/pranav/turtle_test/install/explore_lite/share/explore_lite/environment/ament_prefix_path.sh
[0.521s] -- Up-to-date symlink: /home/pranav/turtle_test/install/explore_lite/share/explore_lite/environment/ament_prefix_path.dsv
[0.521s] -- Up-to-date symlink: /home/pranav/turtle_test/install/explore_lite/share/explore_lite/environment/path.sh
[0.521s] -- Up-to-date symlink: /home/pranav/turtle_test/install/explore_lite/share/explore_lite/environment/path.dsv
[0.521s] -- Up-to-date symlink: /home/pranav/turtle_test/install/explore_lite/share/explore_lite/local_setup.bash
[0.521s] -- Up-to-date symlink: /home/pranav/turtle_test/install/explore_lite/share/explore_lite/local_setup.sh
[0.521s] -- Up-to-date symlink: /home/pranav/turtle_test/install/explore_lite/share/explore_lite/local_setup.zsh
[0.521s] -- Up-to-date symlink: /home/pranav/turtle_test/install/explore_lite/share/explore_lite/local_setup.dsv
[0.521s] -- Symlinking: /home/pranav/turtle_test/install/explore_lite/share/explore_lite/package.dsv
[0.522s] -- Up-to-date symlink: /home/pranav/turtle_test/install/explore_lite/share/ament_index/resource_index/packages/explore_lite
[0.522s] -- Up-to-date symlink: /home/pranav/turtle_test/install/explore_lite/share/explore_lite/cmake/ament_cmake_export_include_directories-extras.cmake
[0.525s] -- Up-to-date symlink: /home/pranav/turtle_test/install/explore_lite/share/explore_lite/cmake/explore_liteConfig.cmake
[0.525s] -- Up-to-date symlink: /home/pranav/turtle_test/install/explore_lite/share/explore_lite/cmake/explore_liteConfig-version.cmake
[0.525s] -- Up-to-date symlink: /home/pranav/turtle_test/install/explore_lite/share/explore_lite/package.xml
[0.563s] Invoked command in '/home/pranav/turtle_test/build/explore_lite' returned '0': CMAKE_PREFIX_PATH=${CMAKE_PREFIX_PATH}:/home/pranav/turtle_test/install/turtlebot3_teleop:/home/pranav/turtle_test/install/grazen_system:/home/pranav/turtle_test/install/turtlebot3_example:/home/pranav/turtle_test/install/grazen_project:/opt/ros/humble /usr/bin/cmake --install /home/pranav/turtle_test/build/explore_lite
