[0.482s] Invoking command in '/home/pranav/turtle_test/build/grazen_system': AMENT_PREFIX_PATH=/home/pranav/turtle_test/install/turtlebot3_navigation2:/home/pranav/turtle_test/install/turtlebot3_gazebo:/home/pranav/turtle_test/install/turtlebot3_cartographer:/home/pranav/turtle_test/install/explore_lite:/home/pranav/turtle_test/install/aws_robomaker_small_warehouse_world:${AMENT_PREFIX_PATH} CMAKE_PREFIX_PATH=/home/pranav/turtle_test/install/turtlebot3_navigation2:/home/pranav/turtle_test/install/turtlebot3_gazebo:/home/pranav/turtle_test/install/turtlebot3_cartographer:/home/pranav/turtle_test/install/explore_lite:/home/pranav/turtle_test/install/aws_robomaker_small_warehouse_world PYTHONPATH=/home/pranav/turtle_test/build/grazen_system/prefix_override:/usr/lib/python3/dist-packages/colcon_core/task/python/colcon_distutils_commands:/home/pranav/turtle_test/install/grazen_system/lib/python3.10/site-packages:${PYTHONPATH} /usr/bin/python3 -W ignore:setup.py install is deprecated -W ignore:easy_install command is deprecated setup.py develop --editable --build-directory /home/pranav/turtle_test/build/grazen_system/build --no-deps symlink_data --force
[0.661s] running develop
[0.772s] running egg_info
[0.772s] writing grazen_system.egg-info/PKG-INFO
[0.772s] writing dependency_links to grazen_system.egg-info/dependency_links.txt
[0.772s] writing entry points to grazen_system.egg-info/entry_points.txt
[0.772s] writing requirements to grazen_system.egg-info/requires.txt
[0.772s] writing top-level names to grazen_system.egg-info/top_level.txt
[0.774s] reading manifest file 'grazen_system.egg-info/SOURCES.txt'
[0.774s] writing manifest file 'grazen_system.egg-info/SOURCES.txt'
[0.775s] running build_ext
[0.775s] Creating /home/pranav/turtle_test/install/grazen_system/lib/python3.10/site-packages/grazen-system.egg-link (link to .)
[0.776s] Installing auto_mapper script to /home/pranav/turtle_test/install/grazen_system/lib/grazen_system
[0.776s] Installing manual_mapper script to /home/pranav/turtle_test/install/grazen_system/lib/grazen_system
[0.776s] Installing mission_manager script to /home/pranav/turtle_test/install/grazen_system/lib/grazen_system
[0.776s] Installing scan_resampler script to /home/pranav/turtle_test/install/grazen_system/lib/grazen_system
[0.776s] 
[0.776s] Installed /home/pranav/turtle_test/build/grazen_system
[0.776s] running symlink_data
[0.776s] symbolically linking /home/pranav/turtle_test/build/grazen_system/resource/grazen_system -> /home/pranav/turtle_test/install/grazen_system/share/ament_index/resource_index/packages
[0.776s] symbolically linking /home/pranav/turtle_test/build/grazen_system/package.xml -> /home/pranav/turtle_test/install/grazen_system/share/grazen_system
[0.776s] symbolically linking /home/pranav/turtle_test/build/grazen_system/config/explore_params.yaml -> /home/pranav/turtle_test/install/grazen_system/share/grazen_system/config
[0.776s] symbolically linking /home/pranav/turtle_test/build/grazen_system/config/waypoints.txt -> /home/pranav/turtle_test/install/grazen_system/share/grazen_system/config
[0.776s] symbolically linking /home/pranav/turtle_test/build/grazen_system/config/grazen_params.yaml -> /home/pranav/turtle_test/install/grazen_system/share/grazen_system/config
[0.776s] symbolically linking /home/pranav/turtle_test/build/grazen_system/config/slam_params.yaml -> /home/pranav/turtle_test/install/grazen_system/share/grazen_system/config
[0.777s] symbolically linking /home/pranav/turtle_test/build/grazen_system/config/system_config.yaml -> /home/pranav/turtle_test/install/grazen_system/share/grazen_system/config
[0.777s] symbolically linking /home/pranav/turtle_test/build/grazen_system/config/rtabmap_params.yaml -> /home/pranav/turtle_test/install/grazen_system/share/grazen_system/config
[0.777s] error: [Errno 2] No such file or directory: '/home/pranav/turtle_test/install/grazen_system/share/grazen_system/launch/rtabmap_3d_real.launch.py'
[0.800s] Invoked command in '/home/pranav/turtle_test/build/grazen_system' returned '1': AMENT_PREFIX_PATH=/home/pranav/turtle_test/install/turtlebot3_navigation2:/home/pranav/turtle_test/install/turtlebot3_gazebo:/home/pranav/turtle_test/install/turtlebot3_cartographer:/home/pranav/turtle_test/install/explore_lite:/home/pranav/turtle_test/install/aws_robomaker_small_warehouse_world:${AMENT_PREFIX_PATH} CMAKE_PREFIX_PATH=/home/pranav/turtle_test/install/turtlebot3_navigation2:/home/pranav/turtle_test/install/turtlebot3_gazebo:/home/pranav/turtle_test/install/turtlebot3_cartographer:/home/pranav/turtle_test/install/explore_lite:/home/pranav/turtle_test/install/aws_robomaker_small_warehouse_world PYTHONPATH=/home/pranav/turtle_test/build/grazen_system/prefix_override:/usr/lib/python3/dist-packages/colcon_core/task/python/colcon_distutils_commands:/home/pranav/turtle_test/install/grazen_system/lib/python3.10/site-packages:${PYTHONPATH} /usr/bin/python3 -W ignore:setup.py install is deprecated -W ignore:easy_install command is deprecated setup.py develop --editable --build-directory /home/pranav/turtle_test/build/grazen_system/build --no-deps symlink_data --force
